185.220.101.32 - - [06/May/2023:01:35:42 +0000] "GET /posts/botosani/posts%20materials/botosani/vieuxcote.jpg HTTP/1.1" 200 571850 "https://blog.pseudot.org/posts/botosani/botosani.html" "Mozilla/5.0 (X11; U; Linux x86_64; en-US; rv:1.9.1.17) Gecko/20110123 SeaMonkey/2.0.12"
185.220.101.32 - - [06/May/2023:01:35:42 +0000] "GET /posts/botosani/posts%20materials/botosani/domnul%20eminescu.jpg HTTP/1.1" 200 322907 "https://blog.pseudot.org/posts/botosani/botosani.html" "Mozilla/5.0 (X11; U; Linux x86_64; en-US; rv:1.9.1.17) Gecko/20110123 SeaMonkey/2.0.12"
185.220.101.32 - - [06/May/2023:01:35:43 +0000] "GET /posts/botosani/posts%20materials/botosani/primarie.jpg HTTP/1.1" 200 553434 "https://blog.pseudot.org/posts/botosani/botosani.html" "Mozilla/5.0 (X11; U; Linux x86_64; en-US; rv:1.9.1.17) Gecko/20110123 SeaMonkey/2.0.12"
185.220.101.32 - - [06/May/2023:01:35:43 +0000] "GET /posts/botosani/posts%20materials/botosani/grandcec.jpg HTTP/1.1" 200 654008 "https://blog.pseudot.org/posts/botosani/botosani.html" "Mozilla/5.0 (X11; U; Linux x86_64; en-US; rv:1.9.1.17) Gecko/20110123 SeaMonkey/2.0.12"
185.220.101.32 - - [06/May/2023:01:35:44 +0000] "GET /posts/botosani/posts%20materials/botosani/grandcommunist.jpg HTTP/1.1" 200 441678 "https://blog.pseudot.org/posts/botosani/botosani.html" "Mozilla/5.0 (X11; U; Linux x86_64; en-US; rv:1.9.1.17) Gecko/20110123 SeaMonkey/2.0.12"
185.220.101.32 - - [06/May/2023:01:35:44 +0000] "GET /posts/botosani/posts%20materials/botosani/vasescu.jpg HTTP/1.1" 200 650408 "https://blog.pseudot.org/posts/botosani/botosani.html" "Mozilla/5.0 (X11; U; Linux x86_64; en-US; rv:1.9.1.17) Gecko/20110123 SeaMonkey/2.0.12"
185.220.101.32 - - [06/May/2023:01:35:45 +0000] "GET /posts/botosani/posts%20materials/botosani/museum.jpg HTTP/1.1" 200 664587 "https://blog.pseudot.org/posts/botosani/botosani.html" "Mozilla/5.0 (X11; U; Linux x86_64; en-US; rv:1.9.1.17) Gecko/20110123 SeaMonkey/2.0.12"
185.220.101.32 - - [06/May/2023:01:35:45 +0000] "GET /posts/botosani/posts%20materials/botosani/grandmaison.jpg HTTP/1.1" 200 730793 "https://blog.pseudot.org/posts/botosani/botosani.html" "Mozilla/5.0 (X11; U; Linux x86_64; en-US; rv:1.9.1.17) Gecko/20110123 SeaMonkey/2.0.12"
185.220.101.32 - - [06/May/2023:01:35:46 +0000] "GET /posts/botosani/posts%20materials/botosani/ipotesti.jpg HTTP/1.1" 200 925405 "https://blog.pseudot.org/posts/botosani/botosani.html" "Mozilla/5.0 (X11; U; Linux x86_64; en-US; rv:1.9.1.17) Gecko/20110123 SeaMonkey/2.0.12"
185.112.156.109 - - [06/May/2023:01:36:43 +0000] "GET / HTTP/1.1" 200 4567 "-" "Mozilla/5.0 (X11; U; Linux i686; it; rv:1.9.2.3) Gecko/20100406 Firefox/3.6.3 (Swiftfox)"
185.112.156.109 - - [06/May/2023:01:36:43 +0000] "GET /robots.txt HTTP/1.1" 404 153 "-" "Mozilla/5.0 (X11; U; Linux i686; it; rv:1.9.2.3) Gecko/20100406 Firefox/3.6.3 (Swiftfox)"
185.112.156.109 - - [06/May/2023:01:36:44 +0000] "GET /style.css HTTP/1.1" 200 1651 "https://music.pseudot.org/" "Mozilla/5.0 (X11; U; Linux i686; it; rv:1.9.2.3) Gecko/20100406 Firefox/3.6.3 (Swiftfox)"
185.112.156.109 - - [06/May/2023:01:36:58 +0000] "GET /posts/botosani/botosani.html HTTP/1.1" 200 4399 "-" "Mozilla/5.0 (Windows; U; Windows NT 5.2; en-US) AppleWebKit/532.9 (KHTML like Gecko) Chrome/5.0.310.0 Safari/532.9"
185.112.156.109 - - [06/May/2023:01:36:59 +0000] "GET /robots.txt HTTP/1.1" 404 555 "-" "Mozilla/5.0 (Windows; U; Windows NT 5.2; en-US) AppleWebKit/532.9 (KHTML like Gecko) Chrome/5.0.310.0 Safari/532.9"
185.112.156.109 - - [06/May/2023:01:36:59 +0000] "GET /posts/botosani/style.css HTTP/1.1" 200 1832 "https://blog.pseudot.org/posts/botosani/botosani.html" "Mozilla/5.0 (Windows; U; Windows NT 5.2; en-US) AppleWebKit/532.9 (KHTML like Gecko) Chrome/5.0.310.0 Safari/532.9"
185.112.156.109 - - [06/May/2023:01:36:59 +0000] "GET /posts/botosani/posts%20materials/botosani/start.jpg HTTP/1.1" 200 388026 "https://blog.pseudot.org/posts/botosani/botosani.html" "Mozilla/5.0 (Windows; U; Windows NT 5.2; en-US) AppleWebKit/532.9 (KHTML like Gecko) Chrome/5.0.310.0 Safari/532.9"
185.112.156.109 - - [06/May/2023:01:37:00 +0000] "GET /posts/botosani/posts%20materials/botosani/hermes.jpg HTTP/1.1" 200 683707 "https://blog.pseudot.org/posts/botosani/botosani.html" "Mozilla/5.0 (Windows; U; Windows NT 5.2; en-US) AppleWebKit/532.9 (KHTML like Gecko) Chrome/5.0.310.0 Safari/532.9"
185.112.156.109 - - [06/May/2023:01:37:02 +0000] "GET /posts/botosani/posts%20materials/botosani/coltcool.jpg HTTP/1.1" 200 523150 "https://blog.pseudot.org/posts/botosani/botosani.html" "Mozilla/5.0 (Windows; U; Windows NT 5.2; en-US) AppleWebKit/532.9 (KHTML like Gecko) Chrome/5.0.310.0 Safari/532.9"
185.112.156.109 - - [06/May/2023:01:37:03 +0000] "GET /posts/botosani/posts%20materials/botosani/coolhouses.jpg HTTP/1.1" 200 709638 "https://blog.pseudot.org/posts/botosani/botosani.html" "Mozilla/5.0 (Windows; U; Windows NT 5.2; en-US) AppleWebKit/532.9 (KHTML like Gecko) Chrome/5.0.310.0 Safari/532.9"
185.112.156.109 - - [06/May/2023:01:37:04 +0000] "GET /posts/botosani/posts%20materials/botosani/lagrandplace.jpg HTTP/1.1" 200 664188 "https://blog.pseudot.org/posts/botosani/botosani.html" "Mozilla/5.0 (Windows; U; Windows NT 5.2; en-US) AppleWebKit/532.9 (KHTML like Gecko) Chrome/5.0.310.0 Safari/532.9"
185.112.156.109 - - [06/May/2023:01:37:05 +0000] "GET /posts/botosani/posts%20materials/botosani/vieuxcote.jpg HTTP/1.1" 200 571850 "https://blog.pseudot.org/posts/botosani/botosani.html" "Mozilla/5.0 (Windows; U; Windows NT 5.2; en-US) AppleWebKit/532.9 (KHTML like Gecko) Chrome/5.0.310.0 Safari/532.9"
185.112.156.109 - - [06/May/2023:01:37:06 +0000] "GET /posts/botosani/posts%20materials/botosani/domnul%20eminescu.jpg HTTP/1.1" 200 322907 "https://blog.pseudot.org/posts/botosani/botosani.html" "Mozilla/5.0 (Windows; U; Windows NT 5.2; en-US) AppleWebKit/532.9 (KHTML like Gecko) Chrome/5.0.310.0 Safari/532.9"
185.112.156.109 - - [06/May/2023:01:37:06 +0000] "GET /posts/botosani/posts%20materials/botosani/primarie.jpg HTTP/1.1" 200 553434 "https://blog.pseudot.org/posts/botosani/botosani.html" "Mozilla/5.0 (Windows; U; Windows NT 5.2; en-US) AppleWebKit/532.9 (KHTML like Gecko) Chrome/5.0.310.0 Safari/532.9"
185.112.156.109 - - [06/May/2023:01:37:07 +0000] "GET /posts/botosani/posts%20materials/botosani/grandcec.jpg HTTP/1.1" 200 654008 "https://blog.pseudot.org/posts/botosani/botosani.html" "Mozilla/5.0 (Windows; U; Windows NT 5.2; en-US) AppleWebKit/532.9 (KHTML like Gecko) Chrome/5.0.310.0 Safari/532.9"
185.112.156.109 - - [06/May/2023:01:37:08 +0000] "GET /posts/botosani/posts%20materials/botosani/grandcommunist.jpg HTTP/1.1" 200 441678 "https://blog.pseudot.org/posts/botosani/botosani.html" "Mozilla/5.0 (Windows; U; Windows NT 5.2; en-US) AppleWebKit/532.9 (KHTML like Gecko) Chrome/5.0.310.0 Safari/532.9"
185.112.156.109 - - [06/May/2023:01:37:09 +0000] "GET /posts/botosani/posts%20materials/botosani/vasescu.jpg HTTP/1.1" 200 650408 "https://blog.pseudot.org/posts/botosani/botosani.html" "Mozilla/5.0 (Windows; U; Windows NT 5.2; en-US) AppleWebKit/532.9 (KHTML like Gecko) Chrome/5.0.310.0 Safari/532.9"
185.112.156.109 - - [06/May/2023:01:37:10 +0000] "GET /posts/botosani/posts%20materials/botosani/museum.jpg HTTP/1.1" 200 664587 "https://blog.pseudot.org/posts/botosani/botosani.html" "Mozilla/5.0 (Windows; U; Windows NT 5.2; en-US) AppleWebKit/532.9 (KHTML like Gecko) Chrome/5.0.310.0 Safari/532.9"
185.112.156.109 - - [06/May/2023:01:37:11 +0000] "GET /posts/botosani/posts%20materials/botosani/grandmaison.jpg HTTP/1.1" 200 730793 "https://blog.pseudot.org/posts/botosani/botosani.html" "Mozilla/5.0 (Windows; U; Windows NT 5.2; en-US) AppleWebKit/532.9 (KHTML like Gecko) Chrome/5.0.310.0 Safari/532.9"
185.112.156.109 - - [06/May/2023:01:37:12 +0000] "GET /posts/botosani/posts%20materials/botosani/ipotesti.jpg HTTP/1.1" 200 925405 "https://blog.pseudot.org/posts/botosani/botosani.html" "Mozilla/5.0 (Windows; U; Windows NT 5.2; en-US) AppleWebKit/532.9 (KHTML like Gecko) Chrome/5.0.310.0 Safari/532.9"
185.112.156.109 - - [06/May/2023:01:38:09 +0000] "GET / HTTP/1.1" 200 4567 "-" "Mozilla/5.0 (iPhone; CPU iPhone OS 11_1_1 like Mac OS X) AppleWebKit/604.3.5 (KHTML like Gecko) Mobile/15B150 MicroMessenger/6.6.1 NetType/WIFI Language/zh_CN"
185.112.156.109 - - [06/May/2023:01:38:09 +0000] "GET /posts/pseudopost-6/pseudopost-6.html HTTP/1.1" 200 3343 "-" "Mozilla/5.0 (X11; Linux i686; rv:10.0.1) Gecko/20100101 Firefox/10.0.1 SeaMonkey/2.7.1"
185.112.156.109 - - [06/May/2023:01:38:10 +0000] "GET /robots.txt HTTP/1.1" 404 153 "-" "Mozilla/5.0 (iPhone; CPU iPhone OS 11_1_1 like Mac OS X) AppleWebKit/604.3.5 (KHTML like Gecko) Mobile/15B150 MicroMessenger/6.6.1 NetType/WIFI Language/zh_CN"
185.112.156.109 - - [06/May/2023:01:38:10 +0000] "GET /robots.txt HTTP/1.1" 404 153 "-" "Mozilla/5.0 (X11; Linux i686; rv:10.0.1) Gecko/20100101 Firefox/10.0.1 SeaMonkey/2.7.1"
185.112.156.109 - - [06/May/2023:01:38:10 +0000] "GET /style.css HTTP/1.1" 200 1651 "https://music.pseudot.org/" "Mozilla/5.0 (iPhone; CPU iPhone OS 11_1_1 like Mac OS X) AppleWebKit/604.3.5 (KHTML like Gecko) Mobile/15B150 MicroMessenger/6.6.1 NetType/WIFI Language/zh_CN"
185.112.156.109 - - [06/May/2023:01:38:10 +0000] "GET /posts/pseudopost-6/images/perna.jpeg HTTP/1.1" 200 175249 "https://blog.pseudot.org/posts/pseudopost-6/pseudopost-6.html" "Mozilla/5.0 (X11; Linux i686; rv:10.0.1) Gecko/20100101 Firefox/10.0.1 SeaMonkey/2.7.1"
162.247.74.200 - - [06/May/2023:01:38:41 +0000] "GET /posts/pseudopost-8/pseudopost-8.html HTTP/1.1" 200 5927 "-" "Mozilla/5.0 (Windows NT 6.1; rv:2.0.1) Gecko/20100101 Firefox/4.0.1 Mozilla/5.0 (Windows NT 6.1; Win64; x64; rv:2.0.1) Gecko/20100101 Firefox/4.0.1"
162.247.74.200 - - [06/May/2023:01:38:42 +0000] "GET /robots.txt HTTP/1.1" 404 153 "-" "Mozilla/5.0 (Windows NT 6.1; rv:2.0.1) Gecko/20100101 Firefox/4.0.1 Mozilla/5.0 (Windows NT 6.1; Win64; x64; rv:2.0.1) Gecko/20100101 Firefox/4.0.1"
162.247.74.200 - - [06/May/2023:01:38:42 +0000] "GET /posts/pseudopost-8/images/luton.jpeg HTTP/1.1" 200 199250 "https://blog.pseudot.org/posts/pseudopost-8/pseudopost-8.html" "Mozilla/5.0 (Windows NT 6.1; rv:2.0.1) Gecko/20100101 Firefox/4.0.1 Mozilla/5.0 (Windows NT 6.1; Win64; x64; rv:2.0.1) Gecko/20100101 Firefox/4.0.1"
162.247.74.200 - - [06/May/2023:01:38:44 +0000] "GET /posts/pseudopost-8/images/statue.jpeg HTTP/1.1" 200 516692 "https://blog.pseudot.org/posts/pseudopost-8/pseudopost-8.html" "Mozilla/5.0 (Windows NT 6.1; rv:2.0.1) Gecko/20100101 Firefox/4.0.1 Mozilla/5.0 (Windows NT 6.1; Win64; x64; rv:2.0.1) Gecko/20100101 Firefox/4.0.1"
162.247.74.200 - - [06/May/2023:01:38:45 +0000] "GET /posts/pseudopost-8/images/metro.jpeg HTTP/1.1" 200 450701 "https://blog.pseudot.org/posts/pseudopost-8/pseudopost-8.html" "Mozilla/5.0 (Windows NT 6.1; rv:2.0.1) Gecko/20100101 Firefox/4.0.1 Mozilla/5.0 (Windows NT 6.1; Win64; x64; rv:2.0.1) Gecko/20100101 Firefox/4.0.1"
162.247.74.200 - - [06/May/2023:01:38:47 +0000] "GET /posts/pseudopost-8/images/min.jpeg HTTP/1.1" 200 570961 "https://blog.pseudot.org/posts/pseudopost-8/pseudopost-8.html" "Mozilla/5.0 (Windows NT 6.1; rv:2.0.1) Gecko/20100101 Firefox/4.0.1 Mozilla/5.0 (Windows NT 6.1; Win64; x64; rv:2.0.1) Gecko/20100101 Firefox/4.0.1"
162.247.74.200 - - [06/May/2023:01:38:48 +0000] "GET /posts/pseudopost-8/images/coloane.jpeg HTTP/1.1" 200 1191509 "https://blog.pseudot.org/posts/pseudopost-8/pseudopost-8.html" "Mozilla/5.0 (Windows NT 6.1; rv:2.0.1) Gecko/20100101 Firefox/4.0.1 Mozilla/5.0 (Windows NT 6.1; Win64; x64; rv:2.0.1) Gecko/20100101 Firefox/4.0.1"
162.247.74.200 - - [06/May/2023:01:38:50 +0000] "GET /posts/pseudopost-8/images/trafalgar.jpeg HTTP/1.1" 200 385558 "https://blog.pseudot.org/posts/pseudopost-8/pseudopost-8.html" "Mozilla/5.0 (Windows NT 6.1; rv:2.0.1) Gecko/20100101 Firefox/4.0.1 Mozilla/5.0 (Windows NT 6.1; Win64; x64; rv:2.0.1) Gecko/20100101 Firefox/4.0.1"
162.247.74.200 - - [06/May/2023:01:38:51 +0000] "GET /posts/pseudopost-8/images/bigben.jpeg HTTP/1.1" 200 364657 "https://blog.pseudot.org/posts/pseudopost-8/pseudopost-8.html" "Mozilla/5.0 (Windows NT 6.1; rv:2.0.1) Gecko/20100101 Firefox/4.0.1 Mozilla/5.0 (Windows NT 6.1; Win64; x64; rv:2.0.1) Gecko/20100101 Firefox/4.0.1"
162.247.74.200 - - [06/May/2023:01:38:52 +0000] "GET /posts/pseudopost-8/images/nice.jpeg HTTP/1.1" 200 721752 "https://blog.pseudot.org/posts/pseudopost-8/pseudopost-8.html" "Mozilla/5.0 (Windows NT 6.1; rv:2.0.1) Gecko/20100101 Firefox/4.0.1 Mozilla/5.0 (Windows NT 6.1; Win64; x64; rv:2.0.1) Gecko/20100101 Firefox/4.0.1"
162.247.74.200 - - [06/May/2023:01:38:53 +0000] "GET /posts/pseudopost-8/images/prop1.jpeg HTTP/1.1" 200 448019 "https://blog.pseudot.org/posts/pseudopost-8/pseudopost-8.html" "Mozilla/5.0 (Windows NT 6.1; rv:2.0.1) Gecko/20100101 Firefox/4.0.1 Mozilla/5.0 (Windows NT 6.1; Win64; x64; rv:2.0.1) Gecko/20100101 Firefox/4.0.1"
162.247.74.200 - - [06/May/2023:01:38:54 +0000] "GET /posts/pseudopost-8/images/afis.jpeg HTTP/1.1" 200 259460 "https://blog.pseudot.org/posts/pseudopost-8/pseudopost-8.html" "Mozilla/5.0 (Windows NT 6.1; rv:2.0.1) Gecko/20100101 Firefox/4.0.1 Mozilla/5.0 (Windows NT 6.1; Win64; x64; rv:2.0.1) Gecko/20100101 Firefox/4.0.1"
162.247.74.200 - - [06/May/2023:01:38:55 +0000] "GET /posts/pseudopost-8/images/chinezesc.jpeg HTTP/1.1" 200 518135 "https://blog.pseudot.org/posts/pseudopost-8/pseudopost-8.html" "Mozilla/5.0 (Windows NT 6.1; rv:2.0.1) Gecko/20100101 Firefox/4.0.1 Mozilla/5.0 (Windows NT 6.1; Win64; x64; rv:2.0.1) Gecko/20100101 Firefox/4.0.1"
162.247.74.200 - - [06/May/2023:01:38:56 +0000] "GET /posts/pseudopost-8/images/1euro.jpeg HTTP/1.1" 200 331041 "https://blog.pseudot.org/posts/pseudopost-8/pseudopost-8.html" "Mozilla/5.0 (Windows NT 6.1; rv:2.0.1) Gecko/20100101 Firefox/4.0.1 Mozilla/5.0 (Windows NT 6.1; Win64; x64; rv:2.0.1) Gecko/20100101 Firefox/4.0.1"
162.247.74.200 - - [06/May/2023:01:38:57 +0000] "GET /posts/pseudopost-8/images/music.gif HTTP/1.1" 200 18234 "https://blog.pseudot.org/posts/pseudopost-8/pseudopost-8.html" "Mozilla/5.0 (Windows NT 6.1; rv:2.0.1) Gecko/20100101 Firefox/4.0.1 Mozilla/5.0 (Windows NT 6.1; Win64; x64; rv:2.0.1) Gecko/20100101 Firefox/4.0.1"
185.112.156.109 - - [06/May/2023:01:39:48 +0000] "GET /posts/another-daria-thing/another-daria-thing.html HTTP/1.1" 200 5288 "-" "Mozilla/5.0 (X11; U; Linux i686; en-US) AppleWebKit/534.15 (KHTML like Gecko) Ubuntu/10.10 Chromium/10.0.613.0 Chrome/10.0.613.0 Safari/534.15"
15.204.182.106 - - [06/May/2023:01:40:11 +0000] "GET / HTTP/1.1" 301 169 "-" "Mozilla/5.0 (Macintosh; Intel Mac OS X 10_15_7) AppleWebKit/537.36 (KHTML, like Gecko) Chrome/111.0.0.0 Safari/537.36"
15.204.182.106 - - [06/May/2023:01:40:12 +0000] "GET / HTTP/1.1" 200 1970 "http://pseudot.org/" "Mozilla/5.0 (Macintosh; Intel Mac OS X 10_15_7) AppleWebKit/537.36 (KHTML, like Gecko) Chrome/111.0.0.0 Safari/537.36"
15.204.182.106 - - [06/May/2023:01:40:18 +0000] "GET / HTTP/1.1" 200 1583 "-" "Mozilla/5.0 (Macintosh; Intel Mac OS X 10_15_7) AppleWebKit/537.36 (KHTML, like Gecko) Chrome/111.0.0.0 Safari/537.36"
185.112.156.109 - - [06/May/2023:01:40:54 +0000] "GET /posts/pseudopost-6/pseudopost-6.html HTTP/1.1" 200 3343 "-" "Mozilla/5.0 (X11; U; Linux; i686; en-US; rv:1.6) Gecko Epiphany/1.2.5"
185.112.156.109 - - [06/May/2023:01:40:55 +0000] "GET /robots.txt HTTP/1.1" 404 153 "-" "Mozilla/5.0 (X11; U; Linux; i686; en-US; rv:1.6) Gecko Epiphany/1.2.5"
185.112.156.109 - - [06/May/2023:01:40:55 +0000] "GET /posts/pseudopost-6/images/perna.jpeg HTTP/1.1" 200 175249 "https://blog.pseudot.org/posts/pseudopost-6/pseudopost-6.html" "Mozilla/5.0 (X11; U; Linux; i686; en-US; rv:1.6) Gecko Epiphany/1.2.5"
167.248.133.189 - - [06/May/2023:01:41:52 +0000] "GET / HTTP/1.1" 200 130081 "-" "-"
167.248.133.189 - - [06/May/2023:01:41:52 +0000] "GET / HTTP/1.1" 200 361718 "-" "Mozilla/5.0 (compatible; CensysInspect/1.1; +https://about.censys.io/)"
167.248.133.189 - - [06/May/2023:01:41:52 +0000] "PRI * HTTP/2.0" 400 157 "-" "-"
167.248.133.189 - - [06/May/2023:01:41:57 +0000] "GET /favicon.png HTTP/1.1" 200 17440 "-" "Mozilla/5.0 (compatible; CensysInspect/1.1; +https://about.censys.io/)"
167.248.133.189 - - [06/May/2023:01:41:58 +0000] "GET /apple-touch-icon.png HTTP/1.1" 200 15195 "-" "Mozilla/5.0 (compatible; CensysInspect/1.1; +https://about.censys.io/)"
185.220.101.65 - - [06/May/2023:01:41:58 +0000] "GET /posts/pseudopost-6/pseudopost-6.html HTTP/1.1" 200 3343 "-" "Mozilla/5.0 (iphone x Build/MXB48T; wv) AppleWebKit/537.36 (KHTML like Gecko) Version/4.0 Chrome/53.0.2785.49 Mobile MQQBrowser/6.2 TBS/043632 Safari/537.36 MicroMessenger/6.6.1.1220(0x26060135) NetType/WIFI Language/zh_CN"
185.220.101.65 - - [06/May/2023:01:41:59 +0000] "GET /robots.txt HTTP/1.1" 404 555 "-" "Mozilla/5.0 (iphone x Build/MXB48T; wv) AppleWebKit/537.36 (KHTML like Gecko) Version/4.0 Chrome/53.0.2785.49 Mobile MQQBrowser/6.2 TBS/043632 Safari/537.36 MicroMessenger/6.6.1.1220(0x26060135) NetType/WIFI Language/zh_CN"
185.220.101.65 - - [06/May/2023:01:41:59 +0000] "GET /posts/pseudopost-6/images/perna.jpeg HTTP/1.1" 200 175249 "https://blog.pseudot.org/posts/pseudopost-6/pseudopost-6.html" "Mozilla/5.0 (iphone x Build/MXB48T; wv) AppleWebKit/537.36 (KHTML like Gecko) Version/4.0 Chrome/53.0.2785.49 Mobile MQQBrowser/6.2 TBS/043632 Safari/537.36 MicroMessenger/6.6.1.1220(0x26060135) NetType/WIFI Language/zh_CN"
167.248.133.189 - - [06/May/2023:01:42:03 +0000] "GET /favicon.ico HTTP/1.1" 404 0 "-" "Mozilla/5.0 (compatible; CensysInspect/1.1; +https://about.censys.io/)"
185.112.156.109 - - [06/May/2023:01:42:29 +0000] "GET /posts/pseudopost-4/pseudopost-4.html HTTP/1.1" 200 4835 "-" "Mozilla/5.0 (Windows NT 6.2) AppleWebKit/536.3 (KHTML like Gecko) Chrome/19.0.1061.1 Safari/536.3"
185.112.156.109 - - [06/May/2023:01:42:30 +0000] "GET /robots.txt HTTP/1.1" 404 555 "-" "Mozilla/5.0 (Windows NT 6.2) AppleWebKit/536.3 (KHTML like Gecko) Chrome/19.0.1061.1 Safari/536.3"
185.112.156.109 - - [06/May/2023:01:42:30 +0000] "GET /posts/pseudopost-4/images/music.gif HTTP/1.1" 200 9305 "https://blog.pseudot.org/posts/pseudopost-4/pseudopost-4.html" "Mozilla/5.0 (Windows NT 6.2) AppleWebKit/536.3 (KHTML like Gecko) Chrome/19.0.1061.1 Safari/536.3"
185.112.156.109 - - [06/May/2023:01:42:37 +0000] "GET /posts/pseudopost-4/pseudopost-4.html HTTP/1.1" 200 4835 "-" "Mozilla/5.0 (X11; Linux i686) AppleWebKit/535.1 (KHTML like Gecko) Ubuntu/11.04 Chromium/14.0.825.0 Chrome/14.0.825.0 Safari/535.1"
185.112.156.109 - - [06/May/2023:01:42:38 +0000] "GET /robots.txt HTTP/1.1" 404 555 "-" "Mozilla/5.0 (X11; Linux i686) AppleWebKit/535.1 (KHTML like Gecko) Ubuntu/11.04 Chromium/14.0.825.0 Chrome/14.0.825.0 Safari/535.1"
5.121.201.241 - - [06/May/2023:01:42:39 +0000] "GET /__down?bytes=100 HTTP/1.1" 404 153 "-" "-"
185.112.156.109 - - [06/May/2023:01:42:39 +0000] "GET /posts/pseudopost-4/images/music.gif HTTP/1.1" 200 9305 "https://blog.pseudot.org/posts/pseudopost-4/pseudopost-4.html" "Mozilla/5.0 (X11; Linux i686) AppleWebKit/535.1 (KHTML like Gecko) Ubuntu/11.04 Chromium/14.0.825.0 Chrome/14.0.825.0 Safari/535.1"
185.220.103.119 - - [06/May/2023:01:44:05 +0000] "GET /posts/History-of-classical-music/History-of-classical-music.html HTTP/1.1" 200 11115 "-" "Mozilla/5.0 (Windows; U; Windows NT 6.1; en-US) AppleWebKit/534.20 (KHTML like Gecko) Chrome/11.0.672.2 Safari/534.20"
185.112.156.109 - - [06/May/2023:01:44:58 +0000] "GET /posts/botosani/botosani.html HTTP/1.1" 200 4399 "-" "Mozilla/5.0 (X11; U; FreeBSD i386; en-US; rv:1.6) Gecko/20040406 Galeon/1.3.15"
185.112.156.109 - - [06/May/2023:01:44:58 +0000] "GET /robots.txt HTTP/1.1" 404 153 "-" "Mozilla/5.0 (X11; U; FreeBSD i386; en-US; rv:1.6) Gecko/20040406 Galeon/1.3.15"
185.112.156.109 - - [06/May/2023:01:44:59 +0000] "GET /posts/botosani/style.css HTTP/1.1" 200 1832 "https://blog.pseudot.org/posts/botosani/botosani.html" "Mozilla/5.0 (X11; U; FreeBSD i386; en-US; rv:1.6) Gecko/20040406 Galeon/1.3.15"
185.112.156.109 - - [06/May/2023:01:44:59 +0000] "GET /posts/botosani/posts%20materials/botosani/start.jpg HTTP/1.1" 200 388026 "https://blog.pseudot.org/posts/botosani/botosani.html" "Mozilla/5.0 (X11; U; FreeBSD i386; en-US; rv:1.6) Gecko/20040406 Galeon/1.3.15"
185.112.156.109 - - [06/May/2023:01:45:00 +0000] "GET /posts/another-daria-thing/another-daria-thing.html HTTP/1.1" 200 5288 "-" "Mozilla/5.0 (X11; FreeBSD amd64; rv:5.0) Gecko/20100101 Firefox/5.0"
109.70.100.7 - - [06/May/2023:01:45:02 +0000] "GET /posts/botosani/posts%20materials/botosani/start.jpg HTTP/1.1" 206 11695 "https://blog.pseudot.org/posts/botosani/botosani.html" "Mozilla/5.0 (X11; U; FreeBSD i386; en-US; rv:1.6) Gecko/20040406 Galeon/1.3.15"
109.70.100.7 - - [06/May/2023:01:45:02 +0000] "GET /posts/botosani/posts%20materials/botosani/hermes.jpg HTTP/1.1" 200 683707 "https://blog.pseudot.org/posts/botosani/botosani.html" "Mozilla/5.0 (X11; U; FreeBSD i386; en-US; rv:1.6) Gecko/20040406 Galeon/1.3.15"
109.70.100.7 - - [06/May/2023:01:45:02 +0000] "GET /posts/botosani/posts%20materials/botosani/coltcool.jpg HTTP/1.1" 200 523150 "https://blog.pseudot.org/posts/botosani/botosani.html" "Mozilla/5.0 (X11; U; FreeBSD i386; en-US; rv:1.6) Gecko/20040406 Galeon/1.3.15"
109.70.100.7 - - [06/May/2023:01:45:03 +0000] "GET /posts/botosani/posts%20materials/botosani/coolhouses.jpg HTTP/1.1" 200 709638 "https://blog.pseudot.org/posts/botosani/botosani.html" "Mozilla/5.0 (X11; U; FreeBSD i386; en-US; rv:1.6) Gecko/20040406 Galeon/1.3.15"
109.70.100.7 - - [06/May/2023:01:45:03 +0000] "GET /posts/botosani/posts%20materials/botosani/lagrandplace.jpg HTTP/1.1" 200 664188 "https://blog.pseudot.org/posts/botosani/botosani.html" "Mozilla/5.0 (X11; U; FreeBSD i386; en-US; rv:1.6) Gecko/20040406 Galeon/1.3.15"
109.70.100.7 - - [06/May/2023:01:45:04 +0000] "GET /posts/botosani/posts%20materials/botosani/vieuxcote.jpg HTTP/1.1" 200 571850 "https://blog.pseudot.org/posts/botosani/botosani.html" "Mozilla/5.0 (X11; U; FreeBSD i386; en-US; rv:1.6) Gecko/20040406 Galeon/1.3.15"
109.70.100.7 - - [06/May/2023:01:45:04 +0000] "GET /posts/botosani/posts%20materials/botosani/domnul%20eminescu.jpg HTTP/1.1" 200 322907 "https://blog.pseudot.org/posts/botosani/botosani.html" "Mozilla/5.0 (X11; U; FreeBSD i386; en-US; rv:1.6) Gecko/20040406 Galeon/1.3.15"
109.70.100.7 - - [06/May/2023:01:45:04 +0000] "GET /posts/botosani/posts%20materials/botosani/primarie.jpg HTTP/1.1" 200 553434 "https://blog.pseudot.org/posts/botosani/botosani.html" "Mozilla/5.0 (X11; U; FreeBSD i386; en-US; rv:1.6) Gecko/20040406 Galeon/1.3.15"
109.70.100.7 - - [06/May/2023:01:45:05 +0000] "GET /posts/botosani/posts%20materials/botosani/grandcec.jpg HTTP/1.1" 200 654008 "https://blog.pseudot.org/posts/botosani/botosani.html" "Mozilla/5.0 (X11; U; FreeBSD i386; en-US; rv:1.6) Gecko/20040406 Galeon/1.3.15"
109.70.100.7 - - [06/May/2023:01:45:05 +0000] "GET /posts/botosani/posts%20materials/botosani/grandcommunist.jpg HTTP/1.1" 200 441678 "https://blog.pseudot.org/posts/botosani/botosani.html" "Mozilla/5.0 (X11; U; FreeBSD i386; en-US; rv:1.6) Gecko/20040406 Galeon/1.3.15"
109.70.100.7 - - [06/May/2023:01:45:05 +0000] "GET /posts/botosani/posts%20materials/botosani/vasescu.jpg HTTP/1.1" 200 650408 "https://blog.pseudot.org/posts/botosani/botosani.html" "Mozilla/5.0 (X11; U; FreeBSD i386; en-US; rv:1.6) Gecko/20040406 Galeon/1.3.15"
109.70.100.7 - - [06/May/2023:01:45:06 +0000] "GET /posts/botosani/posts%20materials/botosani/museum.jpg HTTP/1.1" 200 664587 "https://blog.pseudot.org/posts/botosani/botosani.html" "Mozilla/5.0 (X11; U; FreeBSD i386; en-US; rv:1.6) Gecko/20040406 Galeon/1.3.15"
109.70.100.7 - - [06/May/2023:01:45:06 +0000] "GET /posts/botosani/posts%20materials/botosani/grandmaison.jpg HTTP/1.1" 200 730793 "https://blog.pseudot.org/posts/botosani/botosani.html" "Mozilla/5.0 (X11; U; FreeBSD i386; en-US; rv:1.6) Gecko/20040406 Galeon/1.3.15"
109.70.100.7 - - [06/May/2023:01:45:07 +0000] "GET /posts/botosani/posts%20materials/botosani/ipotesti.jpg HTTP/1.1" 200 925405 "https://blog.pseudot.org/posts/botosani/botosani.html" "Mozilla/5.0 (X11; U; FreeBSD i386; en-US; rv:1.6) Gecko/20040406 Galeon/1.3.15"
216.194.175.42 - - [06/May/2023:01:45:25 +0000] "GET /wp-login.php HTTP/1.1" 404 0 "-" "Mozilla/5.0 (Windows NT 10.0; Win64; x64; rv:96.0) Gecko/20100101 Firefox/96"
109.70.100.85 - - [06/May/2023:01:45:42 +0000] "GET /posts/are-you-the-lead-in-your-story/are-you-the-lead-in-your-story.html HTTP/1.1" 200 9797 "-" "Mozilla/5.0 (Windows NT 6.1; WOW64; rv:10.0.1) Gecko/20100101 Firefox/10.0.1"
109.70.100.85 - - [06/May/2023:01:45:42 +0000] "GET /robots.txt HTTP/1.1" 404 153 "-" "Mozilla/5.0 (Windows NT 6.1; WOW64; rv:10.0.1) Gecko/20100101 Firefox/10.0.1"
109.70.100.85 - - [06/May/2023:01:45:43 +0000] "GET /posts/are-you-the-lead-in-your-story/images/photo1.jpg HTTP/1.1" 200 52963 "https://blog.pseudot.org/posts/are-you-the-lead-in-your-story/are-you-the-lead-in-your-story.html" "Mozilla/5.0 (Windows NT 6.1; WOW64; rv:10.0.1) Gecko/20100101 Firefox/10.0.1"
109.70.100.85 - - [06/May/2023:01:45:44 +0000] "GET /posts/are-you-the-lead-in-your-story/images/photo2.jpg HTTP/1.1" 200 110738 "https://blog.pseudot.org/posts/are-you-the-lead-in-your-story/are-you-the-lead-in-your-story.html" "Mozilla/5.0 (Windows NT 6.1; WOW64; rv:10.0.1) Gecko/20100101 Firefox/10.0.1"
109.70.100.85 - - [06/May/2023:01:45:46 +0000] "GET /posts/are-you-the-lead-in-your-story/images/photo3.png HTTP/1.1" 200 105236 "https://blog.pseudot.org/posts/are-you-the-lead-in-your-story/are-you-the-lead-in-your-story.html" "Mozilla/5.0 (Windows NT 6.1; WOW64; rv:10.0.1) Gecko/20100101 Firefox/10.0.1"
109.70.100.7 - - [06/May/2023:01:47:38 +0000] "GET /posts/rebonjour/rebonjour.html HTTP/1.1" 200 3930 "-" "Mozilla/5.0 (Windows NT 6.1; WOW64; rv:10.0.1) Gecko/20100101 Firefox/10.0.1"
109.70.100.7 - - [06/May/2023:01:47:56 +0000] "GET /posts/pseudopost-7/pseudopost-7.html HTTP/1.1" 200 5039 "-" "Mozilla/5.0 (Windows NT 6.1; WOW64; rv:10.0.1) Gecko/20100101 Firefox/10.0.1"
109.70.100.7 - - [06/May/2023:01:47:56 +0000] "GET /robots.txt HTTP/1.1" 404 153 "-" "Mozilla/5.0 (Windows NT 6.1; WOW64; rv:10.0.1) Gecko/20100101 Firefox/10.0.1"
109.70.100.7 - - [06/May/2023:01:47:56 +0000] "GET /posts/pseudopost-7/images/parigi.jpeg HTTP/1.1" 200 317835 "https://blog.pseudot.org/posts/pseudopost-7/pseudopost-7.html" "Mozilla/5.0 (Windows NT 6.1; WOW64; rv:10.0.1) Gecko/20100101 Firefox/10.0.1"
109.70.100.7 - - [06/May/2023:01:47:56 +0000] "GET /posts/pseudopost-7/images/music.gif HTTP/1.1" 200 18234 "https://blog.pseudot.org/posts/pseudopost-7/pseudopost-7.html" "Mozilla/5.0 (Windows NT 6.1; WOW64; rv:10.0.1) Gecko/20100101 Firefox/10.0.1"
185.220.103.116 - - [06/May/2023:01:48:12 +0000] "GET /posts/exerci%C8%9Biu-de-scriere-0/exerci%C8%9Biu-de-scriere-0.html HTTP/1.1" 200 3557 "-" "Mozilla/5.0 (X11; U; SunOS i86pc; en-US; rv:1.9.1b3) Gecko/20090429 Firefox/3.1b3"
45.95.169.179 - - [06/May/2023:01:48:25 +0000] "GET /posts/pseudopost-8/pseudopost-8.html HTTP/1.1" 200 5927 "-" "Mozilla/5.0 (X11; U; Linux ppc; en-US; rv:1.8.1.13) Gecko/20080313 Iceape/1.1.9 (Debian-1.1.9-5)"
45.95.169.179 - - [06/May/2023:01:48:25 +0000] "GET /robots.txt HTTP/1.1" 404 153 "-" "Mozilla/5.0 (X11; U; Linux ppc; en-US; rv:1.8.1.13) Gecko/20080313 Iceape/1.1.9 (Debian-1.1.9-5)"
45.95.169.179 - - [06/May/2023:01:48:26 +0000] "GET /posts/pseudopost-8/images/luton.jpeg HTTP/1.1" 200 199250 "https://blog.pseudot.org/posts/pseudopost-8/pseudopost-8.html" "Mozilla/5.0 (X11; U; Linux ppc; en-US; rv:1.8.1.13) Gecko/20080313 Iceape/1.1.9 (Debian-1.1.9-5)"
45.95.169.179 - - [06/May/2023:01:48:27 +0000] "GET /posts/pseudopost-8/images/statue.jpeg HTTP/1.1" 200 516692 "https://blog.pseudot.org/posts/pseudopost-8/pseudopost-8.html" "Mozilla/5.0 (X11; U; Linux ppc; en-US; rv:1.8.1.13) Gecko/20080313 Iceape/1.1.9 (Debian-1.1.9-5)"
45.95.169.179 - - [06/May/2023:01:48:28 +0000] "GET /posts/pseudopost-8/images/metro.jpeg HTTP/1.1" 200 450701 "https://blog.pseudot.org/posts/pseudopost-8/pseudopost-8.html" "Mozilla/5.0 (X11; U; Linux ppc; en-US; rv:1.8.1.13) Gecko/20080313 Iceape/1.1.9 (Debian-1.1.9-5)"
45.95.169.179 - - [06/May/2023:01:48:29 +0000] "GET /posts/pseudopost-8/images/min.jpeg HTTP/1.1" 200 570961 "https://blog.pseudot.org/posts/pseudopost-8/pseudopost-8.html" "Mozilla/5.0 (X11; U; Linux ppc; en-US; rv:1.8.1.13) Gecko/20080313 Iceape/1.1.9 (Debian-1.1.9-5)"
23.154.177.2 - - [06/May/2023:01:48:29 +0000] "GET / HTTP/1.1" 200 3135 "-" "Mozilla/5.0 (X11; U; Linux; i686; en-US; rv:1.6) Gecko Epiphany/1.2.5"
23.154.177.2 - - [06/May/2023:01:48:30 +0000] "GET /robots.txt HTTP/1.1" 404 153 "-" "Mozilla/5.0 (X11; U; Linux; i686; en-US; rv:1.6) Gecko Epiphany/1.2.5"
45.95.169.179 - - [06/May/2023:01:48:30 +0000] "GET /posts/pseudopost-8/images/coloane.jpeg HTTP/1.1" 200 1191509 "https://blog.pseudot.org/posts/pseudopost-8/pseudopost-8.html" "Mozilla/5.0 (X11; U; Linux ppc; en-US; rv:1.8.1.13) Gecko/20080313 Iceape/1.1.9 (Debian-1.1.9-5)"
23.154.177.2 - - [06/May/2023:01:48:30 +0000] "GET /style.css HTTP/1.1" 200 2670 "https://photos.pseudot.org/" "Mozilla/5.0 (X11; U; Linux; i686; en-US; rv:1.6) Gecko Epiphany/1.2.5"
23.154.177.2 - - [06/May/2023:01:48:31 +0000] "GET /images/IMG_9355.JPG HTTP/1.1" 200 2332072 "https://photos.pseudot.org/" "Mozilla/5.0 (X11; U; Linux; i686; en-US; rv:1.6) Gecko Epiphany/1.2.5"
45.95.169.179 - - [06/May/2023:01:48:31 +0000] "GET /posts/pseudopost-8/images/trafalgar.jpeg HTTP/1.1" 200 385558 "https://blog.pseudot.org/posts/pseudopost-8/pseudopost-8.html" "Mozilla/5.0 (X11; U; Linux ppc; en-US; rv:1.8.1.13) Gecko/20080313 Iceape/1.1.9 (Debian-1.1.9-5)"
45.95.169.179 - - [06/May/2023:01:48:32 +0000] "GET /posts/pseudopost-8/images/bigben.jpeg HTTP/1.1" 200 364657 "https://blog.pseudot.org/posts/pseudopost-8/pseudopost-8.html" "Mozilla/5.0 (X11; U; Linux ppc; en-US; rv:1.8.1.13) Gecko/20080313 Iceape/1.1.9 (Debian-1.1.9-5)"
45.95.169.179 - - [06/May/2023:01:48:33 +0000] "GET /posts/pseudopost-8/images/nice.jpeg HTTP/1.1" 200 721752 "https://blog.pseudot.org/posts/pseudopost-8/pseudopost-8.html" "Mozilla/5.0 (X11; U; Linux ppc; en-US; rv:1.8.1.13) Gecko/20080313 Iceape/1.1.9 (Debian-1.1.9-5)"
45.95.169.179 - - [06/May/2023:01:48:34 +0000] "GET /posts/pseudopost-8/images/prop1.jpeg HTTP/1.1" 200 448019 "https://blog.pseudot.org/posts/pseudopost-8/pseudopost-8.html" "Mozilla/5.0 (X11; U; Linux ppc; en-US; rv:1.8.1.13) Gecko/20080313 Iceape/1.1.9 (Debian-1.1.9-5)"
45.95.169.179 - - [06/May/2023:01:48:34 +0000] "GET /posts/pseudopost-8/images/afis.jpeg HTTP/1.1" 200 259460 "https://blog.pseudot.org/posts/pseudopost-8/pseudopost-8.html" "Mozilla/5.0 (X11; U; Linux ppc; en-US; rv:1.8.1.13) Gecko/20080313 Iceape/1.1.9 (Debian-1.1.9-5)"
23.154.177.2 - - [06/May/2023:01:48:35 +0000] "GET /images/abandonata.jpg HTTP/1.1" 200 257006 "https://photos.pseudot.org/" "Mozilla/5.0 (X11; U; Linux; i686; en-US; rv:1.6) Gecko Epiphany/1.2.5"
45.95.169.179 - - [06/May/2023:01:48:35 +0000] "GET /posts/pseudopost-8/images/chinezesc.jpeg HTTP/1.1" 200 518135 "https://blog.pseudot.org/posts/pseudopost-8/pseudopost-8.html" "Mozilla/5.0 (X11; U; Linux ppc; en-US; rv:1.8.1.13) Gecko/20080313 Iceape/1.1.9 (Debian-1.1.9-5)"
23.154.177.2 - - [06/May/2023:01:48:35 +0000] "GET /images/blexer.jpg HTTP/1.1" 200 362036 "https://photos.pseudot.org/" "Mozilla/5.0 (X11; U; Linux; i686; en-US; rv:1.6) Gecko Epiphany/1.2.5"
45.95.169.179 - - [06/May/2023:01:48:36 +0000] "GET /posts/pseudopost-8/images/1euro.jpeg HTTP/1.1" 200 331041 "https://blog.pseudot.org/posts/pseudopost-8/pseudopost-8.html" "Mozilla/5.0 (X11; U; Linux ppc; en-US; rv:1.8.1.13) Gecko/20080313 Iceape/1.1.9 (Debian-1.1.9-5)"
23.154.177.2 - - [06/May/2023:01:48:36 +0000] "GET /images/store.jpg HTTP/1.1" 200 328822 "https://photos.pseudot.org/" "Mozilla/5.0 (X11; U; Linux; i686; en-US; rv:1.6) Gecko Epiphany/1.2.5"
45.95.169.179 - - [06/May/2023:01:48:36 +0000] "GET /posts/pseudopost-8/images/music.gif HTTP/1.1" 200 18234 "https://blog.pseudot.org/posts/pseudopost-8/pseudopost-8.html" "Mozilla/5.0 (X11; U; Linux ppc; en-US; rv:1.8.1.13) Gecko/20080313 Iceape/1.1.9 (Debian-1.1.9-5)"
23.154.177.2 - - [06/May/2023:01:48:37 +0000] "GET /images/didntknewthis.jpg HTTP/1.1" 200 115902 "https://photos.pseudot.org/" "Mozilla/5.0 (X11; U; Linux; i686; en-US; rv:1.6) Gecko Epiphany/1.2.5"
23.154.177.2 - - [06/May/2023:01:48:38 +0000] "GET /images/flatterre.jpg HTTP/1.1" 200 204219 "https://photos.pseudot.org/" "Mozilla/5.0 (X11; U; Linux; i686; en-US; rv:1.6) Gecko Epiphany/1.2.5"
23.154.177.2 - - [06/May/2023:01:48:38 +0000] "GET /images/mareamoldovei.jpg HTTP/1.1" 200 183552 "https://photos.pseudot.org/" "Mozilla/5.0 (X11; U; Linux; i686; en-US; rv:1.6) Gecko Epiphany/1.2.5"
23.154.177.2 - - [06/May/2023:01:48:39 +0000] "GET /images/sotm.jpg HTTP/1.1" 200 243692 "https://photos.pseudot.org/" "Mozilla/5.0 (X11; U; Linux; i686; en-US; rv:1.6) Gecko Epiphany/1.2.5"
23.154.177.2 - - [06/May/2023:01:48:40 +0000] "GET /images/pacu.jpg HTTP/1.1" 200 245892 "https://photos.pseudot.org/" "Mozilla/5.0 (X11; U; Linux; i686; en-US; rv:1.6) Gecko Epiphany/1.2.5"
23.154.177.2 - - [06/May/2023:01:48:41 +0000] "GET /images/patrie.jpg HTTP/1.1" 200 215835 "https://photos.pseudot.org/" "Mozilla/5.0 (X11; U; Linux; i686; en-US; rv:1.6) Gecko Epiphany/1.2.5"
23.154.177.2 - - [06/May/2023:01:48:41 +0000] "GET /images/schanuzers.jpg HTTP/1.1" 200 371291 "https://photos.pseudot.org/" "Mozilla/5.0 (X11; U; Linux; i686; en-US; rv:1.6) Gecko Epiphany/1.2.5"
23.154.177.2 - - [06/May/2023:01:48:42 +0000] "GET /scripts/zooming.min.js HTTP/1.1" 200 10728 "https://photos.pseudot.org/" "Mozilla/5.0 (X11; U; Linux; i686; en-US; rv:1.6) Gecko Epiphany/1.2.5"
185.220.102.241 - - [06/May/2023:01:49:57 +0000] "GET /posts/pseudopost-3/pseudopost-3.html HTTP/1.1" 200 4887 "-" "Mozilla/5.0 (Windows NT 6.1; WOW64; rv:6.0a2) Gecko/20110622 Firefox/6.0a2"
185.220.102.241 - - [06/May/2023:01:49:57 +0000] "GET /robots.txt HTTP/1.1" 404 153 "-" "Mozilla/5.0 (Windows NT 6.1; WOW64; rv:6.0a2) Gecko/20110622 Firefox/6.0a2"
185.220.102.241 - - [06/May/2023:01:49:57 +0000] "GET /posts/pseudopost-3/images/music.gif HTTP/1.1" 200 18234 "https://blog.pseudot.org/posts/pseudopost-3/pseudopost-3.html" "Mozilla/5.0 (Windows NT 6.1; WOW64; rv:6.0a2) Gecko/20110622 Firefox/6.0a2"
23.154.177.2 - - [06/May/2023:01:50:03 +0000] "GET /posts/are-you-the-lead-in-your-story/are-you-the-lead-in-your-story.html HTTP/1.1" 200 9797 "-" "Mozilla/5.0 (Windows; U; Windows NT 5.1; en-US; rv:1.8.1.23) Gecko/20090825 SeaMonkey/1.1.18"
23.154.177.2 - - [06/May/2023:01:50:03 +0000] "GET /robots.txt HTTP/1.1" 404 153 "-" "Mozilla/5.0 (Windows; U; Windows NT 5.1; en-US; rv:1.8.1.23) Gecko/20090825 SeaMonkey/1.1.18"
23.154.177.2 - - [06/May/2023:01:50:04 +0000] "GET /posts/are-you-the-lead-in-your-story/images/photo1.jpg HTTP/1.1" 200 52963 "https://blog.pseudot.org/posts/are-you-the-lead-in-your-story/are-you-the-lead-in-your-story.html" "Mozilla/5.0 (Windows; U; Windows NT 5.1; en-US; rv:1.8.1.23) Gecko/20090825 SeaMonkey/1.1.18"
23.154.177.2 - - [06/May/2023:01:50:04 +0000] "GET /posts/are-you-the-lead-in-your-story/images/photo2.jpg HTTP/1.1" 200 110738 "https://blog.pseudot.org/posts/are-you-the-lead-in-your-story/are-you-the-lead-in-your-story.html" "Mozilla/5.0 (Windows; U; Windows NT 5.1; en-US; rv:1.8.1.23) Gecko/20090825 SeaMonkey/1.1.18"
23.154.177.2 - - [06/May/2023:01:50:05 +0000] "GET /posts/are-you-the-lead-in-your-story/images/photo3.png HTTP/1.1" 200 105236 "https://blog.pseudot.org/posts/are-you-the-lead-in-your-story/are-you-the-lead-in-your-story.html" "Mozilla/5.0 (Windows; U; Windows NT 5.1; en-US; rv:1.8.1.23) Gecko/20090825 SeaMonkey/1.1.18"
192.42.116.178 - - [06/May/2023:01:50:41 +0000] "GET /posts/when-does-a-passion-become-obsession/when-does-a-passion-become-obsession.html HTTP/1.1" 404 153 "-" "Mozilla/5.0 (Windows; U; Windows CE 5.1; rv:1.8.1a3) Gecko/20060610 Minimo/0.016"
192.42.116.204 - - [06/May/2023:01:50:51 +0000] "GET /posts/pseudopost-5/pseudopost-5.html HTTP/1.1" 200 4794 "-" "Mozilla/5.0 (X11; U; Linux x86_64; en-US) AppleWebKit/534.15 (KHTML like Gecko) Chrome/10.0.613.0 Safari/534.15"
192.42.116.204 - - [06/May/2023:01:50:51 +0000] "GET /robots.txt HTTP/1.1" 404 555 "-" "Mozilla/5.0 (X11; U; Linux x86_64; en-US) AppleWebKit/534.15 (KHTML like Gecko) Chrome/10.0.613.0 Safari/534.15"
192.42.116.204 - - [06/May/2023:01:50:51 +0000] "GET /posts/pseudopost-5/images/bataille.jpg HTTP/1.1" 200 471340 "https://blog.pseudot.org/posts/pseudopost-5/pseudopost-5.html" "Mozilla/5.0 (X11; U; Linux x86_64; en-US) AppleWebKit/534.15 (KHTML like Gecko) Chrome/10.0.613.0 Safari/534.15"
192.42.116.204 - - [06/May/2023:01:50:52 +0000] "GET /posts/pseudopost-5/images/sus.jpg HTTP/1.1" 200 570649 "https://blog.pseudot.org/posts/pseudopost-5/pseudopost-5.html" "Mozilla/5.0 (X11; U; Linux x86_64; en-US) AppleWebKit/534.15 (KHTML like Gecko) Chrome/10.0.613.0 Safari/534.15"
192.42.116.204 - - [06/May/2023:01:50:53 +0000] "GET /posts/pseudopost-5/images/skhoala.jpeg HTTP/1.1" 200 485666 "https://blog.pseudot.org/posts/pseudopost-5/pseudopost-5.html" "Mozilla/5.0 (X11; U; Linux x86_64; en-US) AppleWebKit/534.15 (KHTML like Gecko) Chrome/10.0.613.0 Safari/534.15"
192.42.116.204 - - [06/May/2023:01:50:54 +0000] "GET /posts/pseudopost-5/images/sus2.jpeg HTTP/1.1" 200 592926 "https://blog.pseudot.org/posts/pseudopost-5/pseudopost-5.html" "Mozilla/5.0 (X11; U; Linux x86_64; en-US) AppleWebKit/534.15 (KHTML like Gecko) Chrome/10.0.613.0 Safari/534.15"
192.42.116.204 - - [06/May/2023:01:50:55 +0000] "GET /posts/pseudopost-5/images/music.gif HTTP/1.1" 200 9305 "https://blog.pseudot.org/posts/pseudopost-5/pseudopost-5.html" "Mozilla/5.0 (X11; U; Linux x86_64; en-US) AppleWebKit/534.15 (KHTML like Gecko) Chrome/10.0.613.0 Safari/534.15"
192.42.116.210 - - [06/May/2023:01:51:22 +0000] "GET /posts/pseudopost-1/pseudopost-1.html HTTP/1.1" 200 5442 "-" "Mozilla/5.0 (Linux; Android 5.1.1; vivo X6S A Build/LMY47V; wv) AppleWebKit/537.36 (KHTML like Gecko) Version/4.0 Chrome/53.0.2785.49 Mobile MQQBrowser/6.2 TBS/043632 Safari/537.36 MicroMessenger/6.6.1.1220(0x26060135) NetType/WIFI Language/zh_CN"
192.42.116.210 - - [06/May/2023:01:51:22 +0000] "GET /robots.txt HTTP/1.1" 404 555 "-" "Mozilla/5.0 (Linux; Android 5.1.1; vivo X6S A Build/LMY47V; wv) AppleWebKit/537.36 (KHTML like Gecko) Version/4.0 Chrome/53.0.2785.49 Mobile MQQBrowser/6.2 TBS/043632 Safari/537.36 MicroMessenger/6.6.1.1220(0x26060135) NetType/WIFI Language/zh_CN"
192.42.116.210 - - [06/May/2023:01:51:22 +0000] "GET /posts/pseudopost-1/images/panther.gif HTTP/1.1" 200 10962 "https://blog.pseudot.org/posts/pseudopost-1/pseudopost-1.html" "Mozilla/5.0 (Linux; Android 5.1.1; vivo X6S A Build/LMY47V; wv) AppleWebKit/537.36 (KHTML like Gecko) Version/4.0 Chrome/53.0.2785.49 Mobile MQQBrowser/6.2 TBS/043632 Safari/537.36 MicroMessenger/6.6.1.1220(0x26060135) NetType/WIFI Language/zh_CN"
192.42.116.210 - - [06/May/2023:01:51:22 +0000] "GET /posts/pseudopost-1/images/tweety.gif HTTP/1.1" 200 8392 "https://blog.pseudot.org/posts/pseudopost-1/pseudopost-1.html" "Mozilla/5.0 (Linux; Android 5.1.1; vivo X6S A Build/LMY47V; wv) AppleWebKit/537.36 (KHTML like Gecko) Version/4.0 Chrome/53.0.2785.49 Mobile MQQBrowser/6.2 TBS/043632 Safari/537.36 MicroMessenger/6.6.1.1220(0x26060135) NetType/WIFI Language/zh_CN"
192.42.116.210 - - [06/May/2023:01:51:22 +0000] "GET /posts/pseudopost-1/images/mouse.gif HTTP/1.1" 200 16506 "https://blog.pseudot.org/posts/pseudopost-1/pseudopost-1.html" "Mozilla/5.0 (Linux; Android 5.1.1; vivo X6S A Build/LMY47V; wv) AppleWebKit/537.36 (KHTML like Gecko) Version/4.0 Chrome/53.0.2785.49 Mobile MQQBrowser/6.2 TBS/043632 Safari/537.36 MicroMessenger/6.6.1.1220(0x26060135) NetType/WIFI Language/zh_CN"
94.16.121.226 - - [06/May/2023:01:51:37 +0000] "GET /posts/botosani/botosani.html HTTP/1.1" 200 4399 "-" "Mozilla/5.0 (Windows; U; Windows NT 5.2; en-US) AppleWebKit/533.17.8 (KHTML like Gecko) Version/5.0.1 Safari/533.17.8"
94.16.121.226 - - [06/May/2023:01:51:37 +0000] "GET /robots.txt HTTP/1.1" 404 153 "-" "Mozilla/5.0 (Windows; U; Windows NT 5.2; en-US) AppleWebKit/533.17.8 (KHTML like Gecko) Version/5.0.1 Safari/533.17.8"
94.16.121.226 - - [06/May/2023:01:51:38 +0000] "GET /posts/botosani/style.css HTTP/1.1" 200 1832 "https://blog.pseudot.org/posts/botosani/botosani.html" "Mozilla/5.0 (Windows; U; Windows NT 5.2; en-US) AppleWebKit/533.17.8 (KHTML like Gecko) Version/5.0.1 Safari/533.17.8"
94.16.121.226 - - [06/May/2023:01:51:38 +0000] "GET /posts/botosani/posts%20materials/botosani/start.jpg HTTP/1.1" 200 388026 "https://blog.pseudot.org/posts/botosani/botosani.html" "Mozilla/5.0 (Windows; U; Windows NT 5.2; en-US) AppleWebKit/533.17.8 (KHTML like Gecko) Version/5.0.1 Safari/533.17.8"
94.16.121.226 - - [06/May/2023:01:51:39 +0000] "GET /posts/botosani/posts%20materials/botosani/hermes.jpg HTTP/1.1" 200 683707 "https://blog.pseudot.org/posts/botosani/botosani.html" "Mozilla/5.0 (Windows; U; Windows NT 5.2; en-US) AppleWebKit/533.17.8 (KHTML like Gecko) Version/5.0.1 Safari/533.17.8"
154.209.125.69 - - [06/May/2023:01:51:40 +0000] "GET / HTTP/1.1" 200 2826140 "-" "Mozilla/5.0 (Macintosh; Intel Mac OS X 10.11; rv:47.0) Gecko/20100101 Firefox/47.0"
94.16.121.226 - - [06/May/2023:01:51:40 +0000] "GET /posts/botosani/posts%20materials/botosani/coltcool.jpg HTTP/1.1" 200 523150 "https://blog.pseudot.org/posts/botosani/botosani.html" "Mozilla/5.0 (Windows; U; Windows NT 5.2; en-US) AppleWebKit/533.17.8 (KHTML like Gecko) Version/5.0.1 Safari/533.17.8"
94.16.121.226 - - [06/May/2023:01:51:41 +0000] "GET /posts/botosani/posts%20materials/botosani/coolhouses.jpg HTTP/1.1" 200 709638 "https://blog.pseudot.org/posts/botosani/botosani.html" "Mozilla/5.0 (Windows; U; Windows NT 5.2; en-US) AppleWebKit/533.17.8 (KHTML like Gecko) Version/5.0.1 Safari/533.17.8"
94.16.121.226 - - [06/May/2023:01:51:42 +0000] "GET /posts/botosani/posts%20materials/botosani/lagrandplace.jpg HTTP/1.1" 200 664188 "https://blog.pseudot.org/posts/botosani/botosani.html" "Mozilla/5.0 (Windows; U; Windows NT 5.2; en-US) AppleWebKit/533.17.8 (KHTML like Gecko) Version/5.0.1 Safari/533.17.8"
23.151.232.5 - - [06/May/2023:01:51:43 +0000] "GET /posts/pseudopost-5/pseudopost-5.html HTTP/1.1" 200 4794 "-" "Mozilla/5.0 (X11; U; Linux; i686; en-US; rv:1.6) Gecko Epiphany/1.2.5"
94.16.121.226 - - [06/May/2023:01:51:43 +0000] "GET /posts/botosani/posts%20materials/botosani/vieuxcote.jpg HTTP/1.1" 200 571850 "https://blog.pseudot.org/posts/botosani/botosani.html" "Mozilla/5.0 (Windows; U; Windows NT 5.2; en-US) AppleWebKit/533.17.8 (KHTML like Gecko) Version/5.0.1 Safari/533.17.8"
23.151.232.5 - - [06/May/2023:01:51:44 +0000] "GET /robots.txt HTTP/1.1" 404 153 "-" "Mozilla/5.0 (X11; U; Linux; i686; en-US; rv:1.6) Gecko Epiphany/1.2.5"
23.151.232.5 - - [06/May/2023:01:51:44 +0000] "GET /posts/pseudopost-5/images/bataille.jpg HTTP/1.1" 200 471340 "https://blog.pseudot.org/posts/pseudopost-5/pseudopost-5.html" "Mozilla/5.0 (X11; U; Linux; i686; en-US; rv:1.6) Gecko Epiphany/1.2.5"
94.16.121.226 - - [06/May/2023:01:51:44 +0000] "GET /posts/botosani/posts%20materials/botosani/domnul%20eminescu.jpg HTTP/1.1" 200 322907 "https://blog.pseudot.org/posts/botosani/botosani.html" "Mozilla/5.0 (Windows; U; Windows NT 5.2; en-US) AppleWebKit/533.17.8 (KHTML like Gecko) Version/5.0.1 Safari/533.17.8"
94.16.121.226 - - [06/May/2023:01:51:45 +0000] "GET /posts/botosani/posts%20materials/botosani/primarie.jpg HTTP/1.1" 200 553434 "https://blog.pseudot.org/posts/botosani/botosani.html" "Mozilla/5.0 (Windows; U; Windows NT 5.2; en-US) AppleWebKit/533.17.8 (KHTML like Gecko) Version/5.0.1 Safari/533.17.8"
23.151.232.5 - - [06/May/2023:01:51:45 +0000] "GET /posts/pseudopost-5/images/sus.jpg HTTP/1.1" 200 570649 "https://blog.pseudot.org/posts/pseudopost-5/pseudopost-5.html" "Mozilla/5.0 (X11; U; Linux; i686; en-US; rv:1.6) Gecko Epiphany/1.2.5"
94.16.121.226 - - [06/May/2023:01:51:46 +0000] "GET /posts/botosani/posts%20materials/botosani/grandcec.jpg HTTP/1.1" 200 654008 "https://blog.pseudot.org/posts/botosani/botosani.html" "Mozilla/5.0 (Windows; U; Windows NT 5.2; en-US) AppleWebKit/533.17.8 (KHTML like Gecko) Version/5.0.1 Safari/533.17.8"
23.151.232.5 - - [06/May/2023:01:51:47 +0000] "GET /posts/pseudopost-5/images/skhoala.jpeg HTTP/1.1" 200 485666 "https://blog.pseudot.org/posts/pseudopost-5/pseudopost-5.html" "Mozilla/5.0 (X11; U; Linux; i686; en-US; rv:1.6) Gecko Epiphany/1.2.5"
94.16.121.226 - - [06/May/2023:01:51:47 +0000] "GET /posts/botosani/posts%20materials/botosani/grandcommunist.jpg HTTP/1.1" 200 441678 "https://blog.pseudot.org/posts/botosani/botosani.html" "Mozilla/5.0 (Windows; U; Windows NT 5.2; en-US) AppleWebKit/533.17.8 (KHTML like Gecko) Version/5.0.1 Safari/533.17.8"
23.151.232.5 - - [06/May/2023:01:51:48 +0000] "GET /posts/pseudopost-5/images/sus2.jpeg HTTP/1.1" 200 592926 "https://blog.pseudot.org/posts/pseudopost-5/pseudopost-5.html" "Mozilla/5.0 (X11; U; Linux; i686; en-US; rv:1.6) Gecko Epiphany/1.2.5"
94.16.121.226 - - [06/May/2023:01:51:48 +0000] "GET /posts/botosani/posts%20materials/botosani/vasescu.jpg HTTP/1.1" 200 650408 "https://blog.pseudot.org/posts/botosani/botosani.html" "Mozilla/5.0 (Windows; U; Windows NT 5.2; en-US) AppleWebKit/533.17.8 (KHTML like Gecko) Version/5.0.1 Safari/533.17.8"
23.151.232.5 - - [06/May/2023:01:51:48 +0000] "GET /posts/pseudopost-5/images/music.gif HTTP/1.1" 200 9305 "https://blog.pseudot.org/posts/pseudopost-5/pseudopost-5.html" "Mozilla/5.0 (X11; U; Linux; i686; en-US; rv:1.6) Gecko Epiphany/1.2.5"
94.16.121.226 - - [06/May/2023:01:51:49 +0000] "GET /posts/botosani/posts%20materials/botosani/museum.jpg HTTP/1.1" 200 664587 "https://blog.pseudot.org/posts/botosani/botosani.html" "Mozilla/5.0 (Windows; U; Windows NT 5.2; en-US) AppleWebKit/533.17.8 (KHTML like Gecko) Version/5.0.1 Safari/533.17.8"
94.16.121.226 - - [06/May/2023:01:51:50 +0000] "GET /posts/botosani/posts%20materials/botosani/grandmaison.jpg HTTP/1.1" 200 730793 "https://blog.pseudot.org/posts/botosani/botosani.html" "Mozilla/5.0 (Windows; U; Windows NT 5.2; en-US) AppleWebKit/533.17.8 (KHTML like Gecko) Version/5.0.1 Safari/533.17.8"
94.16.121.226 - - [06/May/2023:01:51:51 +0000] "GET /posts/botosani/posts%20materials/botosani/ipotesti.jpg HTTP/1.1" 200 925405 "https://blog.pseudot.org/posts/botosani/botosani.html" "Mozilla/5.0 (Windows; U; Windows NT 5.2; en-US) AppleWebKit/533.17.8 (KHTML like Gecko) Version/5.0.1 Safari/533.17.8"
23.151.232.5 - - [06/May/2023:01:52:27 +0000] "GET / HTTP/1.1" 200 2310 "-" "Mozilla/5.0 (X11; Linux i686; rv:8.0) Gecko/20100101 Firefox/8.0"
23.151.232.5 - - [06/May/2023:01:52:27 +0000] "GET /robots.txt HTTP/1.1" 404 153 "-" "Mozilla/5.0 (X11; Linux i686; rv:8.0) Gecko/20100101 Firefox/8.0"
23.151.232.5 - - [06/May/2023:01:52:28 +0000] "GET /style.css HTTP/1.1" 200 1653 "https://programming.pseudot.org/" "Mozilla/5.0 (X11; Linux i686; rv:8.0) Gecko/20100101 Firefox/8.0"
185.220.100.255 - - [06/May/2023:01:52:52 +0000] "GET /posts/pseudopost-2/pseudopost-2.html HTTP/1.1" 200 4512 "-" "Mozilla/5.0 (Windows; U; Windows NT 6.0; en-US) AppleWebKit/527  (KHTML like Gecko Safari/419.3) Arora/0.6 (Change: )"
185.220.100.255 - - [06/May/2023:01:52:52 +0000] "GET /robots.txt HTTP/1.1" 404 153 "-" "Mozilla/5.0 (Windows; U; Windows NT 6.0; en-US) AppleWebKit/527  (KHTML like Gecko Safari/419.3) Arora/0.6 (Change: )"
185.220.100.255 - - [06/May/2023:01:52:52 +0000] "GET /posts/pseudopost-2/images/ro.gif HTTP/1.1" 200 5273 "https://blog.pseudot.org/posts/pseudopost-2/pseudopost-2.html" "Mozilla/5.0 (Windows; U; Windows NT 6.0; en-US) AppleWebKit/527  (KHTML like Gecko Safari/419.3) Arora/0.6 (Change: )"
185.220.100.255 - - [06/May/2023:01:52:52 +0000] "GET /posts/pseudopost-2/images/iasi.jpg HTTP/1.1" 200 370381 "https://blog.pseudot.org/posts/pseudopost-2/pseudopost-2.html" "Mozilla/5.0 (Windows; U; Windows NT 6.0; en-US) AppleWebKit/527  (KHTML like Gecko Safari/419.3) Arora/0.6 (Change: )"
185.220.100.255 - - [06/May/2023:01:52:52 +0000] "GET /posts/pseudopost-2/images/leda.jpg HTTP/1.1" 200 155922 "https://blog.pseudot.org/posts/pseudopost-2/pseudopost-2.html" "Mozilla/5.0 (Windows; U; Windows NT 6.0; en-US) AppleWebKit/527  (KHTML like Gecko Safari/419.3) Arora/0.6 (Change: )"
185.220.100.255 - - [06/May/2023:01:52:53 +0000] "GET /posts/pseudopost-2/images/music.gif HTTP/1.1" 200 9305 "https://blog.pseudot.org/posts/pseudopost-2/pseudopost-2.html" "Mozilla/5.0 (Windows; U; Windows NT 6.0; en-US) AppleWebKit/527  (KHTML like Gecko Safari/419.3) Arora/0.6 (Change: )"
40.77.167.181 - - [06/May/2023:01:53:52 +0000] "GET /robots.txt HTTP/1.1" 301 169 "-" "Mozilla/5.0 AppleWebKit/537.36 (KHTML, like Gecko; compatible; bingbot/2.0; +http://www.bing.com/bingbot.htm) Chrome/103.0.5060.134 Safari/537.36"
40.77.167.181 - - [06/May/2023:01:53:52 +0000] "GET /robots.txt HTTP/1.1" 404 188 "-" "Mozilla/5.0 AppleWebKit/537.36 (KHTML, like Gecko; compatible; bingbot/2.0; +http://www.bing.com/bingbot.htm) Chrome/103.0.5060.134 Safari/537.36"
193.35.18.251 - - [06/May/2023:01:54:17 +0000] "POST /boaform/admin/formLogin HTTP/1.1" 404 0 "http://208.76.222.31:80/admin/login.asp" "Mozilla/5.0 (X11; Ubuntu; Linux x86_64; rv:71.0) Gecko/20100101 Firefox/71.0"
193.35.18.251 - - [06/May/2023:01:54:17 +0000] "" 400 0 "-" "-"
185.220.100.255 - - [06/May/2023:01:54:40 +0000] "GET / HTTP/1.1" 200 4567 "-" "Mozilla/5.0 (X11; Linux i686) AppleWebKit/534.34 (KHTML like Gecko) QupZilla/1.2.0 Safari/534.34"
185.220.100.255 - - [06/May/2023:01:54:40 +0000] "GET /robots.txt HTTP/1.1" 404 153 "-" "Mozilla/5.0 (X11; Linux i686) AppleWebKit/534.34 (KHTML like Gecko) QupZilla/1.2.0 Safari/534.34"
185.220.100.255 - - [06/May/2023:01:54:40 +0000] "GET /style.css HTTP/1.1" 200 1651 "https://music.pseudot.org/" "Mozilla/5.0 (X11; Linux i686) AppleWebKit/534.34 (KHTML like Gecko) QupZilla/1.2.0 Safari/534.34"
