178.79.139.171 - - [06/May/2023:02:36:42 +0000] "GET /base.asp HTTP/1.1" 404 0 "-" "curl/7.54.0"
178.79.139.171 - - [06/May/2023:02:36:42 +0000] "GET /menu.html HTTP/1.1" 404 0 "-" "curl/7.54.0"
178.79.139.171 - - [06/May/2023:02:36:42 +0000] "GET /index.jhtml HTTP/1.1" 404 0 "-" "curl/7.54.0"
178.79.139.171 - - [06/May/2023:02:36:42 +0000] "GET default.asp HTTP/1.1" 400 157 "-" "-"
178.79.139.171 - - [06/May/2023:02:36:42 +0000] "GET /main.asp HTTP/1.1" 404 0 "-" "curl/7.54.0"
178.79.139.171 - - [06/May/2023:02:36:43 +0000] "GET / HTTP/1.0" 200 5190 "-" "-"
178.79.139.171 - - [06/May/2023:02:36:43 +0000] "GET / HTTP/1.0" 200 166660 "-" "-"
178.79.139.171 - - [06/May/2023:02:36:52 +0000] "GET / HTTP/1.1" 400 255 "-" "-"
178.79.139.171 - - [06/May/2023:02:36:52 +0000] "GET / HTTP/1.1" 200 522101 "-" "-"
106.115.104.56 - - [06/May/2023:02:36:54 +0000] "GET / HTTP/1.1" 200 219469 "-" "Mozilla/5.0 (Windows NT 10.0; WOW64) AppleWebKit/537.36 (KHTML, like Gecko) Chrome/51.0.2704.103 Safari/537.36"
5.255.103.132 - - [06/May/2023:02:37:30 +0000] "GET / HTTP/1.1" 200 1827 "-" "Mozilla/5.0 (X11; Linux i686) AppleWebKit/534.34 (KHTML like Gecko) QupZilla/1.2.0 Safari/534.34"
5.255.103.132 - - [06/May/2023:02:37:30 +0000] "GET /robots.txt HTTP/1.1" 404 153 "-" "Mozilla/5.0 (X11; Linux i686) AppleWebKit/534.34 (KHTML like Gecko) QupZilla/1.2.0 Safari/534.34"
5.255.103.132 - - [06/May/2023:02:37:30 +0000] "GET /style.css HTTP/1.1" 200 1651 "https://books.pseudot.org/" "Mozilla/5.0 (X11; Linux i686) AppleWebKit/534.34 (KHTML like Gecko) QupZilla/1.2.0 Safari/534.34"
192.42.116.191 - - [06/May/2023:02:38:09 +0000] "GET /posts/pseudopost-8/pseudopost-8.html HTTP/1.1" 200 5927 "-" "Mozilla/5.0 (Windows; U; Windows NT 6.0; en-US) AppleWebKit/533.1 (KHTML like Gecko) Maxthon/3.0.8.2 Safari/533.1"
192.42.116.191 - - [06/May/2023:02:38:09 +0000] "GET /robots.txt HTTP/1.1" 404 153 "-" "Mozilla/5.0 (Windows; U; Windows NT 6.0; en-US) AppleWebKit/533.1 (KHTML like Gecko) Maxthon/3.0.8.2 Safari/533.1"
192.42.116.191 - - [06/May/2023:02:38:09 +0000] "GET /posts/pseudopost-8/images/luton.jpeg HTTP/1.1" 200 199250 "https://blog.pseudot.org/posts/pseudopost-8/pseudopost-8.html" "Mozilla/5.0 (Windows; U; Windows NT 6.0; en-US) AppleWebKit/533.1 (KHTML like Gecko) Maxthon/3.0.8.2 Safari/533.1"
192.42.116.191 - - [06/May/2023:02:38:10 +0000] "GET /posts/pseudopost-8/images/statue.jpeg HTTP/1.1" 200 516692 "https://blog.pseudot.org/posts/pseudopost-8/pseudopost-8.html" "Mozilla/5.0 (Windows; U; Windows NT 6.0; en-US) AppleWebKit/533.1 (KHTML like Gecko) Maxthon/3.0.8.2 Safari/533.1"
192.42.116.191 - - [06/May/2023:02:38:11 +0000] "GET /posts/pseudopost-8/images/metro.jpeg HTTP/1.1" 200 450701 "https://blog.pseudot.org/posts/pseudopost-8/pseudopost-8.html" "Mozilla/5.0 (Windows; U; Windows NT 6.0; en-US) AppleWebKit/533.1 (KHTML like Gecko) Maxthon/3.0.8.2 Safari/533.1"
192.42.116.191 - - [06/May/2023:02:38:12 +0000] "GET /posts/pseudopost-8/images/min.jpeg HTTP/1.1" 200 570961 "https://blog.pseudot.org/posts/pseudopost-8/pseudopost-8.html" "Mozilla/5.0 (Windows; U; Windows NT 6.0; en-US) AppleWebKit/533.1 (KHTML like Gecko) Maxthon/3.0.8.2 Safari/533.1"
192.42.116.191 - - [06/May/2023:02:38:12 +0000] "GET /posts/pseudopost-8/images/coloane.jpeg HTTP/1.1" 200 1191509 "https://blog.pseudot.org/posts/pseudopost-8/pseudopost-8.html" "Mozilla/5.0 (Windows; U; Windows NT 6.0; en-US) AppleWebKit/533.1 (KHTML like Gecko) Maxthon/3.0.8.2 Safari/533.1"
192.42.116.191 - - [06/May/2023:02:38:13 +0000] "GET /posts/pseudopost-8/images/trafalgar.jpeg HTTP/1.1" 200 385558 "https://blog.pseudot.org/posts/pseudopost-8/pseudopost-8.html" "Mozilla/5.0 (Windows; U; Windows NT 6.0; en-US) AppleWebKit/533.1 (KHTML like Gecko) Maxthon/3.0.8.2 Safari/533.1"
192.42.116.191 - - [06/May/2023:02:38:14 +0000] "GET /posts/pseudopost-8/images/bigben.jpeg HTTP/1.1" 200 364657 "https://blog.pseudot.org/posts/pseudopost-8/pseudopost-8.html" "Mozilla/5.0 (Windows; U; Windows NT 6.0; en-US) AppleWebKit/533.1 (KHTML like Gecko) Maxthon/3.0.8.2 Safari/533.1"
192.42.116.191 - - [06/May/2023:02:38:14 +0000] "GET /posts/pseudopost-8/images/nice.jpeg HTTP/1.1" 200 721752 "https://blog.pseudot.org/posts/pseudopost-8/pseudopost-8.html" "Mozilla/5.0 (Windows; U; Windows NT 6.0; en-US) AppleWebKit/533.1 (KHTML like Gecko) Maxthon/3.0.8.2 Safari/533.1"
192.42.116.191 - - [06/May/2023:02:38:15 +0000] "GET /posts/pseudopost-8/images/prop1.jpeg HTTP/1.1" 200 448019 "https://blog.pseudot.org/posts/pseudopost-8/pseudopost-8.html" "Mozilla/5.0 (Windows; U; Windows NT 6.0; en-US) AppleWebKit/533.1 (KHTML like Gecko) Maxthon/3.0.8.2 Safari/533.1"
185.220.100.251 - - [06/May/2023:02:38:17 +0000] "GET / HTTP/1.1" 200 3135 "-" "Mozilla/5.0 (X11; U; Linux ppc; en-US; rv:1.8.1.13) Gecko/20080313 Iceape/1.1.9 (Debian-1.1.9-5)"
185.220.100.251 - - [06/May/2023:02:38:17 +0000] "GET /robots.txt HTTP/1.1" 404 153 "-" "Mozilla/5.0 (X11; U; Linux ppc; en-US; rv:1.8.1.13) Gecko/20080313 Iceape/1.1.9 (Debian-1.1.9-5)"
185.220.100.251 - - [06/May/2023:02:38:17 +0000] "GET /style.css HTTP/1.1" 200 2670 "https://photos.pseudot.org/" "Mozilla/5.0 (X11; U; Linux ppc; en-US; rv:1.8.1.13) Gecko/20080313 Iceape/1.1.9 (Debian-1.1.9-5)"
192.42.116.191 - - [06/May/2023:02:38:17 +0000] "GET /posts/pseudopost-8/images/afis.jpeg HTTP/1.1" 200 259460 "https://blog.pseudot.org/posts/pseudopost-8/pseudopost-8.html" "Mozilla/5.0 (Windows; U; Windows NT 6.0; en-US) AppleWebKit/533.1 (KHTML like Gecko) Maxthon/3.0.8.2 Safari/533.1"
185.220.100.251 - - [06/May/2023:02:38:18 +0000] "GET /images/IMG_9355.JPG HTTP/1.1" 200 2332072 "https://photos.pseudot.org/" "Mozilla/5.0 (X11; U; Linux ppc; en-US; rv:1.8.1.13) Gecko/20080313 Iceape/1.1.9 (Debian-1.1.9-5)"
192.42.116.191 - - [06/May/2023:02:38:18 +0000] "GET /posts/pseudopost-8/images/chinezesc.jpeg HTTP/1.1" 200 518135 "https://blog.pseudot.org/posts/pseudopost-8/pseudopost-8.html" "Mozilla/5.0 (Windows; U; Windows NT 6.0; en-US) AppleWebKit/533.1 (KHTML like Gecko) Maxthon/3.0.8.2 Safari/533.1"
192.42.116.191 - - [06/May/2023:02:38:19 +0000] "GET /posts/pseudopost-8/images/1euro.jpeg HTTP/1.1" 200 331041 "https://blog.pseudot.org/posts/pseudopost-8/pseudopost-8.html" "Mozilla/5.0 (Windows; U; Windows NT 6.0; en-US) AppleWebKit/533.1 (KHTML like Gecko) Maxthon/3.0.8.2 Safari/533.1"
192.42.116.191 - - [06/May/2023:02:38:20 +0000] "GET /posts/pseudopost-8/images/music.gif HTTP/1.1" 200 18234 "https://blog.pseudot.org/posts/pseudopost-8/pseudopost-8.html" "Mozilla/5.0 (Windows; U; Windows NT 6.0; en-US) AppleWebKit/533.1 (KHTML like Gecko) Maxthon/3.0.8.2 Safari/533.1"
185.220.100.251 - - [06/May/2023:02:38:22 +0000] "GET /images/abandonata.jpg HTTP/1.1" 200 257006 "https://photos.pseudot.org/" "Mozilla/5.0 (X11; U; Linux ppc; en-US; rv:1.8.1.13) Gecko/20080313 Iceape/1.1.9 (Debian-1.1.9-5)"
185.220.100.251 - - [06/May/2023:02:38:22 +0000] "GET /images/blexer.jpg HTTP/1.1" 200 362036 "https://photos.pseudot.org/" "Mozilla/5.0 (X11; U; Linux ppc; en-US; rv:1.8.1.13) Gecko/20080313 Iceape/1.1.9 (Debian-1.1.9-5)"
185.220.100.251 - - [06/May/2023:02:38:23 +0000] "GET /images/store.jpg HTTP/1.1" 200 328822 "https://photos.pseudot.org/" "Mozilla/5.0 (X11; U; Linux ppc; en-US; rv:1.8.1.13) Gecko/20080313 Iceape/1.1.9 (Debian-1.1.9-5)"
185.220.100.251 - - [06/May/2023:02:38:25 +0000] "GET /images/didntknewthis.jpg HTTP/1.1" 200 115902 "https://photos.pseudot.org/" "Mozilla/5.0 (X11; U; Linux ppc; en-US; rv:1.8.1.13) Gecko/20080313 Iceape/1.1.9 (Debian-1.1.9-5)"
185.220.100.251 - - [06/May/2023:02:38:26 +0000] "GET /images/flatterre.jpg HTTP/1.1" 200 204219 "https://photos.pseudot.org/" "Mozilla/5.0 (X11; U; Linux ppc; en-US; rv:1.8.1.13) Gecko/20080313 Iceape/1.1.9 (Debian-1.1.9-5)"
185.220.100.251 - - [06/May/2023:02:38:26 +0000] "GET /images/mareamoldovei.jpg HTTP/1.1" 200 183552 "https://photos.pseudot.org/" "Mozilla/5.0 (X11; U; Linux ppc; en-US; rv:1.8.1.13) Gecko/20080313 Iceape/1.1.9 (Debian-1.1.9-5)"
185.220.100.251 - - [06/May/2023:02:38:27 +0000] "GET /images/sotm.jpg HTTP/1.1" 200 243692 "https://photos.pseudot.org/" "Mozilla/5.0 (X11; U; Linux ppc; en-US; rv:1.8.1.13) Gecko/20080313 Iceape/1.1.9 (Debian-1.1.9-5)"
185.220.100.251 - - [06/May/2023:02:38:27 +0000] "GET /images/pacu.jpg HTTP/1.1" 200 245892 "https://photos.pseudot.org/" "Mozilla/5.0 (X11; U; Linux ppc; en-US; rv:1.8.1.13) Gecko/20080313 Iceape/1.1.9 (Debian-1.1.9-5)"
185.220.100.251 - - [06/May/2023:02:38:28 +0000] "GET /images/patrie.jpg HTTP/1.1" 200 215835 "https://photos.pseudot.org/" "Mozilla/5.0 (X11; U; Linux ppc; en-US; rv:1.8.1.13) Gecko/20080313 Iceape/1.1.9 (Debian-1.1.9-5)"
185.220.100.251 - - [06/May/2023:02:38:28 +0000] "GET /images/schanuzers.jpg HTTP/1.1" 200 371291 "https://photos.pseudot.org/" "Mozilla/5.0 (X11; U; Linux ppc; en-US; rv:1.8.1.13) Gecko/20080313 Iceape/1.1.9 (Debian-1.1.9-5)"
185.220.100.251 - - [06/May/2023:02:38:29 +0000] "GET /scripts/zooming.min.js HTTP/1.1" 200 10728 "https://photos.pseudot.org/" "Mozilla/5.0 (X11; U; Linux ppc; en-US; rv:1.8.1.13) Gecko/20080313 Iceape/1.1.9 (Debian-1.1.9-5)"
2.58.56.114 - - [06/May/2023:02:38:47 +0000] "GET /posts/pseudopost-5/pseudopost-5.html HTTP/1.1" 200 4794 "-" "Mozilla/5.0 (X11; Linux x86_64; en-US; rv:2.0b2pre) Gecko/20100712 Minefield/4.0b2pre"
2.58.56.114 - - [06/May/2023:02:38:47 +0000] "GET /robots.txt HTTP/1.1" 404 153 "-" "Mozilla/5.0 (X11; Linux x86_64; en-US; rv:2.0b2pre) Gecko/20100712 Minefield/4.0b2pre"
2.58.56.114 - - [06/May/2023:02:38:47 +0000] "GET /posts/pseudopost-5/images/bataille.jpg HTTP/1.1" 200 471340 "https://blog.pseudot.org/posts/pseudopost-5/pseudopost-5.html" "Mozilla/5.0 (X11; Linux x86_64; en-US; rv:2.0b2pre) Gecko/20100712 Minefield/4.0b2pre"
2.58.56.114 - - [06/May/2023:02:38:48 +0000] "GET /posts/pseudopost-5/images/sus.jpg HTTP/1.1" 200 570649 "https://blog.pseudot.org/posts/pseudopost-5/pseudopost-5.html" "Mozilla/5.0 (X11; Linux x86_64; en-US; rv:2.0b2pre) Gecko/20100712 Minefield/4.0b2pre"
2.58.56.114 - - [06/May/2023:02:38:49 +0000] "GET /posts/pseudopost-5/images/skhoala.jpeg HTTP/1.1" 200 485666 "https://blog.pseudot.org/posts/pseudopost-5/pseudopost-5.html" "Mozilla/5.0 (X11; Linux x86_64; en-US; rv:2.0b2pre) Gecko/20100712 Minefield/4.0b2pre"
2.58.56.114 - - [06/May/2023:02:38:50 +0000] "GET /posts/pseudopost-5/images/sus2.jpeg HTTP/1.1" 200 592926 "https://blog.pseudot.org/posts/pseudopost-5/pseudopost-5.html" "Mozilla/5.0 (X11; Linux x86_64; en-US; rv:2.0b2pre) Gecko/20100712 Minefield/4.0b2pre"
2.58.56.114 - - [06/May/2023:02:38:50 +0000] "GET /posts/pseudopost-5/images/music.gif HTTP/1.1" 200 9305 "https://blog.pseudot.org/posts/pseudopost-5/pseudopost-5.html" "Mozilla/5.0 (X11; Linux x86_64; en-US; rv:2.0b2pre) Gecko/20100712 Minefield/4.0b2pre"
185.220.103.119 - - [06/May/2023:02:40:13 +0000] "GET /posts/pseudopost-5/pseudopost-5.html HTTP/1.1" 200 4794 "-" "Mozilla/5.0 (X11; U; FreeBSD amd64; en-us) AppleWebKit/531.2  (KHTML like Gecko) Safari/531.2  Epiphany/2.30.0"
185.220.103.119 - - [06/May/2023:02:40:14 +0000] "GET /robots.txt HTTP/1.1" 404 153 "-" "Mozilla/5.0 (X11; U; FreeBSD amd64; en-us) AppleWebKit/531.2  (KHTML like Gecko) Safari/531.2  Epiphany/2.30.0"
185.220.103.119 - - [06/May/2023:02:40:14 +0000] "GET /posts/pseudopost-5/images/bataille.jpg HTTP/1.1" 200 471340 "https://blog.pseudot.org/posts/pseudopost-5/pseudopost-5.html" "Mozilla/5.0 (X11; U; FreeBSD amd64; en-us) AppleWebKit/531.2  (KHTML like Gecko) Safari/531.2  Epiphany/2.30.0"
185.220.103.119 - - [06/May/2023:02:40:15 +0000] "GET /posts/pseudopost-5/images/sus.jpg HTTP/1.1" 200 570649 "https://blog.pseudot.org/posts/pseudopost-5/pseudopost-5.html" "Mozilla/5.0 (X11; U; FreeBSD amd64; en-us) AppleWebKit/531.2  (KHTML like Gecko) Safari/531.2  Epiphany/2.30.0"
185.220.103.119 - - [06/May/2023:02:40:16 +0000] "GET /posts/pseudopost-5/images/skhoala.jpeg HTTP/1.1" 200 485666 "https://blog.pseudot.org/posts/pseudopost-5/pseudopost-5.html" "Mozilla/5.0 (X11; U; FreeBSD amd64; en-us) AppleWebKit/531.2  (KHTML like Gecko) Safari/531.2  Epiphany/2.30.0"
185.220.103.119 - - [06/May/2023:02:40:16 +0000] "GET /posts/pseudopost-5/images/sus2.jpeg HTTP/1.1" 200 592926 "https://blog.pseudot.org/posts/pseudopost-5/pseudopost-5.html" "Mozilla/5.0 (X11; U; FreeBSD amd64; en-us) AppleWebKit/531.2  (KHTML like Gecko) Safari/531.2  Epiphany/2.30.0"
185.220.103.119 - - [06/May/2023:02:40:17 +0000] "GET /posts/pseudopost-5/images/music.gif HTTP/1.1" 200 9305 "https://blog.pseudot.org/posts/pseudopost-5/pseudopost-5.html" "Mozilla/5.0 (X11; U; FreeBSD amd64; en-us) AppleWebKit/531.2  (KHTML like Gecko) Safari/531.2  Epiphany/2.30.0"
198.235.24.55 - - [06/May/2023:02:41:09 +0000] "GET / HTTP/1.1" 200 5190 "-" "Expanse, a Palo Alto Networks company, searches across the global IPv4 space multiple times per day to identify customers&#39; presences on the Internet. If you would like to be excluded from our scans, please send IP addresses/domains to: scaninfo@paloaltonetworks.com"
2.58.56.114 - - [06/May/2023:02:41:12 +0000] "GET /posts/exerci%C8%9Biu-de-scriere-0/exerci%C8%9Biu-de-scriere-0.html HTTP/1.1" 200 3557 "-" "Mozilla/5.0 (Windows; U; Windows NT 5.1; en-US; rv:1.9.0.10) Gecko/2009042316 Firefox/3.0.10"
185.220.102.242 - - [06/May/2023:02:41:16 +0000] "GET /posts/botosani/botosani.html HTTP/1.1" 200 4399 "-" "Mozilla/5.0 (X11; Linux i686; rv:10.0.1) Gecko/20100101 Firefox/10.0.1 SeaMonkey/2.7.1"
185.220.102.242 - - [06/May/2023:02:41:16 +0000] "GET /robots.txt HTTP/1.1" 404 153 "-" "Mozilla/5.0 (X11; Linux i686; rv:10.0.1) Gecko/20100101 Firefox/10.0.1 SeaMonkey/2.7.1"
185.220.102.242 - - [06/May/2023:02:41:16 +0000] "GET /posts/botosani/style.css HTTP/1.1" 200 1832 "https://blog.pseudot.org/posts/botosani/botosani.html" "Mozilla/5.0 (X11; Linux i686; rv:10.0.1) Gecko/20100101 Firefox/10.0.1 SeaMonkey/2.7.1"
185.220.102.242 - - [06/May/2023:02:41:16 +0000] "GET /posts/botosani/posts%20materials/botosani/start.jpg HTTP/1.1" 200 388026 "https://blog.pseudot.org/posts/botosani/botosani.html" "Mozilla/5.0 (X11; Linux i686; rv:10.0.1) Gecko/20100101 Firefox/10.0.1 SeaMonkey/2.7.1"
2.58.56.114 - - [06/May/2023:02:41:17 +0000] "GET /posts/botosani/botosani.html HTTP/1.1" 200 4399 "-" "Mozilla/5.0 (X11; U; Linux i686; en-us) AppleWebKit/528.5  (KHTML like Gecko Safari/528.5 ) lt-GtkLauncher"
2.58.56.114 - - [06/May/2023:02:41:17 +0000] "GET /robots.txt HTTP/1.1" 404 153 "-" "Mozilla/5.0 (X11; U; Linux i686; en-us) AppleWebKit/528.5  (KHTML like Gecko Safari/528.5 ) lt-GtkLauncher"
185.220.102.242 - - [06/May/2023:02:41:17 +0000] "GET /posts/botosani/posts%20materials/botosani/hermes.jpg HTTP/1.1" 200 683707 "https://blog.pseudot.org/posts/botosani/botosani.html" "Mozilla/5.0 (X11; Linux i686; rv:10.0.1) Gecko/20100101 Firefox/10.0.1 SeaMonkey/2.7.1"
2.58.56.114 - - [06/May/2023:02:41:17 +0000] "GET /posts/botosani/style.css HTTP/1.1" 200 1832 "https://blog.pseudot.org/posts/botosani/botosani.html" "Mozilla/5.0 (X11; U; Linux i686; en-us) AppleWebKit/528.5  (KHTML like Gecko Safari/528.5 ) lt-GtkLauncher"
2.58.56.114 - - [06/May/2023:02:41:17 +0000] "GET /posts/botosani/posts%20materials/botosani/start.jpg HTTP/1.1" 200 388026 "https://blog.pseudot.org/posts/botosani/botosani.html" "Mozilla/5.0 (X11; U; Linux i686; en-us) AppleWebKit/528.5  (KHTML like Gecko Safari/528.5 ) lt-GtkLauncher"
185.220.102.242 - - [06/May/2023:02:41:17 +0000] "GET /posts/botosani/posts%20materials/botosani/coltcool.jpg HTTP/1.1" 200 523150 "https://blog.pseudot.org/posts/botosani/botosani.html" "Mozilla/5.0 (X11; Linux i686; rv:10.0.1) Gecko/20100101 Firefox/10.0.1 SeaMonkey/2.7.1"
2.58.56.114 - - [06/May/2023:02:41:17 +0000] "GET /posts/botosani/posts%20materials/botosani/hermes.jpg HTTP/1.1" 200 683707 "https://blog.pseudot.org/posts/botosani/botosani.html" "Mozilla/5.0 (X11; U; Linux i686; en-us) AppleWebKit/528.5  (KHTML like Gecko Safari/528.5 ) lt-GtkLauncher"
185.220.102.242 - - [06/May/2023:02:41:18 +0000] "GET /posts/botosani/posts%20materials/botosani/coolhouses.jpg HTTP/1.1" 200 709638 "https://blog.pseudot.org/posts/botosani/botosani.html" "Mozilla/5.0 (X11; Linux i686; rv:10.0.1) Gecko/20100101 Firefox/10.0.1 SeaMonkey/2.7.1"
2.58.56.114 - - [06/May/2023:02:41:18 +0000] "GET /posts/botosani/posts%20materials/botosani/coltcool.jpg HTTP/1.1" 200 523150 "https://blog.pseudot.org/posts/botosani/botosani.html" "Mozilla/5.0 (X11; U; Linux i686; en-us) AppleWebKit/528.5  (KHTML like Gecko Safari/528.5 ) lt-GtkLauncher"
185.220.102.242 - - [06/May/2023:02:41:18 +0000] "GET /posts/botosani/posts%20materials/botosani/lagrandplace.jpg HTTP/1.1" 200 664188 "https://blog.pseudot.org/posts/botosani/botosani.html" "Mozilla/5.0 (X11; Linux i686; rv:10.0.1) Gecko/20100101 Firefox/10.0.1 SeaMonkey/2.7.1"
2.58.56.114 - - [06/May/2023:02:41:18 +0000] "GET /posts/botosani/posts%20materials/botosani/coolhouses.jpg HTTP/1.1" 200 709638 "https://blog.pseudot.org/posts/botosani/botosani.html" "Mozilla/5.0 (X11; U; Linux i686; en-us) AppleWebKit/528.5  (KHTML like Gecko Safari/528.5 ) lt-GtkLauncher"
185.220.102.242 - - [06/May/2023:02:41:18 +0000] "GET /posts/botosani/posts%20materials/botosani/vieuxcote.jpg HTTP/1.1" 200 571850 "https://blog.pseudot.org/posts/botosani/botosani.html" "Mozilla/5.0 (X11; Linux i686; rv:10.0.1) Gecko/20100101 Firefox/10.0.1 SeaMonkey/2.7.1"
2.58.56.114 - - [06/May/2023:02:41:19 +0000] "GET /posts/botosani/posts%20materials/botosani/lagrandplace.jpg HTTP/1.1" 200 664188 "https://blog.pseudot.org/posts/botosani/botosani.html" "Mozilla/5.0 (X11; U; Linux i686; en-us) AppleWebKit/528.5  (KHTML like Gecko Safari/528.5 ) lt-GtkLauncher"
2.58.56.114 - - [06/May/2023:02:41:19 +0000] "GET /posts/botosani/posts%20materials/botosani/vieuxcote.jpg HTTP/1.1" 200 571850 "https://blog.pseudot.org/posts/botosani/botosani.html" "Mozilla/5.0 (X11; U; Linux i686; en-us) AppleWebKit/528.5  (KHTML like Gecko Safari/528.5 ) lt-GtkLauncher"
2.58.56.114 - - [06/May/2023:02:41:19 +0000] "GET /posts/botosani/posts%20materials/botosani/domnul%20eminescu.jpg HTTP/1.1" 200 322907 "https://blog.pseudot.org/posts/botosani/botosani.html" "Mozilla/5.0 (X11; U; Linux i686; en-us) AppleWebKit/528.5  (KHTML like Gecko Safari/528.5 ) lt-GtkLauncher"
2.58.56.114 - - [06/May/2023:02:41:20 +0000] "GET /posts/botosani/posts%20materials/botosani/primarie.jpg HTTP/1.1" 200 553434 "https://blog.pseudot.org/posts/botosani/botosani.html" "Mozilla/5.0 (X11; U; Linux i686; en-us) AppleWebKit/528.5  (KHTML like Gecko Safari/528.5 ) lt-GtkLauncher"
185.220.102.242 - - [06/May/2023:02:41:20 +0000] "GET /posts/botosani/posts%20materials/botosani/domnul%20eminescu.jpg HTTP/1.1" 200 322907 "https://blog.pseudot.org/posts/botosani/botosani.html" "Mozilla/5.0 (X11; Linux i686; rv:10.0.1) Gecko/20100101 Firefox/10.0.1 SeaMonkey/2.7.1"
2.58.56.114 - - [06/May/2023:02:41:20 +0000] "GET /posts/botosani/posts%20materials/botosani/grandcec.jpg HTTP/1.1" 200 654008 "https://blog.pseudot.org/posts/botosani/botosani.html" "Mozilla/5.0 (X11; U; Linux i686; en-us) AppleWebKit/528.5  (KHTML like Gecko Safari/528.5 ) lt-GtkLauncher"
185.220.102.242 - - [06/May/2023:02:41:20 +0000] "GET /posts/botosani/posts%20materials/botosani/primarie.jpg HTTP/1.1" 200 553434 "https://blog.pseudot.org/posts/botosani/botosani.html" "Mozilla/5.0 (X11; Linux i686; rv:10.0.1) Gecko/20100101 Firefox/10.0.1 SeaMonkey/2.7.1"
2.58.56.114 - - [06/May/2023:02:41:20 +0000] "GET /posts/botosani/posts%20materials/botosani/grandcommunist.jpg HTTP/1.1" 200 441678 "https://blog.pseudot.org/posts/botosani/botosani.html" "Mozilla/5.0 (X11; U; Linux i686; en-us) AppleWebKit/528.5  (KHTML like Gecko Safari/528.5 ) lt-GtkLauncher"
185.220.102.242 - - [06/May/2023:02:41:21 +0000] "GET /posts/botosani/posts%20materials/botosani/grandcec.jpg HTTP/1.1" 200 654008 "https://blog.pseudot.org/posts/botosani/botosani.html" "Mozilla/5.0 (X11; Linux i686; rv:10.0.1) Gecko/20100101 Firefox/10.0.1 SeaMonkey/2.7.1"
2.58.56.114 - - [06/May/2023:02:41:21 +0000] "GET /posts/botosani/posts%20materials/botosani/vasescu.jpg HTTP/1.1" 200 650408 "https://blog.pseudot.org/posts/botosani/botosani.html" "Mozilla/5.0 (X11; U; Linux i686; en-us) AppleWebKit/528.5  (KHTML like Gecko Safari/528.5 ) lt-GtkLauncher"
185.220.102.242 - - [06/May/2023:02:41:21 +0000] "GET /posts/botosani/posts%20materials/botosani/grandcommunist.jpg HTTP/1.1" 200 441678 "https://blog.pseudot.org/posts/botosani/botosani.html" "Mozilla/5.0 (X11; Linux i686; rv:10.0.1) Gecko/20100101 Firefox/10.0.1 SeaMonkey/2.7.1"
2.58.56.114 - - [06/May/2023:02:41:21 +0000] "GET /posts/botosani/posts%20materials/botosani/museum.jpg HTTP/1.1" 200 664587 "https://blog.pseudot.org/posts/botosani/botosani.html" "Mozilla/5.0 (X11; U; Linux i686; en-us) AppleWebKit/528.5  (KHTML like Gecko Safari/528.5 ) lt-GtkLauncher"
185.220.102.242 - - [06/May/2023:02:41:22 +0000] "GET /posts/botosani/posts%20materials/botosani/vasescu.jpg HTTP/1.1" 200 650408 "https://blog.pseudot.org/posts/botosani/botosani.html" "Mozilla/5.0 (X11; Linux i686; rv:10.0.1) Gecko/20100101 Firefox/10.0.1 SeaMonkey/2.7.1"
2.58.56.114 - - [06/May/2023:02:41:22 +0000] "GET /posts/botosani/posts%20materials/botosani/grandmaison.jpg HTTP/1.1" 200 730793 "https://blog.pseudot.org/posts/botosani/botosani.html" "Mozilla/5.0 (X11; U; Linux i686; en-us) AppleWebKit/528.5  (KHTML like Gecko Safari/528.5 ) lt-GtkLauncher"
185.220.102.242 - - [06/May/2023:02:41:22 +0000] "GET /posts/botosani/posts%20materials/botosani/museum.jpg HTTP/1.1" 200 664587 "https://blog.pseudot.org/posts/botosani/botosani.html" "Mozilla/5.0 (X11; Linux i686; rv:10.0.1) Gecko/20100101 Firefox/10.0.1 SeaMonkey/2.7.1"
2.58.56.114 - - [06/May/2023:02:41:22 +0000] "GET /posts/botosani/posts%20materials/botosani/ipotesti.jpg HTTP/1.1" 200 925405 "https://blog.pseudot.org/posts/botosani/botosani.html" "Mozilla/5.0 (X11; U; Linux i686; en-us) AppleWebKit/528.5  (KHTML like Gecko Safari/528.5 ) lt-GtkLauncher"
185.220.102.242 - - [06/May/2023:02:41:22 +0000] "GET /posts/botosani/posts%20materials/botosani/grandmaison.jpg HTTP/1.1" 200 730793 "https://blog.pseudot.org/posts/botosani/botosani.html" "Mozilla/5.0 (X11; Linux i686; rv:10.0.1) Gecko/20100101 Firefox/10.0.1 SeaMonkey/2.7.1"
185.220.102.242 - - [06/May/2023:02:41:23 +0000] "GET /posts/botosani/posts%20materials/botosani/ipotesti.jpg HTTP/1.1" 200 925405 "https://blog.pseudot.org/posts/botosani/botosani.html" "Mozilla/5.0 (X11; Linux i686; rv:10.0.1) Gecko/20100101 Firefox/10.0.1 SeaMonkey/2.7.1"
162.247.74.213 - - [06/May/2023:02:42:17 +0000] "GET /posts/pseudopost-3/pseudopost-3.html HTTP/1.1" 200 4887 "-" "Mozilla/5.0 (X11; U; Linux x86_64; sv-SE; rv:1.8.1.12) Gecko/20080207 Ubuntu/7.10 (gutsy) Firefox/2.0.0.12"
162.247.74.213 - - [06/May/2023:02:42:18 +0000] "GET /robots.txt HTTP/1.1" 404 153 "-" "Mozilla/5.0 (X11; U; Linux x86_64; sv-SE; rv:1.8.1.12) Gecko/20080207 Ubuntu/7.10 (gutsy) Firefox/2.0.0.12"
162.247.74.213 - - [06/May/2023:02:42:18 +0000] "GET /posts/pseudopost-3/images/music.gif HTTP/1.1" 200 18234 "https://blog.pseudot.org/posts/pseudopost-3/pseudopost-3.html" "Mozilla/5.0 (X11; U; Linux x86_64; sv-SE; rv:1.8.1.12) Gecko/20080207 Ubuntu/7.10 (gutsy) Firefox/2.0.0.12"
185.129.61.9 - - [06/May/2023:02:42:49 +0000] "GET / HTTP/1.1" 200 2310 "-" "Mozilla/5.0 (Windows NT 6.0) AppleWebKit/535.2 (KHTML like Gecko) Chrome/15.0.874.120 Safari/535.2"
185.129.61.9 - - [06/May/2023:02:42:49 +0000] "GET /robots.txt HTTP/1.1" 404 555 "-" "Mozilla/5.0 (Windows NT 6.0) AppleWebKit/535.2 (KHTML like Gecko) Chrome/15.0.874.120 Safari/535.2"
185.129.61.9 - - [06/May/2023:02:42:49 +0000] "GET /style.css HTTP/1.1" 200 1653 "https://programming.pseudot.org/" "Mozilla/5.0 (Windows NT 6.0) AppleWebKit/535.2 (KHTML like Gecko) Chrome/15.0.874.120 Safari/535.2"
185.129.61.10 - - [06/May/2023:02:43:45 +0000] "GET /posts/rebonjour/rebonjour.html HTTP/1.1" 200 3930 "-" "Mozilla/5.0 (X11; U; Linux x86_64; en-US) AppleWebKit/532.9 (KHTML like Gecko) Chrome/5.0.309.0 Safari/532.9"
185.220.100.252 - - [06/May/2023:02:44:07 +0000] "GET /posts/pseudopost-5/pseudopost-5.html HTTP/1.1" 200 4794 "-" "Mozilla/5.0 (Windows NT 6.1; rv:2.0.1) Gecko/20100101 Firefox/4.0.1 Mozilla/5.0 (Windows NT 6.1; Win64; x64; rv:2.0.1) Gecko/20100101 Firefox/4.0.1"
185.220.100.252 - - [06/May/2023:02:44:08 +0000] "GET /robots.txt HTTP/1.1" 404 153 "-" "Mozilla/5.0 (Windows NT 6.1; rv:2.0.1) Gecko/20100101 Firefox/4.0.1 Mozilla/5.0 (Windows NT 6.1; Win64; x64; rv:2.0.1) Gecko/20100101 Firefox/4.0.1"
185.220.100.252 - - [06/May/2023:02:44:08 +0000] "GET /posts/pseudopost-5/images/bataille.jpg HTTP/1.1" 200 471340 "https://blog.pseudot.org/posts/pseudopost-5/pseudopost-5.html" "Mozilla/5.0 (Windows NT 6.1; rv:2.0.1) Gecko/20100101 Firefox/4.0.1 Mozilla/5.0 (Windows NT 6.1; Win64; x64; rv:2.0.1) Gecko/20100101 Firefox/4.0.1"
185.220.100.252 - - [06/May/2023:02:44:10 +0000] "GET /posts/pseudopost-5/images/sus.jpg HTTP/1.1" 200 570649 "https://blog.pseudot.org/posts/pseudopost-5/pseudopost-5.html" "Mozilla/5.0 (Windows NT 6.1; rv:2.0.1) Gecko/20100101 Firefox/4.0.1 Mozilla/5.0 (Windows NT 6.1; Win64; x64; rv:2.0.1) Gecko/20100101 Firefox/4.0.1"
185.220.100.252 - - [06/May/2023:02:44:12 +0000] "GET /posts/pseudopost-5/images/skhoala.jpeg HTTP/1.1" 200 485666 "https://blog.pseudot.org/posts/pseudopost-5/pseudopost-5.html" "Mozilla/5.0 (Windows NT 6.1; rv:2.0.1) Gecko/20100101 Firefox/4.0.1 Mozilla/5.0 (Windows NT 6.1; Win64; x64; rv:2.0.1) Gecko/20100101 Firefox/4.0.1"
185.220.100.252 - - [06/May/2023:02:44:14 +0000] "GET /posts/pseudopost-5/images/sus2.jpeg HTTP/1.1" 200 592926 "https://blog.pseudot.org/posts/pseudopost-5/pseudopost-5.html" "Mozilla/5.0 (Windows NT 6.1; rv:2.0.1) Gecko/20100101 Firefox/4.0.1 Mozilla/5.0 (Windows NT 6.1; Win64; x64; rv:2.0.1) Gecko/20100101 Firefox/4.0.1"
185.220.100.252 - - [06/May/2023:02:44:16 +0000] "GET /posts/pseudopost-5/images/music.gif HTTP/1.1" 200 9305 "https://blog.pseudot.org/posts/pseudopost-5/pseudopost-5.html" "Mozilla/5.0 (Windows NT 6.1; rv:2.0.1) Gecko/20100101 Firefox/4.0.1 Mozilla/5.0 (Windows NT 6.1; Win64; x64; rv:2.0.1) Gecko/20100101 Firefox/4.0.1"
94.75.225.70 - - [06/May/2023:02:44:53 +0000] "GET /posts/pseudopost-2/pseudopost-2.html HTTP/1.1" 200 4512 "-" "Mozilla/5.0 (X11; U; Linux i686; en-US; rv:1.9a3pre) Gecko/20070330"
94.75.225.70 - - [06/May/2023:02:44:54 +0000] "GET /robots.txt HTTP/1.1" 404 153 "-" "Mozilla/5.0 (X11; U; Linux i686; en-US; rv:1.9a3pre) Gecko/20070330"
94.75.225.70 - - [06/May/2023:02:44:54 +0000] "GET /posts/pseudopost-2/images/ro.gif HTTP/1.1" 200 5273 "https://blog.pseudot.org/posts/pseudopost-2/pseudopost-2.html" "Mozilla/5.0 (X11; U; Linux i686; en-US; rv:1.9a3pre) Gecko/20070330"
94.75.225.70 - - [06/May/2023:02:44:55 +0000] "GET /posts/pseudopost-2/images/iasi.jpg HTTP/1.1" 200 370381 "https://blog.pseudot.org/posts/pseudopost-2/pseudopost-2.html" "Mozilla/5.0 (X11; U; Linux i686; en-US; rv:1.9a3pre) Gecko/20070330"
94.75.225.70 - - [06/May/2023:02:44:58 +0000] "GET /posts/pseudopost-2/images/leda.jpg HTTP/1.1" 200 155922 "https://blog.pseudot.org/posts/pseudopost-2/pseudopost-2.html" "Mozilla/5.0 (X11; U; Linux i686; en-US; rv:1.9a3pre) Gecko/20070330"
94.75.225.70 - - [06/May/2023:02:44:59 +0000] "GET /posts/pseudopost-2/images/music.gif HTTP/1.1" 200 9305 "https://blog.pseudot.org/posts/pseudopost-2/pseudopost-2.html" "Mozilla/5.0 (X11; U; Linux i686; en-US; rv:1.9a3pre) Gecko/20070330"
94.75.225.70 - - [06/May/2023:02:46:42 +0000] "GET /posts/pseudopost-5/pseudopost-5.html HTTP/1.1" 200 4794 "-" "Mozilla/5.0 (X11; Linux i686; rv:6.0a2) Gecko/20110615 Firefox/6.0a2 Iceweasel/6.0a2"
94.75.225.70 - - [06/May/2023:02:46:43 +0000] "GET /robots.txt HTTP/1.1" 404 153 "-" "Mozilla/5.0 (X11; Linux i686; rv:6.0a2) Gecko/20110615 Firefox/6.0a2 Iceweasel/6.0a2"
94.75.225.70 - - [06/May/2023:02:46:43 +0000] "GET /posts/pseudopost-5/images/bataille.jpg HTTP/1.1" 200 471340 "https://blog.pseudot.org/posts/pseudopost-5/pseudopost-5.html" "Mozilla/5.0 (X11; Linux i686; rv:6.0a2) Gecko/20110615 Firefox/6.0a2 Iceweasel/6.0a2"
94.75.225.70 - - [06/May/2023:02:46:45 +0000] "GET /posts/pseudopost-5/images/sus.jpg HTTP/1.1" 200 570649 "https://blog.pseudot.org/posts/pseudopost-5/pseudopost-5.html" "Mozilla/5.0 (X11; Linux i686; rv:6.0a2) Gecko/20110615 Firefox/6.0a2 Iceweasel/6.0a2"
94.75.225.70 - - [06/May/2023:02:46:47 +0000] "GET /posts/pseudopost-5/images/skhoala.jpeg HTTP/1.1" 200 485666 "https://blog.pseudot.org/posts/pseudopost-5/pseudopost-5.html" "Mozilla/5.0 (X11; Linux i686; rv:6.0a2) Gecko/20110615 Firefox/6.0a2 Iceweasel/6.0a2"
205.210.31.145 - - [06/May/2023:02:46:53 +0000] "GET / HTTP/1.1" 200 2522 "-" "Expanse, a Palo Alto Networks company, searches across the global IPv4 space multiple times per day to identify customers&#39; presences on the Internet. If you would like to be excluded from our scans, please send IP addresses/domains to: scaninfo@paloaltonetworks.com"
94.75.225.70 - - [06/May/2023:02:46:53 +0000] "GET /posts/pseudopost-5/images/sus2.jpeg HTTP/1.1" 200 592926 "https://blog.pseudot.org/posts/pseudopost-5/pseudopost-5.html" "Mozilla/5.0 (X11; Linux i686; rv:6.0a2) Gecko/20110615 Firefox/6.0a2 Iceweasel/6.0a2"
94.75.225.70 - - [06/May/2023:02:46:55 +0000] "GET /posts/pseudopost-5/images/music.gif HTTP/1.1" 200 9305 "https://blog.pseudot.org/posts/pseudopost-5/pseudopost-5.html" "Mozilla/5.0 (X11; Linux i686; rv:6.0a2) Gecko/20110615 Firefox/6.0a2 Iceweasel/6.0a2"
38.97.116.244 - - [06/May/2023:02:47:11 +0000] "GET / HTTP/1.1" 200 4567 "-" "Mozilla/5.0 (X11; Linux i686) AppleWebKit/534.34 (KHTML like Gecko) QupZilla/1.2.0 Safari/534.34"
38.97.116.244 - - [06/May/2023:02:47:11 +0000] "GET /robots.txt HTTP/1.1" 404 153 "-" "Mozilla/5.0 (X11; Linux i686) AppleWebKit/534.34 (KHTML like Gecko) QupZilla/1.2.0 Safari/534.34"
38.97.116.244 - - [06/May/2023:02:47:12 +0000] "GET /style.css HTTP/1.1" 200 1651 "https://music.pseudot.org/" "Mozilla/5.0 (X11; Linux i686) AppleWebKit/534.34 (KHTML like Gecko) QupZilla/1.2.0 Safari/534.34"
109.70.100.68 - - [06/May/2023:02:47:26 +0000] "GET /posts/pseudopost-5/pseudopost-5.html HTTP/1.1" 200 4794 "-" "Mozilla/5.0 (X11; Linux i686; rv:6.0a2) Gecko/20110615 Firefox/6.0a2 Iceweasel/6.0a2"
109.70.100.68 - - [06/May/2023:02:47:27 +0000] "GET /robots.txt HTTP/1.1" 404 153 "-" "Mozilla/5.0 (X11; Linux i686; rv:6.0a2) Gecko/20110615 Firefox/6.0a2 Iceweasel/6.0a2"
109.70.100.68 - - [06/May/2023:02:47:27 +0000] "GET /posts/pseudopost-5/images/bataille.jpg HTTP/1.1" 200 471340 "https://blog.pseudot.org/posts/pseudopost-5/pseudopost-5.html" "Mozilla/5.0 (X11; Linux i686; rv:6.0a2) Gecko/20110615 Firefox/6.0a2 Iceweasel/6.0a2"
109.70.100.68 - - [06/May/2023:02:47:29 +0000] "GET /posts/pseudopost-5/images/sus.jpg HTTP/1.1" 200 570649 "https://blog.pseudot.org/posts/pseudopost-5/pseudopost-5.html" "Mozilla/5.0 (X11; Linux i686; rv:6.0a2) Gecko/20110615 Firefox/6.0a2 Iceweasel/6.0a2"
109.70.100.68 - - [06/May/2023:02:47:30 +0000] "GET /posts/pseudopost-5/images/skhoala.jpeg HTTP/1.1" 200 485666 "https://blog.pseudot.org/posts/pseudopost-5/pseudopost-5.html" "Mozilla/5.0 (X11; Linux i686; rv:6.0a2) Gecko/20110615 Firefox/6.0a2 Iceweasel/6.0a2"
109.70.100.68 - - [06/May/2023:02:47:31 +0000] "GET /posts/pseudopost-5/images/sus2.jpeg HTTP/1.1" 200 592926 "https://blog.pseudot.org/posts/pseudopost-5/pseudopost-5.html" "Mozilla/5.0 (X11; Linux i686; rv:6.0a2) Gecko/20110615 Firefox/6.0a2 Iceweasel/6.0a2"
109.70.100.68 - - [06/May/2023:02:47:33 +0000] "GET /posts/pseudopost-5/images/music.gif HTTP/1.1" 200 9305 "https://blog.pseudot.org/posts/pseudopost-5/pseudopost-5.html" "Mozilla/5.0 (X11; Linux i686; rv:6.0a2) Gecko/20110615 Firefox/6.0a2 Iceweasel/6.0a2"
109.70.100.68 - - [06/May/2023:02:48:01 +0000] "GET /posts/rebonjour/rebonjour.html HTTP/1.1" 200 3930 "-" "Mozilla/5.0 (Windows; U; Windows NT 6.1; en-US) AppleWebKit/534.14 (KHTML like Gecko) Chrome/10.0.601.0 Safari/534.14"
185.220.101.81 - - [06/May/2023:02:48:24 +0000] "GET /posts/pseudopost-1/pseudopost-1.html HTTP/1.1" 200 5442 "-" "Mozilla/5.0 (X11; U; Linux x86_64; en-US) AppleWebKit/540.0 (KHTML like Gecko) Ubuntu/10.10 Chrome/9.1.0.0 Safari/540.0"
185.220.101.81 - - [06/May/2023:02:48:25 +0000] "GET /robots.txt HTTP/1.1" 404 555 "-" "Mozilla/5.0 (X11; U; Linux x86_64; en-US) AppleWebKit/540.0 (KHTML like Gecko) Ubuntu/10.10 Chrome/9.1.0.0 Safari/540.0"
185.220.101.81 - - [06/May/2023:02:48:25 +0000] "GET /posts/pseudopost-1/images/panther.gif HTTP/1.1" 200 10962 "https://blog.pseudot.org/posts/pseudopost-1/pseudopost-1.html" "Mozilla/5.0 (X11; U; Linux x86_64; en-US) AppleWebKit/540.0 (KHTML like Gecko) Ubuntu/10.10 Chrome/9.1.0.0 Safari/540.0"
185.220.101.81 - - [06/May/2023:02:48:25 +0000] "GET /posts/pseudopost-1/images/tweety.gif HTTP/1.1" 200 8392 "https://blog.pseudot.org/posts/pseudopost-1/pseudopost-1.html" "Mozilla/5.0 (X11; U; Linux x86_64; en-US) AppleWebKit/540.0 (KHTML like Gecko) Ubuntu/10.10 Chrome/9.1.0.0 Safari/540.0"
185.220.101.81 - - [06/May/2023:02:48:26 +0000] "GET /posts/pseudopost-1/images/mouse.gif HTTP/1.1" 200 16506 "https://blog.pseudot.org/posts/pseudopost-1/pseudopost-1.html" "Mozilla/5.0 (X11; U; Linux x86_64; en-US) AppleWebKit/540.0 (KHTML like Gecko) Ubuntu/10.10 Chrome/9.1.0.0 Safari/540.0"
109.70.100.68 - - [06/May/2023:02:49:15 +0000] "GET /posts/music-logging-using-mpc/music-logging-using-mpc.html HTTP/1.1" 200 5114 "-" "Mozilla/5.0 (X11; U; Linux x86_64; en-US) AppleWebKit/534.15 (KHTML like Gecko) Chrome/10.0.613.0 Safari/534.15"
192.42.116.195 - - [06/May/2023:02:49:35 +0000] "GET /posts/another-daria-thing/another-daria-thing.html HTTP/1.1" 200 5288 "-" "Mozilla/5.0 (X11; U; FreeBSD; i386; en-US; rv:1.7) Gecko"
64.227.99.233 - - [06/May/2023:02:49:59 +0000] "\x00\x0E8\xEA\xA0\x90\xE1\xE0\x1E\xB2T\x00\x00\x00\x00\x00" 400 157 "-" "-"
162.243.132.18 - - [06/May/2023:02:50:17 +0000] "GET / HTTP/1.1" 200 1583 "-" "Mozilla/5.0 zgrab/0.x"
109.70.100.68 - - [06/May/2023:02:50:35 +0000] "GET /posts/History-of-classical-music/History-of-classical-music.html HTTP/1.1" 200 11115 "-" "Mozilla/5.0 (X11; U; Linux i686; en-us) AppleWebKit/528.5  (KHTML like Gecko Safari/528.5 ) lt-GtkLauncher"
192.42.116.216 - - [06/May/2023:02:50:55 +0000] "GET /posts/pseudopost-5/pseudopost-5.html HTTP/1.1" 200 4794 "-" "Mozilla/5.0 (X11; U; FreeBSD i386; en-US; rv:1.6) Gecko/20040406 Galeon/1.3.15"
192.42.116.216 - - [06/May/2023:02:50:55 +0000] "GET /robots.txt HTTP/1.1" 404 153 "-" "Mozilla/5.0 (X11; U; FreeBSD i386; en-US; rv:1.6) Gecko/20040406 Galeon/1.3.15"
192.42.116.216 - - [06/May/2023:02:50:55 +0000] "GET /posts/pseudopost-5/images/bataille.jpg HTTP/1.1" 200 471340 "https://blog.pseudot.org/posts/pseudopost-5/pseudopost-5.html" "Mozilla/5.0 (X11; U; FreeBSD i386; en-US; rv:1.6) Gecko/20040406 Galeon/1.3.15"
192.42.116.216 - - [06/May/2023:02:50:57 +0000] "GET /posts/pseudopost-5/images/sus.jpg HTTP/1.1" 200 570649 "https://blog.pseudot.org/posts/pseudopost-5/pseudopost-5.html" "Mozilla/5.0 (X11; U; FreeBSD i386; en-US; rv:1.6) Gecko/20040406 Galeon/1.3.15"
192.42.116.216 - - [06/May/2023:02:50:58 +0000] "GET /posts/pseudopost-5/images/skhoala.jpeg HTTP/1.1" 200 485666 "https://blog.pseudot.org/posts/pseudopost-5/pseudopost-5.html" "Mozilla/5.0 (X11; U; FreeBSD i386; en-US; rv:1.6) Gecko/20040406 Galeon/1.3.15"
192.42.116.216 - - [06/May/2023:02:51:02 +0000] "GET /posts/pseudopost-5/images/sus2.jpeg HTTP/1.1" 200 592926 "https://blog.pseudot.org/posts/pseudopost-5/pseudopost-5.html" "Mozilla/5.0 (X11; U; FreeBSD i386; en-US; rv:1.6) Gecko/20040406 Galeon/1.3.15"
192.42.116.216 - - [06/May/2023:02:51:04 +0000] "GET /posts/pseudopost-5/images/music.gif HTTP/1.1" 200 9305 "https://blog.pseudot.org/posts/pseudopost-5/pseudopost-5.html" "Mozilla/5.0 (X11; U; FreeBSD i386; en-US; rv:1.6) Gecko/20040406 Galeon/1.3.15"
192.42.116.216 - - [06/May/2023:02:51:45 +0000] "GET /posts/are-you-the-lead-in-your-story/are-you-the-lead-in-your-story.html HTTP/1.1" 200 9797 "-" "Mozilla/5.0 (Windows; U; Windows NT 6.1; en-US) AppleWebKit/533.19.4 (KHTML like Gecko) Version/5.0.2 Safari/533.18.5"
192.155.90.220 - - [06/May/2023:02:51:45 +0000] "\x16\x03\x01\x00\x85\x01\x00\x00\x81\x03\x03\x1A7\x17\x06\xBB\xF7\xE9\xD0\xD6l\x8F\x11\xBA\xB95;\xCB\xECs\xC1\xDB\xEE-\xA4\xE0>\xF3\xE4\xB9\x88C@\x00\x00 \xC0/\xC00\xC0+\xC0,\xCC\xA8\xCC\xA9\xC0\x13\xC0\x09\xC0\x14\xC0" 400 157 "-" "-"
192.42.116.216 - - [06/May/2023:02:51:46 +0000] "GET /robots.txt HTTP/1.1" 404 153 "-" "Mozilla/5.0 (Windows; U; Windows NT 6.1; en-US) AppleWebKit/533.19.4 (KHTML like Gecko) Version/5.0.2 Safari/533.18.5"
192.42.116.216 - - [06/May/2023:02:51:46 +0000] "GET /posts/are-you-the-lead-in-your-story/images/photo1.jpg HTTP/1.1" 200 52963 "https://blog.pseudot.org/posts/are-you-the-lead-in-your-story/are-you-the-lead-in-your-story.html" "Mozilla/5.0 (Windows; U; Windows NT 6.1; en-US) AppleWebKit/533.19.4 (KHTML like Gecko) Version/5.0.2 Safari/533.18.5"
192.42.116.216 - - [06/May/2023:02:51:47 +0000] "GET /posts/are-you-the-lead-in-your-story/images/photo2.jpg HTTP/1.1" 200 110738 "https://blog.pseudot.org/posts/are-you-the-lead-in-your-story/are-you-the-lead-in-your-story.html" "Mozilla/5.0 (Windows; U; Windows NT 6.1; en-US) AppleWebKit/533.19.4 (KHTML like Gecko) Version/5.0.2 Safari/533.18.5"
192.42.116.216 - - [06/May/2023:02:51:47 +0000] "GET /posts/are-you-the-lead-in-your-story/images/photo3.png HTTP/1.1" 200 105236 "https://blog.pseudot.org/posts/are-you-the-lead-in-your-story/are-you-the-lead-in-your-story.html" "Mozilla/5.0 (Windows; U; Windows NT 6.1; en-US) AppleWebKit/533.19.4 (KHTML like Gecko) Version/5.0.2 Safari/533.18.5"
109.70.100.17 - - [06/May/2023:02:52:17 +0000] "GET /posts/inmultire-de-matrici-folosind-map-reduce/inmultire-de-matrici-folosind-map-reduce.html HTTP/1.1" 200 5804 "-" "Mozilla/5.0 (X11; U; Linux x86_64; en-US) AppleWebKit/534.15 (KHTML like Gecko) Chrome/10.0.613.0 Safari/534.15"
109.70.100.17 - - [06/May/2023:02:52:17 +0000] "GET /robots.txt HTTP/1.1" 404 555 "-" "Mozilla/5.0 (X11; U; Linux x86_64; en-US) AppleWebKit/534.15 (KHTML like Gecko) Chrome/10.0.613.0 Safari/534.15"
109.70.100.17 - - [06/May/2023:02:52:17 +0000] "GET /posts/inmultire-de-matrici-folosind-map-reduce/MatrixMulPy/matrix_mul_output.png HTTP/1.1" 200 12668 "https://programming.pseudot.org/posts/inmultire-de-matrici-folosind-map-reduce/inmultire-de-matrici-folosind-map-reduce.html" "Mozilla/5.0 (X11; U; Linux x86_64; en-US) AppleWebKit/534.15 (KHTML like Gecko) Chrome/10.0.613.0 Safari/534.15"
107.189.28.95 - - [06/May/2023:02:52:59 +0000] "GET / HTTP/1.1" 200 1827 "-" "Mozilla/5.0 (iphone x Build/MXB48T; wv) AppleWebKit/537.36 (KHTML like Gecko) Version/4.0 Chrome/53.0.2785.49 Mobile MQQBrowser/6.2 TBS/043632 Safari/537.36 MicroMessenger/6.6.1.1220(0x26060135) NetType/WIFI Language/zh_CN"
107.189.28.95 - - [06/May/2023:02:52:59 +0000] "GET /robots.txt HTTP/1.1" 404 555 "-" "Mozilla/5.0 (iphone x Build/MXB48T; wv) AppleWebKit/537.36 (KHTML like Gecko) Version/4.0 Chrome/53.0.2785.49 Mobile MQQBrowser/6.2 TBS/043632 Safari/537.36 MicroMessenger/6.6.1.1220(0x26060135) NetType/WIFI Language/zh_CN"
107.189.28.95 - - [06/May/2023:02:52:59 +0000] "GET /style.css HTTP/1.1" 200 1651 "https://books.pseudot.org/" "Mozilla/5.0 (iphone x Build/MXB48T; wv) AppleWebKit/537.36 (KHTML like Gecko) Version/4.0 Chrome/53.0.2785.49 Mobile MQQBrowser/6.2 TBS/043632 Safari/537.36 MicroMessenger/6.6.1.1220(0x26060135) NetType/WIFI Language/zh_CN"
23.137.250.188 - - [06/May/2023:02:53:19 +0000] "GET /posts/inmultire-de-matrici-folosind-map-reduce/inmultire-de-matrici-folosind-map-reduce.html HTTP/1.1" 200 5804 "-" "Mozilla/5.0 (X11; U; Linux i686; en-US; rv:1.8.1) Gecko/20061024 Firefox/2.0 (Swiftfox)"
23.137.250.188 - - [06/May/2023:02:53:19 +0000] "GET /robots.txt HTTP/1.1" 404 153 "-" "Mozilla/5.0 (X11; U; Linux i686; en-US; rv:1.8.1) Gecko/20061024 Firefox/2.0 (Swiftfox)"
23.137.250.188 - - [06/May/2023:02:53:19 +0000] "GET /posts/inmultire-de-matrici-folosind-map-reduce/MatrixMulPy/matrix_mul_output.png HTTP/1.1" 200 12668 "https://programming.pseudot.org/posts/inmultire-de-matrici-folosind-map-reduce/inmultire-de-matrici-folosind-map-reduce.html" "Mozilla/5.0 (X11; U; Linux i686; en-US; rv:1.8.1) Gecko/20061024 Firefox/2.0 (Swiftfox)"
45.95.169.179 - - [06/May/2023:02:53:49 +0000] "GET / HTTP/1.1" 200 5190 "-" "Mozilla/5.0 (X11; U; FreeBSD amd64; en-us) AppleWebKit/531.2  (KHTML like Gecko) Safari/531.2  Epiphany/2.30.0"
45.95.169.179 - - [06/May/2023:02:53:50 +0000] "GET /robots.txt HTTP/1.1" 404 153 "-" "Mozilla/5.0 (X11; U; FreeBSD amd64; en-us) AppleWebKit/531.2  (KHTML like Gecko) Safari/531.2  Epiphany/2.30.0"
45.95.169.179 - - [06/May/2023:02:53:50 +0000] "GET /style.css HTTP/1.1" 200 1618 "https://blog.pseudot.org/" "Mozilla/5.0 (X11; U; FreeBSD amd64; en-us) AppleWebKit/531.2  (KHTML like Gecko) Safari/531.2  Epiphany/2.30.0"
192.42.116.15 - - [06/May/2023:02:54:47 +0000] "GET /posts/how-does-a-markdown-compiler-work-coming-out-soon/how-does-a-markdown-compiler-work-coming-out-soon.html HTTP/1.1" 200 3576 "-" "Mozilla/5.0 (X11; U; Linux armv6l; rv 1.8.1.5pre) Gecko/20070619 Minimo/0.020"
45.95.169.179 - - [06/May/2023:02:54:55 +0000] "GET / HTTP/1.1" 200 5937 "-" "Mozilla/5.0 (X11; Linux i686; rv:6.0) Gecko/20100101 Firefox/6.0"
45.95.169.179 - - [06/May/2023:02:54:55 +0000] "GET /robots.txt HTTP/1.1" 404 153 "-" "Mozilla/5.0 (X11; Linux i686; rv:6.0) Gecko/20100101 Firefox/6.0"
45.95.169.179 - - [06/May/2023:02:54:56 +0000] "GET /CSS/style.css HTTP/1.1" 200 1157 "https://pseudot.org/" "Mozilla/5.0 (X11; Linux i686; rv:6.0) Gecko/20100101 Firefox/6.0"
45.95.169.179 - - [06/May/2023:02:54:56 +0000] "GET /IMAGES/nokia64.gif HTTP/1.1" 200 558 "https://pseudot.org/" "Mozilla/5.0 (X11; Linux i686; rv:6.0) Gecko/20100101 Firefox/6.0"
45.95.169.179 - - [06/May/2023:02:54:56 +0000] "GET /IMAGES/2019.gif HTTP/1.1" 200 1629 "https://pseudot.org/" "Mozilla/5.0 (X11; Linux i686; rv:6.0) Gecko/20100101 Firefox/6.0"
45.95.169.179 - - [06/May/2023:02:54:56 +0000] "GET /IMAGES/pepsi.gif HTTP/1.1" 200 3682 "https://pseudot.org/" "Mozilla/5.0 (X11; Linux i686; rv:6.0) Gecko/20100101 Firefox/6.0"
45.95.169.179 - - [06/May/2023:02:54:57 +0000] "GET /IMAGES/firefox3.gif HTTP/1.1" 200 3009 "https://pseudot.org/" "Mozilla/5.0 (X11; Linux i686; rv:6.0) Gecko/20100101 Firefox/6.0"
45.95.169.179 - - [06/May/2023:02:54:57 +0000] "GET /IMAGES/vi.gif HTTP/1.1" 200 5815 "https://pseudot.org/" "Mozilla/5.0 (X11; Linux i686; rv:6.0) Gecko/20100101 Firefox/6.0"
45.95.169.179 - - [06/May/2023:02:54:58 +0000] "GET /IMAGES/gnubanner.gif HTTP/1.1" 200 2177 "https://pseudot.org/" "Mozilla/5.0 (X11; Linux i686; rv:6.0) Gecko/20100101 Firefox/6.0"
45.95.169.179 - - [06/May/2023:02:55:02 +0000] "GET / HTTP/1.1" 200 1827 "-" "Mozilla/5.0 (X11; U; FreeBSD x86_64; en-US) AppleWebKit/534.16 (KHTML like Gecko) Chrome/10.0.648.204 Safari/534.16"
45.95.169.179 - - [06/May/2023:02:55:02 +0000] "GET /robots.txt HTTP/1.1" 404 555 "-" "Mozilla/5.0 (X11; U; FreeBSD x86_64; en-US) AppleWebKit/534.16 (KHTML like Gecko) Chrome/10.0.648.204 Safari/534.16"
45.95.169.179 - - [06/May/2023:02:55:03 +0000] "GET /style.css HTTP/1.1" 200 1651 "https://books.pseudot.org/" "Mozilla/5.0 (X11; U; FreeBSD x86_64; en-US) AppleWebKit/534.16 (KHTML like Gecko) Chrome/10.0.648.204 Safari/534.16"
185.220.103.120 - - [06/May/2023:02:56:38 +0000] "GET /posts/rebonjour/rebonjour.html HTTP/1.1" 200 3930 "-" "Mozilla/5.0 (Windows NT 6.1; WOW64) AppleWebKit/536.6 (KHTML like Gecko) Chrome/20.0.1092.0 Safari/536.6"
193.35.18.65 - - [06/May/2023:02:57:21 +0000] "POST /HNAP1/ HTTP/1.1" 404 0 "-" "Mozila/5.0"
193.35.18.65 - - [06/May/2023:02:57:21 +0000] "GET / HTTP/1.1" 200 2826140 "-" "-"
45.95.169.179 - - [06/May/2023:02:57:24 +0000] "GET / HTTP/1.1" 200 2310 "-" "Mozilla/5.0 (X11; U; Linux x86_64; us; rv:1.9.1.19) Gecko/20110430 shadowfox/7.0 (like Firefox/7.0"
45.95.169.179 - - [06/May/2023:02:57:25 +0000] "GET /robots.txt HTTP/1.1" 404 153 "-" "Mozilla/5.0 (X11; U; Linux x86_64; us; rv:1.9.1.19) Gecko/20110430 shadowfox/7.0 (like Firefox/7.0"
45.95.169.179 - - [06/May/2023:02:57:25 +0000] "GET /style.css HTTP/1.1" 200 1653 "https://programming.pseudot.org/" "Mozilla/5.0 (X11; U; Linux x86_64; us; rv:1.9.1.19) Gecko/20110430 shadowfox/7.0 (like Firefox/7.0"
185.100.85.22 - - [06/May/2023:02:57:57 +0000] "GET /posts/pseudopost-5/pseudopost-5.html HTTP/1.1" 200 4794 "-" "Mozilla/5.0 (Windows NT 6.1; rv:2.0.1) Gecko/20100101 Firefox/4.0.1 Mozilla/5.0 (Windows NT 6.1; Win64; x64; rv:2.0.1) Gecko/20100101 Firefox/4.0.1"
185.100.85.22 - - [06/May/2023:02:57:57 +0000] "GET /robots.txt HTTP/1.1" 404 153 "-" "Mozilla/5.0 (Windows NT 6.1; rv:2.0.1) Gecko/20100101 Firefox/4.0.1 Mozilla/5.0 (Windows NT 6.1; Win64; x64; rv:2.0.1) Gecko/20100101 Firefox/4.0.1"
185.100.85.22 - - [06/May/2023:02:57:57 +0000] "GET /posts/pseudopost-5/images/bataille.jpg HTTP/1.1" 200 471340 "https://blog.pseudot.org/posts/pseudopost-5/pseudopost-5.html" "Mozilla/5.0 (Windows NT 6.1; rv:2.0.1) Gecko/20100101 Firefox/4.0.1 Mozilla/5.0 (Windows NT 6.1; Win64; x64; rv:2.0.1) Gecko/20100101 Firefox/4.0.1"
185.100.85.22 - - [06/May/2023:02:57:59 +0000] "GET /posts/pseudopost-5/images/sus.jpg HTTP/1.1" 200 570649 "https://blog.pseudot.org/posts/pseudopost-5/pseudopost-5.html" "Mozilla/5.0 (Windows NT 6.1; rv:2.0.1) Gecko/20100101 Firefox/4.0.1 Mozilla/5.0 (Windows NT 6.1; Win64; x64; rv:2.0.1) Gecko/20100101 Firefox/4.0.1"
185.100.85.22 - - [06/May/2023:02:58:00 +0000] "GET /posts/pseudopost-5/images/skhoala.jpeg HTTP/1.1" 200 485666 "https://blog.pseudot.org/posts/pseudopost-5/pseudopost-5.html" "Mozilla/5.0 (Windows NT 6.1; rv:2.0.1) Gecko/20100101 Firefox/4.0.1 Mozilla/5.0 (Windows NT 6.1; Win64; x64; rv:2.0.1) Gecko/20100101 Firefox/4.0.1"
185.100.85.22 - - [06/May/2023:02:58:01 +0000] "GET /posts/pseudopost-5/images/sus2.jpeg HTTP/1.1" 200 592926 "https://blog.pseudot.org/posts/pseudopost-5/pseudopost-5.html" "Mozilla/5.0 (Windows NT 6.1; rv:2.0.1) Gecko/20100101 Firefox/4.0.1 Mozilla/5.0 (Windows NT 6.1; Win64; x64; rv:2.0.1) Gecko/20100101 Firefox/4.0.1"
23.151.232.3 - - [06/May/2023:02:58:04 +0000] "GET / HTTP/1.1" 200 2310 "-" "Mozilla/5.0 (Windows; U; Windows NT 5.1; en-US; rv:1.8.1.23) Gecko/20090825 SeaMonkey/1.1.18"
185.100.85.22 - - [06/May/2023:02:58:04 +0000] "GET /posts/pseudopost-5/images/music.gif HTTP/1.1" 200 9305 "https://blog.pseudot.org/posts/pseudopost-5/pseudopost-5.html" "Mozilla/5.0 (Windows NT 6.1; rv:2.0.1) Gecko/20100101 Firefox/4.0.1 Mozilla/5.0 (Windows NT 6.1; Win64; x64; rv:2.0.1) Gecko/20100101 Firefox/4.0.1"
23.151.232.3 - - [06/May/2023:02:58:04 +0000] "GET /robots.txt HTTP/1.1" 404 153 "-" "Mozilla/5.0 (Windows; U; Windows NT 5.1; en-US; rv:1.8.1.23) Gecko/20090825 SeaMonkey/1.1.18"
23.151.232.3 - - [06/May/2023:02:58:04 +0000] "GET /style.css HTTP/1.1" 200 1653 "https://programming.pseudot.org/" "Mozilla/5.0 (Windows; U; Windows NT 5.1; en-US; rv:1.8.1.23) Gecko/20090825 SeaMonkey/1.1.18"
109.70.100.71 - - [06/May/2023:02:59:03 +0000] "GET / HTTP/1.1" 200 2035 "-" "Mozilla/5.0 (X11; U; Linux; i686; en-US; rv:1.6) Gecko Epiphany/1.2.5"
109.70.100.71 - - [06/May/2023:02:59:03 +0000] "GET /robots.txt HTTP/1.1" 404 153 "-" "Mozilla/5.0 (X11; U; Linux; i686; en-US; rv:1.6) Gecko Epiphany/1.2.5"
109.70.100.71 - - [06/May/2023:02:59:04 +0000] "GET /style.css HTTP/1.1" 200 2221 "https://memes.pseudot.org/" "Mozilla/5.0 (X11; U; Linux; i686; en-US; rv:1.6) Gecko Epiphany/1.2.5"
109.70.100.71 - - [06/May/2023:02:59:04 +0000] "GET /images/IMG_9009.JPG HTTP/1.1" 200 90743 "https://memes.pseudot.org/" "Mozilla/5.0 (X11; U; Linux; i686; en-US; rv:1.6) Gecko Epiphany/1.2.5"
109.70.100.71 - - [06/May/2023:02:59:05 +0000] "GET /scripts/zooming.min.js HTTP/1.1" 200 10728 "https://memes.pseudot.org/" "Mozilla/5.0 (X11; U; Linux; i686; en-US; rv:1.6) Gecko Epiphany/1.2.5"
40.77.167.234 - - [06/May/2023:02:59:30 +0000] "GET / HTTP/1.1" 200 1583 "-" "Mozilla/5.0 AppleWebKit/537.36 (KHTML, like Gecko; compatible; bingbot/2.0; +http://www.bing.com/bingbot.htm) Chrome/103.0.5060.134 Safari/537.36"
185.129.61.7 - - [06/May/2023:03:00:26 +0000] "GET / HTTP/1.1" 200 4567 "-" "Mozilla/5.0 (X11; Linux i686; rv:6.0) Gecko/20100101 Firefox/6.0"
185.129.61.7 - - [06/May/2023:03:00:26 +0000] "GET /robots.txt HTTP/1.1" 404 153 "-" "Mozilla/5.0 (X11; Linux i686; rv:6.0) Gecko/20100101 Firefox/6.0"
185.129.61.7 - - [06/May/2023:03:00:26 +0000] "GET /style.css HTTP/1.1" 200 1651 "https://music.pseudot.org/" "Mozilla/5.0 (X11; Linux i686; rv:6.0) Gecko/20100101 Firefox/6.0"
51.89.153.112 - - [06/May/2023:03:00:28 +0000] "GET /posts/pseudopost-4/pseudopost-4.html HTTP/1.1" 200 4835 "-" "Mozilla/5.0 (Windows; U; Windows NT 6.1; en-US) AppleWebKit/532.5 (KHTML like Gecko) Chrome/4.0.249.0 Safari/532.5"
51.89.153.112 - - [06/May/2023:03:00:28 +0000] "GET /robots.txt HTTP/1.1" 404 555 "-" "Mozilla/5.0 (Windows; U; Windows NT 6.1; en-US) AppleWebKit/532.5 (KHTML like Gecko) Chrome/4.0.249.0 Safari/532.5"
51.89.153.112 - - [06/May/2023:03:00:28 +0000] "GET /posts/pseudopost-4/images/music.gif HTTP/1.1" 200 9305 "https://blog.pseudot.org/posts/pseudopost-4/pseudopost-4.html" "Mozilla/5.0 (Windows; U; Windows NT 6.1; en-US) AppleWebKit/532.5 (KHTML like Gecko) Chrome/4.0.249.0 Safari/532.5"
51.89.153.112 - - [06/May/2023:03:00:53 +0000] "GET /posts/another-daria-thing/another-daria-thing.html HTTP/1.1" 200 5288 "-" "Mozilla/5.0 (X11; U; Linux ppc; en-US; rv:1.8.1.13) Gecko/20080313 Iceape/1.1.9 (Debian-1.1.9-5)"
40.77.167.108 - - [06/May/2023:03:01:06 +0000] "GET /robots.txt HTTP/1.1" 404 188 "-" "Mozilla/5.0 AppleWebKit/537.36 (KHTML, like Gecko; compatible; bingbot/2.0; +http://www.bing.com/bingbot.htm) Chrome/103.0.5060.134 Safari/537.36"
51.89.153.112 - - [06/May/2023:03:01:14 +0000] "GET /posts/ho-iniziato-a-imparare-litaliano/ho-iniziato-a-imparare-litaliano.html HTTP/1.1" 200 3935 "-" "Mozilla/5.0 (X11; U; Linux x86_64; en-US; rv:1.9.1.13) Gecko/20100916 Iceape/2.0.8"
