207.46.13.220 - - [05/Apr/2023:00:00:39 +0000] "GET /sitemap.xml HTTP/1.1" 404 188 "-" "Mozilla/5.0 AppleWebKit/537.36 (KHTML, like Gecko; compatible; bingbot/2.0; +http://www.bing.com/bingbot.htm) Chrome/103.0.5060.134 Safari/537.36"
52.167.144.77 - - [05/Apr/2023:00:01:05 +0000] "GET /atom.xml HTTP/1.1" 404 188 "-" "Mozilla/5.0 AppleWebKit/537.36 (KHTML, like Gecko; compatible; bingbot/2.0; +http://www.bing.com/bingbot.htm) Chrome/103.0.5060.134 Safari/537.36"
52.167.144.58 - - [05/Apr/2023:00:01:16 +0000] "GET /sitemaps.xml HTTP/1.1" 404 1212 "-" "Mozilla/5.0 AppleWebKit/537.36 (KHTML, like Gecko; compatible; bingbot/2.0; +http://www.bing.com/bingbot.htm) Chrome/103.0.5060.134 Safari/537.36"
52.167.144.77 - - [05/Apr/2023:00:01:25 +0000] "GET /sitemap.xml.gz HTTP/1.1" 404 188 "-" "Mozilla/5.0 AppleWebKit/537.36 (KHTML, like Gecko; compatible; bingbot/2.0; +http://www.bing.com/bingbot.htm) Chrome/103.0.5060.134 Safari/537.36"
52.167.144.26 - - [05/Apr/2023:00:03:52 +0000] "GET /sitemap.xml.gz HTTP/1.1" 404 188 "-" "Mozilla/5.0 AppleWebKit/537.36 (KHTML, like Gecko; compatible; bingbot/2.0; +http://www.bing.com/bingbot.htm) Chrome/103.0.5060.134 Safari/537.36"
52.167.144.77 - - [05/Apr/2023:00:09:36 +0000] "GET /atom.xml HTTP/1.1" 404 188 "-" "Mozilla/5.0 AppleWebKit/537.36 (KHTML, like Gecko; compatible; bingbot/2.0; +http://www.bing.com/bingbot.htm) Chrome/103.0.5060.134 Safari/537.36"
40.77.167.249 - - [05/Apr/2023:00:09:44 +0000] "GET /sitemap.xml HTTP/1.1" 404 188 "-" "Mozilla/5.0 AppleWebKit/537.36 (KHTML, like Gecko; compatible; bingbot/2.0; +http://www.bing.com/bingbot.htm) Chrome/103.0.5060.134 Safari/537.36"
52.167.144.77 - - [05/Apr/2023:00:10:26 +0000] "GET /sitemap.xml.gz HTTP/1.1" 404 188 "-" "Mozilla/5.0 AppleWebKit/537.36 (KHTML, like Gecko; compatible; bingbot/2.0; +http://www.bing.com/bingbot.htm) Chrome/103.0.5060.134 Safari/537.36"
207.46.13.220 - - [05/Apr/2023:00:12:23 +0000] "GET /sitemap.xml.gz HTTP/1.1" 404 188 "-" "Mozilla/5.0 AppleWebKit/537.36 (KHTML, like Gecko; compatible; bingbot/2.0; +http://www.bing.com/bingbot.htm) Chrome/103.0.5060.134 Safari/537.36"
40.77.167.252 - - [05/Apr/2023:00:13:20 +0000] "GET /sitemap.txt HTTP/1.1" 404 188 "-" "Mozilla/5.0 AppleWebKit/537.36 (KHTML, like Gecko; compatible; bingbot/2.0; +http://www.bing.com/bingbot.htm) Chrome/103.0.5060.134 Safari/537.36"
40.77.167.252 - - [05/Apr/2023:00:13:29 +0000] "GET /sitemap_index.xml HTTP/1.1" 404 188 "-" "Mozilla/5.0 AppleWebKit/537.36 (KHTML, like Gecko; compatible; bingbot/2.0; +http://www.bing.com/bingbot.htm) Chrome/103.0.5060.134 Safari/537.36"
15.235.55.74 - - [05/Apr/2023:00:19:51 +0000] "GET /wp-login.php HTTP/1.1" 301 169 "-" "Mozilla/5.0 (Windows NT 10.0; Win64; x64; rv:96.0) Gecko/20100101 Firefox/96"
15.235.55.74 - - [05/Apr/2023:00:19:52 +0000] "GET /wp-login.php HTTP/1.1" 404 125 "http://memes.pseudot.org/wp-login.php" "Mozilla/5.0 (Windows NT 10.0; Win64; x64; rv:96.0) Gecko/20100101 Firefox/96"
52.167.144.26 - - [05/Apr/2023:00:20:54 +0000] "GET /sitemaps.xml HTTP/1.1" 404 188 "-" "Mozilla/5.0 AppleWebKit/537.36 (KHTML, like Gecko; compatible; bingbot/2.0; +http://www.bing.com/bingbot.htm) Chrome/103.0.5060.134 Safari/537.36"
51.159.164.227 - - [05/Apr/2023:00:21:31 +0000] "GET / HTTP/1.1" 200 2826140 "-" "Mozilla/5.0 (X11; Linux x86_64; rv:104.0) Gecko/20100101 Firefox/104.0"
51.159.164.227 - - [05/Apr/2023:00:21:31 +0000] "GET /favicon.ico HTTP/1.1" 404 0 "-" "Mozilla/5.0 (X11; Linux x86_64; rv:104.0) Gecko/20100101 Firefox/104.0"
143.110.184.139 - - [05/Apr/2023:00:21:54 +0000] "GET /ab2g HTTP/1.1" 404 125 "-" "Mozilla/5.0 zgrab/0.x"
143.110.184.139 - - [05/Apr/2023:00:21:55 +0000] "GET /ab2h HTTP/1.1" 404 125 "-" "Mozilla/5.0 zgrab/0.x"
143.110.184.139 - - [05/Apr/2023:00:21:59 +0000] "GET / HTTP/1.1" 200 1583 "-" "Mozilla/5.0 (Windows NT 10.0; Win64; x64) AppleWebKit/537.36 (KHTML, like Gecko) Chrome/108.0.0.0 Safari/537.36"
143.110.184.139 - - [05/Apr/2023:00:21:59 +0000] "GET / HTTP/1.1" 400 657 "-" "Mozilla/5.0 (Windows NT 10.0; Win64; x64) AppleWebKit/537.36 (KHTML, like Gecko) Chrome/108.0.0.0 Safari/537.36"
143.110.184.139 - - [05/Apr/2023:00:22:00 +0000] "GET /private/api/v1/service/premaster HTTP/1.1" 400 657 "-" "Mozilla/5.0 (Windows NT 10.0; Win64; x64) AppleWebKit/537.36 (KHTML, like Gecko) Chrome/108.0.0.0 Safari/537.36"
143.110.184.139 - - [05/Apr/2023:00:22:00 +0000] "GET /t4 HTTP/1.1" 404 125 "-" "Mozilla/5.0"
143.110.184.139 - - [05/Apr/2023:00:22:01 +0000] "GET /favicon.ico HTTP/1.1" 200 15406 "-" "Mozilla/5.0 (Windows NT 10.0; Win64; x64) AppleWebKit/537.36 (KHTML, like Gecko) Chrome/108.0.0.0 Safari/537.36"
40.77.167.252 - - [05/Apr/2023:00:24:25 +0000] "GET / HTTP/1.1" 200 1583 "-" "Mozilla/5.0 AppleWebKit/537.36 (KHTML, like Gecko; compatible; bingbot/2.0; +http://www.bing.com/bingbot.htm) Chrome/103.0.5060.134 Safari/537.36"
143.110.222.166 - - [05/Apr/2023:00:24:35 +0000] "GET / HTTP/1.1" 200 415740 "-" "Mozilla/5.0 (iPhone; CPU iPhone OS 16_1 like Mac OS X) AppleWebKit/605.1.15 (KHTML, like Gecko) Version/16.1 Mobile/15E148 Safari/604.1"
40.77.167.252 - - [05/Apr/2023:00:25:00 +0000] "GET /atom.xml HTTP/1.1" 404 188 "-" "Mozilla/5.0 AppleWebKit/537.36 (KHTML, like Gecko; compatible; bingbot/2.0; +http://www.bing.com/bingbot.htm) Chrome/103.0.5060.134 Safari/537.36"
52.167.144.77 - - [05/Apr/2023:00:25:38 +0000] "GET /sitemap.xml.gz HTTP/1.1" 404 188 "-" "Mozilla/5.0 AppleWebKit/537.36 (KHTML, like Gecko; compatible; bingbot/2.0; +http://www.bing.com/bingbot.htm) Chrome/103.0.5060.134 Safari/537.36"
40.77.167.249 - - [05/Apr/2023:00:25:47 +0000] "GET / HTTP/1.1" 200 1010 "-" "Mozilla/5.0 AppleWebKit/537.36 (KHTML, like Gecko; compatible; bingbot/2.0; +http://www.bing.com/bingbot.htm) Chrome/103.0.5060.134 Safari/537.36"
52.167.144.26 - - [05/Apr/2023:00:27:05 +0000] "GET /sitemaps.xml HTTP/1.1" 404 188 "-" "Mozilla/5.0 AppleWebKit/537.36 (KHTML, like Gecko; compatible; bingbot/2.0; +http://www.bing.com/bingbot.htm) Chrome/103.0.5060.134 Safari/537.36"
40.77.167.249 - - [05/Apr/2023:00:29:06 +0000] "GET /sitemap.txt HTTP/1.1" 404 188 "-" "Mozilla/5.0 AppleWebKit/537.36 (KHTML, like Gecko; compatible; bingbot/2.0; +http://www.bing.com/bingbot.htm) Chrome/103.0.5060.134 Safari/537.36"
52.167.144.26 - - [05/Apr/2023:00:29:15 +0000] "GET /sitemap.txt HTTP/1.1" 404 188 "-" "Mozilla/5.0 AppleWebKit/537.36 (KHTML, like Gecko; compatible; bingbot/2.0; +http://www.bing.com/bingbot.htm) Chrome/103.0.5060.134 Safari/537.36"
52.167.144.77 - - [05/Apr/2023:00:31:29 +0000] "GET / HTTP/1.1" 301 169 "-" "Mozilla/5.0 AppleWebKit/537.36 (KHTML, like Gecko; compatible; bingbot/2.0; +http://www.bing.com/bingbot.htm) Chrome/103.0.5060.134 Safari/537.36"
52.167.144.77 - - [05/Apr/2023:00:36:08 +0000] "GET /atom.xml HTTP/1.1" 404 188 "-" "Mozilla/5.0 AppleWebKit/537.36 (KHTML, like Gecko; compatible; bingbot/2.0; +http://www.bing.com/bingbot.htm) Chrome/103.0.5060.134 Safari/537.36"
207.46.13.217 - - [05/Apr/2023:00:37:54 +0000] "GET / HTTP/1.1" 301 169 "-" "Mozilla/5.0 AppleWebKit/537.36 (KHTML, like Gecko; compatible; bingbot/2.0; +http://www.bing.com/bingbot.htm) Chrome/103.0.5060.134 Safari/537.36"
52.167.144.26 - - [05/Apr/2023:00:42:44 +0000] "GET /atom.xml HTTP/1.1" 404 188 "-" "Mozilla/5.0 AppleWebKit/537.36 (KHTML, like Gecko; compatible; bingbot/2.0; +http://www.bing.com/bingbot.htm) Chrome/103.0.5060.134 Safari/537.36"
207.46.13.217 - - [05/Apr/2023:00:46:24 +0000] "GET /sitemap.xml HTTP/1.1" 404 188 "-" "Mozilla/5.0 AppleWebKit/537.36 (KHTML, like Gecko; compatible; bingbot/2.0; +http://www.bing.com/bingbot.htm) Chrome/103.0.5060.134 Safari/537.36"
134.122.135.178 - - [05/Apr/2023:00:47:05 +0000] "GET /tvplay/181442.html HTTP/1.1" 404 0 "/tvplay/181442.html" "Mozilla/5.0 (iPhone; CPU iPhone OS 13_2_3 like Mac OS X) AppleWebKit/605.1.15 (KHTML, like Gecko) Version/13.0.3 Mobile/15E148 Safari/604.1"
40.77.167.249 - - [05/Apr/2023:00:48:09 +0000] "GET /sitemap.xml HTTP/1.1" 404 188 "-" "Mozilla/5.0 AppleWebKit/537.36 (KHTML, like Gecko; compatible; bingbot/2.0; +http://www.bing.com/bingbot.htm) Chrome/103.0.5060.134 Safari/537.36"
2a00:8a60:1014:88::9 - - [05/Apr/2023:00:50:14 +0000] "GET / HTTP/1.1" 404 125 "-" "Mozilla/5.0 researchscan.comsys.rwth-aachen.de"
207.46.13.220 - - [05/Apr/2023:00:50:47 +0000] "GET /sitemap.xml HTTP/1.1" 404 188 "-" "Mozilla/5.0 AppleWebKit/537.36 (KHTML, like Gecko; compatible; bingbot/2.0; +http://www.bing.com/bingbot.htm) Chrome/103.0.5060.134 Safari/537.36"
52.167.144.26 - - [05/Apr/2023:00:52:56 +0000] "GET /sitemaps.xml HTTP/1.1" 404 188 "-" "Mozilla/5.0 AppleWebKit/537.36 (KHTML, like Gecko; compatible; bingbot/2.0; +http://www.bing.com/bingbot.htm) Chrome/103.0.5060.134 Safari/537.36"
52.167.144.26 - - [05/Apr/2023:00:53:06 +0000] "GET /sitemap.xml.gz HTTP/1.1" 404 188 "-" "Mozilla/5.0 AppleWebKit/537.36 (KHTML, like Gecko; compatible; bingbot/2.0; +http://www.bing.com/bingbot.htm) Chrome/103.0.5060.134 Safari/537.36"
52.167.144.26 - - [05/Apr/2023:00:53:06 +0000] "GET /sitemaps.xml HTTP/1.1" 404 188 "-" "Mozilla/5.0 AppleWebKit/537.36 (KHTML, like Gecko; compatible; bingbot/2.0; +http://www.bing.com/bingbot.htm) Chrome/103.0.5060.134 Safari/537.36"
52.167.144.58 - - [05/Apr/2023:00:53:30 +0000] "GET /sitemap.txt HTTP/1.1" 404 188 "-" "Mozilla/5.0 AppleWebKit/537.36 (KHTML, like Gecko; compatible; bingbot/2.0; +http://www.bing.com/bingbot.htm) Chrome/103.0.5060.134 Safari/537.36"
52.167.144.26 - - [05/Apr/2023:00:56:47 +0000] "GET /sitemap.xml.gz HTTP/1.1" 404 188 "-" "Mozilla/5.0 AppleWebKit/537.36 (KHTML, like Gecko; compatible; bingbot/2.0; +http://www.bing.com/bingbot.htm) Chrome/103.0.5060.134 Safari/537.36"
40.77.167.249 - - [05/Apr/2023:00:57:10 +0000] "GET /sitemap_index.xml HTTP/1.1" 404 188 "-" "Mozilla/5.0 AppleWebKit/537.36 (KHTML, like Gecko; compatible; bingbot/2.0; +http://www.bing.com/bingbot.htm) Chrome/103.0.5060.134 Safari/537.36"
207.46.13.220 - - [05/Apr/2023:00:58:27 +0000] "GET /sitemaps.xml HTTP/1.1" 404 188 "-" "Mozilla/5.0 AppleWebKit/537.36 (KHTML, like Gecko; compatible; bingbot/2.0; +http://www.bing.com/bingbot.htm) Chrome/103.0.5060.134 Safari/537.36"
52.167.144.77 - - [05/Apr/2023:01:00:21 +0000] "GET /sitemaps.xml HTTP/1.1" 404 188 "-" "Mozilla/5.0 AppleWebKit/537.36 (KHTML, like Gecko; compatible; bingbot/2.0; +http://www.bing.com/bingbot.htm) Chrome/103.0.5060.134 Safari/537.36"
40.77.167.101 - - [05/Apr/2023:01:06:53 +0000] "GET /robots.txt HTTP/1.1" 301 169 "-" "Mozilla/5.0 AppleWebKit/537.36 (KHTML, like Gecko; compatible; bingbot/2.0; +http://www.bing.com/bingbot.htm) Chrome/103.0.5060.134 Safari/537.36"
40.77.167.101 - - [05/Apr/2023:01:06:53 +0000] "GET /robots.txt HTTP/1.1" 404 188 "-" "Mozilla/5.0 AppleWebKit/537.36 (KHTML, like Gecko; compatible; bingbot/2.0; +http://www.bing.com/bingbot.htm) Chrome/103.0.5060.134 Safari/537.36"
52.167.144.58 - - [05/Apr/2023:01:07:02 +0000] "GET / HTTP/1.1" 301 169 "-" "Mozilla/5.0 AppleWebKit/537.36 (KHTML, like Gecko; compatible; bingbot/2.0; +http://www.bing.com/bingbot.htm) Chrome/103.0.5060.134 Safari/537.36"
40.77.167.184 - - [05/Apr/2023:01:08:45 +0000] "GET /robots.txt HTTP/1.1" 301 169 "-" "Mozilla/5.0 AppleWebKit/537.36 (KHTML, like Gecko; compatible; bingbot/2.0; +http://www.bing.com/bingbot.htm) Chrome/103.0.5060.134 Safari/537.36"
40.77.167.184 - - [05/Apr/2023:01:08:45 +0000] "GET /robots.txt HTTP/1.1" 404 188 "-" "Mozilla/5.0 AppleWebKit/537.36 (KHTML, like Gecko; compatible; bingbot/2.0; +http://www.bing.com/bingbot.htm) Chrome/103.0.5060.134 Safari/537.36"
207.46.13.220 - - [05/Apr/2023:01:08:48 +0000] "GET / HTTP/1.1" 301 169 "-" "Mozilla/5.0 AppleWebKit/537.36 (KHTML, like Gecko; compatible; bingbot/2.0; +http://www.bing.com/bingbot.htm) Chrome/103.0.5060.134 Safari/537.36"
52.167.144.77 - - [05/Apr/2023:01:09:31 +0000] "GET /sitemaps.xml HTTP/1.1" 404 188 "-" "Mozilla/5.0 AppleWebKit/537.36 (KHTML, like Gecko; compatible; bingbot/2.0; +http://www.bing.com/bingbot.htm) Chrome/103.0.5060.134 Safari/537.36"
40.77.167.249 - - [05/Apr/2023:01:12:01 +0000] "GET /sitemap.xml.gz HTTP/1.1" 404 188 "-" "Mozilla/5.0 AppleWebKit/537.36 (KHTML, like Gecko; compatible; bingbot/2.0; +http://www.bing.com/bingbot.htm) Chrome/103.0.5060.134 Safari/537.36"
2a06:4880:7000::6f - - [05/Apr/2023:01:12:37 +0000] "GET / HTTP/1.1" 404 125 "-" "Mozilla/5.0 (compatible; InternetMeasurement/1.0; +https://internet-measurement.com/)"
207.46.13.217 - - [05/Apr/2023:01:13:58 +0000] "GET /sitemap_index.xml HTTP/1.1" 404 188 "-" "Mozilla/5.0 AppleWebKit/537.36 (KHTML, like Gecko; compatible; bingbot/2.0; +http://www.bing.com/bingbot.htm) Chrome/103.0.5060.134 Safari/537.36"
207.46.13.220 - - [05/Apr/2023:01:15:19 +0000] "GET /sitemap_index.xml HTTP/1.1" 404 1212 "-" "Mozilla/5.0 AppleWebKit/537.36 (KHTML, like Gecko; compatible; bingbot/2.0; +http://www.bing.com/bingbot.htm) Chrome/103.0.5060.134 Safari/537.36"
52.167.144.58 - - [05/Apr/2023:01:19:03 +0000] "GET /atom.xml HTTP/1.1" 404 1212 "-" "Mozilla/5.0 AppleWebKit/537.36 (KHTML, like Gecko; compatible; bingbot/2.0; +http://www.bing.com/bingbot.htm) Chrome/103.0.5060.134 Safari/537.36"
40.77.167.249 - - [05/Apr/2023:01:23:13 +0000] "GET /sitemap.xml HTTP/1.1" 404 188 "-" "Mozilla/5.0 AppleWebKit/537.36 (KHTML, like Gecko; compatible; bingbot/2.0; +http://www.bing.com/bingbot.htm) Chrome/103.0.5060.134 Safari/537.36"
52.167.144.58 - - [05/Apr/2023:01:23:22 +0000] "GET /sitemap.xml HTTP/1.1" 404 188 "-" "Mozilla/5.0 AppleWebKit/537.36 (KHTML, like Gecko; compatible; bingbot/2.0; +http://www.bing.com/bingbot.htm) Chrome/103.0.5060.134 Safari/537.36"
52.167.144.58 - - [05/Apr/2023:01:24:15 +0000] "GET /sitemap_index.xml HTTP/1.1" 404 188 "-" "Mozilla/5.0 AppleWebKit/537.36 (KHTML, like Gecko; compatible; bingbot/2.0; +http://www.bing.com/bingbot.htm) Chrome/103.0.5060.134 Safari/537.36"
207.46.13.220 - - [05/Apr/2023:01:25:00 +0000] "GET / HTTP/1.1" 301 169 "-" "Mozilla/5.0 AppleWebKit/537.36 (KHTML, like Gecko; compatible; bingbot/2.0; +http://www.bing.com/bingbot.htm) Chrome/103.0.5060.134 Safari/537.36"
176.97.210.122 - - [05/Apr/2023:01:25:28 +0000] "GET / HTTP/1.1" 200 130913 "http://208.76.222.31:80/left.html" "Mozilla/5.0 (X11; Ubuntu; Linux x86_64; rv:77.0) Gecko/20100101 Firefox/77.0"
52.167.144.77 - - [05/Apr/2023:01:25:53 +0000] "GET /sitemap.xml HTTP/1.1" 404 188 "-" "Mozilla/5.0 AppleWebKit/537.36 (KHTML, like Gecko; compatible; bingbot/2.0; +http://www.bing.com/bingbot.htm) Chrome/103.0.5060.134 Safari/537.36"
52.167.144.58 - - [05/Apr/2023:01:27:13 +0000] "GET /sitemap.xml HTTP/1.1" 404 188 "-" "Mozilla/5.0 AppleWebKit/537.36 (KHTML, like Gecko; compatible; bingbot/2.0; +http://www.bing.com/bingbot.htm) Chrome/103.0.5060.134 Safari/537.36"
143.110.222.166 - - [05/Apr/2023:01:27:48 +0000] "GET / HTTP/1.1" 200 415740 "-" "Mozilla/5.0 (iPhone; CPU iPhone OS 16_1 like Mac OS X) AppleWebKit/605.1.15 (KHTML, like Gecko) Version/16.1 Mobile/15E148 Safari/604.1"
40.77.167.184 - - [05/Apr/2023:01:27:57 +0000] "GET /robots.txt HTTP/1.1" 404 188 "-" "Mozilla/5.0 AppleWebKit/537.36 (KHTML, like Gecko; compatible; bingbot/2.0; +http://www.bing.com/bingbot.htm) Chrome/103.0.5060.134 Safari/537.36"
207.46.13.217 - - [05/Apr/2023:01:28:00 +0000] "GET / HTTP/1.1" 200 605 "-" "Mozilla/5.0 AppleWebKit/537.36 (KHTML, like Gecko; compatible; bingbot/2.0; +http://www.bing.com/bingbot.htm) Chrome/103.0.5060.134 Safari/537.36"
64.62.197.164 - - [05/Apr/2023:01:28:52 +0000] "GET / HTTP/1.1" 200 1583 "-" "Mozilla/5.0 (Windows NT 10.0; Win64; x64) AppleWebKit/537.36 (KHTML, like Gecko) Chrome/108.0.0.0 Safari/537.36 OPR/94.0.0.0 (Edition Yx GX)"
52.167.144.26 - - [05/Apr/2023:01:29:10 +0000] "GET /atom.xml HTTP/1.1" 404 188 "-" "Mozilla/5.0 AppleWebKit/537.36 (KHTML, like Gecko; compatible; bingbot/2.0; +http://www.bing.com/bingbot.htm) Chrome/103.0.5060.134 Safari/537.36"
52.167.144.26 - - [05/Apr/2023:01:31:30 +0000] "GET / HTTP/1.1" 301 169 "-" "Mozilla/5.0 AppleWebKit/537.36 (KHTML, like Gecko; compatible; bingbot/2.0; +http://www.bing.com/bingbot.htm) Chrome/103.0.5060.134 Safari/537.36"
64.62.197.163 - - [05/Apr/2023:01:35:04 +0000] "GET /favicon.ico HTTP/1.1" 200 15406 "-" "Mozilla/5.0 (Windows NT 10.0; Win64; x64) AppleWebKit/537.36 (KHTML, like Gecko) Chrome/110.0.0.0 Safari/537.36 Edg/110.0.1587.41"
64.62.197.159 - - [05/Apr/2023:01:36:37 +0000] "GET / HTTP/1.1" 200 1583 "-" "Mozilla/5.0 (Windows NT 10.0; Win64; x64) AppleWebKit/537.36 (KHTML, like Gecko) Chrome/108.0.0.0 Safari/537.36 OPR/94.0.0.0 (Edition Yx GX)"
64.62.197.166 - - [05/Apr/2023:01:39:31 +0000] "GET /geoserver/web/ HTTP/1.1" 404 125 "-" "Mozilla/5.0 (Macintosh; Intel Mac OS X 10_15_7) AppleWebKit/605.1.15 (KHTML, like Gecko) Version/16.1 Safari/605.1.15"
205.210.31.46 - - [05/Apr/2023:01:39:53 +0000] "GET / HTTP/1.1" 301 169 "-" "Expanse, a Palo Alto Networks company, searches across the global IPv4 space multiple times per day to identify customers&#39; presences on the Internet. If you would like to be excluded from our scans, please send IP addresses/domains to: scaninfo@paloaltonetworks.com"
64.62.197.153 - - [05/Apr/2023:01:41:55 +0000] "GET /.git/config HTTP/1.1" 404 188 "-" "Mozilla/5.0 (Windows NT 10.0; Win64; x64) AppleWebKit/537.36 (KHTML, like Gecko) Chrome/109.0.0.0 Safari/537.36 Edg/109.0.1518.78"
52.167.144.77 - - [05/Apr/2023:01:56:57 +0000] "GET / HTTP/1.1" 200 1029 "-" "Mozilla/5.0 AppleWebKit/537.36 (KHTML, like Gecko; compatible; bingbot/2.0; +http://www.bing.com/bingbot.htm) Chrome/103.0.5060.134 Safari/537.36"
83.13.147.57 - - [05/Apr/2023:02:09:53 +0000] "GET / HTTP/1.1" 200 109809 "-" "Mozilla/5.0 (Windows NT 10.0; WOW64) AppleWebKit/537.36 (KHTML, like Gecko) Chrome/51.0.2704.103 Safari/537.36"
2001:470:1:332::69 - - [05/Apr/2023:02:12:39 +0000] "GET / HTTP/1.1" 200 1583 "-" "Mozilla/5.0 (Windows NT 10.0; Win64; x64) AppleWebKit/537.36 (KHTML, like Gecko) Chrome/110.0.0.0 Safari/537.36 Edg/110.0.1587.57"
2001:470:1:332::71 - - [05/Apr/2023:02:16:21 +0000] "GET /favicon.ico HTTP/1.1" 200 15406 "-" "Mozilla/5.0 (Windows NT 10.0; WOW64) AppleWebKit/537.36 (KHTML, like Gecko) Chrome/109.0.0.0 Safari/537.36"
2001:470:1:332::6b - - [05/Apr/2023:02:16:42 +0000] "GET / HTTP/1.1" 200 1583 "-" "Mozilla/5.0 (Windows NT 10.0; Win64; x64) AppleWebKit/537.36 (KHTML, like Gecko) Chrome/110.0.0.0 Safari/537.36 Edg/110.0.1587.57"
52.167.144.26 - - [05/Apr/2023:02:17:45 +0000] "GET / HTTP/1.1" 301 169 "-" "Mozilla/5.0 AppleWebKit/537.36 (KHTML, like Gecko; compatible; bingbot/2.0; +http://www.bing.com/bingbot.htm) Chrome/103.0.5060.134 Safari/537.36"
216.218.206.66 - - [05/Apr/2023:02:21:23 +0000] "GET / HTTP/1.1" 200 218718 "-" "Mozilla/5.0 (Macintosh; Intel Mac OS X 10_15_7) AppleWebKit/537.36 (KHTML, like Gecko) Chrome/110.0.0.0 Safari/537.36"
216.218.206.66 - - [05/Apr/2023:02:23:34 +0000] "GET /favicon.ico HTTP/1.1" 404 0 "-" "Mozilla/5.0 (Windows NT 10.0; Win64; x64) AppleWebKit/537.36 (KHTML, like Gecko) Chrome/108.0.0.0 YaBrowser/23.1.2.987 Yowser/2.5 Safari/537.36"
34.78.38.154 - - [05/Apr/2023:02:23:54 +0000] "GET / HTTP/1.1" 200 1583 "-" "python-requests/2.28.2"
216.218.206.66 - - [05/Apr/2023:02:24:15 +0000] "GET /geoserver/web/ HTTP/1.1" 404 0 "-" "Mozilla/5.0 (Macintosh; Intel Mac OS X 10_15_7) AppleWebKit/537.36 (KHTML, like Gecko) Chrome/110.0.0.0 Safari/537.36"
52.167.144.58 - - [05/Apr/2023:02:26:20 +0000] "GET / HTTP/1.1" 200 1970 "-" "Mozilla/5.0 AppleWebKit/537.36 (KHTML, like Gecko; compatible; bingbot/2.0; +http://www.bing.com/bingbot.htm) Chrome/103.0.5060.134 Safari/537.36"
143.110.222.166 - - [05/Apr/2023:02:27:05 +0000] "GET / HTTP/1.1" 200 415740 "-" "Mozilla/5.0 (iPhone; CPU iPhone OS 16_1 like Mac OS X) AppleWebKit/605.1.15 (KHTML, like Gecko) Version/16.1 Mobile/15E148 Safari/604.1"
192.241.218.17 - - [05/Apr/2023:02:28:05 +0000] "GET /actuator/health HTTP/1.1" 404 0 "-" "Mozilla/5.0 zgrab/0.x"
40.77.167.249 - - [05/Apr/2023:02:30:49 +0000] "GET / HTTP/1.1" 200 587 "-" "Mozilla/5.0 AppleWebKit/537.36 (KHTML, like Gecko; compatible; bingbot/2.0; +http://www.bing.com/bingbot.htm) Chrome/103.0.5060.134 Safari/537.36"
162.142.125.11 - - [05/Apr/2023:02:42:18 +0000] "GET / HTTP/1.1" 200 130081 "-" "-"
162.142.125.11 - - [05/Apr/2023:02:42:18 +0000] "GET / HTTP/1.1" 200 361718 "-" "Mozilla/5.0 (compatible; CensysInspect/1.1; +https://about.censys.io/)"
162.142.125.11 - - [05/Apr/2023:02:42:18 +0000] "PRI * HTTP/2.0" 400 157 "-" "-"
162.142.125.11 - - [05/Apr/2023:02:42:18 +0000] "GET /favicon.png HTTP/1.1" 200 17440 "-" "Mozilla/5.0 (compatible; CensysInspect/1.1; +https://about.censys.io/)"
162.142.125.11 - - [05/Apr/2023:02:42:19 +0000] "GET /apple-touch-icon.png HTTP/1.1" 200 15195 "-" "Mozilla/5.0 (compatible; CensysInspect/1.1; +https://about.censys.io/)"
162.142.125.11 - - [05/Apr/2023:02:42:19 +0000] "GET /favicon.ico HTTP/1.1" 404 0 "-" "Mozilla/5.0 (compatible; CensysInspect/1.1; +https://about.censys.io/)"
152.89.196.54 - - [05/Apr/2023:02:53:01 +0000] "GET /?XDEBUG_SESSION_START=phpstorm HTTP/1.1" 200 415724 "-" "Mozilla/5.0 (Windows NT 10.0; Win64; x64) AppleWebKit/537.36 (KHTML, like Gecko) Chrome/78.0.3904.108 Safari/537.36"
45.56.100.153 - - [05/Apr/2023:02:55:31 +0000] "\x16\x03\x00\x00i\x01\x00\x00e\x03\x03U\x1C\xA7\xE4random1random2random3random4\x00\x00\x0C\x00/\x00" 400 157 "-" "-"
45.56.100.153 - - [05/Apr/2023:02:55:31 +0000] "GET /OlIX HTTP/1.1" 404 0 "-" "Mozilla/5.0 (compatible; Nmap Scripting Engine; https://nmap.org/book/nse.html)"
45.56.100.153 - - [05/Apr/2023:02:55:31 +0000] "GET /PISq HTTP/1.1" 404 0 "-" "Mozilla/5.0 (compatible; Nmap Scripting Engine; https://nmap.org/book/nse.html)"
45.33.109.190 - - [05/Apr/2023:02:55:31 +0000] "GET /nGST HTTP/1.1" 404 153 "-" "Mozilla/5.0 (compatible; Nmap Scripting Engine; https://nmap.org/book/nse.html)"
45.33.109.190 - - [05/Apr/2023:02:55:32 +0000] "GET /TMmO HTTP/1.1" 404 153 "-" "Mozilla/5.0 (compatible; Nmap Scripting Engine; https://nmap.org/book/nse.html)"
179.43.177.242 - - [05/Apr/2023:03:10:16 +0000] "POST /boaform/admin/formLogin HTTP/1.1" 404 0 "http://208.76.222.31:80/admin/login.asp" "Mozilla/5.0 (X11; Ubuntu; Linux x86_64; rv:71.0) Gecko/20100101 Firefox/71.0"
179.43.177.242 - - [05/Apr/2023:03:10:16 +0000] "" 400 0 "-" "-"
157.245.56.149 - - [05/Apr/2023:03:19:40 +0000] "\x16\x03\x01\x00{\x01\x00\x00w\x03\x03\x1D,\xC4!\xCA\xB1\x1FC\xFD\xE0\xB8!<\xE1\x07\xF6A_X5T?\xE8\x00\x09\xC0\x81\x91\xDA|GW\x00\x00\x1A\xC0/\xC0+\xC0\x11\xC0\x07\xC0\x13\xC0\x09\xC0\x14\xC0" 400 157 "-" "-"
157.245.56.149 - - [05/Apr/2023:03:19:40 +0000] "\x16\x03\x01\x00{\x01\x00\x00w\x03\x03\x05\x15Gd\xA4\xEA\x996\xCB\xBC\xCF.\xFE\x83\xA9\x9FM4\xD2#\xEA\x0EX\x9E\x90\xAE\x01H\x89\xCA\x06<\x00\x00\x1A\xC0/\xC0+\xC0\x11\xC0\x07\xC0\x13\xC0\x09\xC0\x14\xC0" 400 157 "-" "-"
157.245.56.149 - - [05/Apr/2023:03:19:41 +0000] "GET / HTTP/1.1" 200 415740 "-" "Mozilla/5.0 (Windows NT 10.0; Win64; x64) AppleWebKit/537.36 (KHTML, like Gecko) Chrome/108.0.0.0 Safari/537.36"
157.245.56.149 - - [05/Apr/2023:03:19:41 +0000] "GET /client/get_targets HTTP/1.1" 404 0 "-" "Mozilla/5.0 (Windows NT 10.0; Win64; x64) AppleWebKit/537.36 (KHTML, like Gecko) Chrome/108.0.0.0 Safari/537.36"
157.245.56.149 - - [05/Apr/2023:03:19:41 +0000] "GET /upl.php HTTP/1.1" 404 0 "-" "Mozilla/5.0"
157.245.56.149 - - [05/Apr/2023:03:19:42 +0000] "\x16\x03\x01\x00{\x01\x00\x00w\x03\x03<&2\x1E\xA0P\xFDO\xE9\xC7>\x9B~\x09\xF0F\xF2\xA5\xA0\x102\xE8B\xCF?\x85<\xACkQ\x9Fq\x00\x00\x1A\xC0/\xC0+\xC0\x11\xC0\x07\xC0\x13\xC0\x09\xC0\x14\xC0" 400 157 "-" "-"
157.245.56.149 - - [05/Apr/2023:03:19:42 +0000] "GET /geoip/ HTTP/1.1" 404 0 "-" "Mozilla/5.0 (Windows NT 10.0; Win64; x64) AppleWebKit/537.36 (KHTML, like Gecko) Chrome/108.0.0.0 Safari/537.36"
40.77.167.184 - - [05/Apr/2023:03:19:43 +0000] "GET /robots.txt HTTP/1.1" 404 188 "-" "Mozilla/5.0 AppleWebKit/537.36 (KHTML, like Gecko; compatible; bingbot/2.0; +http://www.bing.com/bingbot.htm) Chrome/103.0.5060.134 Safari/537.36"
157.245.56.149 - - [05/Apr/2023:03:19:43 +0000] "GET / HTTP/1.1" 200 415740 "-" "Mozilla/5.0 (iPhone; CPU iPhone OS 13_3_1 like Mac OS X) AppleWebKit/605.1.15 (KHTML, like Gecko) Version/13.0.5 Mobile/15E148 Snapchat/10.77.0.54 (like Safari/604.1)"
157.245.56.149 - - [05/Apr/2023:03:19:43 +0000] "GET /favicon.ico HTTP/1.1" 404 0 "-" "Mozilla/5.0 (Windows NT 10.0; Win64; x64) AppleWebKit/537.36 (KHTML, like Gecko) Chrome/108.0.0.0 Safari/537.36"
207.46.13.220 - - [05/Apr/2023:03:19:51 +0000] "GET / HTTP/1.1" 200 865 "-" "Mozilla/5.0 AppleWebKit/537.36 (KHTML, like Gecko; compatible; bingbot/2.0; +http://www.bing.com/bingbot.htm) Chrome/103.0.5060.134 Safari/537.36"
143.110.222.166 - - [05/Apr/2023:03:25:48 +0000] "GET / HTTP/1.1" 200 415740 "-" "Mozilla/5.0 (iPhone; CPU iPhone OS 16_1 like Mac OS X) AppleWebKit/605.1.15 (KHTML, like Gecko) Version/16.1 Mobile/15E148 Safari/604.1"
193.32.162.159 - - [05/Apr/2023:03:27:14 +0000] "GET / HTTP/1.1" 200 415717 "-" "Mozilla/5.0 (Windows NT 10.0; Win64; x64) AppleWebKit/537.36 (KHTML, like Gecko) Chrome/90.0.4430.85 Safari/537.36 Edg/90.0.818.46"
193.32.162.159 - - [05/Apr/2023:03:27:23 +0000] "GET /dispatch.asp HTTP/1.1" 404 0 "-" "Mozilla/5.0 (Windows NT 10.0; Win64; x64) AppleWebKit/537.36 (KHTML, like Gecko) Chrome/90.0.4430.85 Safari/537.36 Edg/90.0.818.46"
92.118.39.82 - - [05/Apr/2023:03:37:01 +0000] "GET / HTTP/1.1" 200 124289 "-" "-"
92.118.39.82 - - [05/Apr/2023:03:37:02 +0000] "GET /cgi-bin/downloadFlile.cgi HTTP/1.1" 404 0 "-" "Hello World"
54.36.148.11 - - [05/Apr/2023:03:39:37 +0000] "GET /posts/pseudopost-1/pseudopost-1.html HTTP/1.1" 200 2695 "-" "Mozilla/5.0 (compatible; AhrefsBot/7.0; +http://ahrefs.com/robot/)"
54.36.148.244 - - [05/Apr/2023:03:39:43 +0000] "GET /posts/pseudopost-1/images/tweety.gif HTTP/1.1" 200 8392 "-" "Mozilla/5.0 (compatible; AhrefsBot/7.0; +http://ahrefs.com/robot/)"
54.36.148.9 - - [05/Apr/2023:03:39:43 +0000] "GET /posts/pseudopost-1/images/mouse.gif HTTP/1.1" 200 16506 "-" "Mozilla/5.0 (compatible; AhrefsBot/7.0; +http://ahrefs.com/robot/)"
117.208.102.120 - - [05/Apr/2023:03:57:11 +0000] "GET / HTTP/1.1" 200 2826140 "-" "Mozilla/5.0 (Macintosh; Intel Mac OS X 10_11_6) AppleWebKit/601.7.7 (KHTML, like Gecko) Version/9.1.2 Safari/601.7.7"
193.233.21.120 - - [05/Apr/2023:04:02:10 +0000] "\x03\x00\x00/*\xE0\x00\x00\x00\x00\x00Cookie: mstshash=Administr" 400 157 "-" "-"
157.245.176.143 - - [05/Apr/2023:04:06:47 +0000] "SSTP_DUPLEX_POST /sra_{BA195980-CD49-458b-9E23-C84EE0ADCD75}/ HTTP/1.1" 400 157 "-" "-"
193.233.21.120 - - [05/Apr/2023:04:08:06 +0000] "\x03\x00\x00/*\xE0\x00\x00\x00\x00\x00Cookie: mstshash=Administr" 400 157 "-" "-"
152.89.196.54 - - [05/Apr/2023:04:11:35 +0000] "GET /actuator/gateway/routes HTTP/1.1" 404 0 "-" "Mozilla/5.0 (Windows NT 10.0; Win64; x64) AppleWebKit/537.36 (KHTML, like Gecko) Chrome/78.0.3904.108 Safari/537.36"
77.83.36.23 - - [05/Apr/2023:04:12:35 +0000] "SSH-2.0-libssh2_1.10.0" 400 157 "-" "-"
77.83.36.23 - - [05/Apr/2023:04:12:35 +0000] "SSH-2.0-libssh2_1.10.0" 400 157 "-" "-"
143.110.222.166 - - [05/Apr/2023:04:25:09 +0000] "GET / HTTP/1.1" 200 415740 "-" "Mozilla/5.0 (iPhone; CPU iPhone OS 16_1 like Mac OS X) AppleWebKit/605.1.15 (KHTML, like Gecko) Version/16.1 Mobile/15E148 Safari/604.1"
52.167.144.26 - - [05/Apr/2023:04:28:36 +0000] "GET / HTTP/1.1" 200 3489 "-" "Mozilla/5.0 AppleWebKit/537.36 (KHTML, like Gecko; compatible; bingbot/2.0; +http://www.bing.com/bingbot.htm) Chrome/103.0.5060.134 Safari/537.36"
90.151.171.106 - - [05/Apr/2023:04:35:26 +0000] "CONNECT fingerprints.bablosoft.com:443 HTTP/1.1" 400 157 "-" "-"
90.151.171.106 - - [05/Apr/2023:04:35:31 +0000] "\x04\x01\x00P\xA2\x13\xA9\x0B0\x00" 400 157 "-" "-"
90.151.171.106 - - [05/Apr/2023:04:35:36 +0000] "GET http://fingerprints.bablosoft.com/ip?Z77258964943Q1 HTTP/1.1" 404 0 "https://google.com/" "Mozilla/5.0 (Windows NT 6.1; rv:16.0) Gecko/20100101 Firefox/16.0 (+https://best-proxies.ru/faq/#from)"
90.151.171.106 - - [05/Apr/2023:04:35:41 +0000] "\x05\x01\x00" 400 157 "-" "-"
152.32.135.231 - - [05/Apr/2023:04:45:42 +0000] "GET / HTTP/1.1" 301 169 "-" "Mozilla/5.0 (Windows NT 6.1) AppleWebKit/537.36 (KHTML, like Gecko) Chrome/49.0.2623.112 Safari/537.36"
152.32.135.231 - - [05/Apr/2023:04:45:44 +0000] "GET / HTTP/1.1" 200 5937 "-" "Mozilla/5.0 (Windows NT 6.1) AppleWebKit/537.36 (KHTML, like Gecko) Chrome/49.0.2623.112 Safari/537.36"
154.89.5.45 - - [05/Apr/2023:04:47:10 +0000] "GET / HTTP/1.1" 301 169 "-" "Mozilla/5.0 (Windows NT 6.1) AppleWebKit/537.36 (KHTML, like Gecko) Chrome/49.0.2623.112 Safari/537.36"
198.235.24.17 - - [05/Apr/2023:04:51:02 +0000] "GET / HTTP/1.1" 200 2826140 "-" "Expanse, a Palo Alto Networks company, searches across the global IPv4 space multiple times per day to identify customers&#39; presences on the Internet. If you would like to be excluded from our scans, please send IP addresses/domains to: scaninfo@paloaltonetworks.com"
162.142.125.224 - - [05/Apr/2023:04:52:27 +0000] "GET / HTTP/1.1" 200 5190 "-" "-"
162.142.125.224 - - [05/Apr/2023:04:52:27 +0000] "GET / HTTP/1.1" 200 865 "-" "Mozilla/5.0 (compatible; CensysInspect/1.1; +https://about.censys.io/)"
162.142.125.224 - - [05/Apr/2023:04:52:28 +0000] "PRI * HTTP/2.0" 400 157 "-" "-"
2620:96:e000:b0cc:e:2:7:7 - - [05/Apr/2023:04:52:28 +0000] "GET /favicon.ico HTTP/1.1" 200 15406 "-" "Mozilla/5.0 (compatible; CensysInspect/1.1; +https://about.censys.io/)"
31.43.185.8 - - [05/Apr/2023:04:58:03 +0000] "\x03\x00\x00/*\xE0\x00\x00\x00\x00\x00Cookie: mstshash=Administr" 400 157 "-" "-"
162.243.146.35 - - [05/Apr/2023:05:04:32 +0000] "GET / HTTP/1.1" 400 255 "-" "Mozilla/5.0 zgrab/0.x"
207.46.13.220 - - [05/Apr/2023:05:07:32 +0000] "GET / HTTP/1.1" 301 169 "-" "Mozilla/5.0 AppleWebKit/537.36 (KHTML, like Gecko; compatible; bingbot/2.0; +http://www.bing.com/bingbot.htm) Chrome/103.0.5060.134 Safari/537.36"
31.43.185.8 - - [05/Apr/2023:05:07:43 +0000] "\x03\x00\x00/*\xE0\x00\x00\x00\x00\x00Cookie: mstshash=Administr" 400 157 "-" "-"
207.46.13.217 - - [05/Apr/2023:05:12:31 +0000] "GET /atom.xml HTTP/1.1" 404 188 "-" "Mozilla/5.0 AppleWebKit/537.36 (KHTML, like Gecko; compatible; bingbot/2.0; +http://www.bing.com/bingbot.htm) Chrome/103.0.5060.134 Safari/537.36"
52.167.144.58 - - [05/Apr/2023:05:13:35 +0000] "GET /sitemap.xml.gz HTTP/1.1" 404 188 "-" "Mozilla/5.0 AppleWebKit/537.36 (KHTML, like Gecko; compatible; bingbot/2.0; +http://www.bing.com/bingbot.htm) Chrome/103.0.5060.134 Safari/537.36"
40.77.167.184 - - [05/Apr/2023:05:15:43 +0000] "GET /robots.txt HTTP/1.1" 404 188 "-" "Mozilla/5.0 AppleWebKit/537.36 (KHTML, like Gecko; compatible; bingbot/2.0; +http://www.bing.com/bingbot.htm) Chrome/103.0.5060.134 Safari/537.36"
40.77.167.184 - - [05/Apr/2023:05:15:43 +0000] "GET /robots.txt HTTP/1.1" 404 188 "-" "Mozilla/5.0 AppleWebKit/537.36 (KHTML, like Gecko; compatible; bingbot/2.0; +http://www.bing.com/bingbot.htm) Chrome/103.0.5060.134 Safari/537.36"
52.167.144.77 - - [05/Apr/2023:05:15:44 +0000] "GET /sitemap.xml HTTP/1.1" 404 188 "-" "Mozilla/5.0 AppleWebKit/537.36 (KHTML, like Gecko; compatible; bingbot/2.0; +http://www.bing.com/bingbot.htm) Chrome/103.0.5060.134 Safari/537.36"
130.211.82.238 - - [05/Apr/2023:05:16:56 +0000] "GET / HTTP/1.1" 200 130913 "-" "python-requests/2.28.2"
171.244.49.8 - - [05/Apr/2023:05:25:26 +0000] "GET /wp-login.php HTTP/1.1" 301 169 "-" "Mozilla/5.0 (Windows NT 10.0; Win64; x64; rv:96.0) Gecko/20100101 Firefox/96"
171.244.49.8 - - [05/Apr/2023:05:25:27 +0000] "GET /wp-login.php HTTP/1.1" 404 125 "http://photos.pseudot.org/wp-login.php" "Mozilla/5.0 (Windows NT 10.0; Win64; x64; rv:96.0) Gecko/20100101 Firefox/96"
143.110.222.166 - - [05/Apr/2023:05:26:21 +0000] "GET / HTTP/1.1" 200 415749 "-" "Mozilla/5.0 (iPhone; CPU iPhone OS 16_1 like Mac OS X) AppleWebKit/605.1.15 (KHTML, like Gecko) Version/16.1 Mobile/15E148 Safari/604.1"
185.189.182.234 - - [05/Apr/2023:05:27:44 +0000] "GET / HTTP/1.1" 400 157 "-" "-"
167.248.133.49 - - [05/Apr/2023:05:35:52 +0000] "GET / HTTP/1.1" 200 5190 "-" "-"
167.248.133.49 - - [05/Apr/2023:05:35:52 +0000] "GET / HTTP/1.1" 200 1583 "-" "Mozilla/5.0 (compatible; CensysInspect/1.1; +https://about.censys.io/)"
167.248.133.49 - - [05/Apr/2023:05:35:53 +0000] "PRI * HTTP/2.0" 400 157 "-" "-"
2602:80d:1000:b0cc:e:2:6:2 - - [05/Apr/2023:05:35:53 +0000] "GET /favicon.ico HTTP/1.1" 200 15406 "-" "Mozilla/5.0 (compatible; CensysInspect/1.1; +https://about.censys.io/)"
193.32.162.159 - - [05/Apr/2023:05:43:29 +0000] "GET / HTTP/1.1" 200 415717 "-" "Mozilla/5.0 (Windows NT 10.0; Win64; x64) AppleWebKit/537.36 (KHTML, like Gecko) Chrome/90.0.4430.85 Safari/537.36 Edg/90.0.818.46"
193.32.162.159 - - [05/Apr/2023:05:43:39 +0000] "GET /dispatch.asp HTTP/1.1" 404 0 "-" "Mozilla/5.0 (Windows NT 10.0; Win64; x64) AppleWebKit/537.36 (KHTML, like Gecko) Chrome/90.0.4430.85 Safari/537.36 Edg/90.0.818.46"
52.167.144.26 - - [05/Apr/2023:05:44:35 +0000] "GET / HTTP/1.1" 200 3489 "-" "Mozilla/5.0 AppleWebKit/537.36 (KHTML, like Gecko; compatible; bingbot/2.0; +http://www.bing.com/bingbot.htm) Chrome/103.0.5060.134 Safari/537.36"
162.142.125.224 - - [05/Apr/2023:05:53:08 +0000] "GET / HTTP/1.1" 200 132977 "-" "-"
162.142.125.224 - - [05/Apr/2023:05:53:08 +0000] "GET / HTTP/1.1" 301 169 "-" "Mozilla/5.0 (compatible; CensysInspect/1.1; +https://about.censys.io/)"
162.142.125.224 - - [05/Apr/2023:05:53:08 +0000] "PRI * HTTP/2.0" 400 157 "-" "-"
162.142.125.224 - - [05/Apr/2023:05:53:09 +0000] "GET / HTTP/1.1" 200 865 "-" "Mozilla/5.0 (compatible; CensysInspect/1.1; +https://about.censys.io/)"
162.142.125.224 - - [05/Apr/2023:05:53:09 +0000] "PRI * HTTP/2.0" 400 157 "-" "-"
2620:96:e000:b0cc:e:2:7:7 - - [05/Apr/2023:05:53:09 +0000] "GET /favicon.ico HTTP/1.1" 200 15406 "-" "Mozilla/5.0 (compatible; CensysInspect/1.1; +https://about.censys.io/)"
198.235.24.166 - - [05/Apr/2023:06:02:35 +0000] "GET / HTTP/1.1" 200 5190 "-" "Expanse, a Palo Alto Networks company, searches across the global IPv4 space multiple times per day to identify customers&#39; presences on the Internet. If you would like to be excluded from our scans, please send IP addresses/domains to: scaninfo@paloaltonetworks.com"
157.245.56.149 - - [05/Apr/2023:06:11:40 +0000] "D_\xCA7,u\x15\xC4i\x04\xF7Y=n-[" 400 157 "-" "-"
157.245.56.149 - - [05/Apr/2023:06:11:40 +0000] "GET /ab2g HTTP/1.1" 404 125 "-" "Mozilla/5.0 zgrab/0.x"
157.245.56.149 - - [05/Apr/2023:06:11:41 +0000] "GET /ab2h HTTP/1.1" 404 125 "-" "Mozilla/5.0 zgrab/0.x"
157.245.56.149 - - [05/Apr/2023:06:11:45 +0000] "GET / HTTP/1.1" 200 1583 "-" "Mozilla/5.0 (Windows NT 10.0; Win64; x64) AppleWebKit/537.36 (KHTML, like Gecko) Chrome/108.0.0.0 Safari/537.36"
157.245.56.149 - - [05/Apr/2023:06:11:46 +0000] "GET / HTTP/1.1" 400 657 "-" "Mozilla/5.0 (Windows NT 10.0; Win64; x64) AppleWebKit/537.36 (KHTML, like Gecko) Chrome/108.0.0.0 Safari/537.36"
157.245.56.149 - - [05/Apr/2023:06:11:46 +0000] "GET /private/api/v1/service/premaster HTTP/1.1" 400 657 "-" "Mozilla/5.0 (Windows NT 10.0; Win64; x64) AppleWebKit/537.36 (KHTML, like Gecko) Chrome/108.0.0.0 Safari/537.36"
157.245.56.149 - - [05/Apr/2023:06:11:47 +0000] "GET /t4 HTTP/1.1" 404 125 "-" "Mozilla/5.0"
157.245.56.149 - - [05/Apr/2023:06:11:48 +0000] "GET /favicon.ico HTTP/1.1" 200 15406 "-" "Mozilla/5.0 (Windows NT 10.0; Win64; x64) AppleWebKit/537.36 (KHTML, like Gecko) Chrome/108.0.0.0 Safari/537.36"
143.110.222.166 - - [05/Apr/2023:06:25:37 +0000] "GET / HTTP/1.1" 200 415740 "-" "Mozilla/5.0 (iPhone; CPU iPhone OS 16_1 like Mac OS X) AppleWebKit/605.1.15 (KHTML, like Gecko) Version/16.1 Mobile/15E148 Safari/604.1"
146.70.166.232 - - [05/Apr/2023:06:33:54 +0000] "GET / HTTP/1.1" 200 587 "-" "Go-http-client/1.1"
179.43.177.242 - - [05/Apr/2023:06:37:54 +0000] "GET / HTTP/1.1" 200 2826140 "-" "Hello World"
180.149.125.170 - - [05/Apr/2023:06:51:57 +0000] "GET /stalker_portal/server/tools/auth_simple.php HTTP/1.1" 404 0 "-" "Mozilla/5.0 (Windows NT 5.1; Win64; x64) AppleWebKit/537.36 (KHTML, like Gecko) Chrome/60.0.3112.90 Safari/537.36"
167.94.138.51 - - [05/Apr/2023:06:58:29 +0000] "GET / HTTP/1.1" 200 211169 "-" "-"
167.94.138.51 - - [05/Apr/2023:06:58:29 +0000] "GET / HTTP/1.1" 301 169 "-" "Mozilla/5.0 (compatible; CensysInspect/1.1; +https://about.censys.io/)"
167.94.138.51 - - [05/Apr/2023:06:58:29 +0000] "PRI * HTTP/2.0" 400 157 "-" "-"
167.94.138.51 - - [05/Apr/2023:06:58:29 +0000] "GET / HTTP/1.1" 200 1583 "-" "Mozilla/5.0 (compatible; CensysInspect/1.1; +https://about.censys.io/)"
167.94.138.51 - - [05/Apr/2023:06:58:30 +0000] "PRI * HTTP/2.0" 400 157 "-" "-"
167.94.138.51 - - [05/Apr/2023:06:58:30 +0000] "GET /favicon.ico HTTP/1.1" 200 15406 "-" "Mozilla/5.0 (compatible; CensysInspect/1.1; +https://about.censys.io/)"
2a01:cb09:801f:6871:30f3:d329:62a9:2fb5 - - [05/Apr/2023:07:05:12 +0000] "GET /searx/search?q=ion%20iliescu HTTP/1.1" 200 9018 "-" "Mozilla/5.0 (iPhone; CPU iPhone OS 16_1 like Mac OS X) AppleWebKit/605.1.15 (KHTML, like Gecko) FxiOS/111 Mobile/15E148 Version/15.0"
2a01:cb09:801f:6871:30f3:d329:62a9:2fb5 - - [05/Apr/2023:07:05:12 +0000] "GET /searx/static/themes/oscar/css/bootstrap.min.css HTTP/1.1" 200 125509 "-" "Mozilla/5.0 (iPhone; CPU iPhone OS 16_1 like Mac OS X) AppleWebKit/605.1.15 (KHTML, like Gecko) FxiOS/111 Mobile/15E148 Version/15.0"
2a01:cb09:801f:6871:30f3:d329:62a9:2fb5 - - [05/Apr/2023:07:05:12 +0000] "GET /searx/static/themes/oscar/css/logicodev-dark.min.css HTTP/1.1" 200 17731 "-" "Mozilla/5.0 (iPhone; CPU iPhone OS 16_1 like Mac OS X) AppleWebKit/605.1.15 (KHTML, like Gecko) FxiOS/111 Mobile/15E148 Version/15.0"
2a01:cb09:801f:6871:30f3:d329:62a9:2fb5 - - [05/Apr/2023:07:05:12 +0000] "GET /searx/static/themes/oscar/js/searx.min.js HTTP/1.1" 200 6370 "-" "Mozilla/5.0 (iPhone; CPU iPhone OS 16_1 like Mac OS X) AppleWebKit/605.1.15 (KHTML, like Gecko) FxiOS/111 Mobile/15E148 Version/15.0"
2a01:cb09:801f:6871:30f3:d329:62a9:2fb5 - - [05/Apr/2023:07:05:12 +0000] "GET /searx/static/plugins/js/search_on_category_select.js HTTP/1.1" 200 1457 "-" "Mozilla/5.0 (iPhone; CPU iPhone OS 16_1 like Mac OS X) AppleWebKit/605.1.15 (KHTML, like Gecko) FxiOS/111 Mobile/15E148 Version/15.0"
2a01:cb09:801f:6871:30f3:d329:62a9:2fb5 - - [05/Apr/2023:07:05:12 +0000] "GET /searx/static/themes/oscar/js/bootstrap.min.js HTTP/1.1" 200 39680 "-" "Mozilla/5.0 (iPhone; CPU iPhone OS 16_1 like Mac OS X) AppleWebKit/605.1.15 (KHTML, like Gecko) FxiOS/111 Mobile/15E148 Version/15.0"
2a01:cb09:801f:6871:30f3:d329:62a9:2fb5 - - [05/Apr/2023:07:05:12 +0000] "GET /searx/static/themes/oscar/js/jquery.min.js HTTP/1.1" 200 89501 "-" "Mozilla/5.0 (iPhone; CPU iPhone OS 16_1 like Mac OS X) AppleWebKit/605.1.15 (KHTML, like Gecko) FxiOS/111 Mobile/15E148 Version/15.0"
2a01:cb09:801f:6871:30f3:d329:62a9:2fb5 - - [05/Apr/2023:07:05:12 +0000] "GET /searx/static/themes/oscar/js/typeahead.bundle.min.js HTTP/1.1" 200 45062 "-" "Mozilla/5.0 (iPhone; CPU iPhone OS 16_1 like Mac OS X) AppleWebKit/605.1.15 (KHTML, like Gecko) FxiOS/111 Mobile/15E148 Version/15.0"
2a01:cb09:801f:6871:30f3:d329:62a9:2fb5 - - [05/Apr/2023:07:05:12 +0000] "GET /searx/static/themes/oscar/fonts/glyphicons-halflings-regular.woff2 HTTP/1.1" 200 18028 "-" "Mozilla/5.0 (iPhone; CPU iPhone OS 16_1 like Mac OS X) AppleWebKit/605.1.15 (KHTML, like Gecko) FxiOS/111 Mobile/15E148 Version/15.0"
2a01:cb09:801f:6871:30f3:d329:62a9:2fb5 - - [05/Apr/2023:07:05:18 +0000] "POST /searx/search HTTP/1.1" 200 16737 "-" "Mozilla/5.0 (iPhone; CPU iPhone OS 16_1 like Mac OS X) AppleWebKit/605.1.15 (KHTML, like Gecko) FxiOS/111 Mobile/15E148 Version/15.0"
2a01:cb09:801f:6871:30f3:d329:62a9:2fb5 - - [05/Apr/2023:07:05:18 +0000] "GET /searx/static/themes/oscar/css/bootstrap.min.css HTTP/1.1" 304 0 "-" "Mozilla/5.0 (iPhone; CPU iPhone OS 16_1 like Mac OS X) AppleWebKit/605.1.15 (KHTML, like Gecko) FxiOS/111 Mobile/15E148 Version/15.0"
2a01:cb09:801f:6871:30f3:d329:62a9:2fb5 - - [05/Apr/2023:07:05:18 +0000] "GET /searx/static/plugins/js/search_on_category_select.js HTTP/1.1" 304 0 "-" "Mozilla/5.0 (iPhone; CPU iPhone OS 16_1 like Mac OS X) AppleWebKit/605.1.15 (KHTML, like Gecko) FxiOS/111 Mobile/15E148 Version/15.0"
2a01:cb09:801f:6871:30f3:d329:62a9:2fb5 - - [05/Apr/2023:07:05:18 +0000] "GET /searx/static/themes/oscar/js/searx.min.js HTTP/1.1" 304 0 "-" "Mozilla/5.0 (iPhone; CPU iPhone OS 16_1 like Mac OS X) AppleWebKit/605.1.15 (KHTML, like Gecko) FxiOS/111 Mobile/15E148 Version/15.0"
2a01:cb09:801f:6871:30f3:d329:62a9:2fb5 - - [05/Apr/2023:07:05:18 +0000] "GET /searx/static/themes/oscar/js/bootstrap.min.js HTTP/1.1" 304 0 "-" "Mozilla/5.0 (iPhone; CPU iPhone OS 16_1 like Mac OS X) AppleWebKit/605.1.15 (KHTML, like Gecko) FxiOS/111 Mobile/15E148 Version/15.0"
2a01:cb09:801f:6871:30f3:d329:62a9:2fb5 - - [05/Apr/2023:07:05:18 +0000] "GET /searx/static/themes/oscar/js/jquery.min.js HTTP/1.1" 304 0 "-" "Mozilla/5.0 (iPhone; CPU iPhone OS 16_1 like Mac OS X) AppleWebKit/605.1.15 (KHTML, like Gecko) FxiOS/111 Mobile/15E148 Version/15.0"
2a01:cb09:801f:6871:30f3:d329:62a9:2fb5 - - [05/Apr/2023:07:05:18 +0000] "GET /searx/static/themes/oscar/js/typeahead.bundle.min.js HTTP/1.1" 304 0 "-" "Mozilla/5.0 (iPhone; CPU iPhone OS 16_1 like Mac OS X) AppleWebKit/605.1.15 (KHTML, like Gecko) FxiOS/111 Mobile/15E148 Version/15.0"
2a01:cb09:801f:6871:30f3:d329:62a9:2fb5 - - [05/Apr/2023:07:05:18 +0000] "GET /searx/static/themes/oscar/css/logicodev-dark.min.css HTTP/1.1" 304 0 "-" "Mozilla/5.0 (iPhone; CPU iPhone OS 16_1 like Mac OS X) AppleWebKit/605.1.15 (KHTML, like Gecko) FxiOS/111 Mobile/15E148 Version/15.0"
2a01:cb09:801f:6871:30f3:d329:62a9:2fb5 - - [05/Apr/2023:07:05:18 +0000] "GET /searx/static/themes/oscar/fonts/glyphicons-halflings-regular.woff2 HTTP/1.1" 304 0 "-" "Mozilla/5.0 (iPhone; CPU iPhone OS 16_1 like Mac OS X) AppleWebKit/605.1.15 (KHTML, like Gecko) FxiOS/111 Mobile/15E148 Version/15.0"
2a01:cb09:801f:6871:30f3:d329:62a9:2fb5 - - [05/Apr/2023:07:05:19 +0000] "GET /searx/autocompleter?q=ion%20iliescu HTTP/1.1" 200 205 "-" "Mozilla/5.0 (iPhone; CPU iPhone OS 16_1 like Mac OS X) AppleWebKit/605.1.15 (KHTML, like Gecko) FxiOS/111 Mobile/15E148 Version/15.0"
2a01:cb09:801f:6871:30f3:d329:62a9:2fb5 - - [05/Apr/2023:07:05:39 +0000] "GET /searx/autocompleter?q=ion%20iliescu%20 HTTP/1.1" 200 205 "-" "Mozilla/5.0 (iPhone; CPU iPhone OS 16_1 like Mac OS X) AppleWebKit/605.1.15 (KHTML, like Gecko) FxiOS/111 Mobile/15E148 Version/15.0"
2a01:cb09:801f:6871:30f3:d329:62a9:2fb5 - - [05/Apr/2023:07:05:40 +0000] "GET /searx/autocompleter?q=ion%20iliescu%20in%20the%20 HTTP/1.1" 200 2 "-" "Mozilla/5.0 (iPhone; CPU iPhone OS 16_1 like Mac OS X) AppleWebKit/605.1.15 (KHTML, like Gecko) FxiOS/111 Mobile/15E148 Version/15.0"
2a01:cb09:801f:6871:30f3:d329:62a9:2fb5 - - [05/Apr/2023:07:05:41 +0000] "GET /searx/autocompleter?q=ion%20iliescu%20in%20the%20189 HTTP/1.1" 200 2 "-" "Mozilla/5.0 (iPhone; CPU iPhone OS 16_1 like Mac OS X) AppleWebKit/605.1.15 (KHTML, like Gecko) FxiOS/111 Mobile/15E148 Version/15.0"
2a01:cb09:801f:6871:30f3:d329:62a9:2fb5 - - [05/Apr/2023:07:05:41 +0000] "GET /searx/autocompleter?q=ion%20iliescu%20in%20the%2018 HTTP/1.1" 200 2 "-" "Mozilla/5.0 (iPhone; CPU iPhone OS 16_1 like Mac OS X) AppleWebKit/605.1.15 (KHTML, like Gecko) FxiOS/111 Mobile/15E148 Version/15.0"
2a01:cb09:801f:6871:30f3:d329:62a9:2fb5 - - [05/Apr/2023:07:05:42 +0000] "GET /searx/autocompleter?q=ion%20iliescu%20in%20the%201 HTTP/1.1" 200 105 "-" "Mozilla/5.0 (iPhone; CPU iPhone OS 16_1 like Mac OS X) AppleWebKit/605.1.15 (KHTML, like Gecko) FxiOS/111 Mobile/15E148 Version/15.0"
2a01:cb09:801f:6871:30f3:d329:62a9:2fb5 - - [05/Apr/2023:07:05:44 +0000] "POST /searx/search HTTP/1.1" 200 14971 "-" "Mozilla/5.0 (iPhone; CPU iPhone OS 16_1 like Mac OS X) AppleWebKit/605.1.15 (KHTML, like Gecko) FxiOS/111 Mobile/15E148 Version/15.0"
2a01:cb09:801f:6871:30f3:d329:62a9:2fb5 - - [05/Apr/2023:07:05:45 +0000] "GET /searx/static/themes/oscar/css/bootstrap.min.css HTTP/1.1" 304 0 "-" "Mozilla/5.0 (iPhone; CPU iPhone OS 16_1 like Mac OS X) AppleWebKit/605.1.15 (KHTML, like Gecko) FxiOS/111 Mobile/15E148 Version/15.0"
2a01:cb09:801f:6871:30f3:d329:62a9:2fb5 - - [05/Apr/2023:07:05:45 +0000] "GET /searx/static/plugins/js/search_on_category_select.js HTTP/1.1" 304 0 "-" "Mozilla/5.0 (iPhone; CPU iPhone OS 16_1 like Mac OS X) AppleWebKit/605.1.15 (KHTML, like Gecko) FxiOS/111 Mobile/15E148 Version/15.0"
2a01:cb09:801f:6871:30f3:d329:62a9:2fb5 - - [05/Apr/2023:07:05:45 +0000] "GET /searx/static/themes/oscar/js/searx.min.js HTTP/1.1" 304 0 "-" "Mozilla/5.0 (iPhone; CPU iPhone OS 16_1 like Mac OS X) AppleWebKit/605.1.15 (KHTML, like Gecko) FxiOS/111 Mobile/15E148 Version/15.0"
2a01:cb09:801f:6871:30f3:d329:62a9:2fb5 - - [05/Apr/2023:07:05:45 +0000] "GET /searx/static/themes/oscar/css/logicodev-dark.min.css HTTP/1.1" 304 0 "-" "Mozilla/5.0 (iPhone; CPU iPhone OS 16_1 like Mac OS X) AppleWebKit/605.1.15 (KHTML, like Gecko) FxiOS/111 Mobile/15E148 Version/15.0"
2a01:cb09:801f:6871:30f3:d329:62a9:2fb5 - - [05/Apr/2023:07:05:45 +0000] "GET /searx/static/themes/oscar/js/bootstrap.min.js HTTP/1.1" 304 0 "-" "Mozilla/5.0 (iPhone; CPU iPhone OS 16_1 like Mac OS X) AppleWebKit/605.1.15 (KHTML, like Gecko) FxiOS/111 Mobile/15E148 Version/15.0"
2a01:cb09:801f:6871:30f3:d329:62a9:2fb5 - - [05/Apr/2023:07:05:45 +0000] "GET /searx/static/themes/oscar/js/typeahead.bundle.min.js HTTP/1.1" 304 0 "-" "Mozilla/5.0 (iPhone; CPU iPhone OS 16_1 like Mac OS X) AppleWebKit/605.1.15 (KHTML, like Gecko) FxiOS/111 Mobile/15E148 Version/15.0"
2a01:cb09:801f:6871:30f3:d329:62a9:2fb5 - - [05/Apr/2023:07:05:45 +0000] "GET /searx/static/themes/oscar/js/jquery.min.js HTTP/1.1" 304 0 "-" "Mozilla/5.0 (iPhone; CPU iPhone OS 16_1 like Mac OS X) AppleWebKit/605.1.15 (KHTML, like Gecko) FxiOS/111 Mobile/15E148 Version/15.0"
2a01:cb09:801f:6871:30f3:d329:62a9:2fb5 - - [05/Apr/2023:07:05:45 +0000] "GET /searx/static/themes/oscar/fonts/glyphicons-halflings-regular.woff2 HTTP/1.1" 304 0 "-" "Mozilla/5.0 (iPhone; CPU iPhone OS 16_1 like Mac OS X) AppleWebKit/605.1.15 (KHTML, like Gecko) FxiOS/111 Mobile/15E148 Version/15.0"
2a01:cb09:801f:6871:30f3:d329:62a9:2fb5 - - [05/Apr/2023:07:06:18 +0000] "GET /searx/autocompleter?q=ion%20iliescu%20in%20the%201990 HTTP/1.1" 200 64 "-" "Mozilla/5.0 (iPhone; CPU iPhone OS 16_1 like Mac OS X) AppleWebKit/605.1.15 (KHTML, like Gecko) FxiOS/111 Mobile/15E148 Version/15.0"
2a01:cb09:801f:6871:30f3:d329:62a9:2fb5 - - [05/Apr/2023:07:06:24 +0000] "GET /searx/autocompleter?q=ion%20iliescu%20in%20the%20199 HTTP/1.1" 200 64 "-" "Mozilla/5.0 (iPhone; CPU iPhone OS 16_1 like Mac OS X) AppleWebKit/605.1.15 (KHTML, like Gecko) FxiOS/111 Mobile/15E148 Version/15.0"
2a01:cb09:801f:6871:30f3:d329:62a9:2fb5 - - [05/Apr/2023:07:06:26 +0000] "GET /searx/autocompleter?q=i HTTP/1.1" 200 117 "-" "Mozilla/5.0 (iPhone; CPU iPhone OS 16_1 like Mac OS X) AppleWebKit/605.1.15 (KHTML, like Gecko) FxiOS/111 Mobile/15E148 Version/15.0"
2a01:cb09:801f:6871:30f3:d329:62a9:2fb5 - - [05/Apr/2023:07:07:08 +0000] "GET /searx/autocompleter?q=Mihael HTTP/1.1" 200 201 "-" "Mozilla/5.0 (iPhone; CPU iPhone OS 16_1 like Mac OS X) AppleWebKit/605.1.15 (KHTML, like Gecko) FxiOS/111 Mobile/15E148 Version/15.0"
2a01:cb09:801f:6871:30f3:d329:62a9:2fb5 - - [05/Apr/2023:07:07:08 +0000] "GET /searx/autocompleter?q=Mihaela%20 HTTP/1.1" 200 201 "-" "Mozilla/5.0 (iPhone; CPU iPhone OS 16_1 like Mac OS X) AppleWebKit/605.1.15 (KHTML, like Gecko) FxiOS/111 Mobile/15E148 Version/15.0"
2a01:cb09:801f:6871:30f3:d329:62a9:2fb5 - - [05/Apr/2023:07:07:11 +0000] "POST /searx/search HTTP/1.1" 200 11409 "-" "Mozilla/5.0 (iPhone; CPU iPhone OS 16_1 like Mac OS X) AppleWebKit/605.1.15 (KHTML, like Gecko) FxiOS/111 Mobile/15E148 Version/15.0"
2a01:cb09:801f:6871:30f3:d329:62a9:2fb5 - - [05/Apr/2023:07:07:12 +0000] "GET /searx/static/themes/oscar/css/bootstrap.min.css HTTP/1.1" 304 0 "-" "Mozilla/5.0 (iPhone; CPU iPhone OS 16_1 like Mac OS X) AppleWebKit/605.1.15 (KHTML, like Gecko) FxiOS/111 Mobile/15E148 Version/15.0"
2a01:cb09:801f:6871:30f3:d329:62a9:2fb5 - - [05/Apr/2023:07:07:12 +0000] "GET /searx/static/plugins/js/search_on_category_select.js HTTP/1.1" 304 0 "-" "Mozilla/5.0 (iPhone; CPU iPhone OS 16_1 like Mac OS X) AppleWebKit/605.1.15 (KHTML, like Gecko) FxiOS/111 Mobile/15E148 Version/15.0"
2a01:cb09:801f:6871:30f3:d329:62a9:2fb5 - - [05/Apr/2023:07:07:12 +0000] "GET /searx/static/themes/oscar/js/searx.min.js HTTP/1.1" 304 0 "-" "Mozilla/5.0 (iPhone; CPU iPhone OS 16_1 like Mac OS X) AppleWebKit/605.1.15 (KHTML, like Gecko) FxiOS/111 Mobile/15E148 Version/15.0"
2a01:cb09:801f:6871:30f3:d329:62a9:2fb5 - - [05/Apr/2023:07:07:12 +0000] "GET /searx/static/themes/oscar/css/logicodev-dark.min.css HTTP/1.1" 304 0 "-" "Mozilla/5.0 (iPhone; CPU iPhone OS 16_1 like Mac OS X) AppleWebKit/605.1.15 (KHTML, like Gecko) FxiOS/111 Mobile/15E148 Version/15.0"
2a01:cb09:801f:6871:30f3:d329:62a9:2fb5 - - [05/Apr/2023:07:07:12 +0000] "GET /searx/static/themes/oscar/js/bootstrap.min.js HTTP/1.1" 304 0 "-" "Mozilla/5.0 (iPhone; CPU iPhone OS 16_1 like Mac OS X) AppleWebKit/605.1.15 (KHTML, like Gecko) FxiOS/111 Mobile/15E148 Version/15.0"
2a01:cb09:801f:6871:30f3:d329:62a9:2fb5 - - [05/Apr/2023:07:07:12 +0000] "GET /searx/static/themes/oscar/js/jquery.min.js HTTP/1.1" 304 0 "-" "Mozilla/5.0 (iPhone; CPU iPhone OS 16_1 like Mac OS X) AppleWebKit/605.1.15 (KHTML, like Gecko) FxiOS/111 Mobile/15E148 Version/15.0"
2a01:cb09:801f:6871:30f3:d329:62a9:2fb5 - - [05/Apr/2023:07:07:12 +0000] "GET /searx/static/themes/oscar/js/typeahead.bundle.min.js HTTP/1.1" 304 0 "-" "Mozilla/5.0 (iPhone; CPU iPhone OS 16_1 like Mac OS X) AppleWebKit/605.1.15 (KHTML, like Gecko) FxiOS/111 Mobile/15E148 Version/15.0"
2a01:cb09:801f:6871:30f3:d329:62a9:2fb5 - - [05/Apr/2023:07:07:12 +0000] "GET /searx/static/themes/oscar/fonts/glyphicons-halflings-regular.woff2 HTTP/1.1" 304 0 "-" "Mozilla/5.0 (iPhone; CPU iPhone OS 16_1 like Mac OS X) AppleWebKit/605.1.15 (KHTML, like Gecko) FxiOS/111 Mobile/15E148 Version/15.0"
