103.43.47.122 - - [18/Mar/2023:11:22:51 +0000] "GET /docs/.env HTTP/1.1" 404 153 "-" "Mozilla/5.0 (Windows NT 10.0; Win64; x64; rv:58.0) Gecko/20100101 Firefox/58.0"
103.43.47.122 - - [18/Mar/2023:11:22:52 +0000] "GET /docs/.env HTTP/1.1" 404 0 "-" "Mozilla/5.0 (Windows NT 10.0; Win64; x64; rv:58.0) Gecko/20100101 Firefox/58.0"
103.43.47.122 - - [18/Mar/2023:11:22:52 +0000] "GET /_profiler/phpinfo HTTP/1.1" 404 153 "-" "Mozilla/5.0 (Windows NT 10.0; Win64; x64; rv:58.0) Gecko/20100101 Firefox/58.0"
103.43.47.122 - - [18/Mar/2023:11:22:52 +0000] "GET /_profiler/phpinfo HTTP/1.1" 404 0 "-" "Mozilla/5.0 (Windows NT 10.0; Win64; x64; rv:58.0) Gecko/20100101 Firefox/58.0"
103.43.47.122 - - [18/Mar/2023:11:22:53 +0000] "GET /laravel/.env HTTP/1.1" 404 153 "-" "Mozilla/5.0 (Windows NT 10.0; Win64; x64; rv:58.0) Gecko/20100101 Firefox/58.0"
103.43.47.122 - - [18/Mar/2023:11:22:53 +0000] "GET /laravel/.env HTTP/1.1" 404 0 "-" "Mozilla/5.0 (Windows NT 10.0; Win64; x64; rv:58.0) Gecko/20100101 Firefox/58.0"
103.43.47.122 - - [18/Mar/2023:11:22:54 +0000] "POST / HTTP/1.1" 405 157 "-" "Mozilla/5.0 (Windows NT 10.0; Win64; x64; rv:58.0) Gecko/20100101 Firefox/58.0"
34.140.130.61 - - [18/Mar/2023:11:26:00 +0000] "GET / HTTP/1.1" 200 309478 "-" "python-requests/2.28.2"
143.110.222.166 - - [18/Mar/2023:11:26:52 +0000] "GET / HTTP/1.1" 200 415740 "-" "Mozilla/5.0 (iPhone; CPU iPhone OS 16_1 like Mac OS X) AppleWebKit/605.1.15 (KHTML, like Gecko) Version/16.1 Mobile/15E148 Safari/604.1"
62.233.50.15 - - [18/Mar/2023:11:27:28 +0000] "\x16\x03\x03\x00\x94\x01\x00\x00\x90\x03\x03d\x15\xA0\x1B\xD8\xD8\x19\x9C\x846l\x9F\x81\xBD\xF1\xAE\xEF]^*\x9D\xEF\x9B0B\x1B\xC9\xD6a\x1DX\xD0\x00\x00*\xC0,\xC0+\xC00\xC0/\x00\x9F\x00\x9E\xC0$\xC0#\xC0(\xC0'\xC0" 400 157 "-" "-"
54.36.149.46 - - [18/Mar/2023:11:53:30 +0000] "GET /posts/rebonjour/rebonjour.html HTTP/1.1" 200 1951 "-" "Mozilla/5.0 (compatible; AhrefsBot/7.0; +http://ahrefs.com/robot/)"
40.77.167.191 - - [18/Mar/2023:11:53:41 +0000] "GET / HTTP/1.1" 301 169 "-" "Mozilla/5.0 AppleWebKit/537.36 (KHTML, like Gecko; compatible; bingbot/2.0; +http://www.bing.com/bingbot.htm) Chrome/103.0.5060.134 Safari/537.36"
51.222.253.8 - - [18/Mar/2023:12:13:50 +0000] "GET /robots.txt HTTP/1.1" 404 125 "-" "Mozilla/5.0 (compatible; AhrefsBot/7.0; +http://ahrefs.com/robot/)"
54.36.148.48 - - [18/Mar/2023:12:13:58 +0000] "GET / HTTP/1.1" 200 1583 "-" "Mozilla/5.0 (compatible; AhrefsBot/7.0; +http://ahrefs.com/robot/)"
2a06:4880:7000::8c - - [18/Mar/2023:12:23:26 +0000] "GET / HTTP/1.1" 200 1583 "-" "Mozilla/5.0 (compatible; InternetMeasurement/1.0; +https://internet-measurement.com/)"
143.110.222.166 - - [18/Mar/2023:12:29:40 +0000] "GET / HTTP/1.1" 200 415740 "-" "Mozilla/5.0 (iPhone; CPU iPhone OS 16_1 like Mac OS X) AppleWebKit/605.1.15 (KHTML, like Gecko) Version/16.1 Mobile/15E148 Safari/604.1"
52.167.144.96 - - [18/Mar/2023:13:08:12 +0000] "GET / HTTP/1.1" 200 3489 "-" "Mozilla/5.0 AppleWebKit/537.36 (KHTML, like Gecko; compatible; bingbot/2.0; +http://www.bing.com/bingbot.htm) Chrome/103.0.5060.134 Safari/537.36"
167.94.145.59 - - [18/Mar/2023:13:17:32 +0000] "GET / HTTP/1.1" 200 5190 "-" "-"
167.94.145.59 - - [18/Mar/2023:13:17:32 +0000] "GET / HTTP/1.1" 200 1583 "-" "Mozilla/5.0 (compatible; CensysInspect/1.1; +https://about.censys.io/)"
167.94.145.59 - - [18/Mar/2023:13:17:32 +0000] "PRI * HTTP/2.0" 400 157 "-" "-"
167.94.145.59 - - [18/Mar/2023:13:17:32 +0000] "GET /favicon.ico HTTP/1.1" 200 15406 "-" "Mozilla/5.0 (compatible; CensysInspect/1.1; +https://about.censys.io/)"
143.110.222.166 - - [18/Mar/2023:13:31:37 +0000] "GET / HTTP/1.1" 200 415740 "-" "Mozilla/5.0 (iPhone; CPU iPhone OS 16_1 like Mac OS X) AppleWebKit/605.1.15 (KHTML, like Gecko) Version/16.1 Mobile/15E148 Safari/604.1"
45.79.163.53 - - [18/Mar/2023:13:38:13 +0000] "GET / HTTP/1.1" 400 255 "-" "Mozilla/5.0 zgrab/0.x"
172.104.210.105 - - [18/Mar/2023:14:23:23 +0000] "GET / HTTP/1.1" 200 88694 "-" "Mozilla/5.0 zgrab/0.x"
143.110.222.166 - - [18/Mar/2023:14:30:01 +0000] "GET / HTTP/1.1" 200 415740 "-" "Mozilla/5.0 (iPhone; CPU iPhone OS 16_1 like Mac OS X) AppleWebKit/605.1.15 (KHTML, like Gecko) Version/16.1 Mobile/15E148 Safari/604.1"
143.110.222.166 - - [18/Mar/2023:15:28:27 +0000] "GET / HTTP/1.1" 200 415740 "-" "Mozilla/5.0 (iPhone; CPU iPhone OS 16_1 like Mac OS X) AppleWebKit/605.1.15 (KHTML, like Gecko) Version/16.1 Mobile/15E148 Safari/604.1"
20.203.221.49 - - [18/Mar/2023:15:41:26 +0000] "GET /.env HTTP/1.1" 301 169 "-" "Mozilla/5.0 (Macintosh; Intel Mac OS X 10.15; rv:77.0) Gecko/20100101 Firefox/77.0"
20.203.221.49 - - [18/Mar/2023:15:41:26 +0000] "GET /.env HTTP/1.1" 404 125 "-" "Mozilla/5.0 (Macintosh; Intel Mac OS X 10.15; rv:77.0) Gecko/20100101 Firefox/77.0"
103.153.254.110 - - [18/Mar/2023:15:47:12 +0000] "GET / HTTP/1.1" 200 1583 "-" "Mozilla/5.0 (X11; Ubuntu; Linux x86_64; rv:76.0) Gecko/20100101 Firefox/76.0"
172.105.128.13 - - [18/Mar/2023:16:03:12 +0000] "\x16\x03\x01\x00\x85\x01\x00\x00\x81\x03\x03IK\xE3\xFF\xC6\xD0\xA9}\xBD\x89,\xEA}\xE8\x1A/\xA0b\xE2.\x93\xD6" 400 157 "-" "-"
143.110.222.166 - - [18/Mar/2023:16:28:40 +0000] "GET / HTTP/1.1" 200 415740 "-" "Mozilla/5.0 (iPhone; CPU iPhone OS 16_1 like Mac OS X) AppleWebKit/605.1.15 (KHTML, like Gecko) Version/16.1 Mobile/15E148 Safari/604.1"
192.241.222.16 - - [18/Mar/2023:16:29:35 +0000] "GET /actuator/health HTTP/1.1" 404 125 "-" "Mozilla/5.0 zgrab/0.x"
198.235.24.181 - - [18/Mar/2023:16:31:21 +0000] "GET / HTTP/1.1" 200 5937 "-" "-"
52.167.144.96 - - [18/Mar/2023:16:58:40 +0000] "GET / HTTP/1.1" 200 796 "-" "Mozilla/5.0 AppleWebKit/537.36 (KHTML, like Gecko; compatible; bingbot/2.0; +http://www.bing.com/bingbot.htm) Chrome/103.0.5060.134 Safari/537.36"
193.32.162.159 - - [18/Mar/2023:16:59:17 +0000] "GET / HTTP/1.1" 200 415717 "-" "Mozilla/5.0 (Windows NT 10.0; Win64; x64) AppleWebKit/537.36 (KHTML, like Gecko) Chrome/90.0.4430.85 Safari/537.36 Edg/90.0.818.46"
193.32.162.159 - - [18/Mar/2023:16:59:27 +0000] "GET /dispatch.asp HTTP/1.1" 404 0 "-" "Mozilla/5.0 (Windows NT 10.0; Win64; x64) AppleWebKit/537.36 (KHTML, like Gecko) Chrome/90.0.4430.85 Safari/537.36 Edg/90.0.818.46"
185.100.87.136 - - [18/Mar/2023:17:10:41 +0000] "\x85\xFFS0y\x0C\xD7}\xBB\xC8\xBC\xB3\xB7\xA6\xF8\x8Fv\xC3\xE1Jy\xCF\x80\xC6\x00\x00\x00\x00\x1F\xBA*\x8E" 400 157 "-" "-"
79.124.58.130 - - [18/Mar/2023:17:27:52 +0000] "POST /dfsms/index.php HTTP/1.1" 404 188 "-" "Mozilla/5.0 (Windows NT 5.1) AppleWebKit/537.36 (KHTML, like Gecko) Chrome/35.0.3319.102 Safari/537.36"
79.124.58.130 - - [18/Mar/2023:17:27:52 +0000] "GET /dfsms/add-category.php HTTP/1.1" 404 188 "-" "Mozilla/5.0 (Windows NT 6.1) AppleWebKit/537.36 (KHTML, like Gecko) Chrome/41.0.2228.0 Safari/537.36"
52.167.144.58 - - [18/Mar/2023:17:27:57 +0000] "GET / HTTP/1.1" 200 1707 "-" "Mozilla/5.0 AppleWebKit/537.36 (KHTML, like Gecko; compatible; bingbot/2.0; +http://www.bing.com/bingbot.htm) Chrome/103.0.5060.134 Safari/537.36"
52.167.144.109 - - [18/Mar/2023:17:29:09 +0000] "GET / HTTP/1.1" 301 169 "-" "Mozilla/5.0 AppleWebKit/537.36 (KHTML, like Gecko; compatible; bingbot/2.0; +http://www.bing.com/bingbot.htm) Chrome/103.0.5060.134 Safari/537.36"
143.110.222.166 - - [18/Mar/2023:17:30:26 +0000] "GET / HTTP/1.1" 200 415740 "-" "Mozilla/5.0 (iPhone; CPU iPhone OS 16_1 like Mac OS X) AppleWebKit/605.1.15 (KHTML, like Gecko) Version/16.1 Mobile/15E148 Safari/604.1"
79.124.58.130 - - [18/Mar/2023:17:32:26 +0000] "GET /module/ph_simpleblog/list?sb_category=')%20OR%20true--%20- HTTP/1.1" 404 188 "-" "Mozilla/5.0 (Windows NT 6.4; WOW64) AppleWebKit/537.36 (KHTML, like Gecko) Chrome/41.0.2225.0 Safari/537.36"
79.124.58.130 - - [18/Mar/2023:17:32:27 +0000] "GET /module/ph_simpleblog/list?sb_category=')%20AND%20false--%20- HTTP/1.1" 404 188 "-" "Mozilla/5.0 (Windows NT 10.0; Win64; x64) AppleWebKit/537.36 (KHTML, like Gecko) Chrome/70.0.3538.77 Safari/537.36"
79.124.58.130 - - [18/Mar/2023:17:33:41 +0000] "GET /user.php?act=login HTTP/1.1" 404 188 "554fcae493e564ee0dc75bdf2ebf94caads|a:2:{s:3:\x22num\x22;s:72:\x220,1 procedure analyse(extractvalue(rand(),concat(0x7e,version())),1)-- -\x22;s:2:\x22id\x22;i:1;}" "Mozilla/5.0 (Windows NT 10.0; WOW64) AppleWebKit/537.36 (KHTML, like Gecko) Chrome/89.0.4389.114 Safari/537.36"
79.124.58.130 - - [18/Mar/2023:17:33:41 +0000] "GET /user.php?act=login HTTP/1.1" 404 188 "554fcae493e564ee0dc75bdf2ebf94caads|a:2:{s:3:\x22num\x22;s:107:\x22*/SELECT 1,0x2d312720554e494f4e2f2a,2,4,5,6,7,8,0x7b24617364275d3b706870696e666f0928293b2f2f7d787878,10-- -\x22;s:2:\x22id\x22;s:11:\x22-1' UNION/*\x22;}554fcae493e564ee0dc75bdf2ebf94ca" "Mozilla/5.0 (Windows NT 6.3; Win64; x64) AppleWebKit/537.36 (KHTML, like Gecko) Chrome/37.0.2049.0 Safari/537.36"
46.193.1.170 - - [18/Mar/2023:17:35:51 +0000] "GET /search?q=Sonatina+%28Ravel%29+ HTTP/1.1" 200 6663 "-" "Mozilla/5.0 (X11; Linux x86_64; rv:109.0) Gecko/20100101 Firefox/110.0"
46.193.1.170 - - [18/Mar/2023:17:35:51 +0000] "GET /searx/static/themes/oscar/css/bootstrap.min.css HTTP/1.1" 200 125509 "-" "Mozilla/5.0 (X11; Linux x86_64; rv:109.0) Gecko/20100101 Firefox/110.0"
46.193.1.170 - - [18/Mar/2023:17:35:51 +0000] "GET /searx/static/themes/oscar/css/logicodev-dark.min.css HTTP/1.1" 200 17731 "-" "Mozilla/5.0 (X11; Linux x86_64; rv:109.0) Gecko/20100101 Firefox/110.0"
46.193.1.170 - - [18/Mar/2023:17:35:51 +0000] "GET /searx/static/themes/oscar/js/jquery.min.js HTTP/1.1" 304 0 "-" "Mozilla/5.0 (X11; Linux x86_64; rv:109.0) Gecko/20100101 Firefox/110.0"
46.193.1.170 - - [18/Mar/2023:17:35:51 +0000] "GET /searx/static/plugins/js/search_on_category_select.js HTTP/1.1" 304 0 "-" "Mozilla/5.0 (X11; Linux x86_64; rv:109.0) Gecko/20100101 Firefox/110.0"
46.193.1.170 - - [18/Mar/2023:17:35:51 +0000] "GET /searx/static/themes/oscar/js/bootstrap.min.js HTTP/1.1" 304 0 "-" "Mozilla/5.0 (X11; Linux x86_64; rv:109.0) Gecko/20100101 Firefox/110.0"
46.193.1.170 - - [18/Mar/2023:17:35:51 +0000] "GET /searx/static/themes/oscar/js/searx.min.js HTTP/1.1" 304 0 "-" "Mozilla/5.0 (X11; Linux x86_64; rv:109.0) Gecko/20100101 Firefox/110.0"
46.193.1.170 - - [18/Mar/2023:17:35:51 +0000] "GET /searx/static/themes/oscar/js/typeahead.bundle.min.js HTTP/1.1" 304 0 "-" "Mozilla/5.0 (X11; Linux x86_64; rv:109.0) Gecko/20100101 Firefox/110.0"
46.193.1.170 - - [18/Mar/2023:17:35:52 +0000] "GET /searx/static/themes/oscar/fonts/glyphicons-halflings-regular.woff2 HTTP/1.1" 200 18028 "-" "Mozilla/5.0 (X11; Linux x86_64; rv:109.0) Gecko/20100101 Firefox/110.0"
46.193.1.170 - - [18/Mar/2023:17:35:52 +0000] "GET /searx/static/themes/oscar/img/favicon.png HTTP/1.1" 499 0 "-" "Mozilla/5.0 (X11; Linux x86_64; rv:109.0) Gecko/20100101 Firefox/110.0"
179.43.177.242 - - [18/Mar/2023:17:52:26 +0000] "GET / HTTP/1.1" 200 2826140 "-" "Hello World"
52.167.144.109 - - [18/Mar/2023:17:58:02 +0000] "GET / HTTP/1.1" 301 169 "-" "Mozilla/5.0 AppleWebKit/537.36 (KHTML, like Gecko; compatible; bingbot/2.0; +http://www.bing.com/bingbot.htm) Chrome/103.0.5060.134 Safari/537.36"
45.81.243.34 - root [18/Mar/2023:18:14:54 +0000] "GET / HTTP/1.1" 200 415900 "-" "Mozilla/5.0 (X11; Ubuntu; Linux x86_64; rv:76.0) Gecko/20100101 Firefox/76.0"
45.81.243.34 - root [18/Mar/2023:18:15:11 +0000] "POST /dvr/cmd HTTP/1.1" 404 0 "-" "Abcd"
45.81.243.34 - - [18/Mar/2023:18:15:20 +0000] "" 400 0 "-" "-"
45.81.243.34 - root [18/Mar/2023:18:15:31 +0000] "POST /cn/cmd HTTP/1.1" 404 0 "-" "Abcd"
45.81.243.34 - - [18/Mar/2023:18:15:40 +0000] "" 400 0 "-" "-"
157.245.204.209 - - [18/Mar/2023:18:23:28 +0000] "\x16\x03\x01\x00{\x01\x00\x00w\x03\x03:\x1D\x85\xBD\x10\xAA\xA6\xCDQW\xE7\x9E*c\xBA:H\xB0g\xF2rt\xF1.]Z\xCEo}\xF6\xC9l\x00\x00\x1A\xC0/\xC0+\xC0\x11\xC0\x07\xC0\x13\xC0\x09\xC0\x14\xC0" 400 157 "-" "-"
157.245.204.209 - - [18/Mar/2023:18:23:28 +0000] "\x16\x03\x01\x00{\x01\x00\x00w\x03\x03\xE9\xFF\x8Ek\xB22\xCE\xA9\xEBcfW\xA5Fl|\xE2Y\xE4IFDt@\xAA\xE3\xF2|\xFDbg\xCE\x00\x00\x1A\xC0/\xC0+\xC0\x11\xC0\x07\xC0\x13\xC0\x09\xC0\x14\xC0" 400 157 "-" "-"
157.245.204.209 - - [18/Mar/2023:18:23:29 +0000] "GET / HTTP/1.1" 200 415740 "-" "Mozilla/5.0 (Windows NT 10.0; Win64; x64) AppleWebKit/537.36 (KHTML, like Gecko) Chrome/108.0.0.0 Safari/537.36"
157.245.204.209 - - [18/Mar/2023:18:23:29 +0000] "GET /client/get_targets HTTP/1.1" 404 0 "-" "Mozilla/5.0 (Windows NT 10.0; Win64; x64) AppleWebKit/537.36 (KHTML, like Gecko) Chrome/108.0.0.0 Safari/537.36"
157.245.204.209 - - [18/Mar/2023:18:23:30 +0000] "GET /upl.php HTTP/1.1" 404 0 "-" "Mozilla/5.0"
157.245.204.209 - - [18/Mar/2023:18:23:31 +0000] "GET /t4 HTTP/1.1" 404 125 "-" "Mozilla/5.0"
143.110.222.166 - - [18/Mar/2023:18:31:18 +0000] "GET / HTTP/1.1" 200 415740 "-" "Mozilla/5.0 (iPhone; CPU iPhone OS 16_1 like Mac OS X) AppleWebKit/605.1.15 (KHTML, like Gecko) Version/16.1 Mobile/15E148 Safari/604.1"
167.94.138.33 - - [18/Mar/2023:18:45:36 +0000] "GET / HTTP/1.1" 200 130855 "-" "-"
167.94.138.33 - - [18/Mar/2023:18:45:37 +0000] "GET / HTTP/1.1" 200 361718 "-" "Mozilla/5.0 (compatible; CensysInspect/1.1; +https://about.censys.io/)"
167.94.138.33 - - [18/Mar/2023:18:45:37 +0000] "PRI * HTTP/2.0" 400 157 "-" "-"
167.94.138.33 - - [18/Mar/2023:18:45:37 +0000] "GET /favicon.png HTTP/1.1" 200 17440 "-" "Mozilla/5.0 (compatible; CensysInspect/1.1; +https://about.censys.io/)"
167.94.138.33 - - [18/Mar/2023:18:45:38 +0000] "GET /apple-touch-icon.png HTTP/1.1" 200 15195 "-" "Mozilla/5.0 (compatible; CensysInspect/1.1; +https://about.censys.io/)"
167.94.138.33 - - [18/Mar/2023:18:45:38 +0000] "GET /favicon.ico HTTP/1.1" 404 0 "-" "Mozilla/5.0 (compatible; CensysInspect/1.1; +https://about.censys.io/)"
193.32.162.159 - - [18/Mar/2023:18:48:25 +0000] "GET / HTTP/1.1" 200 415717 "-" "Mozilla/5.0 (Windows NT 10.0; Win64; x64) AppleWebKit/537.36 (KHTML, like Gecko) Chrome/90.0.4430.85 Safari/537.36 Edg/90.0.818.46"
193.32.162.159 - - [18/Mar/2023:18:48:35 +0000] "GET /dispatch.asp HTTP/1.1" 404 0 "-" "Mozilla/5.0 (Windows NT 10.0; Win64; x64) AppleWebKit/537.36 (KHTML, like Gecko) Chrome/90.0.4430.85 Safari/537.36 Edg/90.0.818.46"
147.78.47.249 - - [18/Mar/2023:18:50:58 +0000] "GET /_ignition/health-check/ HTTP/1.1" 301 169 "-" "Mozilla/5.0 (Windows NT 10.0; Win64; x64) AppleWebKit/537.36 (KHTML, like Gecko) Chrome/109.0.0.0 Safari/537.36"
147.78.47.249 - - [18/Mar/2023:18:50:58 +0000] "GET /_ignition/health-check/ HTTP/1.1" 404 188 "http://pseudot.org/_ignition/health-check/" "Mozilla/5.0 (Windows NT 10.0; Win64; x64) AppleWebKit/537.36 (KHTML, like Gecko) Chrome/109.0.0.0 Safari/537.36"
147.78.47.249 - - [18/Mar/2023:18:51:00 +0000] "GET /public/_ignition/health-check/ HTTP/1.1" 301 169 "-" "Mozilla/5.0 (Windows NT 10.0; Win64; x64) AppleWebKit/537.36 (KHTML, like Gecko) Chrome/109.0.0.0 Safari/537.36"
147.78.47.249 - - [18/Mar/2023:18:51:00 +0000] "GET /public/_ignition/health-check/ HTTP/1.1" 404 188 "http://pseudot.org/public/_ignition/health-check/" "Mozilla/5.0 (Windows NT 10.0; Win64; x64) AppleWebKit/537.36 (KHTML, like Gecko) Chrome/109.0.0.0 Safari/537.36"
147.78.47.249 - - [18/Mar/2023:18:51:03 +0000] "GET /wp-includes/wlwmanifest.xml HTTP/1.1" 301 169 "-" "Mozilla/5.0 (Windows NT 10.0; Win64; x64) AppleWebKit/537.36 (KHTML, like Gecko) Chrome/109.0.0.0 Safari/537.36"
147.78.47.249 - - [18/Mar/2023:18:51:03 +0000] "GET /wp-includes/wlwmanifest.xml HTTP/1.1" 404 188 "http://pseudot.org/wp-includes/wlwmanifest.xml" "Mozilla/5.0 (Windows NT 10.0; Win64; x64) AppleWebKit/537.36 (KHTML, like Gecko) Chrome/109.0.0.0 Safari/537.36"
40.77.167.162 - - [18/Mar/2023:18:58:00 +0000] "GET / HTTP/1.1" 200 1583 "-" "Mozilla/5.0 AppleWebKit/537.36 (KHTML, like Gecko; compatible; bingbot/2.0; +http://www.bing.com/bingbot.htm) Chrome/103.0.5060.134 Safari/537.36"
52.167.144.109 - - [18/Mar/2023:19:00:08 +0000] "GET / HTTP/1.1" 200 1010 "-" "Mozilla/5.0 AppleWebKit/537.36 (KHTML, like Gecko; compatible; bingbot/2.0; +http://www.bing.com/bingbot.htm) Chrome/103.0.5060.134 Safari/537.36"
46.193.1.170 - - [18/Mar/2023:19:02:51 +0000] "GET /search?q=trie HTTP/1.1" 200 8525 "-" "Mozilla/5.0 (X11; Linux x86_64; rv:109.0) Gecko/20100101 Firefox/110.0"
46.193.1.170 - - [18/Mar/2023:19:02:51 +0000] "GET /searx/static/themes/oscar/css/bootstrap.min.css HTTP/1.1" 200 125509 "-" "Mozilla/5.0 (X11; Linux x86_64; rv:109.0) Gecko/20100101 Firefox/110.0"
46.193.1.170 - - [18/Mar/2023:19:02:51 +0000] "GET /searx/static/themes/oscar/css/logicodev-dark.min.css HTTP/1.1" 200 17731 "-" "Mozilla/5.0 (X11; Linux x86_64; rv:109.0) Gecko/20100101 Firefox/110.0"
46.193.1.170 - - [18/Mar/2023:19:02:51 +0000] "GET /searx/static/themes/oscar/js/jquery.min.js HTTP/1.1" 304 0 "-" "Mozilla/5.0 (X11; Linux x86_64; rv:109.0) Gecko/20100101 Firefox/110.0"
46.193.1.170 - - [18/Mar/2023:19:02:51 +0000] "GET /searx/static/plugins/js/search_on_category_select.js HTTP/1.1" 304 0 "-" "Mozilla/5.0 (X11; Linux x86_64; rv:109.0) Gecko/20100101 Firefox/110.0"
46.193.1.170 - - [18/Mar/2023:19:02:51 +0000] "GET /searx/static/themes/oscar/js/bootstrap.min.js HTTP/1.1" 304 0 "-" "Mozilla/5.0 (X11; Linux x86_64; rv:109.0) Gecko/20100101 Firefox/110.0"
46.193.1.170 - - [18/Mar/2023:19:02:51 +0000] "GET /searx/static/themes/oscar/js/typeahead.bundle.min.js HTTP/1.1" 304 0 "-" "Mozilla/5.0 (X11; Linux x86_64; rv:109.0) Gecko/20100101 Firefox/110.0"
46.193.1.170 - - [18/Mar/2023:19:02:51 +0000] "GET /searx/static/themes/oscar/js/searx.min.js HTTP/1.1" 304 0 "-" "Mozilla/5.0 (X11; Linux x86_64; rv:109.0) Gecko/20100101 Firefox/110.0"
46.193.1.170 - - [18/Mar/2023:19:02:51 +0000] "GET /searx/static/themes/oscar/fonts/glyphicons-halflings-regular.woff2 HTTP/1.1" 200 18028 "-" "Mozilla/5.0 (X11; Linux x86_64; rv:109.0) Gecko/20100101 Firefox/110.0"
52.167.144.58 - - [18/Mar/2023:19:05:57 +0000] "GET / HTTP/1.1" 301 169 "-" "Mozilla/5.0 AppleWebKit/537.36 (KHTML, like Gecko; compatible; bingbot/2.0; +http://www.bing.com/bingbot.htm) Chrome/103.0.5060.134 Safari/537.36"
40.77.167.162 - - [18/Mar/2023:19:12:32 +0000] "GET / HTTP/1.1" 301 169 "-" "Mozilla/5.0 AppleWebKit/537.36 (KHTML, like Gecko; compatible; bingbot/2.0; +http://www.bing.com/bingbot.htm) Chrome/103.0.5060.134 Safari/537.36"
161.35.233.14 - - [18/Mar/2023:19:23:07 +0000] "GET /explore HTTP/1.1" 404 188 "-" "Mozilla/5.0 (Macintosh; Intel Mac OS X 10_6_8) AppleWebKit/535.7 (KHTML, like Gecko) Chrome/16.0.912.36 Safari/535.7"
143.110.222.166 - - [18/Mar/2023:19:27:32 +0000] "GET / HTTP/1.1" 200 415740 "-" "Mozilla/5.0 (iPhone; CPU iPhone OS 16_1 like Mac OS X) AppleWebKit/605.1.15 (KHTML, like Gecko) Version/16.1 Mobile/15E148 Safari/604.1"
46.193.1.170 - - [18/Mar/2023:19:28:45 +0000] "GET /posts/botosani/posts%20materials/botosani/grandcommunist.jpg HTTP/1.1" 301 169 "-" "Mozilla/5.0 (X11; Linux x86_64; rv:109.0) Gecko/20100101 Firefox/110.0"
46.193.1.170 - - [18/Mar/2023:19:28:46 +0000] "GET /posts/botosani/posts%20materials/botosani/grandcommunist.jpg HTTP/1.1" 200 441678 "-" "Mozilla/5.0 (X11; Linux x86_64; rv:109.0) Gecko/20100101 Firefox/110.0"
46.193.1.170 - - [18/Mar/2023:19:28:47 +0000] "GET /favicon.ico HTTP/1.1" 200 15406 "https://blog.pseudot.org/posts/botosani/posts%20materials/botosani/grandcommunist.jpg" "Mozilla/5.0 (X11; Linux x86_64; rv:109.0) Gecko/20100101 Firefox/110.0"
5.75.232.169 - - [18/Mar/2023:19:31:22 +0000] "GET / HTTP/1.1" 200 1970 "-" "Mozilla/5.0 (Windows NT 10.0; Win64; x64) AppleWebKit/537.36 (KHTML, like Gecko) Chrome/108.0.0.0 Safari/537.36/4erS7ObW-66"
40.77.167.223 - - [18/Mar/2023:19:41:41 +0000] "GET / HTTP/1.1" 301 169 "-" "Mozilla/5.0 AppleWebKit/537.36 (KHTML, like Gecko; compatible; bingbot/2.0; +http://www.bing.com/bingbot.htm) Chrome/103.0.5060.134 Safari/537.36"
40.77.167.191 - - [18/Mar/2023:19:43:35 +0000] "GET / HTTP/1.1" 301 169 "-" "Mozilla/5.0 AppleWebKit/537.36 (KHTML, like Gecko; compatible; bingbot/2.0; +http://www.bing.com/bingbot.htm) Chrome/103.0.5060.134 Safari/537.36"
193.235.141.23 - - [18/Mar/2023:19:49:47 +0000] "GET / HTTP/1.1" 200 1583 "-" "Mozilla/5.0 (Windows NT 10.0; Win64; x64) AppleWebKit/537.36 (KHTML, like Gecko) Chrome/105.0.0.0 Safari/537.36"
54.36.149.71 - - [18/Mar/2023:19:52:01 +0000] "GET /posts/pseudopost-4/pseudopost-4.html HTTP/1.1" 200 2435 "-" "Mozilla/5.0 (compatible; AhrefsBot/7.0; +http://ahrefs.com/robot/)"
46.193.1.170 - - [18/Mar/2023:19:56:07 +0000] "GET /search?q=python+library+for+illustrating+association+rules HTTP/1.1" 200 9009 "-" "Mozilla/5.0 (X11; Linux x86_64; rv:109.0) Gecko/20100101 Firefox/110.0"
46.193.1.170 - - [18/Mar/2023:19:56:08 +0000] "GET /searx/static/themes/oscar/css/bootstrap.min.css HTTP/1.1" 200 125509 "-" "Mozilla/5.0 (X11; Linux x86_64; rv:109.0) Gecko/20100101 Firefox/110.0"
46.193.1.170 - - [18/Mar/2023:19:56:08 +0000] "GET /searx/static/themes/oscar/css/logicodev-dark.min.css HTTP/1.1" 200 17731 "-" "Mozilla/5.0 (X11; Linux x86_64; rv:109.0) Gecko/20100101 Firefox/110.0"
46.193.1.170 - - [18/Mar/2023:19:56:08 +0000] "GET /searx/static/themes/oscar/js/jquery.min.js HTTP/1.1" 304 0 "-" "Mozilla/5.0 (X11; Linux x86_64; rv:109.0) Gecko/20100101 Firefox/110.0"
46.193.1.170 - - [18/Mar/2023:19:56:08 +0000] "GET /searx/static/plugins/js/search_on_category_select.js HTTP/1.1" 304 0 "-" "Mozilla/5.0 (X11; Linux x86_64; rv:109.0) Gecko/20100101 Firefox/110.0"
46.193.1.170 - - [18/Mar/2023:19:56:08 +0000] "GET /searx/static/themes/oscar/js/bootstrap.min.js HTTP/1.1" 304 0 "-" "Mozilla/5.0 (X11; Linux x86_64; rv:109.0) Gecko/20100101 Firefox/110.0"
46.193.1.170 - - [18/Mar/2023:19:56:08 +0000] "GET /searx/static/themes/oscar/js/searx.min.js HTTP/1.1" 304 0 "-" "Mozilla/5.0 (X11; Linux x86_64; rv:109.0) Gecko/20100101 Firefox/110.0"
46.193.1.170 - - [18/Mar/2023:19:56:08 +0000] "GET /searx/static/themes/oscar/js/typeahead.bundle.min.js HTTP/1.1" 304 0 "-" "Mozilla/5.0 (X11; Linux x86_64; rv:109.0) Gecko/20100101 Firefox/110.0"
46.193.1.170 - - [18/Mar/2023:19:56:08 +0000] "GET /searx/static/themes/oscar/fonts/glyphicons-halflings-regular.woff2 HTTP/1.1" 200 18028 "-" "Mozilla/5.0 (X11; Linux x86_64; rv:109.0) Gecko/20100101 Firefox/110.0"
46.193.1.170 - - [18/Mar/2023:19:56:08 +0000] "GET /searx/static/themes/oscar/img/favicon.png HTTP/1.1" 200 177942 "-" "Mozilla/5.0 (X11; Linux x86_64; rv:109.0) Gecko/20100101 Firefox/110.0"
46.193.1.170 - - [18/Mar/2023:20:00:04 +0000] "GET /search?q=TypeError%3A+Parameters+to+generic+types+must+be+types. HTTP/1.1" 200 8416 "-" "Mozilla/5.0 (X11; Linux x86_64; rv:109.0) Gecko/20100101 Firefox/110.0"
46.193.1.170 - - [18/Mar/2023:20:00:05 +0000] "GET /searx/static/themes/oscar/js/typeahead.bundle.min.js HTTP/1.1" 304 0 "-" "Mozilla/5.0 (X11; Linux x86_64; rv:109.0) Gecko/20100101 Firefox/110.0"
46.193.1.170 - - [18/Mar/2023:20:00:05 +0000] "GET /searx/static/themes/oscar/css/logicodev-dark.min.css HTTP/1.1" 304 0 "-" "Mozilla/5.0 (X11; Linux x86_64; rv:109.0) Gecko/20100101 Firefox/110.0"
46.193.1.170 - - [18/Mar/2023:20:00:05 +0000] "GET /searx/static/themes/oscar/css/bootstrap.min.css HTTP/1.1" 304 0 "-" "Mozilla/5.0 (X11; Linux x86_64; rv:109.0) Gecko/20100101 Firefox/110.0"
46.193.1.170 - - [18/Mar/2023:20:00:05 +0000] "GET /searx/static/themes/oscar/js/jquery.min.js HTTP/1.1" 304 0 "-" "Mozilla/5.0 (X11; Linux x86_64; rv:109.0) Gecko/20100101 Firefox/110.0"
46.193.1.170 - - [18/Mar/2023:20:00:05 +0000] "GET /searx/static/themes/oscar/js/bootstrap.min.js HTTP/1.1" 304 0 "-" "Mozilla/5.0 (X11; Linux x86_64; rv:109.0) Gecko/20100101 Firefox/110.0"
46.193.1.170 - - [18/Mar/2023:20:00:05 +0000] "GET /searx/static/themes/oscar/js/searx.min.js HTTP/1.1" 304 0 "-" "Mozilla/5.0 (X11; Linux x86_64; rv:109.0) Gecko/20100101 Firefox/110.0"
46.193.1.170 - - [18/Mar/2023:20:00:05 +0000] "GET /searx/static/plugins/js/search_on_category_select.js HTTP/1.1" 304 0 "-" "Mozilla/5.0 (X11; Linux x86_64; rv:109.0) Gecko/20100101 Firefox/110.0"
46.193.1.170 - - [18/Mar/2023:20:00:05 +0000] "GET /searx/static/themes/oscar/fonts/glyphicons-halflings-regular.woff2 HTTP/1.1" 200 18028 "-" "Mozilla/5.0 (X11; Linux x86_64; rv:109.0) Gecko/20100101 Firefox/110.0"
40.77.167.191 - - [18/Mar/2023:20:04:37 +0000] "GET / HTTP/1.1" 301 169 "-" "Mozilla/5.0 AppleWebKit/537.36 (KHTML, like Gecko; compatible; bingbot/2.0; +http://www.bing.com/bingbot.htm) Chrome/103.0.5060.134 Safari/537.36"
46.193.1.170 - - [18/Mar/2023:20:05:23 +0000] "GET /search?q=ravioli+with+cream HTTP/1.1" 200 6997 "-" "Mozilla/5.0 (X11; Linux x86_64; rv:109.0) Gecko/20100101 Firefox/110.0"
46.193.1.170 - - [18/Mar/2023:20:05:24 +0000] "GET /searx/static/themes/oscar/css/bootstrap.min.css HTTP/1.1" 304 0 "-" "Mozilla/5.0 (X11; Linux x86_64; rv:109.0) Gecko/20100101 Firefox/110.0"
46.193.1.170 - - [18/Mar/2023:20:05:24 +0000] "GET /searx/static/themes/oscar/js/jquery.min.js HTTP/1.1" 304 0 "-" "Mozilla/5.0 (X11; Linux x86_64; rv:109.0) Gecko/20100101 Firefox/110.0"
46.193.1.170 - - [18/Mar/2023:20:05:24 +0000] "GET /searx/static/themes/oscar/css/logicodev-dark.min.css HTTP/1.1" 304 0 "-" "Mozilla/5.0 (X11; Linux x86_64; rv:109.0) Gecko/20100101 Firefox/110.0"
46.193.1.170 - - [18/Mar/2023:20:05:24 +0000] "GET /searx/static/themes/oscar/js/bootstrap.min.js HTTP/1.1" 304 0 "-" "Mozilla/5.0 (X11; Linux x86_64; rv:109.0) Gecko/20100101 Firefox/110.0"
46.193.1.170 - - [18/Mar/2023:20:05:24 +0000] "GET /searx/static/themes/oscar/js/typeahead.bundle.min.js HTTP/1.1" 304 0 "-" "Mozilla/5.0 (X11; Linux x86_64; rv:109.0) Gecko/20100101 Firefox/110.0"
46.193.1.170 - - [18/Mar/2023:20:05:24 +0000] "GET /searx/static/themes/oscar/js/searx.min.js HTTP/1.1" 304 0 "-" "Mozilla/5.0 (X11; Linux x86_64; rv:109.0) Gecko/20100101 Firefox/110.0"
46.193.1.170 - - [18/Mar/2023:20:05:24 +0000] "GET /searx/static/plugins/js/search_on_category_select.js HTTP/1.1" 304 0 "-" "Mozilla/5.0 (X11; Linux x86_64; rv:109.0) Gecko/20100101 Firefox/110.0"
46.193.1.170 - - [18/Mar/2023:20:05:24 +0000] "GET /searx/static/themes/oscar/fonts/glyphicons-halflings-regular.woff2 HTTP/1.1" 304 0 "-" "Mozilla/5.0 (X11; Linux x86_64; rv:109.0) Gecko/20100101 Firefox/110.0"
46.193.1.170 - - [18/Mar/2023:20:05:27 +0000] "POST /searx/search HTTP/1.1" 200 16719 "-" "Mozilla/5.0 (X11; Linux x86_64; rv:109.0) Gecko/20100101 Firefox/110.0"
46.193.1.170 - - [18/Mar/2023:20:05:28 +0000] "GET /searx/static/themes/oscar/css/logicodev-dark.min.css HTTP/1.1" 304 0 "-" "Mozilla/5.0 (X11; Linux x86_64; rv:109.0) Gecko/20100101 Firefox/110.0"
46.193.1.170 - - [18/Mar/2023:20:05:28 +0000] "GET /searx/static/themes/oscar/css/bootstrap.min.css HTTP/1.1" 304 0 "-" "Mozilla/5.0 (X11; Linux x86_64; rv:109.0) Gecko/20100101 Firefox/110.0"
46.193.1.170 - - [18/Mar/2023:20:05:28 +0000] "GET /searx/static/themes/oscar/js/bootstrap.min.js HTTP/1.1" 304 0 "-" "Mozilla/5.0 (X11; Linux x86_64; rv:109.0) Gecko/20100101 Firefox/110.0"
46.193.1.170 - - [18/Mar/2023:20:05:28 +0000] "GET /searx/static/themes/oscar/js/typeahead.bundle.min.js HTTP/1.1" 304 0 "-" "Mozilla/5.0 (X11; Linux x86_64; rv:109.0) Gecko/20100101 Firefox/110.0"
46.193.1.170 - - [18/Mar/2023:20:05:28 +0000] "GET /searx/static/plugins/js/search_on_category_select.js HTTP/1.1" 304 0 "-" "Mozilla/5.0 (X11; Linux x86_64; rv:109.0) Gecko/20100101 Firefox/110.0"
46.193.1.170 - - [18/Mar/2023:20:05:28 +0000] "GET /searx/static/themes/oscar/js/searx.min.js HTTP/1.1" 304 0 "-" "Mozilla/5.0 (X11; Linux x86_64; rv:109.0) Gecko/20100101 Firefox/110.0"
46.193.1.170 - - [18/Mar/2023:20:05:29 +0000] "GET /searx/static/themes/oscar/js/jquery.min.js HTTP/1.1" 304 0 "-" "Mozilla/5.0 (X11; Linux x86_64; rv:109.0) Gecko/20100101 Firefox/110.0"
40.77.167.162 - - [18/Mar/2023:20:07:37 +0000] "GET / HTTP/1.1" 200 605 "-" "Mozilla/5.0 AppleWebKit/537.36 (KHTML, like Gecko; compatible; bingbot/2.0; +http://www.bing.com/bingbot.htm) Chrome/103.0.5060.134 Safari/537.36"
52.167.144.96 - - [18/Mar/2023:20:10:57 +0000] "GET / HTTP/1.1" 301 169 "-" "Mozilla/5.0 AppleWebKit/537.36 (KHTML, like Gecko; compatible; bingbot/2.0; +http://www.bing.com/bingbot.htm) Chrome/103.0.5060.134 Safari/537.36"
91.121.59.189 - - [18/Mar/2023:20:10:58 +0000] "GET /.env HTTP/1.1" 404 0 "-" "python-requests/2.27.1"
91.121.59.189 - - [18/Mar/2023:20:10:58 +0000] "POST / HTTP/1.1" 405 0 "-" "Mozilla/5.0 (X11; Linux x86_64) AppleWebKit/537.36 (KHTML, like Gecko) Chrome/81.0.4044.129 Safari/537.36"
91.121.59.189 - - [18/Mar/2023:20:10:58 +0000] "POST /core/.env HTTP/1.1" 404 0 "-" "Mozilla/5.0 (X11; Linux x86_64) AppleWebKit/537.36 (KHTML, like Gecko) Chrome/81.0.4044.129 Safari/537.36"
91.121.59.189 - - [18/Mar/2023:20:10:58 +0000] "GET /core/.env HTTP/1.1" 404 0 "-" "python-requests/2.27.1"
91.121.59.189 - - [18/Mar/2023:20:10:58 +0000] "POST / HTTP/1.1" 405 0 "-" "Mozilla/5.0 (X11; Linux x86_64) AppleWebKit/537.36 (KHTML, like Gecko) Chrome/81.0.4044.129 Safari/537.36"
91.121.59.189 - - [18/Mar/2023:20:10:58 +0000] "POST /core/.env HTTP/1.1" 404 0 "-" "Mozilla/5.0 (X11; Linux x86_64) AppleWebKit/537.36 (KHTML, like Gecko) Chrome/81.0.4044.129 Safari/537.36"
198.199.121.22 - - [18/Mar/2023:20:11:43 +0000] "GET / HTTP/1.1" 200 5190 "-" "-"
198.199.121.22 - - [18/Mar/2023:20:11:43 +0000] "HELP" 400 157 "-" "-"
198.199.121.22 - - [18/Mar/2023:20:11:46 +0000] "GET /?rest_route=/wp/v2/users/ HTTP/1.1" 200 1583 "-" "Go-http-client/1.1"
198.199.121.22 - - [18/Mar/2023:20:11:46 +0000] "GET / HTTP/1.1" 200 5190 "-" "Mozilla/5.0 (Linux; Android 6.0; HTC One M9 Build/MRA701961) AppleWebKit/537.36 (KHTML, like Gecko) Chrome/52.0.3494.98 Mobile Safari/537.3"
198.199.121.22 - - [18/Mar/2023:20:11:46 +0000] "GET /.env HTTP/1.1" 404 125 "-" "Go-http-client/1.1"
198.199.121.22 - - [18/Mar/2023:20:11:46 +0000] "GET /.DS_Store HTTP/1.1" 404 125 "-" "Go-http-client/1.1"
198.199.121.22 - - [18/Mar/2023:20:11:46 +0000] "GET /.git/config HTTP/1.1" 404 125 "-" "Go-http-client/1.1"
198.199.121.22 - - [18/Mar/2023:20:11:46 +0000] "GET /s/1333e2232323e26373e2830323/_/;/META-INF/maven/com.atlassian.jira/jira-webapp-dist/pom.properties HTTP/1.1" 404 125 "-" "Go-http-client/1.1"
198.199.121.22 - - [18/Mar/2023:20:11:46 +0000] "GET /ecp/Current/exporttool/microsoft.exchange.ediscovery.exporttool.application HTTP/1.1" 404 125 "-" "Go-http-client/1.1"
198.199.121.22 - - [18/Mar/2023:20:11:46 +0000] "GET /server-status HTTP/1.1" 404 125 "-" "Go-http-client/1.1"
198.199.121.22 - - [18/Mar/2023:20:11:46 +0000] "GET /telescope/requests HTTP/1.1" 404 125 "-" "Go-http-client/1.1"
198.199.121.22 - - [18/Mar/2023:20:11:46 +0000] "GET /info.php HTTP/1.1" 404 125 "-" "Go-http-client/1.1"
198.199.121.22 - - [18/Mar/2023:20:11:46 +0000] "GET /.vscode/sftp.json HTTP/1.1" 404 125 "-" "Go-http-client/1.1"
198.199.121.22 - - [18/Mar/2023:20:11:46 +0000] "GET /debug/default/view?panel=config HTTP/1.1" 404 125 "-" "Go-http-client/1.1"
198.199.121.22 - - [18/Mar/2023:20:11:46 +0000] "GET /login.action HTTP/1.1" 404 125 "-" "Go-http-client/1.1"
198.199.121.22 - - [18/Mar/2023:20:11:46 +0000] "GET /v2/_catalog HTTP/1.1" 404 125 "-" "Go-http-client/1.1"
198.199.121.22 - - [18/Mar/2023:20:11:46 +0000] "GET /config.json HTTP/1.1" 404 125 "-" "Go-http-client/1.1"
198.199.121.22 - - [18/Mar/2023:20:11:46 +0000] "GET /api/search?folderIds=0 HTTP/1.1" 404 125 "-" "Go-http-client/1.1"
198.199.121.22 - - [18/Mar/2023:20:11:46 +0000] "GET /about HTTP/1.1" 404 125 "-" "Go-http-client/1.1"
101.36.97.131 - - [18/Mar/2023:20:16:48 +0000] "GET / HTTP/1.1" 200 5190 "-" "-"
46.193.1.170 - - [18/Mar/2023:20:16:59 +0000] "GET /autocompleter?q=TypeError%3A%20Parameters%20to%20generic%20types%20must%20be%20types. HTTP/1.1" 200 311 "-" "Mozilla/5.0 (X11; Linux x86_64; rv:109.0) Gecko/20100101 Firefox/110.0"
46.193.1.170 - - [18/Mar/2023:20:17:04 +0000] "GET /autocompleter?q=json%20pretty%20print%20a%20dictionar HTTP/1.1" 200 130 "-" "Mozilla/5.0 (X11; Linux x86_64; rv:109.0) Gecko/20100101 Firefox/110.0"
46.193.1.170 - - [18/Mar/2023:20:17:05 +0000] "GET /autocompleter?q=json%20pretty%20print%20a%20dictionary%20in%20python HTTP/1.1" 200 214 "-" "Mozilla/5.0 (X11; Linux x86_64; rv:109.0) Gecko/20100101 Firefox/110.0"
101.36.97.131 - - [18/Mar/2023:20:17:07 +0000] "GET /robots.txt HTTP/1.1" 404 125 "-" "Go-http-client/1.1"
101.36.97.131 - - [18/Mar/2023:20:17:07 +0000] "GET /sitemap.xml HTTP/1.1" 404 125 "-" "Go-http-client/1.1"
46.193.1.170 - - [18/Mar/2023:20:17:08 +0000] "POST /searx/search HTTP/1.1" 200 8395 "-" "Mozilla/5.0 (X11; Linux x86_64; rv:109.0) Gecko/20100101 Firefox/110.0"
46.193.1.170 - - [18/Mar/2023:20:17:08 +0000] "GET /searx/static/themes/oscar/css/bootstrap.min.css HTTP/1.1" 200 125509 "-" "Mozilla/5.0 (X11; Linux x86_64; rv:109.0) Gecko/20100101 Firefox/110.0"
46.193.1.170 - - [18/Mar/2023:20:17:08 +0000] "GET /searx/static/themes/oscar/css/logicodev-dark.min.css HTTP/1.1" 200 17731 "-" "Mozilla/5.0 (X11; Linux x86_64; rv:109.0) Gecko/20100101 Firefox/110.0"
46.193.1.170 - - [18/Mar/2023:20:17:08 +0000] "GET /searx/static/themes/oscar/js/jquery.min.js HTTP/1.1" 304 0 "-" "Mozilla/5.0 (X11; Linux x86_64; rv:109.0) Gecko/20100101 Firefox/110.0"
46.193.1.170 - - [18/Mar/2023:20:17:08 +0000] "GET /searx/static/themes/oscar/js/bootstrap.min.js HTTP/1.1" 304 0 "-" "Mozilla/5.0 (X11; Linux x86_64; rv:109.0) Gecko/20100101 Firefox/110.0"
46.193.1.170 - - [18/Mar/2023:20:17:08 +0000] "GET /searx/static/themes/oscar/js/typeahead.bundle.min.js HTTP/1.1" 304 0 "-" "Mozilla/5.0 (X11; Linux x86_64; rv:109.0) Gecko/20100101 Firefox/110.0"
46.193.1.170 - - [18/Mar/2023:20:17:08 +0000] "GET /searx/static/themes/oscar/js/searx.min.js HTTP/1.1" 304 0 "-" "Mozilla/5.0 (X11; Linux x86_64; rv:109.0) Gecko/20100101 Firefox/110.0"
46.193.1.170 - - [18/Mar/2023:20:17:08 +0000] "GET /searx/static/plugins/js/search_on_category_select.js HTTP/1.1" 304 0 "-" "Mozilla/5.0 (X11; Linux x86_64; rv:109.0) Gecko/20100101 Firefox/110.0"
46.193.1.170 - - [18/Mar/2023:20:17:08 +0000] "GET /searx/static/themes/oscar/img/favicon.png HTTP/1.1" 499 0 "-" "Mozilla/5.0 (X11; Linux x86_64; rv:109.0) Gecko/20100101 Firefox/110.0"
46.193.1.170 - - [18/Mar/2023:20:18:39 +0000] "GET /searx/autocompleter?q=json%20pretty%20print%20a%20dictionary%20in%20python HTTP/1.1" 200 214 "-" "Mozilla/5.0 (X11; Linux x86_64; rv:109.0) Gecko/20100101 Firefox/110.0"
46.193.1.170 - - [18/Mar/2023:20:21:09 +0000] "GET /searx/autocompleter?q=delete%20 HTTP/1.1" 200 210 "-" "Mozilla/5.0 (X11; Linux x86_64; rv:109.0) Gecko/20100101 Firefox/110.0"
46.193.1.170 - - [18/Mar/2023:20:21:10 +0000] "GET /searx/autocompleter?q=delete%20q HTTP/1.1" 200 237 "-" "Mozilla/5.0 (X11; Linux x86_64; rv:109.0) Gecko/20100101 Firefox/110.0"
46.193.1.170 - - [18/Mar/2023:20:21:14 +0000] "GET /searx/autocompleter?q=delete%20symbols%20from%20a%20string%20in%20python HTTP/1.1" 200 228 "-" "Mozilla/5.0 (X11; Linux x86_64; rv:109.0) Gecko/20100101 Firefox/110.0"
46.193.1.170 - - [18/Mar/2023:20:21:15 +0000] "POST /searx/search HTTP/1.1" 200 8747 "-" "Mozilla/5.0 (X11; Linux x86_64; rv:109.0) Gecko/20100101 Firefox/110.0"
46.193.1.170 - - [18/Mar/2023:20:21:16 +0000] "GET /searx/static/themes/oscar/js/jquery.min.js HTTP/1.1" 304 0 "-" "Mozilla/5.0 (X11; Linux x86_64; rv:109.0) Gecko/20100101 Firefox/110.0"
46.193.1.170 - - [18/Mar/2023:20:21:16 +0000] "GET /searx/static/themes/oscar/js/bootstrap.min.js HTTP/1.1" 304 0 "-" "Mozilla/5.0 (X11; Linux x86_64; rv:109.0) Gecko/20100101 Firefox/110.0"
46.193.1.170 - - [18/Mar/2023:20:21:16 +0000] "GET /searx/static/themes/oscar/js/typeahead.bundle.min.js HTTP/1.1" 304 0 "-" "Mozilla/5.0 (X11; Linux x86_64; rv:109.0) Gecko/20100101 Firefox/110.0"
46.193.1.170 - - [18/Mar/2023:20:21:16 +0000] "GET /searx/static/themes/oscar/css/bootstrap.min.css HTTP/1.1" 200 125509 "-" "Mozilla/5.0 (X11; Linux x86_64; rv:109.0) Gecko/20100101 Firefox/110.0"
46.193.1.170 - - [18/Mar/2023:20:21:16 +0000] "GET /searx/static/themes/oscar/css/logicodev-dark.min.css HTTP/1.1" 200 17731 "-" "Mozilla/5.0 (X11; Linux x86_64; rv:109.0) Gecko/20100101 Firefox/110.0"
46.193.1.170 - - [18/Mar/2023:20:21:16 +0000] "GET /searx/static/plugins/js/search_on_category_select.js HTTP/1.1" 304 0 "-" "Mozilla/5.0 (X11; Linux x86_64; rv:109.0) Gecko/20100101 Firefox/110.0"
46.193.1.170 - - [18/Mar/2023:20:21:16 +0000] "GET /searx/static/themes/oscar/js/searx.min.js HTTP/1.1" 304 0 "-" "Mozilla/5.0 (X11; Linux x86_64; rv:109.0) Gecko/20100101 Firefox/110.0"
52.167.144.96 - - [18/Mar/2023:20:21:18 +0000] "GET /IMAGES/nokia64.gif HTTP/1.1" 200 558 "-" "Mozilla/5.0 AppleWebKit/537.36 (KHTML, like Gecko; compatible; bingbot/2.0; +http://www.bing.com/bingbot.htm) Chrome/103.0.5060.134 Safari/537.36"
46.193.1.170 - - [18/Mar/2023:20:22:03 +0000] "GET /search?q=filter+a+string+with+regex+in+python HTTP/1.1" 200 9695 "-" "Mozilla/5.0 (X11; Linux x86_64; rv:109.0) Gecko/20100101 Firefox/110.0"
46.193.1.170 - - [18/Mar/2023:20:22:04 +0000] "GET /searx/static/themes/oscar/css/bootstrap.min.css HTTP/1.1" 304 0 "-" "Mozilla/5.0 (X11; Linux x86_64; rv:109.0) Gecko/20100101 Firefox/110.0"
46.193.1.170 - - [18/Mar/2023:20:22:04 +0000] "GET /searx/static/themes/oscar/js/jquery.min.js HTTP/1.1" 304 0 "-" "Mozilla/5.0 (X11; Linux x86_64; rv:109.0) Gecko/20100101 Firefox/110.0"
46.193.1.170 - - [18/Mar/2023:20:22:04 +0000] "GET /searx/static/themes/oscar/css/logicodev-dark.min.css HTTP/1.1" 304 0 "-" "Mozilla/5.0 (X11; Linux x86_64; rv:109.0) Gecko/20100101 Firefox/110.0"
46.193.1.170 - - [18/Mar/2023:20:22:04 +0000] "GET /searx/static/themes/oscar/js/typeahead.bundle.min.js HTTP/1.1" 304 0 "-" "Mozilla/5.0 (X11; Linux x86_64; rv:109.0) Gecko/20100101 Firefox/110.0"
46.193.1.170 - - [18/Mar/2023:20:22:04 +0000] "GET /searx/static/themes/oscar/js/bootstrap.min.js HTTP/1.1" 304 0 "-" "Mozilla/5.0 (X11; Linux x86_64; rv:109.0) Gecko/20100101 Firefox/110.0"
46.193.1.170 - - [18/Mar/2023:20:22:04 +0000] "GET /searx/static/themes/oscar/js/searx.min.js HTTP/1.1" 304 0 "-" "Mozilla/5.0 (X11; Linux x86_64; rv:109.0) Gecko/20100101 Firefox/110.0"
46.193.1.170 - - [18/Mar/2023:20:22:04 +0000] "GET /searx/static/plugins/js/search_on_category_select.js HTTP/1.1" 304 0 "-" "Mozilla/5.0 (X11; Linux x86_64; rv:109.0) Gecko/20100101 Firefox/110.0"
46.193.1.170 - - [18/Mar/2023:20:22:04 +0000] "GET /searx/static/themes/oscar/fonts/glyphicons-halflings-regular.woff2 HTTP/1.1" 200 18028 "-" "Mozilla/5.0 (X11; Linux x86_64; rv:109.0) Gecko/20100101 Firefox/110.0"
143.110.222.166 - - [18/Mar/2023:20:27:02 +0000] "GET / HTTP/1.1" 200 415740 "-" "Mozilla/5.0 (iPhone; CPU iPhone OS 16_1 like Mac OS X) AppleWebKit/605.1.15 (KHTML, like Gecko) Version/16.1 Mobile/15E148 Safari/604.1"
198.98.58.152 - - [18/Mar/2023:20:29:18 +0000] "GET / HTTP/1.1" 200 83003 "http://208.76.222.31:80/left.html" "Mozilla/5.0 (X11; Ubuntu; Linux x86_64; rv:77.0) Gecko/20100101 Firefox/77.0"
46.193.1.170 - - [18/Mar/2023:20:33:48 +0000] "GET /search?q=comparasing HTTP/1.1" 200 8311 "-" "Mozilla/5.0 (X11; Linux x86_64; rv:109.0) Gecko/20100101 Firefox/110.0"
46.193.1.170 - - [18/Mar/2023:20:33:48 +0000] "GET /searx/static/themes/oscar/css/bootstrap.min.css HTTP/1.1" 304 0 "-" "Mozilla/5.0 (X11; Linux x86_64; rv:109.0) Gecko/20100101 Firefox/110.0"
46.193.1.170 - - [18/Mar/2023:20:33:48 +0000] "GET /searx/static/themes/oscar/css/logicodev-dark.min.css HTTP/1.1" 304 0 "-" "Mozilla/5.0 (X11; Linux x86_64; rv:109.0) Gecko/20100101 Firefox/110.0"
46.193.1.170 - - [18/Mar/2023:20:33:48 +0000] "GET /searx/static/themes/oscar/js/bootstrap.min.js HTTP/1.1" 304 0 "-" "Mozilla/5.0 (X11; Linux x86_64; rv:109.0) Gecko/20100101 Firefox/110.0"
46.193.1.170 - - [18/Mar/2023:20:33:48 +0000] "GET /searx/static/themes/oscar/js/typeahead.bundle.min.js HTTP/1.1" 304 0 "-" "Mozilla/5.0 (X11; Linux x86_64; rv:109.0) Gecko/20100101 Firefox/110.0"
46.193.1.170 - - [18/Mar/2023:20:33:48 +0000] "GET /searx/static/themes/oscar/js/jquery.min.js HTTP/1.1" 304 0 "-" "Mozilla/5.0 (X11; Linux x86_64; rv:109.0) Gecko/20100101 Firefox/110.0"
46.193.1.170 - - [18/Mar/2023:20:33:48 +0000] "GET /searx/static/themes/oscar/js/searx.min.js HTTP/1.1" 304 0 "-" "Mozilla/5.0 (X11; Linux x86_64; rv:109.0) Gecko/20100101 Firefox/110.0"
46.193.1.170 - - [18/Mar/2023:20:33:48 +0000] "GET /searx/static/plugins/js/search_on_category_select.js HTTP/1.1" 304 0 "-" "Mozilla/5.0 (X11; Linux x86_64; rv:109.0) Gecko/20100101 Firefox/110.0"
46.193.1.170 - - [18/Mar/2023:20:33:48 +0000] "GET /searx/static/themes/oscar/fonts/glyphicons-halflings-regular.woff2 HTTP/1.1" 304 0 "-" "Mozilla/5.0 (X11; Linux x86_64; rv:109.0) Gecko/20100101 Firefox/110.0"
179.60.147.2 - - [18/Mar/2023:20:40:02 +0000] "GET / HTTP/1.0" 200 5190 "-" "Mozilla/5.0 (Windows NT 6.2; WOW64) AppleWebKit/537.6 (KHTML, like Gecko) Chrome/19.0.1084.52 Kodeks/6.4.3.59"
179.60.147.2 - - [18/Mar/2023:20:40:40 +0000] "GET / HTTP/1.0" 200 995166 "-" "Mozilla/5.0 (Windows NT 6.2; WOW64) AppleWebKit/537.6 (KHTML, like Gecko) Chrome/19.0.1084.52 Kodeks/6.4.3.59"
52.167.144.58 - - [18/Mar/2023:20:41:35 +0000] "GET / HTTP/1.1" 200 1029 "-" "Mozilla/5.0 AppleWebKit/537.36 (KHTML, like Gecko; compatible; bingbot/2.0; +http://www.bing.com/bingbot.htm) Chrome/103.0.5060.134 Safari/537.36"
46.193.1.170 - - [18/Mar/2023:20:42:10 +0000] "GET /posts/pseudopost-2/pseudopost-2.html HTTP/1.1" 200 2257 "-" "Mozilla/5.0 (X11; Linux x86_64; rv:109.0) Gecko/20100101 Firefox/110.0"
46.193.1.170 - - [18/Mar/2023:20:42:10 +0000] "GET /posts/pseudopost-2/images/ro.gif HTTP/1.1" 200 5273 "https://blog.pseudot.org/posts/pseudopost-2/pseudopost-2.html" "Mozilla/5.0 (X11; Linux x86_64; rv:109.0) Gecko/20100101 Firefox/110.0"
46.193.1.170 - - [18/Mar/2023:20:42:10 +0000] "GET /posts/pseudopost-2/images/iasi.jpg HTTP/1.1" 200 370381 "https://blog.pseudot.org/posts/pseudopost-2/pseudopost-2.html" "Mozilla/5.0 (X11; Linux x86_64; rv:109.0) Gecko/20100101 Firefox/110.0"
46.193.1.170 - - [18/Mar/2023:20:42:10 +0000] "GET /posts/pseudopost-2/images/music.gif HTTP/1.1" 200 9305 "https://blog.pseudot.org/posts/pseudopost-2/pseudopost-2.html" "Mozilla/5.0 (X11; Linux x86_64; rv:109.0) Gecko/20100101 Firefox/110.0"
46.193.1.170 - - [18/Mar/2023:20:42:10 +0000] "GET /posts/pseudopost-2/images/leda.jpg HTTP/1.1" 200 155922 "https://blog.pseudot.org/posts/pseudopost-2/pseudopost-2.html" "Mozilla/5.0 (X11; Linux x86_64; rv:109.0) Gecko/20100101 Firefox/110.0"
51.222.253.15 - - [18/Mar/2023:20:53:08 +0000] "GET /robots.txt HTTP/1.1" 404 1362 "-" "Mozilla/5.0 (compatible; AhrefsBot/7.0; +http://ahrefs.com/robot/)"
54.36.148.219 - - [18/Mar/2023:20:53:09 +0000] "GET / HTTP/1.1" 200 785 "-" "Mozilla/5.0 (compatible; AhrefsBot/7.0; +http://ahrefs.com/robot/)"
54.36.148.245 - - [18/Mar/2023:20:53:21 +0000] "GET /js/main.js HTTP/1.1" 200 2982 "-" "Mozilla/5.0 (compatible; AhrefsBot/7.0; +http://ahrefs.com/robot/)"
193.32.162.159 - - [18/Mar/2023:20:54:44 +0000] "GET / HTTP/1.1" 200 415717 "-" "Mozilla/5.0 (Windows NT 10.0; Win64; x64) AppleWebKit/537.36 (KHTML, like Gecko) Chrome/90.0.4430.85 Safari/537.36 Edg/90.0.818.46"
193.32.162.159 - - [18/Mar/2023:20:54:54 +0000] "GET /dispatch.asp HTTP/1.1" 404 0 "-" "Mozilla/5.0 (Windows NT 10.0; Win64; x64) AppleWebKit/537.36 (KHTML, like Gecko) Chrome/90.0.4430.85 Safari/537.36 Edg/90.0.818.46"
46.193.1.170 - - [18/Mar/2023:20:58:18 +0000] "GET /posts/pseudopost-8/pseudopost-8.html/posts/pseudopost-8/images/luton.jpeg HTTP/1.1" 404 125 "-" "Mozilla/5.0 (X11; Linux x86_64; rv:109.0) Gecko/20100101 Firefox/110.0"
46.193.1.170 - - [18/Mar/2023:20:58:18 +0000] "GET /favicon.ico HTTP/1.1" 200 15406 "https://blog.pseudot.org/posts/pseudopost-8/pseudopost-8.html/posts/pseudopost-8/images/luton.jpeg" "Mozilla/5.0 (X11; Linux x86_64; rv:109.0) Gecko/20100101 Firefox/110.0"
46.193.1.170 - - [18/Mar/2023:20:58:27 +0000] "GET /posts/pseudopost-8/posts/pseudopost-8/images/luton.jpeg HTTP/1.1" 404 125 "-" "Mozilla/5.0 (X11; Linux x86_64; rv:109.0) Gecko/20100101 Firefox/110.0"
46.193.1.170 - - [18/Mar/2023:20:58:43 +0000] "GET /posts/pseudopost-8/images/luton.jpeg HTTP/1.1" 200 199250 "-" "Mozilla/5.0 (X11; Linux x86_64; rv:109.0) Gecko/20100101 Firefox/110.0"
46.193.1.170 - - [18/Mar/2023:20:59:44 +0000] "GET /posts/pseudopost-8/images/luton.jpeg HTTP/1.1" 304 0 "-" "Mozilla/5.0 (X11; Linux x86_64; rv:109.0) Gecko/20100101 Firefox/110.0"
46.193.1.170 - - [18/Mar/2023:20:59:46 +0000] "GET /posts/pseudopost-8/images/luton.jpeg HTTP/1.1" 304 0 "-" "Mozilla/5.0 (X11; Linux x86_64; rv:109.0) Gecko/20100101 Firefox/110.0"
46.193.1.170 - - [18/Mar/2023:20:59:47 +0000] "GET /posts/pseudopost-8/images/luton.jpeg HTTP/1.1" 304 0 "-" "Mozilla/5.0 (X11; Linux x86_64; rv:109.0) Gecko/20100101 Firefox/110.0"
46.193.1.170 - - [18/Mar/2023:20:59:58 +0000] "GET /posts/pseudopost-8/images/luton.jpeg HTTP/1.1" 304 0 "-" "Mozilla/5.0 (X11; Linux x86_64; rv:109.0) Gecko/20100101 Firefox/110.0"
46.193.1.170 - - [18/Mar/2023:21:01:33 +0000] "GET /search?q=snort+works+on+nginx+logs%3F HTTP/1.1" 200 9579 "-" "Mozilla/5.0 (X11; Linux x86_64; rv:109.0) Gecko/20100101 Firefox/110.0"
46.193.1.170 - - [18/Mar/2023:21:01:33 +0000] "GET /searx/static/themes/oscar/js/jquery.min.js HTTP/1.1" 304 0 "-" "Mozilla/5.0 (X11; Linux x86_64; rv:109.0) Gecko/20100101 Firefox/110.0"
46.193.1.170 - - [18/Mar/2023:21:01:33 +0000] "GET /searx/static/themes/oscar/js/searx.min.js HTTP/1.1" 304 0 "-" "Mozilla/5.0 (X11; Linux x86_64; rv:109.0) Gecko/20100101 Firefox/110.0"
46.193.1.170 - - [18/Mar/2023:21:01:33 +0000] "GET /searx/static/themes/oscar/js/bootstrap.min.js HTTP/1.1" 304 0 "-" "Mozilla/5.0 (X11; Linux x86_64; rv:109.0) Gecko/20100101 Firefox/110.0"
46.193.1.170 - - [18/Mar/2023:21:01:33 +0000] "GET /searx/static/themes/oscar/js/typeahead.bundle.min.js HTTP/1.1" 304 0 "-" "Mozilla/5.0 (X11; Linux x86_64; rv:109.0) Gecko/20100101 Firefox/110.0"
46.193.1.170 - - [18/Mar/2023:21:01:33 +0000] "GET /searx/static/themes/oscar/css/bootstrap.min.css HTTP/1.1" 304 0 "-" "Mozilla/5.0 (X11; Linux x86_64; rv:109.0) Gecko/20100101 Firefox/110.0"
46.193.1.170 - - [18/Mar/2023:21:01:33 +0000] "GET /searx/static/plugins/js/search_on_category_select.js HTTP/1.1" 304 0 "-" "Mozilla/5.0 (X11; Linux x86_64; rv:109.0) Gecko/20100101 Firefox/110.0"
46.193.1.170 - - [18/Mar/2023:21:01:33 +0000] "GET /searx/static/themes/oscar/css/logicodev-dark.min.css HTTP/1.1" 304 0 "-" "Mozilla/5.0 (X11; Linux x86_64; rv:109.0) Gecko/20100101 Firefox/110.0"
46.193.1.170 - - [18/Mar/2023:21:01:34 +0000] "GET /searx/static/themes/oscar/fonts/glyphicons-halflings-regular.woff2 HTTP/1.1" 200 18028 "-" "Mozilla/5.0 (X11; Linux x86_64; rv:109.0) Gecko/20100101 Firefox/110.0"
52.167.144.96 - - [18/Mar/2023:21:02:21 +0000] "GET / HTTP/1.1" 301 169 "-" "Mozilla/5.0 AppleWebKit/537.36 (KHTML, like Gecko; compatible; bingbot/2.0; +http://www.bing.com/bingbot.htm) Chrome/103.0.5060.134 Safari/537.36"
40.77.167.223 - - [18/Mar/2023:21:06:09 +0000] "GET / HTTP/1.1" 200 1970 "-" "Mozilla/5.0 AppleWebKit/537.36 (KHTML, like Gecko; compatible; bingbot/2.0; +http://www.bing.com/bingbot.htm) Chrome/103.0.5060.134 Safari/537.36"
52.167.144.109 - - [18/Mar/2023:21:10:17 +0000] "GET / HTTP/1.1" 200 587 "-" "Mozilla/5.0 AppleWebKit/537.36 (KHTML, like Gecko; compatible; bingbot/2.0; +http://www.bing.com/bingbot.htm) Chrome/103.0.5060.134 Safari/537.36"
198.199.97.240 - - [18/Mar/2023:21:23:17 +0000] "GET /owa/auth/logon.aspx HTTP/1.1" 404 125 "-" "Mozilla/5.0 zgrab/0.x"
46.193.1.170 - - [18/Mar/2023:21:25:04 +0000] "GET /search?q=plot+a+dictionary+in+python+as+a+graph HTTP/1.1" 200 8453 "-" "Mozilla/5.0 (X11; Linux x86_64; rv:109.0) Gecko/20100101 Firefox/110.0"
46.193.1.170 - - [18/Mar/2023:21:25:04 +0000] "GET /searx/static/themes/oscar/css/bootstrap.min.css HTTP/1.1" 200 125509 "-" "Mozilla/5.0 (X11; Linux x86_64; rv:109.0) Gecko/20100101 Firefox/110.0"
46.193.1.170 - - [18/Mar/2023:21:25:04 +0000] "GET /searx/static/themes/oscar/css/logicodev-dark.min.css HTTP/1.1" 200 17731 "-" "Mozilla/5.0 (X11; Linux x86_64; rv:109.0) Gecko/20100101 Firefox/110.0"
46.193.1.170 - - [18/Mar/2023:21:25:04 +0000] "GET /searx/static/themes/oscar/js/searx.min.js HTTP/1.1" 304 0 "-" "Mozilla/5.0 (X11; Linux x86_64; rv:109.0) Gecko/20100101 Firefox/110.0"
46.193.1.170 - - [18/Mar/2023:21:25:04 +0000] "GET /searx/static/themes/oscar/js/typeahead.bundle.min.js HTTP/1.1" 304 0 "-" "Mozilla/5.0 (X11; Linux x86_64; rv:109.0) Gecko/20100101 Firefox/110.0"
46.193.1.170 - - [18/Mar/2023:21:25:04 +0000] "GET /searx/static/themes/oscar/js/jquery.min.js HTTP/1.1" 304 0 "-" "Mozilla/5.0 (X11; Linux x86_64; rv:109.0) Gecko/20100101 Firefox/110.0"
46.193.1.170 - - [18/Mar/2023:21:25:04 +0000] "GET /searx/static/plugins/js/search_on_category_select.js HTTP/1.1" 304 0 "-" "Mozilla/5.0 (X11; Linux x86_64; rv:109.0) Gecko/20100101 Firefox/110.0"
46.193.1.170 - - [18/Mar/2023:21:25:04 +0000] "GET /searx/static/themes/oscar/js/bootstrap.min.js HTTP/1.1" 304 0 "-" "Mozilla/5.0 (X11; Linux x86_64; rv:109.0) Gecko/20100101 Firefox/110.0"
46.193.1.170 - - [18/Mar/2023:21:25:04 +0000] "GET /searx/static/themes/oscar/fonts/glyphicons-halflings-regular.woff2 HTTP/1.1" 200 18028 "-" "Mozilla/5.0 (X11; Linux x86_64; rv:109.0) Gecko/20100101 Firefox/110.0"
46.193.1.170 - - [18/Mar/2023:21:25:04 +0000] "GET /searx/static/themes/oscar/img/favicon.png HTTP/1.1" 499 0 "-" "Mozilla/5.0 (X11; Linux x86_64; rv:109.0) Gecko/20100101 Firefox/110.0"
143.110.222.166 - - [18/Mar/2023:21:28:52 +0000] "GET / HTTP/1.1" 200 415740 "-" "Mozilla/5.0 (iPhone; CPU iPhone OS 16_1 like Mac OS X) AppleWebKit/605.1.15 (KHTML, like Gecko) Version/16.1 Mobile/15E148 Safari/604.1"
190.211.252.122 - - [18/Mar/2023:21:28:59 +0000] "CONNECT pro.ip-api.com:443 HTTP/1.1" 400 157 "-" "-"
46.193.1.170 - - [18/Mar/2023:21:31:12 +0000] "GET /posts/pseudopost-8/pseudopost-8.html HTTP/1.1" 301 169 "-" "Mozilla/5.0 (X11; Linux x86_64; rv:109.0) Gecko/20100101 Firefox/110.0"
46.193.1.170 - - [18/Mar/2023:21:31:12 +0000] "GET /posts/pseudopost-8/pseudopost-8.html HTTP/1.1" 200 2850 "-" "Mozilla/5.0 (X11; Linux x86_64; rv:109.0) Gecko/20100101 Firefox/110.0"
46.193.1.170 - - [18/Mar/2023:21:31:13 +0000] "GET /posts/pseudopost-8/images/statue.jpeg HTTP/1.1" 200 516692 "https://blog.pseudot.org/posts/pseudopost-8/pseudopost-8.html" "Mozilla/5.0 (X11; Linux x86_64; rv:109.0) Gecko/20100101 Firefox/110.0"
