2a01:cb00:4cc:5800:d7a0:a667:8305:544 - - [13/Apr/2023:21:11:29 +0000] "GET /posts/pseudopost-8/images/min.jpeg HTTP/1.1" 200 570961 "https://blog.pseudot.org/posts/pseudopost-8/pseudopost-8.html" "Mozilla/5.0 (X11; Linux x86_64; rv:109.0) Gecko/20100101 Firefox/110.0"
2a01:cb00:4cc:5800:d7a0:a667:8305:544 - - [13/Apr/2023:21:11:29 +0000] "GET /posts/pseudopost-8/images/coloane.jpeg HTTP/1.1" 200 1191509 "https://blog.pseudot.org/posts/pseudopost-8/pseudopost-8.html" "Mozilla/5.0 (X11; Linux x86_64; rv:109.0) Gecko/20100101 Firefox/110.0"
143.110.222.166 - - [13/Apr/2023:21:24:11 +0000] "GET / HTTP/1.1" 200 415740 "-" "Mozilla/5.0 (iPhone; CPU iPhone OS 16_1 like Mac OS X) AppleWebKit/605.1.15 (KHTML, like Gecko) Version/16.1 Mobile/15E148 Safari/604.1"
192.241.201.126 - - [13/Apr/2023:21:59:20 +0000] "GET / HTTP/1.1" 200 1583 "-" "Mozilla/5.0 zgrab/0.x"
143.110.222.166 - - [13/Apr/2023:22:24:13 +0000] "GET / HTTP/1.1" 200 415740 "-" "Mozilla/5.0 (iPhone; CPU iPhone OS 16_1 like Mac OS X) AppleWebKit/605.1.15 (KHTML, like Gecko) Version/16.1 Mobile/15E148 Safari/604.1"
143.110.222.166 - - [13/Apr/2023:23:27:30 +0000] "GET / HTTP/1.1" 200 415740 "-" "Mozilla/5.0 (iPhone; CPU iPhone OS 16_1 like Mac OS X) AppleWebKit/605.1.15 (KHTML, like Gecko) Version/16.1 Mobile/15E148 Safari/604.1"
113.142.131.55 - - [13/Apr/2023:23:33:01 +0000] "GET / HTTP/1.1" 200 338555 "-" "Mozilla/5.0 (iPhone; CPU iPhone OS 13_2_3 like Mac OS X) AppleWebKit/605.1.15 (KHTML, like Gecko) Version/13.0.3 Mobile/15E148 Safari/604.1"
152.89.196.222 - - [30/Apr/2023:00:13:23 +0000] "GET / HTTP/1.1" 200 1583 "-" "Mozilla/5.0 (Windows NT 10.0; Win64; x64) AppleWebKit/537.36 (KHTML, like Gecko) Chrome/78.0.3904.108 Safari/537.36"
143.110.222.166 - - [30/Apr/2023:00:26:15 +0000] "GET / HTTP/1.1" 200 415740 "-" "Mozilla/5.0 (iPhone; CPU iPhone OS 16_1 like Mac OS X) AppleWebKit/605.1.15 (KHTML, like Gecko) Version/16.1 Mobile/15E148 Safari/604.1"
37.187.215.243 - - [30/Apr/2023:00:36:58 +0000] "GET /catalog/ HTTP/1.1" 200 55658 "-" "Mozilla/5.0 (X11; Ubuntu; Linux x86_64; rv:58.0) Gecko/20100101 Firefox/58.0"
2001:470:1:c84::27 - - [30/Apr/2023:00:44:55 +0000] "GET /favicon.ico HTTP/1.1" 200 15406 "-" "Mozilla/5.0 (X11; Linux x86_64) AppleWebKit/537.36 (KHTML, like Gecko) Chrome/109.0.0.0 Safari/537.36"
143.110.222.166 - - [30/Apr/2023:01:25:10 +0000] "GET / HTTP/1.1" 200 415740 "-" "Mozilla/5.0 (iPhone; CPU iPhone OS 16_1 like Mac OS X) AppleWebKit/605.1.15 (KHTML, like Gecko) Version/16.1 Mobile/15E148 Safari/604.1"
65.49.20.66 - - [30/Apr/2023:01:42:43 +0000] "GET / HTTP/1.1" 200 1583 "-" "Mozilla/5.0 (Windows NT 10.0; rv:108.0) Gecko/20100101 Firefox/108.0"
65.49.20.66 - - [30/Apr/2023:01:49:32 +0000] "GET /favicon.ico HTTP/1.1" 200 15406 "-" "Mozilla/5.0 (Windows NT 10.0; Win64; x64) AppleWebKit/537.36 (KHTML, like Gecko) Chrome/108.0.0.0 Safari/537.36 OPR/94.0.0.0 (Edition Yx GX)"
65.49.20.66 - - [30/Apr/2023:01:50:37 +0000] "GET / HTTP/1.1" 200 1583 "-" "Mozilla/5.0 (Windows NT 10.0; rv:108.0) Gecko/20100101 Firefox/108.0"
51.254.49.110 - - [30/Apr/2023:02:28:44 +0000] "GET / HTTP/1.1" 200 2522 "-" "Mozilla/5.0 (X11; Ubuntu; Linux x86_64; rv:58.0) Gecko/20100101 Firefox/58.0"
143.110.222.166 - - [30/Apr/2023:02:37:09 +0000] "GET / HTTP/1.1" 200 415740 "-" "Mozilla/5.0 (iPhone; CPU iPhone OS 16_1 like Mac OS X) AppleWebKit/605.1.15 (KHTML, like Gecko) Version/16.1 Mobile/15E148 Safari/604.1"
143.110.222.166 - - [30/Apr/2023:03:24:43 +0000] "GET / HTTP/1.1" 200 415740 "-" "Mozilla/5.0 (iPhone; CPU iPhone OS 16_1 like Mac OS X) AppleWebKit/605.1.15 (KHTML, like Gecko) Version/16.1 Mobile/15E148 Safari/604.1"
193.32.162.159 - - [30/Apr/2023:03:27:23 +0000] "GET / HTTP/1.1" 200 415717 "-" "Mozilla/5.0 (Windows NT 10.0; Win64; x64) AppleWebKit/537.36 (KHTML, like Gecko) Chrome/90.0.4430.85 Safari/537.36 Edg/90.0.818.46"
193.32.162.159 - - [30/Apr/2023:03:56:53 +0000] "GET / HTTP/1.1" 200 415717 "-" "Mozilla/5.0 (Windows NT 10.0; Win64; x64) AppleWebKit/537.36 (KHTML, like Gecko) Chrome/90.0.4430.85 Safari/537.36 Edg/90.0.818.46"
143.110.222.166 - - [30/Apr/2023:04:25:23 +0000] "GET / HTTP/1.1" 200 415740 "-" "Mozilla/5.0 (iPhone; CPU iPhone OS 16_1 like Mac OS X) AppleWebKit/605.1.15 (KHTML, like Gecko) Version/16.1 Mobile/15E148 Safari/604.1"
51.254.49.110 - - [30/Apr/2023:05:00:04 +0000] "GET / HTTP/1.1" 200 2522 "-" "Mozilla/5.0 (X11; Ubuntu; Linux x86_64; rv:58.0) Gecko/20100101 Firefox/58.0"
143.110.222.166 - - [30/Apr/2023:05:25:08 +0000] "GET / HTTP/1.1" 200 415740 "-" "Mozilla/5.0 (iPhone; CPU iPhone OS 16_1 like Mac OS X) AppleWebKit/605.1.15 (KHTML, like Gecko) Version/16.1 Mobile/15E148 Safari/604.1"
43.163.205.185 - - [30/Apr/2023:05:31:53 +0000] "GET / HTTP/1.1" 200 2826140 "-" "Mozilla/5.0 (Windows NT 10.0; Win64; x64) AppleWebKit/537.36 (KHTML, like Gecko) Chrome/78.0.3904.108 Safari/537.36"
43.163.205.185 - - [30/Apr/2023:05:31:55 +0000] "GET / HTTP/1.1" 200 2826140 "-" "Mozilla/5.0 (Windows NT 10.0; Win64; x64) AppleWebKit/537.36 (KHTML, like Gecko) Chrome/78.0.3904.108 Safari/537.36"
43.163.205.185 - - [30/Apr/2023:05:32:00 +0000] "GET / HTTP/1.1" 200 2826140 "-" "Mozilla/5.0 (Windows NT 10.0; Win64; x64) AppleWebKit/537.36 (KHTML, like Gecko) Chrome/78.0.3904.108 Safari/537.36"
193.32.162.159 - - [30/Apr/2023:05:37:18 +0000] "GET / HTTP/1.1" 200 415717 "-" "Mozilla/5.0 (Windows NT 10.0; Win64; x64) AppleWebKit/537.36 (KHTML, like Gecko) Chrome/90.0.4430.85 Safari/537.36 Edg/90.0.818.46"
152.89.196.222 - - [30/Apr/2023:05:54:21 +0000] "GET / HTTP/1.1" 200 1583 "-" "Mozilla/5.0 (Windows NT 10.0; Win64; x64) AppleWebKit/537.36 (KHTML, like Gecko) Chrome/78.0.3904.108 Safari/537.36"
143.110.222.166 - - [30/Apr/2023:06:25:40 +0000] "GET / HTTP/1.1" 200 415740 "-" "Mozilla/5.0 (iPhone; CPU iPhone OS 16_1 like Mac OS X) AppleWebKit/605.1.15 (KHTML, like Gecko) Version/16.1 Mobile/15E148 Safari/604.1"
144.91.106.14 - - [30/Apr/2023:06:29:25 +0000] "GET / HTTP/1.1" 301 169 "-" "Mozilla/5.0 (X11; Linux x86_64) AppleWebKit/537.36 (KHTML, like Gecko) Chrome/89.0.4389.82 Safari/537.36"
143.110.222.166 - - [30/Apr/2023:07:35:43 +0000] "GET / HTTP/1.1" 200 415740 "-" "Mozilla/5.0 (iPhone; CPU iPhone OS 16_1 like Mac OS X) AppleWebKit/605.1.15 (KHTML, like Gecko) Version/16.1 Mobile/15E148 Safari/604.1"
46.193.1.170 - - [30/Apr/2023:07:44:55 +0000] "GET /posts/pseudopost-2/pseudopost-2.html HTTP/1.1" 200 2257 "-" "Mozilla/5.0 (X11; Linux x86_64; rv:109.0) Gecko/20100101 Firefox/110.0"
46.193.1.170 - - [30/Apr/2023:07:44:55 +0000] "GET /posts/pseudopost-2/images/ro.gif HTTP/1.1" 200 5273 "https://blog.pseudot.org/posts/pseudopost-2/pseudopost-2.html" "Mozilla/5.0 (X11; Linux x86_64; rv:109.0) Gecko/20100101 Firefox/110.0"
46.193.1.170 - - [30/Apr/2023:07:44:55 +0000] "GET /posts/pseudopost-2/images/music.gif HTTP/1.1" 200 9305 "https://blog.pseudot.org/posts/pseudopost-2/pseudopost-2.html" "Mozilla/5.0 (X11; Linux x86_64; rv:109.0) Gecko/20100101 Firefox/110.0"
46.193.1.170 - - [30/Apr/2023:07:44:55 +0000] "GET /posts/pseudopost-2/images/leda.jpg HTTP/1.1" 200 155922 "https://blog.pseudot.org/posts/pseudopost-2/pseudopost-2.html" "Mozilla/5.0 (X11; Linux x86_64; rv:109.0) Gecko/20100101 Firefox/110.0"
46.193.1.170 - - [30/Apr/2023:07:44:55 +0000] "GET /posts/pseudopost-2/images/iasi.jpg HTTP/1.1" 200 370381 "https://blog.pseudot.org/posts/pseudopost-2/pseudopost-2.html" "Mozilla/5.0 (X11; Linux x86_64; rv:109.0) Gecko/20100101 Firefox/110.0"
46.193.1.170 - - [30/Apr/2023:07:45:14 +0000] "GET / HTTP/1.1" 200 1583 "-" "Mozilla/5.0 (X11; Linux x86_64; rv:109.0) Gecko/20100101 Firefox/110.0"
46.193.1.170 - - [30/Apr/2023:07:45:14 +0000] "GET /style.css HTTP/1.1" 200 1618 "https://blog.pseudot.org/" "Mozilla/5.0 (X11; Linux x86_64; rv:109.0) Gecko/20100101 Firefox/110.0"
46.193.1.170 - - [30/Apr/2023:07:45:24 +0000] "GET /posts/pseudopost-8/pseudopost-8.html HTTP/1.1" 200 2850 "https://blog.pseudot.org/" "Mozilla/5.0 (X11; Linux x86_64; rv:109.0) Gecko/20100101 Firefox/110.0"
46.193.1.170 - - [30/Apr/2023:07:45:24 +0000] "GET /posts/pseudopost-8/images/luton.jpeg HTTP/1.1" 200 199250 "https://blog.pseudot.org/posts/pseudopost-8/pseudopost-8.html" "Mozilla/5.0 (X11; Linux x86_64; rv:109.0) Gecko/20100101 Firefox/110.0"
46.193.1.170 - - [30/Apr/2023:07:45:24 +0000] "GET /posts/pseudopost-8/images/min.jpeg HTTP/1.1" 200 570961 "https://blog.pseudot.org/posts/pseudopost-8/pseudopost-8.html" "Mozilla/5.0 (X11; Linux x86_64; rv:109.0) Gecko/20100101 Firefox/110.0"
46.193.1.170 - - [30/Apr/2023:07:45:24 +0000] "GET /posts/pseudopost-8/images/bigben.jpeg HTTP/1.1" 200 364657 "https://blog.pseudot.org/posts/pseudopost-8/pseudopost-8.html" "Mozilla/5.0 (X11; Linux x86_64; rv:109.0) Gecko/20100101 Firefox/110.0"
46.193.1.170 - - [30/Apr/2023:07:45:24 +0000] "GET /posts/pseudopost-8/images/statue.jpeg HTTP/1.1" 200 516692 "https://blog.pseudot.org/posts/pseudopost-8/pseudopost-8.html" "Mozilla/5.0 (X11; Linux x86_64; rv:109.0) Gecko/20100101 Firefox/110.0"
46.193.1.170 - - [30/Apr/2023:07:45:24 +0000] "GET /posts/pseudopost-8/images/trafalgar.jpeg HTTP/1.1" 200 385558 "https://blog.pseudot.org/posts/pseudopost-8/pseudopost-8.html" "Mozilla/5.0 (X11; Linux x86_64; rv:109.0) Gecko/20100101 Firefox/110.0"
46.193.1.170 - - [30/Apr/2023:07:45:24 +0000] "GET /posts/pseudopost-8/images/metro.jpeg HTTP/1.1" 200 450701 "https://blog.pseudot.org/posts/pseudopost-8/pseudopost-8.html" "Mozilla/5.0 (X11; Linux x86_64; rv:109.0) Gecko/20100101 Firefox/110.0"
46.193.1.170 - - [30/Apr/2023:07:45:25 +0000] "GET /posts/pseudopost-8/images/nice.jpeg HTTP/1.1" 200 721752 "https://blog.pseudot.org/posts/pseudopost-8/pseudopost-8.html" "Mozilla/5.0 (X11; Linux x86_64; rv:109.0) Gecko/20100101 Firefox/110.0"
46.193.1.170 - - [30/Apr/2023:07:45:25 +0000] "GET /posts/pseudopost-8/images/prop1.jpeg HTTP/1.1" 200 448019 "https://blog.pseudot.org/posts/pseudopost-8/pseudopost-8.html" "Mozilla/5.0 (X11; Linux x86_64; rv:109.0) Gecko/20100101 Firefox/110.0"
46.193.1.170 - - [30/Apr/2023:07:45:25 +0000] "GET /posts/pseudopost-8/images/coloane.jpeg HTTP/1.1" 200 1191509 "https://blog.pseudot.org/posts/pseudopost-8/pseudopost-8.html" "Mozilla/5.0 (X11; Linux x86_64; rv:109.0) Gecko/20100101 Firefox/110.0"
46.193.1.170 - - [30/Apr/2023:07:45:25 +0000] "GET /posts/pseudopost-8/images/1euro.jpeg HTTP/1.1" 200 331041 "https://blog.pseudot.org/posts/pseudopost-8/pseudopost-8.html" "Mozilla/5.0 (X11; Linux x86_64; rv:109.0) Gecko/20100101 Firefox/110.0"
46.193.1.170 - - [30/Apr/2023:07:45:25 +0000] "GET /posts/pseudopost-8/images/afis.jpeg HTTP/1.1" 200 259460 "https://blog.pseudot.org/posts/pseudopost-8/pseudopost-8.html" "Mozilla/5.0 (X11; Linux x86_64; rv:109.0) Gecko/20100101 Firefox/110.0"
46.193.1.170 - - [30/Apr/2023:07:45:25 +0000] "GET /posts/pseudopost-8/images/chinezesc.jpeg HTTP/1.1" 200 518135 "https://blog.pseudot.org/posts/pseudopost-8/pseudopost-8.html" "Mozilla/5.0 (X11; Linux x86_64; rv:109.0) Gecko/20100101 Firefox/110.0"
46.193.1.170 - - [30/Apr/2023:07:45:25 +0000] "GET /posts/pseudopost-8/images/music.gif HTTP/1.1" 200 18234 "https://blog.pseudot.org/posts/pseudopost-8/pseudopost-8.html" "Mozilla/5.0 (X11; Linux x86_64; rv:109.0) Gecko/20100101 Firefox/110.0"
193.32.162.159 - - [30/Apr/2023:08:06:31 +0000] "GET / HTTP/1.1" 200 415717 "-" "Mozilla/5.0 (Windows NT 10.0; Win64; x64) AppleWebKit/537.36 (KHTML, like Gecko) Chrome/90.0.4430.85 Safari/537.36 Edg/90.0.818.46"
143.110.222.166 - - [30/Apr/2023:08:25:15 +0000] "GET / HTTP/1.1" 200 415740 "-" "Mozilla/5.0 (iPhone; CPU iPhone OS 16_1 like Mac OS X) AppleWebKit/605.1.15 (KHTML, like Gecko) Version/16.1 Mobile/15E148 Safari/604.1"
46.193.1.170 - - [30/Apr/2023:08:52:04 +0000] "GET / HTTP/1.1" 304 0 "-" "Mozilla/5.0 (X11; Linux x86_64; rv:109.0) Gecko/20100101 Firefox/110.0"
46.193.1.170 - - [30/Apr/2023:08:52:05 +0000] "GET / HTTP/1.1" 304 0 "-" "Mozilla/5.0 (X11; Linux x86_64; rv:109.0) Gecko/20100101 Firefox/110.0"
46.193.1.170 - - [30/Apr/2023:08:53:08 +0000] "GET / HTTP/1.1" 304 0 "-" "Mozilla/5.0 (X11; Linux x86_64; rv:109.0) Gecko/20100101 Firefox/110.0"
46.193.1.170 - - [30/Apr/2023:08:53:09 +0000] "GET / HTTP/1.1" 304 0 "-" "Mozilla/5.0 (X11; Linux x86_64; rv:109.0) Gecko/20100101 Firefox/110.0"
143.110.222.166 - - [30/Apr/2023:09:24:52 +0000] "GET / HTTP/1.1" 200 415740 "-" "Mozilla/5.0 (iPhone; CPU iPhone OS 16_1 like Mac OS X) AppleWebKit/605.1.15 (KHTML, like Gecko) Version/16.1 Mobile/15E148 Safari/604.1"
165.232.92.159 - - [30/Apr/2023:09:43:49 +0000] "GET / HTTP/1.1" 200 364614 "-" "Mozilla/5.0 (Windows NT 10.0; Win64; x64) AppleWebKit/537.36 (KHTML, like Gecko) Chrome/83.0.4103.61 Safari/537.36"
167.71.110.60 - - [30/Apr/2023:10:39:54 +0000] "GET /favicon.ico HTTP/1.1" 200 15406 "-" "Mozilla/5.0 (Windows NT 10.0; Win64; x64) AppleWebKit/537.36 (KHTML, like Gecko) Chrome/108.0.0.0 Safari/537.36"
143.110.222.166 - - [30/Apr/2023:10:41:16 +0000] "GET / HTTP/1.1" 200 415740 "-" "Mozilla/5.0 (iPhone; CPU iPhone OS 16_1 like Mac OS X) AppleWebKit/605.1.15 (KHTML, like Gecko) Version/16.1 Mobile/15E148 Safari/604.1"
193.32.162.159 - - [30/Apr/2023:10:55:38 +0000] "GET / HTTP/1.1" 200 415717 "-" "Mozilla/5.0 (Windows NT 10.0; Win64; x64) AppleWebKit/537.36 (KHTML, like Gecko) Chrome/90.0.4430.85 Safari/537.36 Edg/90.0.818.46"
152.89.196.144 - - [30/Apr/2023:11:18:00 +0000] "GET / HTTP/1.1" 200 1583 "-" "Mozilla/5.0 (Windows NT 10.0; Win64; x64) AppleWebKit/537.36 (KHTML, like Gecko) Chrome/78.0.3904.108 Safari/537.36"
143.110.222.166 - - [30/Apr/2023:11:36:18 +0000] "GET / HTTP/1.1" 200 415740 "-" "Mozilla/5.0 (iPhone; CPU iPhone OS 16_1 like Mac OS X) AppleWebKit/605.1.15 (KHTML, like Gecko) Version/16.1 Mobile/15E148 Safari/604.1"
143.110.222.166 - - [30/Apr/2023:12:27:53 +0000] "GET / HTTP/1.1" 200 415740 "-" "Mozilla/5.0 (iPhone; CPU iPhone OS 16_1 like Mac OS X) AppleWebKit/605.1.15 (KHTML, like Gecko) Version/16.1 Mobile/15E148 Safari/604.1"
147.182.154.58 - - [30/Apr/2023:12:36:12 +0000] "GET / HTTP/1.1" 200 415740 "-" "Mozilla/5.0 zgrab/0.x"
94.102.61.10 - - [30/Apr/2023:12:41:37 +0000] "GET / HTTP/1.1" 200 415844 "-" "Mozilla/5.0 (Windows NT 10.0; Win64; x64) AppleWebKit/537.36 (KHTML, like Gecko) Chrome/88.0.4324.190 Safari/537.36"
152.89.196.144 - - [30/Apr/2023:12:47:11 +0000] "GET / HTTP/1.1" 200 1583 "-" "Mozilla/5.0 (Windows NT 10.0; Win64; x64) AppleWebKit/537.36 (KHTML, like Gecko) Chrome/78.0.3904.108 Safari/537.36"
193.32.162.159 - - [30/Apr/2023:13:00:46 +0000] "GET / HTTP/1.1" 200 415717 "-" "Mozilla/5.0 (Windows NT 10.0; Win64; x64) AppleWebKit/537.36 (KHTML, like Gecko) Chrome/90.0.4430.85 Safari/537.36 Edg/90.0.818.46"
103.203.57.7 - - [30/Apr/2023:13:35:59 +0000] "GET / HTTP/1.1" 200 2826140 "-" "HTTP Banner Detection (https://security.ipip.net)"
143.110.222.166 - - [30/Apr/2023:13:36:46 +0000] "GET / HTTP/1.1" 200 415740 "-" "Mozilla/5.0 (iPhone; CPU iPhone OS 16_1 like Mac OS X) AppleWebKit/605.1.15 (KHTML, like Gecko) Version/16.1 Mobile/15E148 Safari/604.1"
164.92.239.216 - - [30/Apr/2023:13:37:35 +0000] "GET / HTTP/1.1" 200 415844 "-" "Mozilla/5.0 (Windows NT 10.0; Win64; x64) AppleWebKit/537.36 (KHTML, like Gecko) Chrome/108.0.0.0 Safari/537.36"
38.110.46.2 - - [30/Apr/2023:13:56:38 +0000] "GET / HTTP/1.1" 200 415749 "-" "Mozilla/5.0 (X11; Linux i686; rv:110.0) Gecko/20100101 Firefox/110.0"
199.45.154.4 - - [30/Apr/2023:13:56:43 +0000] "GET / HTTP/1.1" 200 415740 "-" "Mozilla/5.0 (X11; Linux i686; rv:110.0) Gecko/20100101 Firefox/110.0"
199.45.154.4 - - [30/Apr/2023:13:56:43 +0000] "GET / HTTP/1.1" 200 393574 "-" "Mozilla/5.0 (X11; Linux i686; rv:110.0) Gecko/20100101 Firefox/110.0"
199.45.155.4 - - [30/Apr/2023:13:56:56 +0000] "GET / HTTP/1.1" 200 415740 "-" "Mozilla/5.0 (X11; Linux i686; rv:110.0) Gecko/20100101 Firefox/110.0"
43.248.128.82 - - [30/Apr/2023:13:57:53 +0000] "GET / HTTP/1.1" 200 237190 "-" "Mozilla/5.0 (X11; Linux i686; rv:110.0) Gecko/20100101 Firefox/110.0"
171.67.71.144 - - [30/Apr/2023:13:58:14 +0000] "GET / HTTP/1.1" 200 415749 "-" "Mozilla/5.0 (X11; Linux i686; rv:110.0) Gecko/20100101 Firefox/110.0"
171.67.71.144 - - [30/Apr/2023:13:58:14 +0000] "GET / HTTP/1.1" 200 415748 "-" "Mozilla/5.0 (X11; Linux i686; rv:110.0) Gecko/20100101 Firefox/110.0"
186.33.107.187 - - [30/Apr/2023:14:24:09 +0000] "GET / HTTP/1.1" 200 2826140 "-" "Mozilla/5.0 (Windows NT 10.0; WOW64) AppleWebKit/537.36 (KHTML, like Gecko) Chrome/51.0.2704.103 Safari/537.36"
143.110.222.166 - - [30/Apr/2023:14:27:17 +0000] "GET / HTTP/1.1" 200 415740 "-" "Mozilla/5.0 (iPhone; CPU iPhone OS 16_1 like Mac OS X) AppleWebKit/605.1.15 (KHTML, like Gecko) Version/16.1 Mobile/15E148 Safari/604.1"
193.32.162.159 - - [30/Apr/2023:14:58:51 +0000] "GET / HTTP/1.1" 200 415717 "-" "Mozilla/5.0 (Windows NT 10.0; Win64; x64) AppleWebKit/537.36 (KHTML, like Gecko) Chrome/90.0.4430.85 Safari/537.36 Edg/90.0.818.46"
143.110.222.166 - - [30/Apr/2023:15:25:59 +0000] "GET / HTTP/1.1" 200 415740 "-" "Mozilla/5.0 (iPhone; CPU iPhone OS 16_1 like Mac OS X) AppleWebKit/605.1.15 (KHTML, like Gecko) Version/16.1 Mobile/15E148 Safari/604.1"
193.32.162.159 - - [30/Apr/2023:15:49:28 +0000] "GET / HTTP/1.1" 200 415717 "-" "Mozilla/5.0 (Windows NT 10.0; Win64; x64) AppleWebKit/537.36 (KHTML, like Gecko) Chrome/90.0.4430.85 Safari/537.36 Edg/90.0.818.46"
139.99.9.160 - - [30/Apr/2023:15:51:24 +0000] "GET / HTTP/1.1" 200 5190 "-" "Mozilla/5.0 (X11; Ubuntu; Linux x86_64; rv:58.0) Gecko/20100101 Firefox/58.0"
35.90.51.92 - - [30/Apr/2023:16:05:11 +0000] "GET / HTTP/1.1" 200 1970 "-" "Mozilla/5.0 (X11; Linux x86_64) AppleWebKit/537.36 (KHTML, like Gecko) Chrome/83.0.4103.97 Safari/537.36"
52.12.186.200 - - [30/Apr/2023:16:05:27 +0000] "GET / HTTP/1.1" 200 1970 "-" "Mozilla/5.0 (X11; Linux x86_64) AppleWebKit/537.36 (KHTML, like Gecko) Chrome/83.0.4103.97 Safari/537.36"
143.110.222.166 - - [30/Apr/2023:16:27:43 +0000] "GET / HTTP/1.1" 200 415740 "-" "Mozilla/5.0 (iPhone; CPU iPhone OS 16_1 like Mac OS X) AppleWebKit/605.1.15 (KHTML, like Gecko) Version/16.1 Mobile/15E148 Safari/604.1"
143.110.222.166 - - [30/Apr/2023:17:27:03 +0000] "GET / HTTP/1.1" 200 415740 "-" "Mozilla/5.0 (iPhone; CPU iPhone OS 16_1 like Mac OS X) AppleWebKit/605.1.15 (KHTML, like Gecko) Version/16.1 Mobile/15E148 Safari/604.1"
176.74.192.85 - - [30/Apr/2023:18:00:42 +0000] "GET / HTTP/1.1" 301 169 "-" "Mozilla/5.0 (Windows NT 10.0; Win64; x64) AppleWebKit/537.36 (KHTML, like Gecko) Chrome/98.0.4758.82 Safari/537.36 OPR/84.0.4316.14"
176.74.192.85 - - [30/Apr/2023:18:00:43 +0000] "GET / HTTP/1.1" 200 1970 "http://pseudot.org/" "Mozilla/5.0 (Windows NT 10.0; Win64; x64) AppleWebKit/537.36 (KHTML, like Gecko) Chrome/98.0.4758.82 Safari/537.36 OPR/84.0.4316.14"
113.125.51.198 - - [30/Apr/2023:18:24:52 +0000] "GET / HTTP/1.1" 200 334211 "-" "Mozilla/5.0 (iPhone; CPU iPhone OS 13_2_3 like Mac OS X) AppleWebKit/605.1.15 (KHTML, like Gecko) Version/13.0.3 Mobile/15E148 Safari/604.1"
143.110.222.166 - - [30/Apr/2023:18:27:15 +0000] "GET / HTTP/1.1" 200 415740 "-" "Mozilla/5.0 (iPhone; CPU iPhone OS 16_1 like Mac OS X) AppleWebKit/605.1.15 (KHTML, like Gecko) Version/16.1 Mobile/15E148 Safari/604.1"
193.235.141.127 - - [30/Apr/2023:18:49:25 +0000] "GET / HTTP/1.1" 200 1583 "-" "Mozilla/5.0 (Windows NT 10.0; Win64; x64) AppleWebKit/537.36 (KHTML, like Gecko) Chrome/105.0.0.0 Safari/537.36"
51.254.49.108 - - [30/Apr/2023:18:50:03 +0000] "GET / HTTP/1.1" 200 5190 "-" "Mozilla/5.0 (X11; Ubuntu; Linux x86_64; rv:58.0) Gecko/20100101 Firefox/58.0"
144.91.106.14 - - [30/Apr/2023:19:02:33 +0000] "GET / HTTP/1.1" 301 169 "-" "Mozilla/5.0 (X11; Linux x86_64) AppleWebKit/537.36 (KHTML, like Gecko) Chrome/89.0.4389.82 Safari/537.36"
144.91.106.14 - - [30/Apr/2023:19:02:33 +0000] "GET / HTTP/1.1" 200 785 "http://catalog.pseudot.org" "Mozilla/5.0 (X11; Linux x86_64) AppleWebKit/537.36 (KHTML, like Gecko) Chrome/89.0.4389.82 Safari/537.36"
144.91.106.14 - - [30/Apr/2023:19:02:33 +0000] "GET / HTTP/1.1" 200 785 "-" "Mozilla/5.0 (X11; Linux x86_64) AppleWebKit/537.36 (KHTML, like Gecko) Chrome/89.0.4389.82 Safari/537.36"
193.32.162.159 - - [30/Apr/2023:19:18:56 +0000] "GET / HTTP/1.1" 200 415749 "-" "Mozilla/5.0 (Windows NT 10.0; Win64; x64) AppleWebKit/537.36 (KHTML, like Gecko) Chrome/90.0.4430.85 Safari/537.36 Edg/90.0.818.46"
143.110.222.166 - - [30/Apr/2023:19:25:59 +0000] "GET / HTTP/1.1" 200 415740 "-" "Mozilla/5.0 (iPhone; CPU iPhone OS 16_1 like Mac OS X) AppleWebKit/605.1.15 (KHTML, like Gecko) Version/16.1 Mobile/15E148 Safari/604.1"
20.250.18.57 - - [30/Apr/2023:19:41:58 +0000] "GET / HTTP/1.1" 200 415947 "-" "Mozilla/5.0 (Linux; U; Android 4.4.2; en-US; HM NOTE 1W Build/KOT49H) AppleWebKit/534.30 (KHTML, like Gecko) Version/4.0 UCBrowser/11.0.5.850 U3/0.8.0 Mobile Safari/534.30"
54.69.67.219 - - [30/Apr/2023:20:03:57 +0000] "GET / HTTP/1.1" 200 415708 "-" "Mozilla/5.0 (Windows NT 10.0; Win64; x64)AppleWebKit/537.36 (KHTML, like Gecko) Chrome/66.0.3359.181 Safari/537.36"
193.32.162.159 - - [30/Apr/2023:20:09:41 +0000] "GET / HTTP/1.1" 200 415717 "-" "Mozilla/5.0 (Windows NT 10.0; Win64; x64) AppleWebKit/537.36 (KHTML, like Gecko) Chrome/90.0.4430.85 Safari/537.36 Edg/90.0.818.46"
5.62.175.14 - - [30/Apr/2023:20:33:46 +0000] "GET / HTTP/1.1" 200 2826140 "-" "Mozilla/5.0 (Windows NT 6.1; WOW64) AppleWebKit/537.36 (KHTML, like Gecko) Chrome/52.0.2743.116 Safari/537.36"
143.110.222.166 - - [30/Apr/2023:20:39:21 +0000] "GET / HTTP/1.1" 200 415740 "-" "Mozilla/5.0 (iPhone; CPU iPhone OS 16_1 like Mac OS X) AppleWebKit/605.1.15 (KHTML, like Gecko) Version/16.1 Mobile/15E148 Safari/604.1"
143.110.222.166 - - [30/Apr/2023:21:36:09 +0000] "GET / HTTP/1.1" 200 415740 "-" "Mozilla/5.0 (iPhone; CPU iPhone OS 16_1 like Mac OS X) AppleWebKit/605.1.15 (KHTML, like Gecko) Version/16.1 Mobile/15E148 Safari/604.1"
144.91.106.14 - - [30/Apr/2023:22:09:51 +0000] "GET / HTTP/1.1" 301 169 "-" "Mozilla/5.0 (X11; Linux x86_64) AppleWebKit/537.36 (KHTML, like Gecko) Chrome/89.0.4389.82 Safari/537.36"
144.91.106.14 - - [30/Apr/2023:22:09:51 +0000] "GET / HTTP/1.1" 200 605 "http://memes.pseudot.org" "Mozilla/5.0 (X11; Linux x86_64) AppleWebKit/537.36 (KHTML, like Gecko) Chrome/89.0.4389.82 Safari/537.36"
144.91.106.14 - - [30/Apr/2023:22:09:51 +0000] "GET / HTTP/1.1" 200 1707 "http://music.pseudot.org" "Mozilla/5.0 (X11; Linux x86_64) AppleWebKit/537.36 (KHTML, like Gecko) Chrome/89.0.4389.82 Safari/537.36"
144.91.106.14 - - [30/Apr/2023:22:09:51 +0000] "GET / HTTP/1.1" 200 865 "http://programming.pseudot.org" "Mozilla/5.0 (X11; Linux x86_64) AppleWebKit/537.36 (KHTML, like Gecko) Chrome/89.0.4389.82 Safari/537.36"
144.91.106.14 - - [30/Apr/2023:22:09:51 +0000] "GET / HTTP/1.1" 200 796 "http://books.pseudot.org" "Mozilla/5.0 (X11; Linux x86_64) AppleWebKit/537.36 (KHTML, like Gecko) Chrome/89.0.4389.82 Safari/537.36"
144.91.106.14 - - [30/Apr/2023:22:09:51 +0000] "GET / HTTP/1.1" 200 587 "http://drawing.pseudot.org" "Mozilla/5.0 (X11; Linux x86_64) AppleWebKit/537.36 (KHTML, like Gecko) Chrome/89.0.4389.82 Safari/537.36"
144.91.106.14 - - [30/Apr/2023:22:09:52 +0000] "GET / HTTP/1.1" 301 169 "-" "Mozilla/5.0 (X11; Linux x86_64) AppleWebKit/537.36 (KHTML, like Gecko) Chrome/89.0.4389.82 Safari/537.36"
144.91.106.14 - - [30/Apr/2023:22:09:52 +0000] "GET /style.css HTTP/1.1" 301 169 "-" "Mozilla/5.0 (X11; Linux x86_64) AppleWebKit/537.36 (KHTML, like Gecko) Chrome/89.0.4389.82 Safari/537.36"
144.91.106.14 - - [30/Apr/2023:22:09:52 +0000] "GET / HTTP/1.1" 200 1029 "http://uc.pseudot.org" "Mozilla/5.0 (X11; Linux x86_64) AppleWebKit/537.36 (KHTML, like Gecko) Chrome/89.0.4389.82 Safari/537.36"
144.91.106.14 - - [30/Apr/2023:22:09:52 +0000] "GET /scripts/zooming.min.js HTTP/1.1" 301 169 "-" "Mozilla/5.0 (X11; Linux x86_64) AppleWebKit/537.36 (KHTML, like Gecko) Chrome/89.0.4389.82 Safari/537.36"
144.91.106.14 - - [30/Apr/2023:22:09:52 +0000] "GET / HTTP/1.1" 200 1707 "-" "Mozilla/5.0 (X11; Linux x86_64) AppleWebKit/537.36 (KHTML, like Gecko) Chrome/89.0.4389.82 Safari/537.36"
144.91.106.14 - - [30/Apr/2023:22:09:52 +0000] "GET /style.css HTTP/1.1" 301 169 "-" "Mozilla/5.0 (X11; Linux x86_64) AppleWebKit/537.36 (KHTML, like Gecko) Chrome/89.0.4389.82 Safari/537.36"
144.91.106.14 - - [30/Apr/2023:22:09:52 +0000] "GET / HTTP/1.1" 200 605 "-" "Mozilla/5.0 (X11; Linux x86_64) AppleWebKit/537.36 (KHTML, like Gecko) Chrome/89.0.4389.82 Safari/537.36"
144.91.106.14 - - [30/Apr/2023:22:09:52 +0000] "GET /scripts/zooming.min.js HTTP/1.1" 301 169 "-" "Mozilla/5.0 (X11; Linux x86_64) AppleWebKit/537.36 (KHTML, like Gecko) Chrome/89.0.4389.82 Safari/537.36"
144.91.106.14 - - [30/Apr/2023:22:09:52 +0000] "GET / HTTP/1.1" 200 796 "-" "Mozilla/5.0 (X11; Linux x86_64) AppleWebKit/537.36 (KHTML, like Gecko) Chrome/89.0.4389.82 Safari/537.36"
144.91.106.14 - - [30/Apr/2023:22:09:52 +0000] "GET / HTTP/1.1" 200 865 "-" "Mozilla/5.0 (X11; Linux x86_64) AppleWebKit/537.36 (KHTML, like Gecko) Chrome/89.0.4389.82 Safari/537.36"
144.91.106.14 - - [30/Apr/2023:22:09:52 +0000] "GET / HTTP/1.1" 200 587 "-" "Mozilla/5.0 (X11; Linux x86_64) AppleWebKit/537.36 (KHTML, like Gecko) Chrome/89.0.4389.82 Safari/537.36"
144.91.106.14 - - [30/Apr/2023:22:09:52 +0000] "GET / HTTP/1.1" 200 1010 "http://photos.pseudot.org" "Mozilla/5.0 (X11; Linux x86_64) AppleWebKit/537.36 (KHTML, like Gecko) Chrome/89.0.4389.82 Safari/537.36"
144.91.106.14 - - [30/Apr/2023:22:09:52 +0000] "GET /style.css HTTP/1.1" 301 169 "-" "Mozilla/5.0 (X11; Linux x86_64) AppleWebKit/537.36 (KHTML, like Gecko) Chrome/89.0.4389.82 Safari/537.36"
144.91.106.14 - - [30/Apr/2023:22:09:52 +0000] "GET /style.css HTTP/1.1" 200 1651 "http://music.pseudot.org/style.css" "Mozilla/5.0 (X11; Linux x86_64) AppleWebKit/537.36 (KHTML, like Gecko) Chrome/89.0.4389.82 Safari/537.36"
144.91.106.14 - - [30/Apr/2023:22:09:52 +0000] "GET /scripts/zooming.min.js HTTP/1.1" 200 10728 "http://memes.pseudot.org/scripts/zooming.min.js" "Mozilla/5.0 (X11; Linux x86_64) AppleWebKit/537.36 (KHTML, like Gecko) Chrome/89.0.4389.82 Safari/537.36"
144.91.106.14 - - [30/Apr/2023:22:09:52 +0000] "GET /style.css HTTP/1.1" 200 1651 "-" "Mozilla/5.0 (X11; Linux x86_64) AppleWebKit/537.36 (KHTML, like Gecko) Chrome/89.0.4389.82 Safari/537.36"
144.91.106.14 - - [30/Apr/2023:22:09:52 +0000] "GET / HTTP/1.1" 200 1029 "-" "Mozilla/5.0 (X11; Linux x86_64) AppleWebKit/537.36 (KHTML, like Gecko) Chrome/89.0.4389.82 Safari/537.36"
144.91.106.14 - - [30/Apr/2023:22:09:52 +0000] "GET /style.css HTTP/1.1" 200 1653 "http://programming.pseudot.org/style.css" "Mozilla/5.0 (X11; Linux x86_64) AppleWebKit/537.36 (KHTML, like Gecko) Chrome/89.0.4389.82 Safari/537.36"
144.91.106.14 - - [30/Apr/2023:22:09:52 +0000] "GET /style.css HTTP/1.1" 301 169 "-" "Mozilla/5.0 (X11; Linux x86_64) AppleWebKit/537.36 (KHTML, like Gecko) Chrome/89.0.4389.82 Safari/537.36"
144.91.106.14 - - [30/Apr/2023:22:09:52 +0000] "GET /scripts/zooming.min.js HTTP/1.1" 301 169 "-" "Mozilla/5.0 (X11; Linux x86_64) AppleWebKit/537.36 (KHTML, like Gecko) Chrome/89.0.4389.82 Safari/537.36"
144.91.106.14 - - [30/Apr/2023:22:09:52 +0000] "GET /scripts/zooming.min.js HTTP/1.1" 200 10728 "http://drawing.pseudot.org/scripts/zooming.min.js" "Mozilla/5.0 (X11; Linux x86_64) AppleWebKit/537.36 (KHTML, like Gecko) Chrome/89.0.4389.82 Safari/537.36"
144.91.106.14 - - [30/Apr/2023:22:09:52 +0000] "GET /style.css HTTP/1.1" 200 1651 "http://books.pseudot.org/style.css" "Mozilla/5.0 (X11; Linux x86_64) AppleWebKit/537.36 (KHTML, like Gecko) Chrome/89.0.4389.82 Safari/537.36"
144.91.106.14 - - [30/Apr/2023:22:09:52 +0000] "GET /scripts/zooming.min.js HTTP/1.1" 200 10728 "-" "Mozilla/5.0 (X11; Linux x86_64) AppleWebKit/537.36 (KHTML, like Gecko) Chrome/89.0.4389.82 Safari/537.36"
144.91.106.14 - - [30/Apr/2023:22:09:52 +0000] "GET /style.css HTTP/1.1" 200 1651 "-" "Mozilla/5.0 (X11; Linux x86_64) AppleWebKit/537.36 (KHTML, like Gecko) Chrome/89.0.4389.82 Safari/537.36"
144.91.106.14 - - [30/Apr/2023:22:09:52 +0000] "GET /style.css HTTP/1.1" 200 1653 "-" "Mozilla/5.0 (X11; Linux x86_64) AppleWebKit/537.36 (KHTML, like Gecko) Chrome/89.0.4389.82 Safari/537.36"
144.91.106.14 - - [30/Apr/2023:22:09:52 +0000] "GET /style.css HTTP/1.1" 200 1651 "http://uc.pseudot.org/style.css" "Mozilla/5.0 (X11; Linux x86_64) AppleWebKit/537.36 (KHTML, like Gecko) Chrome/89.0.4389.82 Safari/537.36"
144.91.106.14 - - [30/Apr/2023:22:09:52 +0000] "GET /scripts/zooming.min.js HTTP/1.1" 200 10728 "-" "Mozilla/5.0 (X11; Linux x86_64) AppleWebKit/537.36 (KHTML, like Gecko) Chrome/89.0.4389.82 Safari/537.36"
144.91.106.14 - - [30/Apr/2023:22:09:52 +0000] "GET / HTTP/1.1" 200 1010 "-" "Mozilla/5.0 (X11; Linux x86_64) AppleWebKit/537.36 (KHTML, like Gecko) Chrome/89.0.4389.82 Safari/537.36"
144.91.106.14 - - [30/Apr/2023:22:09:52 +0000] "GET /style.css HTTP/1.1" 200 1651 "-" "Mozilla/5.0 (X11; Linux x86_64) AppleWebKit/537.36 (KHTML, like Gecko) Chrome/89.0.4389.82 Safari/537.36"
144.91.106.14 - - [30/Apr/2023:22:09:52 +0000] "GET /style.css HTTP/1.1" 200 2670 "http://photos.pseudot.org/style.css" "Mozilla/5.0 (X11; Linux x86_64) AppleWebKit/537.36 (KHTML, like Gecko) Chrome/89.0.4389.82 Safari/537.36"
144.91.106.14 - - [30/Apr/2023:22:09:52 +0000] "GET /scripts/zooming.min.js HTTP/1.1" 200 10728 "http://photos.pseudot.org/scripts/zooming.min.js" "Mozilla/5.0 (X11; Linux x86_64) AppleWebKit/537.36 (KHTML, like Gecko) Chrome/89.0.4389.82 Safari/537.36"
144.91.106.14 - - [30/Apr/2023:22:09:52 +0000] "GET /scripts/zooming.min.js HTTP/1.1" 200 10728 "-" "Mozilla/5.0 (X11; Linux x86_64) AppleWebKit/537.36 (KHTML, like Gecko) Chrome/89.0.4389.82 Safari/537.36"
144.91.106.14 - - [30/Apr/2023:22:09:52 +0000] "GET /style.css HTTP/1.1" 200 2670 "-" "Mozilla/5.0 (X11; Linux x86_64) AppleWebKit/537.36 (KHTML, like Gecko) Chrome/89.0.4389.82 Safari/537.36"
143.110.222.166 - - [30/Apr/2023:22:26:18 +0000] "GET / HTTP/1.1" 200 415740 "-" "Mozilla/5.0 (iPhone; CPU iPhone OS 16_1 like Mac OS X) AppleWebKit/605.1.15 (KHTML, like Gecko) Version/16.1 Mobile/15E148 Safari/604.1"
193.32.162.159 - - [30/Apr/2023:22:32:37 +0000] "GET / HTTP/1.1" 200 415717 "-" "Mozilla/5.0 (Windows NT 10.0; Win64; x64) AppleWebKit/537.36 (KHTML, like Gecko) Chrome/90.0.4430.85 Safari/537.36 Edg/90.0.818.46"
14.116.150.68 - - [30/Apr/2023:23:23:52 +0000] "GET / HTTP/1.1" 200 338555 "-" "Mozilla/5.0 (iPhone; CPU iPhone OS 13_2_3 like Mac OS X) AppleWebKit/605.1.15 (KHTML, like Gecko) Version/13.0.3 Mobile/15E148 Safari/604.1"
143.110.222.166 - - [30/Apr/2023:23:38:43 +0000] "GET / HTTP/1.1" 200 415740 "-" "Mozilla/5.0 (iPhone; CPU iPhone OS 16_1 like Mac OS X) AppleWebKit/605.1.15 (KHTML, like Gecko) Version/16.1 Mobile/15E148 Safari/604.1"
165.227.71.223 - - [30/Apr/2023:23:39:02 +0000] "GET / HTTP/1.1" 200 415708 "-" "Mozilla/5.0 (X11; Ubuntu; Linux i686; rv:28.0) Gecko/20100101 Firefox/28.0"
165.227.71.223 - - [30/Apr/2023:23:39:04 +0000] "GET / HTTP/1.1" 200 415708 "-" "Mozilla/5.0 (X11; Ubuntu; Linux i686; rv:28.0) Gecko/20100101 Firefox/28.0"
165.227.71.223 - - [30/Apr/2023:23:39:06 +0000] "GET / HTTP/1.1" 200 415708 "-" "Mozilla/5.0 (X11; Ubuntu; Linux i686; rv:28.0) Gecko/20100101 Firefox/28.0"
193.32.162.159 - - [30/Apr/2023:23:53:55 +0000] "GET / HTTP/1.1" 200 415717 "-" "Mozilla/5.0 (Windows NT 10.0; Win64; x64) AppleWebKit/537.36 (KHTML, like Gecko) Chrome/90.0.4430.85 Safari/537.36 Edg/90.0.818.46"
193.235.141.23 - - [12/Apr/2023:00:09:32 +0000] "GET / HTTP/1.1" 200 1583 "-" "Mozilla/5.0 (Windows NT 10.0; Win64; x64) AppleWebKit/537.36 (KHTML, like Gecko) Chrome/105.0.0.0 Safari/537.36"
213.32.122.82 - - [12/Apr/2023:00:21:06 +0000] "GET / HTTP/1.1" 200 5190 "-" "Mozilla/5.0 (Windows NT 6.1) AppleWebKit/537.36 (KHTML, like Gecko) Chrome/41.0.2228.0 Safari/537.36"
143.110.222.166 - - [12/Apr/2023:00:27:08 +0000] "GET / HTTP/1.1" 200 415740 "-" "Mozilla/5.0 (iPhone; CPU iPhone OS 16_1 like Mac OS X) AppleWebKit/605.1.15 (KHTML, like Gecko) Version/16.1 Mobile/15E148 Safari/604.1"
2001:470:1:332::16c - - [12/Apr/2023:00:49:31 +0000] "GET / HTTP/1.1" 200 1583 "-" "Mozilla/5.0 (Windows NT 10.0; WOW64) AppleWebKit/537.36 (KHTML, like Gecko) Chrome/109.0.0.0 Safari/537.36"
2001:470:1:332::169 - - [12/Apr/2023:00:53:51 +0000] "GET /favicon.ico HTTP/1.1" 200 15406 "-" "Mozilla/5.0 (Windows NT 10.0; rv:109.0) Gecko/20100101 Firefox/109.0"
2001:470:1:332::174 - - [12/Apr/2023:00:54:13 +0000] "GET / HTTP/1.1" 200 1583 "-" "Mozilla/5.0 (Windows NT 10.0; WOW64) AppleWebKit/537.36 (KHTML, like Gecko) Chrome/109.0.0.0 Safari/537.36"
143.110.222.166 - - [12/Apr/2023:01:13:31 +0000] "GET / HTTP/1.1" 200 415740 "-" "Mozilla/5.0 (iPhone; CPU iPhone OS 16_1 like Mac OS X) AppleWebKit/605.1.15 (KHTML, like Gecko) Version/16.1 Mobile/15E148 Safari/604.1"
193.32.162.159 - - [12/Apr/2023:01:39:17 +0000] "GET / HTTP/1.1" 200 415717 "-" "Mozilla/5.0 (Windows NT 10.0; Win64; x64) AppleWebKit/537.36 (KHTML, like Gecko) Chrome/90.0.4430.85 Safari/537.36 Edg/90.0.818.46"
206.189.57.162 - - [12/Apr/2023:01:47:59 +0000] "GET / HTTP/1.1" 200 415971 "-" "Mozilla/5.0 zgrab/0.x"
54.80.24.123 - - [12/Apr/2023:01:58:13 +0000] "GET / HTTP/1.1" 200 415740 "-" "Mozilla/5.0 (Windows NT 6.2;en-US) AppleWebKit/537.32.36 (KHTML, live Gecko) Chrome/59.0.3095.81 Safari/537.32"
143.110.222.166 - - [12/Apr/2023:02:27:30 +0000] "GET / HTTP/1.1" 200 415740 "-" "Mozilla/5.0 (iPhone; CPU iPhone OS 16_1 like Mac OS X) AppleWebKit/605.1.15 (KHTML, like Gecko) Version/16.1 Mobile/15E148 Safari/604.1"
47.242.105.176 - - [12/Apr/2023:02:36:54 +0000] "GET / HTTP/1.1" 200 785 "-" "Mozilla/5.0 (X11; U; Linux i686; en-US; rv:1.9a1) Gecko/20060814 Firefox/51.0"
47.242.105.176 - - [12/Apr/2023:02:36:54 +0000] "GET /js/main.js HTTP/1.1" 200 2982 "-" "Mozilla/5.0 (X11; Linux i586; rv:31.0) Gecko/20100101 Firefox/31.0"
143.110.222.166 - - [12/Apr/2023:03:26:10 +0000] "GET / HTTP/1.1" 200 415740 "-" "Mozilla/5.0 (iPhone; CPU iPhone OS 16_1 like Mac OS X) AppleWebKit/605.1.15 (KHTML, like Gecko) Version/16.1 Mobile/15E148 Safari/604.1"
143.110.222.166 - - [12/Apr/2023:04:25:10 +0000] "GET / HTTP/1.1" 200 415740 "-" "Mozilla/5.0 (iPhone; CPU iPhone OS 16_1 like Mac OS X) AppleWebKit/605.1.15 (KHTML, like Gecko) Version/16.1 Mobile/15E148 Safari/604.1"
152.32.239.229 - - [12/Apr/2023:04:25:23 +0000] "GET / HTTP/1.1" 200 5937 "-" "Mozilla/5.0 (Windows NT 6.1) AppleWebKit/537.36 (KHTML, like Gecko) Chrome/49.0.2623.112 Safari/537.36"
176.111.173.153 - - [12/Apr/2023:04:25:51 +0000] "GET / HTTP/1.1" 301 169 "-" "Mozlila/5.0 (Linux; Android 7.0; SM-G892A Bulid/NRD90M; wv) AppleWebKit/537.36 (KHTML, like Gecko) Version/4.0 Chrome/60.0.3112.107 Moblie Safari/537.36"
176.111.173.153 - - [12/Apr/2023:04:25:52 +0000] "GET / HTTP/1.1" 200 5937 "-" "Mozlila/5.0 (Linux; Android 7.0; SM-G892A Bulid/NRD90M; wv) AppleWebKit/537.36 (KHTML, like Gecko) Version/4.0 Chrome/60.0.3112.107 Moblie Safari/537.36"
118.193.37.41 - - [12/Apr/2023:04:29:16 +0000] "GET / HTTP/1.1" 301 169 "-" "Mozilla/5.0 (Windows NT 6.1) AppleWebKit/537.36 (KHTML, like Gecko) Chrome/49.0.2623.112 Safari/537.36"
142.147.89.228 - - [12/Apr/2023:04:38:36 +0000] "GET / HTTP/1.1" 301 169 "-" "Mozilla/5.0 (Windows NT 10.0; Win64; x64) AppleWebKit/537.36 (KHTML, like Gecko) Chrome/110.0.0.0 Safari/537.36"
143.110.222.166 - - [12/Apr/2023:05:24:12 +0000] "GET / HTTP/1.1" 200 415740 "-" "Mozilla/5.0 (iPhone; CPU iPhone OS 16_1 like Mac OS X) AppleWebKit/605.1.15 (KHTML, like Gecko) Version/16.1 Mobile/15E148 Safari/604.1"
143.110.222.166 - - [12/Apr/2023:06:28:20 +0000] "GET / HTTP/1.1" 200 415740 "-" "Mozilla/5.0 (iPhone; CPU iPhone OS 16_1 like Mac OS X) AppleWebKit/605.1.15 (KHTML, like Gecko) Version/16.1 Mobile/15E148 Safari/604.1"
101.36.107.222 - - [12/Apr/2023:06:32:24 +0000] "GET / HTTP/1.1" 301 169 "-" "Mozilla/5.0 (Windows NT 6.1) AppleWebKit/537.36 (KHTML, like Gecko) Chrome/49.0.2623.112 Safari/537.36"
101.36.107.222 - - [12/Apr/2023:06:32:24 +0000] "GET / HTTP/1.1" 200 5190 "-" "Mozilla/5.0 (Windows NT 6.1) AppleWebKit/537.36 (KHTML, like Gecko) Chrome/49.0.2623.112 Safari/537.36"
193.32.162.159 - - [12/Apr/2023:06:35:34 +0000] "GET / HTTP/1.1" 200 415764 "-" "Mozilla/5.0 (Windows NT 10.0; Win64; x64) AppleWebKit/537.36 (KHTML, like Gecko) Chrome/90.0.4430.85 Safari/537.36 Edg/90.0.818.46"
85.113.104.155 - - [12/Apr/2023:06:43:37 +0000] "GET / HTTP/1.1" 200 2331961 "-" "Mozilla/5.0 (Windows NT 6.1; WOW64) AppleWebKit/537.36 (KHTML, like Gecko) Chrome/51.0.2704.103 Safari/537.36"
85.113.104.155 - - [12/Apr/2023:06:43:37 +0000] "GET / HTTP/1.1" 200 2014561 "-" "Mozilla/5.0 (Windows NT 6.1; WOW64) AppleWebKit/537.36 (KHTML, like Gecko) Chrome/52.0.2743.116 Safari/537.36"
85.113.104.155 - - [12/Apr/2023:06:43:37 +0000] "GET / HTTP/1.1" 200 2036641 "-" "Mozilla/5.0 (Windows NT 6.1; WOW64) AppleWebKit/537.36 (KHTML, like Gecko) Chrome/52.0.2743.116 Safari/537.36"
47.251.13.32 - - [12/Apr/2023:06:45:24 +0000] "GET / HTTP/1.1" 200 785 "-" "Mozilla/5.0 (Linux; Android 11; M2004J15SC) AppleWebKit/537.36 (KHTML, like Gecko) Chrome/103.0.5060.114 Mobile Safari/537.36"
193.32.162.159 - - [12/Apr/2023:07:01:44 +0000] "GET / HTTP/1.1" 200 415772 "-" "Mozilla/5.0 (Windows NT 10.0; Win64; x64) AppleWebKit/537.36 (KHTML, like Gecko) Chrome/90.0.4430.85 Safari/537.36 Edg/90.0.818.46"
34.217.55.54 - - [12/Apr/2023:07:17:25 +0000] "GET / HTTP/1.1" 200 415708 "-" "Mozilla/5.0 (Windows NT 10.0; Win64; x64)AppleWebKit/537.36 (KHTML, like Gecko) Chrome/66.0.3359.181 Safari/537.36"
143.110.222.166 - - [12/Apr/2023:07:26:53 +0000] "GET / HTTP/1.1" 200 415740 "-" "Mozilla/5.0 (iPhone; CPU iPhone OS 16_1 like Mac OS X) AppleWebKit/605.1.15 (KHTML, like Gecko) Version/16.1 Mobile/15E148 Safari/604.1"
35.88.86.169 - - [12/Apr/2023:07:28:43 +0000] "GET / HTTP/1.1" 200 1970 "-" "Mozilla/5.0 (X11; Linux x86_64) AppleWebKit/537.36 (KHTML, like Gecko) Chrome/83.0.4103.97 Safari/537.36"
18.237.214.53 - - [12/Apr/2023:07:28:45 +0000] "GET / HTTP/1.1" 301 169 "-" "Mozilla/5.0 (X11; Linux x86_64) AppleWebKit/537.36 (KHTML, like Gecko) Chrome/83.0.4103.97 Safari/537.36"
18.237.214.53 - - [12/Apr/2023:07:28:46 +0000] "GET / HTTP/1.1" 200 1970 "-" "Mozilla/5.0 (X11; Linux x86_64) AppleWebKit/537.36 (KHTML, like Gecko) Chrome/83.0.4103.97 Safari/537.36"
18.237.61.121 - - [12/Apr/2023:07:29:38 +0000] "GET / HTTP/1.1" 200 1970 "-" "Mozilla/5.0 (X11; Linux x86_64) AppleWebKit/537.36 (KHTML, like Gecko) Chrome/83.0.4103.97 Safari/537.36"
140.246.136.252 - - [12/Apr/2023:07:31:35 +0000] "GET / HTTP/1.1" 200 344347 "-" "Mozilla/5.0 (iPhone; CPU iPhone OS 13_2_3 like Mac OS X) AppleWebKit/605.1.15 (KHTML, like Gecko) Version/13.0.3 Mobile/15E148 Safari/604.1"
52.88.54.243 - - [12/Apr/2023:07:34:11 +0000] "GET /favicon.ico HTTP/1.1" 301 169 "-" "Mozilla/5.0 (X11; Linux x86_64) AppleWebKit/537.36 (KHTML, like Gecko) Chrome/83.0.4103.97 Safari/537.36"
52.88.54.243 - - [12/Apr/2023:07:34:13 +0000] "GET / HTTP/1.1" 301 169 "-" "Mozilla/5.0 (X11; Linux x86_64) AppleWebKit/537.36 (KHTML, like Gecko) Chrome/83.0.4103.97 Safari/537.36"
52.88.54.243 - - [12/Apr/2023:07:34:14 +0000] "GET / HTTP/1.1" 200 1970 "http://pseudot.org" "Mozilla/5.0 (X11; Linux x86_64) AppleWebKit/537.36 (KHTML, like Gecko) Chrome/83.0.4103.97 Safari/537.36"
35.91.117.131 - - [12/Apr/2023:07:39:47 +0000] "GET / HTTP/1.1" 200 415708 "-" "Mozilla/5.0 (X11; Linux x86_64) AppleWebKit/537.36 (KHTML, like Gecko) Chrome/83.0.4103.97 Safari/537.36"
35.93.153.241 - - [12/Apr/2023:07:39:50 +0000] "GET / HTTP/1.1" 200 1583 "-" "Mozilla/5.0 (X11; Linux x86_64) AppleWebKit/537.36 (KHTML, like Gecko) Chrome/83.0.4103.97 Safari/537.36"
54.202.110.83 - - [12/Apr/2023:07:39:58 +0000] "GET / HTTP/1.1" 200 415716 "-" "Mozilla/5.0 (X11; Linux x86_64) AppleWebKit/537.36 (KHTML, like Gecko) Chrome/83.0.4103.97 Safari/537.36"
54.188.31.248 - - [12/Apr/2023:07:40:12 +0000] "GET /favicon.ico HTTP/1.1" 200 15406 "-" "Mozilla/5.0 (X11; Linux x86_64) AppleWebKit/537.36 (KHTML, like Gecko) Chrome/83.0.4103.97 Safari/537.36"
45.32.107.94 - - [12/Apr/2023:07:57:52 +0000] "GET / HTTP/1.1" 200 2826140 "-" "Mozilla/5.0 (Windows NT 10.0; Win64; x64) AppleWebKit/537.36 (KHTML, like Gecko) Chrome/88.0.4240.193 Safari/537.36"
45.32.107.94 - - [12/Apr/2023:07:57:54 +0000] "GET / HTTP/1.1" 200 2826140 "-" "Mozilla/5.0 (Windows NT 10.0; Win64; x64) AppleWebKit/537.36 (KHTML, like Gecko) Chrome/88.0.4240.193 Safari/537.36"
45.32.107.94 - - [12/Apr/2023:07:57:56 +0000] "GET / HTTP/1.1" 200 2826140 "-" "Mozilla/5.0 (Windows NT 10.0; Win64; x64) AppleWebKit/537.36 (KHTML, like Gecko) Chrome/88.0.4240.193 Safari/537.36"
185.180.143.79 - - [12/Apr/2023:08:23:38 +0000] "GET / HTTP/1.1" 200 415708 "-" "Mozilla/5.0 (Windows NT 10.0; Win64; x64) AppleWebKit/537.36 (KHTML, like Gecko) Chrome/60.0.3112.113 Safari/537.36"
101.36.107.222 - - [12/Apr/2023:08:26:49 +0000] "GET / HTTP/1.1" 301 169 "-" "Mozilla/5.0 (Windows NT 6.1) AppleWebKit/537.36 (KHTML, like Gecko) Chrome/49.0.2623.112 Safari/537.36"
101.36.107.222 - - [12/Apr/2023:08:26:51 +0000] "GET / HTTP/1.1" 301 169 "-" "Mozilla/5.0 (Windows NT 6.1) AppleWebKit/537.36 (KHTML, like Gecko) Chrome/49.0.2623.112 Safari/537.36"
143.110.222.166 - - [12/Apr/2023:08:27:25 +0000] "GET / HTTP/1.1" 200 415740 "-" "Mozilla/5.0 (iPhone; CPU iPhone OS 16_1 like Mac OS X) AppleWebKit/605.1.15 (KHTML, like Gecko) Version/16.1 Mobile/15E148 Safari/604.1"
192.241.217.15 - - [12/Apr/2023:08:30:17 +0000] "GET / HTTP/1.1" 200 415708 "-" "Mozilla/5.0 zgrab/0.x"
184.105.139.67 - - [12/Apr/2023:08:45:12 +0000] "GET / HTTP/1.1" 200 1583 "-" "Mozilla/5.0 (Windows NT 10.0; Win64; x64; rv:107.0) Gecko/20100101 Firefox/107.0"
184.105.139.67 - - [12/Apr/2023:08:51:48 +0000] "GET /favicon.ico HTTP/1.1" 200 15406 "-" "Mozilla/5.0 (Windows NT 10.0; Win64; x64) AppleWebKit/537.36 (KHTML, like Gecko) Chrome/103.0.0.0 Safari/537.36"
184.105.139.67 - - [12/Apr/2023:08:53:47 +0000] "GET / HTTP/1.1" 200 1583 "-" "Mozilla/5.0 (Windows NT 10.0; Win64; x64; rv:107.0) Gecko/20100101 Firefox/107.0"
143.110.222.166 - - [12/Apr/2023:09:25:38 +0000] "GET / HTTP/1.1" 200 415740 "-" "Mozilla/5.0 (iPhone; CPU iPhone OS 16_1 like Mac OS X) AppleWebKit/605.1.15 (KHTML, like Gecko) Version/16.1 Mobile/15E148 Safari/604.1"
101.36.107.222 - - [12/Apr/2023:09:27:21 +0000] "GET / HTTP/1.1" 200 10418 "-" "Mozilla/5.0 (Windows NT 6.1) AppleWebKit/537.36 (KHTML, like Gecko) Chrome/49.0.2623.112 Safari/537.36"
45.83.67.50 - - [12/Apr/2023:09:48:31 +0000] "GET / HTTP/1.1" 200 1583 "-" "Mozilla/5.0 (Windows NT 10.0; Win64; x64; rv:65.0) Gecko/20100101 Firefox/65.0"
152.32.135.231 - - [12/Apr/2023:10:09:48 +0000] "GET / HTTP/1.1" 200 5190 "-" "Mozilla/5.0 (Windows NT 6.1) AppleWebKit/537.36 (KHTML, like Gecko) Chrome/49.0.2623.112 Safari/537.36"
2a01:cb18:1e7:2c00:3781:5834:588a:7e05 - - [12/Apr/2023:10:25:00 +0000] "GET /posts/pseudopost-8/images/luton.jpeg HTTP/1.1" 200 199250 "https://blog.pseudot.org/posts/pseudopost-8/pseudopost-8.html" "Mozilla/5.0 (X11; Linux x86_64; rv:109.0) Gecko/20100101 Firefox/110.0"
2a01:cb18:1e7:2c00:3781:5834:588a:7e05 - - [12/Apr/2023:10:25:00 +0000] "GET /posts/pseudopost-8/images/trafalgar.jpeg HTTP/1.1" 200 385558 "https://blog.pseudot.org/posts/pseudopost-8/pseudopost-8.html" "Mozilla/5.0 (X11; Linux x86_64; rv:109.0) Gecko/20100101 Firefox/110.0"
2a01:cb18:1e7:2c00:3781:5834:588a:7e05 - - [12/Apr/2023:10:25:00 +0000] "GET /posts/pseudopost-8/images/statue.jpeg HTTP/1.1" 200 516692 "https://blog.pseudot.org/posts/pseudopost-8/pseudopost-8.html" "Mozilla/5.0 (X11; Linux x86_64; rv:109.0) Gecko/20100101 Firefox/110.0"
2a01:cb18:1e7:2c00:3781:5834:588a:7e05 - - [12/Apr/2023:10:25:00 +0000] "GET /posts/pseudopost-8/images/metro.jpeg HTTP/1.1" 200 450701 "https://blog.pseudot.org/posts/pseudopost-8/pseudopost-8.html" "Mozilla/5.0 (X11; Linux x86_64; rv:109.0) Gecko/20100101 Firefox/110.0"
2a01:cb18:1e7:2c00:3781:5834:588a:7e05 - - [12/Apr/2023:10:25:00 +0000] "GET /posts/pseudopost-8/images/min.jpeg HTTP/1.1" 200 570961 "https://blog.pseudot.org/posts/pseudopost-8/pseudopost-8.html" "Mozilla/5.0 (X11; Linux x86_64; rv:109.0) Gecko/20100101 Firefox/110.0"
2a01:cb18:1e7:2c00:3781:5834:588a:7e05 - - [12/Apr/2023:10:25:00 +0000] "GET /posts/pseudopost-8/images/coloane.jpeg HTTP/1.1" 200 1191509 "https://blog.pseudot.org/posts/pseudopost-8/pseudopost-8.html" "Mozilla/5.0 (X11; Linux x86_64; rv:109.0) Gecko/20100101 Firefox/110.0"
2a01:cb18:1e7:2c00:3781:5834:588a:7e05 - - [12/Apr/2023:10:25:00 +0000] "GET /posts/pseudopost-8/images/bigben.jpeg HTTP/1.1" 200 364657 "https://blog.pseudot.org/posts/pseudopost-8/pseudopost-8.html" "Mozilla/5.0 (X11; Linux x86_64; rv:109.0) Gecko/20100101 Firefox/110.0"
2a01:cb18:1e7:2c00:3781:5834:588a:7e05 - - [12/Apr/2023:10:25:01 +0000] "GET /posts/pseudopost-8/images/nice.jpeg HTTP/1.1" 200 721752 "https://blog.pseudot.org/posts/pseudopost-8/pseudopost-8.html" "Mozilla/5.0 (X11; Linux x86_64; rv:109.0) Gecko/20100101 Firefox/110.0"
2a01:cb18:1e7:2c00:3781:5834:588a:7e05 - - [12/Apr/2023:10:25:01 +0000] "GET /posts/pseudopost-8/images/prop1.jpeg HTTP/1.1" 200 448019 "https://blog.pseudot.org/posts/pseudopost-8/pseudopost-8.html" "Mozilla/5.0 (X11; Linux x86_64; rv:109.0) Gecko/20100101 Firefox/110.0"
2a01:cb18:1e7:2c00:3781:5834:588a:7e05 - - [12/Apr/2023:10:25:01 +0000] "GET /posts/pseudopost-8/images/afis.jpeg HTTP/1.1" 200 259460 "https://blog.pseudot.org/posts/pseudopost-8/pseudopost-8.html" "Mozilla/5.0 (X11; Linux x86_64; rv:109.0) Gecko/20100101 Firefox/110.0"
2a01:cb18:1e7:2c00:3781:5834:588a:7e05 - - [12/Apr/2023:10:25:01 +0000] "GET /posts/pseudopost-8/images/chinezesc.jpeg HTTP/1.1" 200 518135 "https://blog.pseudot.org/posts/pseudopost-8/pseudopost-8.html" "Mozilla/5.0 (X11; Linux x86_64; rv:109.0) Gecko/20100101 Firefox/110.0"
2a01:cb18:1e7:2c00:3781:5834:588a:7e05 - - [12/Apr/2023:10:25:01 +0000] "GET /posts/pseudopost-8/images/1euro.jpeg HTTP/1.1" 200 331041 "https://blog.pseudot.org/posts/pseudopost-8/pseudopost-8.html" "Mozilla/5.0 (X11; Linux x86_64; rv:109.0) Gecko/20100101 Firefox/110.0"
143.110.222.166 - - [12/Apr/2023:10:25:53 +0000] "GET / HTTP/1.1" 200 415740 "-" "Mozilla/5.0 (iPhone; CPU iPhone OS 16_1 like Mac OS X) AppleWebKit/605.1.15 (KHTML, like Gecko) Version/16.1 Mobile/15E148 Safari/604.1"
93.158.92.13 - - [12/Apr/2023:10:44:27 +0000] "GET / HTTP/1.1" 301 169 "-" "Mozilla/5.0 (Linux; Android 9; BDL8051C Build/BDL3552T; wv) AppleWebKit/537.36 (KHTML, like Gecko) Version/4.0 Chrome/66.0.3359.158 Safari/537.36"
93.158.91.254 - - [12/Apr/2023:10:44:28 +0000] "GET / HTTP/1.1" 200 1970 "http://pseudot.org/" "Mozilla/5.0 (Linux; Android 9; BDL8051C Build/BDL3552T; wv) AppleWebKit/537.36 (KHTML, like Gecko) Version/4.0 Chrome/66.0.3359.158 Safari/537.36"
212.83.8.77 - - [12/Apr/2023:10:55:22 +0000] "GET / HTTP/1.1" 200 415812 "-" "Mozilla/5.0 (Windows NT 10.0; Win64; x64; rv:79.0) Gecko/20100101 Firefox/79.0"
193.32.162.159 - - [12/Apr/2023:11:00:50 +0000] "GET / HTTP/1.1" 200 415717 "-" "Mozilla/5.0 (Windows NT 10.0; Win64; x64) AppleWebKit/537.36 (KHTML, like Gecko) Chrome/90.0.4430.85 Safari/537.36 Edg/90.0.818.46"
47.242.105.176 - - [12/Apr/2023:11:14:42 +0000] "GET / HTTP/1.1" 200 785 "-" "Mozilla/5.0 (X11; U; Linux i686; en-US; rv:1.9a3pre) Gecko/20070330"
47.242.105.176 - - [12/Apr/2023:11:14:43 +0000] "GET /js/main.js HTTP/1.1" 200 2982 "-" "Mozilla/5.0 (X11; U; Linux i686; en-US; rv:1.9.0.1) Gecko"
143.110.222.166 - - [12/Apr/2023:11:26:34 +0000] "GET / HTTP/1.1" 200 415740 "-" "Mozilla/5.0 (iPhone; CPU iPhone OS 16_1 like Mac OS X) AppleWebKit/605.1.15 (KHTML, like Gecko) Version/16.1 Mobile/15E148 Safari/604.1"
51.255.62.15 - - [12/Apr/2023:11:42:13 +0000] "GET / HTTP/1.1" 301 169 "-" "Mozilla/5.0 (X11; Ubuntu; Linux x86_64; rv:58.0) Gecko/20100101 Firefox/58.0"
51.255.62.13 - - [12/Apr/2023:11:42:13 +0000] "GET / HTTP/1.1" 301 169 "-" "Mozilla/5.0 (X11; Ubuntu; Linux x86_64; rv:58.0) Gecko/20100101 Firefox/58.0"
51.255.62.9 - - [12/Apr/2023:11:42:13 +0000] "GET / HTTP/1.1" 301 169 "-" "Mozilla/5.0 (X11; Ubuntu; Linux x86_64; rv:58.0) Gecko/20100101 Firefox/58.0"
51.255.62.6 - - [12/Apr/2023:11:42:13 +0000] "GET / HTTP/1.1" 301 169 "-" "Mozilla/5.0 (X11; Ubuntu; Linux x86_64; rv:58.0) Gecko/20100101 Firefox/58.0"
51.255.62.11 - - [12/Apr/2023:11:42:13 +0000] "GET / HTTP/1.1" 301 169 "-" "Mozilla/5.0 (X11; Ubuntu; Linux x86_64; rv:58.0) Gecko/20100101 Firefox/58.0"
51.255.62.7 - - [12/Apr/2023:11:42:13 +0000] "GET / HTTP/1.1" 301 169 "-" "Mozilla/5.0 (X11; Ubuntu; Linux x86_64; rv:58.0) Gecko/20100101 Firefox/58.0"
51.255.62.12 - - [12/Apr/2023:11:42:13 +0000] "GET / HTTP/1.1" 301 169 "-" "Mozilla/5.0 (X11; Ubuntu; Linux x86_64; rv:58.0) Gecko/20100101 Firefox/58.0"
51.255.62.9 - - [12/Apr/2023:11:42:13 +0000] "GET / HTTP/1.1" 301 169 "-" "Mozilla/5.0 (X11; Ubuntu; Linux x86_64; rv:58.0) Gecko/20100101 Firefox/58.0"
51.255.62.6 - - [12/Apr/2023:11:42:13 +0000] "GET / HTTP/1.1" 301 169 "-" "Mozilla/5.0 (X11; Ubuntu; Linux x86_64; rv:58.0) Gecko/20100101 Firefox/58.0"
51.255.62.10 - - [12/Apr/2023:11:42:14 +0000] "GET /posts/rebonjour/rebonjour.html HTTP/1.1" 200 3930 "-" "Mozilla/5.0 (X11; Ubuntu; Linux x86_64; rv:58.0) Gecko/20100101 Firefox/58.0"
51.255.62.3 - - [12/Apr/2023:11:42:14 +0000] "GET /posts/pseudopost-8/pseudopost-8.html HTTP/1.1" 200 5927 "-" "Mozilla/5.0 (X11; Ubuntu; Linux x86_64; rv:58.0) Gecko/20100101 Firefox/58.0"
51.255.62.3 - - [12/Apr/2023:11:42:14 +0000] "GET /posts/pseudopost-7/pseudopost-7.html HTTP/1.1" 200 5039 "-" "Mozilla/5.0 (X11; Ubuntu; Linux x86_64; rv:58.0) Gecko/20100101 Firefox/58.0"
51.255.62.6 - - [12/Apr/2023:11:42:14 +0000] "GET /posts/pseudopost-6/pseudopost-6.html HTTP/1.1" 200 3343 "-" "Mozilla/5.0 (X11; Ubuntu; Linux x86_64; rv:58.0) Gecko/20100101 Firefox/58.0"
51.255.62.11 - - [12/Apr/2023:11:42:14 +0000] "GET /posts/pseudopost-5/pseudopost-5.html HTTP/1.1" 200 4794 "-" "Mozilla/5.0 (X11; Ubuntu; Linux x86_64; rv:58.0) Gecko/20100101 Firefox/58.0"
51.255.62.10 - - [12/Apr/2023:11:42:14 +0000] "GET /posts/pseudopost-4/pseudopost-4.html HTTP/1.1" 200 4835 "-" "Mozilla/5.0 (X11; Ubuntu; Linux x86_64; rv:58.0) Gecko/20100101 Firefox/58.0"
