44.193.208.4 - - [14/Apr/2023:18:45:33 +0000] "GET /posts/De%20grandes%20esperances/grandesperances.html HTTP/1.1" 200 1358 "-" "Mozilla/5.0 (Windows; U; Windows NT 5.2; en-US) AppleWebKit/525.19 (KHTML, like Gecko) Chrome/1.0.154.53 Safari/525.19"
44.193.208.4 - - [14/Apr/2023:18:45:33 +0000] "GET /posts/History-of-classical-music/History-of-classical-music.html HTTP/1.1" 200 4359 "-" "Mozilla/5.0 (Windows; U; Windows NT 5.2; en-US) AppleWebKit/525.19 (KHTML, like Gecko) Chrome/1.0.154.53 Safari/525.19"
44.193.208.4 - - [14/Apr/2023:18:45:33 +0000] "GET /posts/are-you-the-lead-in-your-story/are-you-the-lead-in-your-story.html HTTP/1.1" 200 4431 "-" "Mozilla/5.0 (Windows; U; Windows NT 5.2; en-US) AppleWebKit/525.19 (KHTML, like Gecko) Chrome/1.0.154.53 Safari/525.19"
44.193.208.4 - - [14/Apr/2023:18:45:34 +0000] "GET / HTTP/1.1" 200 1583 "-" "Mozilla/5.0 (Windows; U; Windows NT 5.2; en-US) AppleWebKit/525.19 (KHTML, like Gecko) Chrome/1.0.154.53 Safari/525.19"
44.193.208.4 - - [14/Apr/2023:18:45:34 +0000] "GET / HTTP/1.1" 200 1029 "-" "Mozilla/5.0 (Windows; U; Windows NT 5.2; en-US) AppleWebKit/525.19 (KHTML, like Gecko) Chrome/1.0.154.53 Safari/525.19"
44.193.208.4 - - [14/Apr/2023:18:45:34 +0000] "GET /posts/pseudopost-4/pseudopost-4.html HTTP/1.1" 200 2435 "-" "Mozilla/5.0 (Windows; U; Windows NT 5.2; en-US) AppleWebKit/525.19 (KHTML, like Gecko) Chrome/1.0.154.53 Safari/525.19"
44.193.208.4 - - [14/Apr/2023:18:45:34 +0000] "GET / HTTP/1.1" 200 605 "-" "Mozilla/5.0 (Windows; U; Windows NT 5.2; en-US) AppleWebKit/525.19 (KHTML, like Gecko) Chrome/1.0.154.53 Safari/525.19"
44.193.208.4 - - [14/Apr/2023:18:45:34 +0000] "GET /posts/moby-dick-herman-melville/moby-dick-herman-melville.html HTTP/1.1" 200 3399 "-" "Mozilla/5.0 (Windows; U; Windows NT 5.2; en-US) AppleWebKit/525.19 (KHTML, like Gecko) Chrome/1.0.154.53 Safari/525.19"
44.193.208.4 - - [14/Apr/2023:18:45:34 +0000] "GET / HTTP/1.1" 200 1010 "-" "Mozilla/5.0 (Windows; U; Windows NT 5.2; en-US) AppleWebKit/525.19 (KHTML, like Gecko) Chrome/1.0.154.53 Safari/525.19"
44.193.208.4 - - [14/Apr/2023:18:45:34 +0000] "GET /posts/pseudopost-5/pseudopost-5.html HTTP/1.1" 200 2304 "-" "Mozilla/5.0 (Windows; U; Windows NT 5.2; en-US) AppleWebKit/525.19 (KHTML, like Gecko) Chrome/1.0.154.53 Safari/525.19"
44.193.208.4 - - [14/Apr/2023:18:45:34 +0000] "GET / HTTP/1.1" 200 796 "-" "Mozilla/5.0 (Windows; U; Windows NT 5.2; en-US) AppleWebKit/525.19 (KHTML, like Gecko) Chrome/1.0.154.53 Safari/525.19"
44.193.208.4 - - [14/Apr/2023:18:45:34 +0000] "GET /posts/pseudopost-6/pseudopost-6.html HTTP/1.1" 200 1607 "-" "Mozilla/5.0 (Windows; U; Windows NT 5.2; en-US) AppleWebKit/525.19 (KHTML, like Gecko) Chrome/1.0.154.53 Safari/525.19"
44.193.208.4 - - [14/Apr/2023:18:45:34 +0000] "GET /posts/another-daria-thing/another-daria-thing.html HTTP/1.1" 200 2282 "-" "Mozilla/5.0 (Windows; U; Windows NT 5.2; en-US) AppleWebKit/525.19 (KHTML, like Gecko) Chrome/1.0.154.53 Safari/525.19"
44.193.208.4 - - [14/Apr/2023:18:45:34 +0000] "GET /posts/pseudopost-3/pseudopost-3.html HTTP/1.1" 200 2434 "-" "Mozilla/5.0 (Windows; U; Windows NT 5.2; en-US) AppleWebKit/525.19 (KHTML, like Gecko) Chrome/1.0.154.53 Safari/525.19"
44.193.208.4 - - [14/Apr/2023:18:45:34 +0000] "GET /posts/the-history-of-classical-music-revised/the-history-of-classical-music-revised.html HTTP/1.1" 200 9364 "-" "Mozilla/5.0 (Windows; U; Windows NT 5.2; en-US) AppleWebKit/525.19 (KHTML, like Gecko) Chrome/1.0.154.53 Safari/525.19"
44.193.208.4 - - [14/Apr/2023:18:45:34 +0000] "GET / HTTP/1.1" 200 1707 "-" "Mozilla/5.0 (Windows; U; Windows NT 5.2; en-US) AppleWebKit/525.19 (KHTML, like Gecko) Chrome/1.0.154.53 Safari/525.19"
44.193.208.4 - - [14/Apr/2023:18:45:34 +0000] "GET /posts/pseudopost-8/pseudopost-8.html HTTP/1.1" 200 2850 "-" "Mozilla/5.0 (Windows; U; Windows NT 5.2; en-US) AppleWebKit/525.19 (KHTML, like Gecko) Chrome/1.0.154.53 Safari/525.19"
44.193.208.4 - - [14/Apr/2023:18:45:34 +0000] "GET /posts/pseudopost-1/pseudopost-1.html HTTP/1.1" 200 2695 "-" "Mozilla/5.0 (Windows; U; Windows NT 5.2; en-US) AppleWebKit/525.19 (KHTML, like Gecko) Chrome/1.0.154.53 Safari/525.19"
44.193.208.4 - - [14/Apr/2023:18:45:34 +0000] "GET /posts/pseudopost-7/pseudopost-7.html HTTP/1.1" 200 2585 "-" "Mozilla/5.0 (Windows; U; Windows NT 5.2; en-US) AppleWebKit/525.19 (KHTML, like Gecko) Chrome/1.0.154.53 Safari/525.19"
44.193.208.4 - - [14/Apr/2023:18:45:34 +0000] "GET /posts/pseudopost-2/pseudopost-2.html HTTP/1.1" 200 2257 "-" "Mozilla/5.0 (Windows; U; Windows NT 5.2; en-US) AppleWebKit/525.19 (KHTML, like Gecko) Chrome/1.0.154.53 Safari/525.19"
44.193.208.4 - - [14/Apr/2023:18:45:34 +0000] "GET /posts/ho-iniziato-a-imparare-litaliano/ho-iniziato-a-imparare-litaliano.html HTTP/1.1" 200 1897 "-" "Mozilla/5.0 (Windows; U; Windows NT 5.2; en-US) AppleWebKit/525.19 (KHTML, like Gecko) Chrome/1.0.154.53 Safari/525.19"
44.193.208.4 - - [14/Apr/2023:18:45:34 +0000] "GET /posts/exerci%C8%9Biu-de-scriere-0/exerci%C8%9Biu-de-scriere-0.html HTTP/1.1" 200 1754 "-" "Mozilla/5.0 (Windows; U; Windows NT 5.2; en-US) AppleWebKit/525.19 (KHTML, like Gecko) Chrome/1.0.154.53 Safari/525.19"
44.193.208.4 - - [14/Apr/2023:18:45:34 +0000] "GET /posts/moby-dick-herman-melville/moby-dick-herman-melville.html HTTP/1.1" 200 3399 "-" "Mozilla/5.0 (Windows; U; Windows NT 5.2; en-US) AppleWebKit/525.19 (KHTML, like Gecko) Chrome/1.0.154.53 Safari/525.19"
44.193.208.4 - - [14/Apr/2023:18:45:34 +0000] "GET / HTTP/1.1" 200 3490 "-" "Mozilla/5.0 (Windows; U; Windows NT 5.2; en-US) AppleWebKit/525.19 (KHTML, like Gecko) Chrome/1.0.154.53 Safari/525.19"
44.193.208.4 - - [14/Apr/2023:18:45:34 +0000] "GET /posts/the-history-of-classical-music-revised/the-history-of-classical-music-revised.html HTTP/1.1" 200 9364 "-" "Mozilla/5.0 (Windows; U; Windows NT 5.2; en-US) AppleWebKit/525.19 (KHTML, like Gecko) Chrome/1.0.154.53 Safari/525.19"
44.193.208.4 - - [14/Apr/2023:18:45:34 +0000] "GET /posts/pseudopost-8/pseudopost-8.html HTTP/1.1" 200 2850 "-" "Mozilla/5.0 (Windows; U; Windows NT 5.2; en-US) AppleWebKit/525.19 (KHTML, like Gecko) Chrome/1.0.154.53 Safari/525.19"
44.193.208.4 - - [14/Apr/2023:18:45:34 +0000] "GET /posts/exerci%C8%9Biu-de-scriere-0/exerci%C8%9Biu-de-scriere-0.html HTTP/1.1" 200 1754 "-" "Mozilla/5.0 (Windows; U; Windows NT 5.2; en-US) AppleWebKit/525.19 (KHTML, like Gecko) Chrome/1.0.154.53 Safari/525.19"
44.193.208.4 - - [14/Apr/2023:18:45:34 +0000] "GET /posts/History-of-classical-music/History-of-classical-music.html HTTP/1.1" 200 4359 "-" "Mozilla/5.0 (Windows; U; Windows NT 5.2; en-US) AppleWebKit/525.19 (KHTML, like Gecko) Chrome/1.0.154.53 Safari/525.19"
44.193.208.4 - - [14/Apr/2023:18:45:34 +0000] "GET /posts/rebonjour/rebonjour.html HTTP/1.1" 200 1951 "-" "Mozilla/5.0 (Windows; U; Windows NT 5.2; en-US) AppleWebKit/525.19 (KHTML, like Gecko) Chrome/1.0.154.53 Safari/525.19"
44.193.208.4 - - [14/Apr/2023:18:45:34 +0000] "GET /posts/vaslui/vaslui.html HTTP/1.1" 200 1901 "-" "Mozilla/5.0 (Windows; U; Windows NT 5.2; en-US) AppleWebKit/525.19 (KHTML, like Gecko) Chrome/1.0.154.53 Safari/525.19"
44.193.208.4 - - [14/Apr/2023:18:45:34 +0000] "GET /posts/History-of-classical-music/History-of-classical-music.html HTTP/1.1" 200 4359 "-" "Mozilla/5.0 (Windows; U; Windows NT 5.2; en-US) AppleWebKit/525.19 (KHTML, like Gecko) Chrome/1.0.154.53 Safari/525.19"
44.193.208.4 - - [14/Apr/2023:18:45:35 +0000] "GET /posts/another-daria-thing/another-daria-thing.html HTTP/1.1" 200 2282 "-" "Mozilla/5.0 (Windows; U; Windows NT 5.2; en-US) AppleWebKit/525.19 (KHTML, like Gecko) Chrome/1.0.154.53 Safari/525.19"
44.193.208.4 - - [14/Apr/2023:18:45:35 +0000] "GET /posts/ho-iniziato-a-imparare-litaliano/ho-iniziato-a-imparare-litaliano.html HTTP/1.1" 200 1897 "-" "Mozilla/5.0 (Windows; U; Windows NT 5.2; en-US) AppleWebKit/525.19 (KHTML, like Gecko) Chrome/1.0.154.53 Safari/525.19"
44.193.208.4 - - [14/Apr/2023:18:45:35 +0000] "GET / HTTP/1.1" 200 1583 "-" "Mozilla/5.0 (Windows; U; Windows NT 5.2; en-US) AppleWebKit/525.19 (KHTML, like Gecko) Chrome/1.0.154.53 Safari/525.19"
44.193.208.4 - - [14/Apr/2023:18:45:35 +0000] "GET / HTTP/1.1" 200 605 "-" "Mozilla/5.0 (Windows; U; Windows NT 5.2; en-US) AppleWebKit/525.19 (KHTML, like Gecko) Chrome/1.0.154.53 Safari/525.19"
44.193.208.4 - - [14/Apr/2023:18:45:35 +0000] "GET /posts/rebonjour/rebonjour.html HTTP/1.1" 200 1951 "-" "Mozilla/5.0 (Windows; U; Windows NT 5.2; en-US) AppleWebKit/525.19 (KHTML, like Gecko) Chrome/1.0.154.53 Safari/525.19"
44.193.208.4 - - [14/Apr/2023:18:45:35 +0000] "GET /posts/are-you-the-lead-in-your-story/are-you-the-lead-in-your-story.html HTTP/1.1" 200 4431 "-" "Mozilla/5.0 (Windows; U; Windows NT 5.2; en-US) AppleWebKit/525.19 (KHTML, like Gecko) Chrome/1.0.154.53 Safari/525.19"
44.193.208.4 - - [14/Apr/2023:18:45:36 +0000] "GET /posts/moby-dick-herman-melville/moby-dick-herman-melville.html HTTP/1.1" 200 3399 "-" "Mozilla/5.0 (Windows; U; Windows NT 5.2; en-US) AppleWebKit/525.19 (KHTML, like Gecko) Chrome/1.0.154.53 Safari/525.19"
44.193.208.4 - - [14/Apr/2023:18:45:37 +0000] "GET / HTTP/1.1" 200 785 "-" "Mozilla/5.0 (Windows; U; Windows NT 5.2; en-US) AppleWebKit/525.19 (KHTML, like Gecko) Chrome/1.0.154.53 Safari/525.19"
54.160.159.145 - - [14/Apr/2023:18:45:40 +0000] "GET / HTTP/1.1" 200 1029 "-" "Mozilla/5.0 (Windows; U; Windows NT 5.1; en-US) AppleWebKit/532.2 (KHTML, like Gecko) Chrome/4.0.222.7 Safari/532.2"
54.160.159.145 - - [14/Apr/2023:18:45:40 +0000] "GET /posts/another-daria-thing/another-daria-thing.html HTTP/1.1" 200 2282 "-" "Mozilla/5.0 (Windows; U; Windows NT 5.1; en-US) AppleWebKit/532.2 (KHTML, like Gecko) Chrome/4.0.222.7 Safari/532.2"
44.193.208.4 - - [14/Apr/2023:18:45:40 +0000] "GET // HTTP/1.1" 200 785 "-" "Mozilla/5.0 (Windows; U; Windows NT 5.2; en-US) AppleWebKit/525.19 (KHTML, like Gecko) Chrome/1.0.154.53 Safari/525.19"
54.160.159.145 - - [14/Apr/2023:18:45:40 +0000] "GET /posts/another-daria-thing/another-daria-thing.html HTTP/1.1" 200 2282 "-" "Mozilla/5.0 (Windows; U; Windows NT 5.1; en-US) AppleWebKit/532.2 (KHTML, like Gecko) Chrome/4.0.222.7 Safari/532.2"
54.160.159.145 - - [14/Apr/2023:18:45:41 +0000] "GET / HTTP/1.1" 301 169 "-" "Mozilla/5.0 (Windows; U; Windows NT 5.1; en-US) AppleWebKit/532.2 (KHTML, like Gecko) Chrome/4.0.222.7 Safari/532.2"
54.160.159.145 - - [14/Apr/2023:18:45:41 +0000] "GET /posts/the-history-of-classical-music-revised/the-history-of-classical-music-revised.html HTTP/1.1" 200 9364 "-" "Mozilla/5.0 (Windows; U; Windows NT 5.1; en-US) AppleWebKit/532.2 (KHTML, like Gecko) Chrome/4.0.222.7 Safari/532.2"
54.160.159.145 - - [14/Apr/2023:18:45:41 +0000] "GET /posts/History-of-classical-music/History-of-classical-music.html HTTP/1.1" 200 4359 "-" "Mozilla/5.0 (Windows; U; Windows NT 5.1; en-US) AppleWebKit/532.2 (KHTML, like Gecko) Chrome/4.0.222.7 Safari/532.2"
54.160.159.145 - - [14/Apr/2023:18:45:41 +0000] "GET / HTTP/1.1" 301 169 "-" "Mozilla/5.0 (Windows; U; Windows NT 5.1; en-US) AppleWebKit/532.2 (KHTML, like Gecko) Chrome/4.0.222.7 Safari/532.2"
54.160.159.145 - - [14/Apr/2023:18:45:41 +0000] "GET /posts/another-daria-thing/another-daria-thing.html HTTP/1.1" 200 2282 "-" "Mozilla/5.0 (Windows; U; Windows NT 5.1; en-US) AppleWebKit/532.2 (KHTML, like Gecko) Chrome/4.0.222.7 Safari/532.2"
54.160.159.145 - - [14/Apr/2023:18:45:41 +0000] "GET / HTTP/1.1" 301 169 "-" "Mozilla/5.0 (Windows; U; Windows NT 5.1; en-US) AppleWebKit/532.2 (KHTML, like Gecko) Chrome/4.0.222.7 Safari/532.2"
54.160.159.145 - - [14/Apr/2023:18:45:41 +0000] "GET /posts/History-of-classical-music/History-of-classical-music.html HTTP/1.1" 200 4359 "-" "Mozilla/5.0 (Windows; U; Windows NT 5.1; en-US) AppleWebKit/532.2 (KHTML, like Gecko) Chrome/4.0.222.7 Safari/532.2"
54.160.159.145 - - [14/Apr/2023:18:45:41 +0000] "GET / HTTP/1.1" 301 169 "-" "Mozilla/5.0 (Windows; U; Windows NT 5.1; en-US) AppleWebKit/532.2 (KHTML, like Gecko) Chrome/4.0.222.7 Safari/532.2"
54.160.159.145 - - [14/Apr/2023:18:45:41 +0000] "GET /posts/History-of-classical-music/History-of-classical-music.html HTTP/1.1" 200 4359 "-" "Mozilla/5.0 (Windows; U; Windows NT 5.1; en-US) AppleWebKit/532.2 (KHTML, like Gecko) Chrome/4.0.222.7 Safari/532.2"
54.160.159.145 - - [14/Apr/2023:18:45:41 +0000] "GET /posts/the-history-of-classical-music-revised/the-history-of-classical-music-revised.html HTTP/1.1" 200 9364 "-" "Mozilla/5.0 (Windows; U; Windows NT 5.1; en-US) AppleWebKit/532.2 (KHTML, like Gecko) Chrome/4.0.222.7 Safari/532.2"
54.160.159.145 - - [14/Apr/2023:18:45:41 +0000] "GET /posts/History-of-classical-music/History-of-classical-music.html HTTP/1.1" 200 4359 "-" "Mozilla/5.0 (Windows; U; Windows NT 5.1; en-US) AppleWebKit/532.2 (KHTML, like Gecko) Chrome/4.0.222.7 Safari/532.2"
54.160.159.145 - - [14/Apr/2023:18:45:41 +0000] "GET / HTTP/1.1" 200 1970 "-" "Mozilla/5.0 (Windows; U; Windows NT 5.1; en-US) AppleWebKit/532.2 (KHTML, like Gecko) Chrome/4.0.222.7 Safari/532.2"
54.160.159.145 - - [14/Apr/2023:18:45:41 +0000] "GET / HTTP/1.1" 200 587 "-" "Mozilla/5.0 (Windows; U; Windows NT 5.1; en-US) AppleWebKit/532.2 (KHTML, like Gecko) Chrome/4.0.222.7 Safari/532.2"
54.160.159.145 - - [14/Apr/2023:18:45:41 +0000] "GET / HTTP/1.1" 200 1010 "-" "Mozilla/5.0 (Windows; U; Windows NT 5.1; en-US) AppleWebKit/532.2 (KHTML, like Gecko) Chrome/4.0.222.7 Safari/532.2"
54.160.159.145 - - [14/Apr/2023:18:45:41 +0000] "GET / HTTP/1.1" 200 1707 "-" "Mozilla/5.0 (Windows; U; Windows NT 5.1; en-US) AppleWebKit/532.2 (KHTML, like Gecko) Chrome/4.0.222.7 Safari/532.2"
54.160.159.145 - - [14/Apr/2023:18:45:41 +0000] "GET / HTTP/1.1" 200 1029 "-" "Mozilla/5.0 (Windows; U; Windows NT 5.1; en-US) AppleWebKit/532.2 (KHTML, like Gecko) Chrome/4.0.222.7 Safari/532.2"
54.160.159.145 - - [14/Apr/2023:18:45:41 +0000] "GET / HTTP/1.1" 200 796 "-" "Mozilla/5.0 (Windows; U; Windows NT 5.1; en-US) AppleWebKit/532.2 (KHTML, like Gecko) Chrome/4.0.222.7 Safari/532.2"
54.160.159.145 - - [14/Apr/2023:18:45:41 +0000] "GET / HTTP/1.1" 200 1583 "-" "Mozilla/5.0 (Windows; U; Windows NT 5.1; en-US) AppleWebKit/532.2 (KHTML, like Gecko) Chrome/4.0.222.7 Safari/532.2"
54.160.159.145 - - [14/Apr/2023:18:45:41 +0000] "GET / HTTP/1.1" 200 605 "-" "Mozilla/5.0 (Windows; U; Windows NT 5.1; en-US) AppleWebKit/532.2 (KHTML, like Gecko) Chrome/4.0.222.7 Safari/532.2"
54.160.159.145 - - [14/Apr/2023:18:45:41 +0000] "GET /posts/music-logging-using-mpc/music-logging-using-mpc.html HTTP/1.1" 200 2328 "-" "Mozilla/5.0 (Windows; U; Windows NT 5.1; en-US) AppleWebKit/532.2 (KHTML, like Gecko) Chrome/4.0.222.7 Safari/532.2"
54.160.159.145 - - [14/Apr/2023:18:45:42 +0000] "GET /scripts/zooming.min.js HTTP/1.1" 200 10728 "-" "Mozilla/5.0 (Windows; U; Windows NT 5.1; en-US) AppleWebKit/532.2 (KHTML, like Gecko) Chrome/4.0.222.7 Safari/532.2"
54.160.159.145 - - [14/Apr/2023:18:45:42 +0000] "GET / HTTP/1.1" 301 169 "-" "Mozilla/5.0 (Windows; U; Windows NT 5.1; en-US) AppleWebKit/532.2 (KHTML, like Gecko) Chrome/4.0.222.7 Safari/532.2"
54.160.159.145 - - [14/Apr/2023:18:45:42 +0000] "GET /posts/are-you-the-lead-in-your-story/are-you-the-lead-in-your-story.html HTTP/1.1" 200 4431 "-" "Mozilla/5.0 (Windows; U; Windows NT 5.1; en-US) AppleWebKit/532.2 (KHTML, like Gecko) Chrome/4.0.222.7 Safari/532.2"
54.160.159.145 - - [14/Apr/2023:18:45:42 +0000] "GET /scripts/zooming.min.js HTTP/1.1" 200 10728 "-" "Mozilla/5.0 (Windows; U; Windows NT 5.1; en-US) AppleWebKit/532.2 (KHTML, like Gecko) Chrome/4.0.222.7 Safari/532.2"
54.160.159.145 - - [14/Apr/2023:18:45:42 +0000] "GET / HTTP/1.1" 301 169 "-" "Mozilla/5.0 (Windows; U; Windows NT 5.1; en-US) AppleWebKit/532.2 (KHTML, like Gecko) Chrome/4.0.222.7 Safari/532.2"
54.160.159.145 - - [14/Apr/2023:18:45:42 +0000] "GET /posts/De%20grandes%20esperances/grandesperances.html HTTP/1.1" 200 1358 "-" "Mozilla/5.0 (Windows; U; Windows NT 5.1; en-US) AppleWebKit/532.2 (KHTML, like Gecko) Chrome/4.0.222.7 Safari/532.2"
54.160.159.145 - - [14/Apr/2023:18:45:42 +0000] "GET /scripts/zooming.min.js HTTP/1.1" 200 10728 "-" "Mozilla/5.0 (Windows; U; Windows NT 5.1; en-US) AppleWebKit/532.2 (KHTML, like Gecko) Chrome/4.0.222.7 Safari/532.2"
54.160.159.145 - - [14/Apr/2023:18:45:42 +0000] "GET / HTTP/1.1" 200 865 "-" "Mozilla/5.0 (Windows; U; Windows NT 5.1; en-US) AppleWebKit/532.2 (KHTML, like Gecko) Chrome/4.0.222.7 Safari/532.2"
54.160.159.145 - - [14/Apr/2023:18:45:42 +0000] "GET /posts/music-logging-using-mpc/music-logging-using-mpc.html HTTP/1.1" 200 2328 "-" "Mozilla/5.0 (Windows; U; Windows NT 5.1; en-US) AppleWebKit/532.2 (KHTML, like Gecko) Chrome/4.0.222.7 Safari/532.2"
54.160.159.145 - - [14/Apr/2023:18:45:42 +0000] "GET /posts/are-you-the-lead-in-your-story/are-you-the-lead-in-your-story.html HTTP/1.1" 200 4431 "-" "Mozilla/5.0 (Windows; U; Windows NT 5.1; en-US) AppleWebKit/532.2 (KHTML, like Gecko) Chrome/4.0.222.7 Safari/532.2"
54.160.159.145 - - [14/Apr/2023:18:45:43 +0000] "GET /posts/inmultire-de-matrici-folosind-map-reduce/inmultire-de-matrici-folosind-map-reduce.html HTTP/1.1" 200 2625 "-" "Mozilla/5.0 (Windows; U; Windows NT 5.1; en-US) AppleWebKit/532.2 (KHTML, like Gecko) Chrome/4.0.222.7 Safari/532.2"
54.160.159.145 - - [14/Apr/2023:18:45:43 +0000] "GET / HTTP/1.1" 200 605 "-" "Mozilla/5.0 (Windows; U; Windows NT 5.1; en-US) AppleWebKit/532.2 (KHTML, like Gecko) Chrome/4.0.222.7 Safari/532.2"
54.160.159.145 - - [14/Apr/2023:18:45:43 +0000] "GET / HTTP/1.1" 200 865 "-" "Mozilla/5.0 (Windows; U; Windows NT 5.1; en-US) AppleWebKit/532.2 (KHTML, like Gecko) Chrome/4.0.222.7 Safari/532.2"
54.160.159.145 - - [14/Apr/2023:18:45:43 +0000] "GET / HTTP/1.1" 200 1583 "-" "Mozilla/5.0 (Windows; U; Windows NT 5.1; en-US) AppleWebKit/532.2 (KHTML, like Gecko) Chrome/4.0.222.7 Safari/532.2"
54.160.159.145 - - [14/Apr/2023:18:45:43 +0000] "GET /posts/pseudopost-8/pseudopost-8.html HTTP/1.1" 200 2850 "-" "Mozilla/5.0 (Windows; U; Windows NT 5.1; en-US) AppleWebKit/532.2 (KHTML, like Gecko) Chrome/4.0.222.7 Safari/532.2"
54.160.159.145 - - [14/Apr/2023:18:45:43 +0000] "GET /posts/pseudopost-7/pseudopost-7.html HTTP/1.1" 200 2585 "-" "Mozilla/5.0 (Windows; U; Windows NT 5.1; en-US) AppleWebKit/532.2 (KHTML, like Gecko) Chrome/4.0.222.7 Safari/532.2"
54.160.159.145 - - [14/Apr/2023:18:45:43 +0000] "GET /posts/pseudopost-2/pseudopost-2.html HTTP/1.1" 200 2257 "-" "Mozilla/5.0 (Windows; U; Windows NT 5.1; en-US) AppleWebKit/532.2 (KHTML, like Gecko) Chrome/4.0.222.7 Safari/532.2"
54.160.159.145 - - [14/Apr/2023:18:45:43 +0000] "GET / HTTP/1.1" 200 1707 "-" "Mozilla/5.0 (Windows; U; Windows NT 5.1; en-US) AppleWebKit/532.2 (KHTML, like Gecko) Chrome/4.0.222.7 Safari/532.2"
54.160.159.145 - - [14/Apr/2023:18:45:43 +0000] "GET /posts/pseudopost-1/pseudopost-1.html HTTP/1.1" 200 2695 "-" "Mozilla/5.0 (Windows; U; Windows NT 5.1; en-US) AppleWebKit/532.2 (KHTML, like Gecko) Chrome/4.0.222.7 Safari/532.2"
54.160.159.145 - - [14/Apr/2023:18:45:43 +0000] "GET / HTTP/1.1" 200 796 "-" "Mozilla/5.0 (Windows; U; Windows NT 5.1; en-US) AppleWebKit/532.2 (KHTML, like Gecko) Chrome/4.0.222.7 Safari/532.2"
54.160.159.145 - - [14/Apr/2023:18:45:43 +0000] "GET /posts/ho-iniziato-a-imparare-litaliano/ho-iniziato-a-imparare-litaliano.html HTTP/1.1" 200 1897 "-" "Mozilla/5.0 (Windows; U; Windows NT 5.1; en-US) AppleWebKit/532.2 (KHTML, like Gecko) Chrome/4.0.222.7 Safari/532.2"
54.160.159.145 - - [14/Apr/2023:18:45:43 +0000] "GET /posts/moby-dick-herman-melville/moby-dick-herman-melville.html HTTP/1.1" 200 3399 "-" "Mozilla/5.0 (Windows; U; Windows NT 5.1; en-US) AppleWebKit/532.2 (KHTML, like Gecko) Chrome/4.0.222.7 Safari/532.2"
54.160.159.145 - - [14/Apr/2023:18:45:43 +0000] "GET /posts/pseudopost-6/pseudopost-6.html HTTP/1.1" 200 1607 "-" "Mozilla/5.0 (Windows; U; Windows NT 5.1; en-US) AppleWebKit/532.2 (KHTML, like Gecko) Chrome/4.0.222.7 Safari/532.2"
54.160.159.145 - - [14/Apr/2023:18:45:43 +0000] "GET /posts/pseudopost-4/pseudopost-4.html HTTP/1.1" 200 2435 "-" "Mozilla/5.0 (Windows; U; Windows NT 5.1; en-US) AppleWebKit/532.2 (KHTML, like Gecko) Chrome/4.0.222.7 Safari/532.2"
54.160.159.145 - - [14/Apr/2023:18:45:43 +0000] "GET / HTTP/1.1" 200 1010 "-" "Mozilla/5.0 (Windows; U; Windows NT 5.1; en-US) AppleWebKit/532.2 (KHTML, like Gecko) Chrome/4.0.222.7 Safari/532.2"
54.160.159.145 - - [14/Apr/2023:18:45:43 +0000] "GET /posts/pseudopost-5/pseudopost-5.html HTTP/1.1" 200 2304 "-" "Mozilla/5.0 (Windows; U; Windows NT 5.1; en-US) AppleWebKit/532.2 (KHTML, like Gecko) Chrome/4.0.222.7 Safari/532.2"
54.160.159.145 - - [14/Apr/2023:18:45:43 +0000] "GET /posts/pseudopost-3/pseudopost-3.html HTTP/1.1" 200 2434 "-" "Mozilla/5.0 (Windows; U; Windows NT 5.1; en-US) AppleWebKit/532.2 (KHTML, like Gecko) Chrome/4.0.222.7 Safari/532.2"
54.160.159.145 - - [14/Apr/2023:18:45:44 +0000] "GET / HTTP/1.1" 200 3490 "-" "Mozilla/5.0 (Windows; U; Windows NT 5.1; en-US) AppleWebKit/532.2 (KHTML, like Gecko) Chrome/4.0.222.7 Safari/532.2"
54.160.159.145 - - [14/Apr/2023:18:45:44 +0000] "GET /posts/vaslui/vaslui.html HTTP/1.1" 200 1901 "-" "Mozilla/5.0 (Windows; U; Windows NT 5.1; en-US) AppleWebKit/532.2 (KHTML, like Gecko) Chrome/4.0.222.7 Safari/532.2"
54.160.159.145 - - [14/Apr/2023:18:45:44 +0000] "GET /posts/exerci%C8%9Biu-de-scriere-0/exerci%C8%9Biu-de-scriere-0.html HTTP/1.1" 200 1754 "-" "Mozilla/5.0 (Windows; U; Windows NT 5.1; en-US) AppleWebKit/532.2 (KHTML, like Gecko) Chrome/4.0.222.7 Safari/532.2"
54.160.159.145 - - [14/Apr/2023:18:45:44 +0000] "GET /posts/rebonjour/rebonjour.html HTTP/1.1" 200 1951 "-" "Mozilla/5.0 (Windows; U; Windows NT 5.1; en-US) AppleWebKit/532.2 (KHTML, like Gecko) Chrome/4.0.222.7 Safari/532.2"
54.160.159.145 - - [14/Apr/2023:18:45:44 +0000] "GET / HTTP/1.1" 200 1583 "-" "Mozilla/5.0 (Windows; U; Windows NT 5.1; en-US) AppleWebKit/532.2 (KHTML, like Gecko) Chrome/4.0.222.7 Safari/532.2"
54.160.159.145 - - [14/Apr/2023:18:45:44 +0000] "GET /posts/pseudopost-8/pseudopost-8.html HTTP/1.1" 200 2850 "-" "Mozilla/5.0 (Windows; U; Windows NT 5.1; en-US) AppleWebKit/532.2 (KHTML, like Gecko) Chrome/4.0.222.7 Safari/532.2"
54.160.159.145 - - [14/Apr/2023:18:45:44 +0000] "GET /posts/exerci%C8%9Biu-de-scriere-0/exerci%C8%9Biu-de-scriere-0.html HTTP/1.1" 200 1754 "-" "Mozilla/5.0 (Windows; U; Windows NT 5.1; en-US) AppleWebKit/532.2 (KHTML, like Gecko) Chrome/4.0.222.7 Safari/532.2"
54.160.159.145 - - [14/Apr/2023:18:45:44 +0000] "GET /posts/inmultire-de-matrici-folosind-map-reduce/inmultire-de-matrici-folosind-map-reduce.html HTTP/1.1" 200 2625 "-" "Mozilla/5.0 (Windows; U; Windows NT 5.1; en-US) AppleWebKit/532.2 (KHTML, like Gecko) Chrome/4.0.222.7 Safari/532.2"
54.160.159.145 - - [14/Apr/2023:18:45:44 +0000] "GET /posts/music-logging-using-mpc/music-logging-using-mpc.html HTTP/1.1" 200 2328 "-" "Mozilla/5.0 (Windows; U; Windows NT 5.1; en-US) AppleWebKit/532.2 (KHTML, like Gecko) Chrome/4.0.222.7 Safari/532.2"
54.160.159.145 - - [14/Apr/2023:18:45:44 +0000] "GET / HTTP/1.1" 200 605 "-" "Mozilla/5.0 (Windows; U; Windows NT 5.1; en-US) AppleWebKit/532.2 (KHTML, like Gecko) Chrome/4.0.222.7 Safari/532.2"
54.160.159.145 - - [14/Apr/2023:18:45:44 +0000] "GET /posts/are-you-the-lead-in-your-story/are-you-the-lead-in-your-story.html HTTP/1.1" 200 4431 "-" "Mozilla/5.0 (Windows; U; Windows NT 5.1; en-US) AppleWebKit/532.2 (KHTML, like Gecko) Chrome/4.0.222.7 Safari/532.2"
54.160.159.145 - - [14/Apr/2023:18:45:45 +0000] "GET /posts/ho-iniziato-a-imparare-litaliano/ho-iniziato-a-imparare-litaliano.html HTTP/1.1" 200 1897 "-" "Mozilla/5.0 (Windows; U; Windows NT 5.1; en-US) AppleWebKit/532.2 (KHTML, like Gecko) Chrome/4.0.222.7 Safari/532.2"
54.160.159.145 - - [14/Apr/2023:18:45:45 +0000] "GET /posts/moby-dick-herman-melville/moby-dick-herman-melville.html HTTP/1.1" 200 3399 "-" "Mozilla/5.0 (Windows; U; Windows NT 5.1; en-US) AppleWebKit/532.2 (KHTML, like Gecko) Chrome/4.0.222.7 Safari/532.2"
54.160.159.145 - - [14/Apr/2023:18:45:45 +0000] "GET /posts/rebonjour/rebonjour.html HTTP/1.1" 200 1951 "-" "Mozilla/5.0 (Windows; U; Windows NT 5.1; en-US) AppleWebKit/532.2 (KHTML, like Gecko) Chrome/4.0.222.7 Safari/532.2"
54.87.227.103 - - [14/Apr/2023:18:45:47 +0000] "GET / HTTP/1.1" 200 3490 "-" "Mozilla/5.0 (Windows NT 6.1) AppleWebKit/535.1 (KHTML, like Gecko) Chrome/13.0.782.215 Safari/535.1"
23.251.102.74 - - [14/Apr/2023:18:51:32 +0000] "GET / HTTP/1.1" 200 1583 "-" "Mozilla/5.0 (Windows NT 10.0; Win64; x64) AppleWebKit/537.36 (KHTML, like Gecko) Chrome/60.0.3112.113 Safari/537.36"
51.254.59.113 - - [14/Apr/2023:19:14:47 +0000] "GET / HTTP/1.1" 200 2826140 "-" "Mozilla/5.0 (Windows NT 6.1) AppleWebKit/537.36 (KHTML, like Gecko) Chrome/41.0.2228.0 Safari/537.36"
65.154.226.167 - - [14/Apr/2023:19:22:52 +0000] "GET / HTTP/1.1" 200 415740 "-" "Mozilla/5.0 (X11; Linux x86_64) AppleWebKit/537.36 (KHTML, like Gecko) HeadlessChrome/111.0.5563.64 Safari/537.36"
143.110.222.166 - - [14/Apr/2023:19:31:01 +0000] "GET / HTTP/1.1" 200 415740 "-" "Mozilla/5.0 (iPhone; CPU iPhone OS 16_1 like Mac OS X) AppleWebKit/605.1.15 (KHTML, like Gecko) Version/16.1 Mobile/15E148 Safari/604.1"
43.128.225.197 - - [14/Apr/2023:19:49:43 +0000] "GET / HTTP/1.1" 200 1583 "-" "'Mozilla/5.0 (Windows NT 10.0; Win64; x64; rv:101.0) Gecko/20100101 Firefox/101.0'"
185.180.143.137 - - [14/Apr/2023:20:07:23 +0000] "GET / HTTP/1.1" 200 1583 "-" "Mozilla/5.0 (Windows NT 10.0; Win64; x64) AppleWebKit/537.36 (KHTML, like Gecko) Chrome/60.0.3112.113 Safari/537.36"
133.242.174.119 - - [14/Apr/2023:20:13:58 +0000] "GET / HTTP/1.1" 200 796 "-" "Mozilla/5.0 (Linux; U; Android 2.2; ja-jp; SC-02B Build/FROYO) AppleWebKit/533.1 (KHTML, like Gecko) Version/4.0 Mobile Safari/533.1"
133.242.140.127 - - [14/Apr/2023:20:14:04 +0000] "GET / HTTP/1.1" 200 796 "-" "Mozilla/5.0 (Linux; U; Android 2.2; ja-jp; SC-02B Build/FROYO) AppleWebKit/533.1 (KHTML, like Gecko) Version/4.0 Mobile Safari/533.1"
133.242.174.119 - - [14/Apr/2023:20:14:06 +0000] "GET / HTTP/1.1" 200 3824 "-" "Mozilla/5.0 (Linux; U; Android 2.2; ja-jp; SC-02B Build/FROYO) AppleWebKit/533.1 (KHTML, like Gecko) Version/4.0 Mobile Safari/533.1"
133.242.140.127 - - [14/Apr/2023:20:14:06 +0000] "GET / HTTP/1.1" 200 3824 "-" "Mozilla/5.0 (Linux; U; Android 2.2; ja-jp; SC-02B Build/FROYO) AppleWebKit/533.1 (KHTML, like Gecko) Version/4.0 Mobile Safari/533.1"
133.242.140.127 - - [14/Apr/2023:20:14:13 +0000] "GET / HTTP/1.1" 200 796 "-" "Mozilla/5.0 (Linux; U; Android 2.2; ja-jp; SC-02B Build/FROYO) AppleWebKit/533.1 (KHTML, like Gecko) Version/4.0 Mobile Safari/533.1"
133.242.174.119 - - [14/Apr/2023:20:14:17 +0000] "GET / HTTP/1.1" 200 796 "-" "Mozilla/5.0 (Linux; U; Android 2.2; ja-jp; SC-02B Build/FROYO) AppleWebKit/533.1 (KHTML, like Gecko) Version/4.0 Mobile Safari/533.1"
133.242.174.119 - - [14/Apr/2023:20:14:44 +0000] "GET / HTTP/1.1" 200 1583 "-" "Mozilla/5.0 (Linux; U; Android 2.2; ja-jp; SC-02B Build/FROYO) AppleWebKit/533.1 (KHTML, like Gecko) Version/4.0 Mobile Safari/533.1"
133.242.140.127 - - [14/Apr/2023:20:14:47 +0000] "GET / HTTP/1.1" 200 1583 "-" "Mozilla/5.0 (Linux; U; Android 2.2; ja-jp; SC-02B Build/FROYO) AppleWebKit/533.1 (KHTML, like Gecko) Version/4.0 Mobile Safari/533.1"
133.242.174.119 - - [14/Apr/2023:20:15:36 +0000] "GET / HTTP/1.1" 200 1583 "-" "Mozilla/5.0 (Linux; U; Android 2.2; ja-jp; SC-02B Build/FROYO) AppleWebKit/533.1 (KHTML, like Gecko) Version/4.0 Mobile Safari/533.1"
133.242.140.127 - - [14/Apr/2023:20:15:41 +0000] "GET / HTTP/1.1" 200 1583 "-" "Mozilla/5.0 (Linux; U; Android 2.2; ja-jp; SC-02B Build/FROYO) AppleWebKit/533.1 (KHTML, like Gecko) Version/4.0 Mobile Safari/533.1"
143.110.222.166 - - [14/Apr/2023:20:27:21 +0000] "GET / HTTP/1.1" 200 415740 "-" "Mozilla/5.0 (iPhone; CPU iPhone OS 16_1 like Mac OS X) AppleWebKit/605.1.15 (KHTML, like Gecko) Version/16.1 Mobile/15E148 Safari/604.1"
87.246.7.90 - - [14/Apr/2023:20:46:14 +0000] "GET / HTTP/1.1" 200 1583 "-" "Mozilla/5.0 (Windows NT 10.0; Win64; x64) AppleWebKit/537.36 (KHTML, like Gecko) Chrome/74.0.3729.169 Safari/537.36"
87.246.7.90 - - [14/Apr/2023:20:46:14 +0000] "GET / HTTP/1.1" 200 415772 "-" "Mozilla/5.0 (X11; Linux x86_64) AppleWebKit/537.36 (KHTML, like Gecko) Chrome/97.0.4692.71 Safari/537.36"
87.246.7.90 - - [14/Apr/2023:20:46:15 +0000] "GET /favicon.png HTTP/1.1" 200 17440 "-" "Mozilla/5.0 (X11; Linux x86_64) AppleWebKit/537.36 (KHTML, like Gecko) Chrome/97.0.4692.71 Safari/537.36"
185.225.74.23 - - [14/Apr/2023:21:19:31 +0000] "GET / HTTP/1.1" 200 2826140 "-" "Mozilla/5.0 (Windows NT 10.0; Win64; x64) AppleWebKit/537.36 (KHTML, like Gecko) Chrome/95.0.4638.69 Safari/537.36"
143.110.222.166 - - [14/Apr/2023:21:24:07 +0000] "GET / HTTP/1.1" 200 415740 "-" "Mozilla/5.0 (iPhone; CPU iPhone OS 16_1 like Mac OS X) AppleWebKit/605.1.15 (KHTML, like Gecko) Version/16.1 Mobile/15E148 Safari/604.1"
193.32.162.159 - - [14/Apr/2023:21:29:55 +0000] "GET / HTTP/1.1" 200 415764 "-" "Mozilla/5.0 (Windows NT 10.0; Win64; x64) AppleWebKit/537.36 (KHTML, like Gecko) Chrome/90.0.4430.85 Safari/537.36 Edg/90.0.818.46"
58.109.50.180 - - [14/Apr/2023:21:41:51 +0000] "GET / HTTP/1.1" 200 193793 "-" "Mozilla/5.0 (Windows NT 10.0; WOW64) AppleWebKit/537.36 (KHTML, like Gecko) Chrome/51.0.2704.103 Safari/537.36"
107.170.243.13 - - [14/Apr/2023:21:59:27 +0000] "GET / HTTP/1.1" 200 1583 "-" "Mozilla/5.0 zgrab/0.x"
171.67.70.233 - - [14/Apr/2023:22:15:21 +0000] "GET / HTTP/1.1" 200 3489 "-" "Mozilla/5.0 zgrab/0.x"
171.67.70.233 - - [14/Apr/2023:22:15:30 +0000] "GET / HTTP/1.1" 200 3489 "-" "Mozilla/5.0 zgrab/0.x"
23.91.96.133 - - [14/Apr/2023:22:21:59 +0000] "GET / HTTP/1.1" 200 2023 "-" "Mozilla/5.0 (Windows NT 6.1) AppleWebKit/537.36 (KHTML, like Gecko) Chrome/49.0.2623.112 Safari/537.36"
23.91.96.133 - - [14/Apr/2023:22:22:01 +0000] "GET /images/favicon.ico HTTP/1.1" 200 177942 "-" "Mozilla/5.0 (Windows NT 6.1) AppleWebKit/537.36 (KHTML, like Gecko) Chrome/49.0.2623.112 Safari/537.36"
23.91.96.133 - - [14/Apr/2023:22:22:05 +0000] "GET /scripts/zooming.min.js HTTP/1.1" 200 10728 "-" "Mozilla/5.0 (Windows NT 6.1) AppleWebKit/537.36 (KHTML, like Gecko) Chrome/49.0.2623.112 Safari/537.36"
143.110.222.166 - - [14/Apr/2023:22:24:29 +0000] "GET / HTTP/1.1" 200 415740 "-" "Mozilla/5.0 (iPhone; CPU iPhone OS 16_1 like Mac OS X) AppleWebKit/605.1.15 (KHTML, like Gecko) Version/16.1 Mobile/15E148 Safari/604.1"
60.217.75.70 - - [14/Apr/2023:22:29:16 +0000] "GET / HTTP/1.1" 200 368958 "-" "Mozilla/5.0"
60.217.75.70 - - [14/Apr/2023:22:47:10 +0000] "GET / HTTP/1.1" 200 350134 "-" "Mozilla/5.0"
118.193.38.61 - - [14/Apr/2023:23:15:27 +0000] "GET / HTTP/1.1" 200 2723 "-" "Mozilla/5.0 (Windows NT 6.1) AppleWebKit/537.36 (KHTML, like Gecko) Chrome/49.0.2623.112 Safari/537.36"
118.193.38.61 - - [14/Apr/2023:23:15:29 +0000] "GET /favicon/favicon.ico HTTP/1.1" 200 15406 "-" "Mozilla/5.0 (Windows NT 6.1) AppleWebKit/537.36 (KHTML, like Gecko) Chrome/49.0.2623.112 Safari/537.36"
143.110.222.166 - - [14/Apr/2023:23:25:50 +0000] "GET / HTTP/1.1" 200 415740 "-" "Mozilla/5.0 (iPhone; CPU iPhone OS 16_1 like Mac OS X) AppleWebKit/605.1.15 (KHTML, like Gecko) Version/16.1 Mobile/15E148 Safari/604.1"
101.36.107.222 - - [14/Apr/2023:23:36:34 +0000] "GET / HTTP/1.1" 200 5190 "-" "Mozilla/5.0 (Windows NT 6.1) AppleWebKit/537.36 (KHTML, like Gecko) Chrome/49.0.2623.112 Safari/537.36"
205.169.39.172 - - [14/Apr/2023:23:45:36 +0000] "GET / HTTP/1.1" 200 415740 "-" "Mozilla/5.0 (Windows NT 6.1; Win64; x64) AppleWebKit/537.36 (KHTML, like Gecko) Chrome/83.0.4103.61 Safari/537.36"
205.169.39.172 - - [14/Apr/2023:23:45:39 +0000] "GET / HTTP/1.1" 200 415740 "-" "Mozilla/5.0 (Windows NT 10.0; Win64; x64) AppleWebKit/537.36 (KHTML, like Gecko) Chrome/79.0.3945.79 Safari/537.36"
152.32.135.231 - - [13/Apr/2023:00:13:07 +0000] "GET / HTTP/1.1" 200 2035 "-" "Mozilla/5.0 (Windows NT 6.1) AppleWebKit/537.36 (KHTML, like Gecko) Chrome/49.0.2623.112 Safari/537.36"
152.32.135.231 - - [13/Apr/2023:00:13:16 +0000] "GET /scripts/zooming.min.js HTTP/1.1" 200 10728 "-" "Mozilla/5.0 (Windows NT 6.1) AppleWebKit/537.36 (KHTML, like Gecko) Chrome/49.0.2623.112 Safari/537.36"
193.32.162.159 - - [13/Apr/2023:00:25:00 +0000] "GET / HTTP/1.1" 200 415740 "-" "Mozilla/5.0 (Windows NT 10.0; Win64; x64) AppleWebKit/537.36 (KHTML, like Gecko) Chrome/90.0.4430.85 Safari/537.36 Edg/90.0.818.46"
143.110.222.166 - - [13/Apr/2023:00:27:44 +0000] "GET / HTTP/1.1" 200 415740 "-" "Mozilla/5.0 (iPhone; CPU iPhone OS 16_1 like Mac OS X) AppleWebKit/605.1.15 (KHTML, like Gecko) Version/16.1 Mobile/15E148 Safari/604.1"
118.193.38.58 - - [13/Apr/2023:00:34:01 +0000] "GET / HTTP/1.1" 200 4567 "-" "Mozilla/5.0 (Windows NT 6.1) AppleWebKit/537.36 (KHTML, like Gecko) Chrome/49.0.2623.112 Safari/537.36"
118.193.38.58 - - [13/Apr/2023:00:34:03 +0000] "GET / HTTP/1.1" 200 2023 "-" "Mozilla/5.0 (Windows NT 6.1) AppleWebKit/537.36 (KHTML, like Gecko) Chrome/49.0.2623.112 Safari/537.36"
118.193.38.58 - - [13/Apr/2023:00:34:05 +0000] "GET /images/favicon.ico HTTP/1.1" 200 177942 "-" "Mozilla/5.0 (Windows NT 6.1) AppleWebKit/537.36 (KHTML, like Gecko) Chrome/49.0.2623.112 Safari/537.36"
118.193.38.58 - - [13/Apr/2023:00:34:10 +0000] "GET /scripts/zooming.min.js HTTP/1.1" 200 10728 "-" "Mozilla/5.0 (Windows NT 6.1) AppleWebKit/537.36 (KHTML, like Gecko) Chrome/49.0.2623.112 Safari/537.36"
2001:470:1:332::22 - - [13/Apr/2023:00:49:56 +0000] "GET /favicon.ico HTTP/1.1" 200 15406 "-" "Mozilla/5.0 (Windows NT 10.0; Win64; x64; rv:109.0) Gecko/20100101 Firefox/111.0"
152.32.239.229 - - [13/Apr/2023:01:14:22 +0000] "GET / HTTP/1.1" 301 169 "-" "Mozilla/5.0 (Windows NT 6.1) AppleWebKit/537.36 (KHTML, like Gecko) Chrome/49.0.2623.112 Safari/537.36"
143.110.222.166 - - [13/Apr/2023:01:27:23 +0000] "GET / HTTP/1.1" 200 415740 "-" "Mozilla/5.0 (iPhone; CPU iPhone OS 16_1 like Mac OS X) AppleWebKit/605.1.15 (KHTML, like Gecko) Version/16.1 Mobile/15E148 Safari/604.1"
159.65.111.248 - - [13/Apr/2023:01:57:55 +0000] "GET / HTTP/1.0" 200 124294 "-" "Mozilla/5.0 (X11; Linux x86_64; rv:98.0) Gecko/20100101 Firefox/98.0"
143.110.222.166 - - [13/Apr/2023:02:24:59 +0000] "GET / HTTP/1.1" 200 415740 "-" "Mozilla/5.0 (iPhone; CPU iPhone OS 16_1 like Mac OS X) AppleWebKit/605.1.15 (KHTML, like Gecko) Version/16.1 Mobile/15E148 Safari/604.1"
178.18.242.213 - - [13/Apr/2023:02:31:38 +0000] "GET / HTTP/1.1" 200 415844 "-" "Mozilla/5.0 (Windows NT 10.0; Win64; x64) AppleWebKit/537.36 (KHTML, like Gecko) Chrome/89.0.4389.114 Safari/537.36"
193.32.162.159 - - [13/Apr/2023:02:36:01 +0000] "GET / HTTP/1.1" 200 415717 "-" "Mozilla/5.0 (Windows NT 10.0; Win64; x64) AppleWebKit/537.36 (KHTML, like Gecko) Chrome/90.0.4430.85 Safari/537.36 Edg/90.0.818.46"
185.180.143.79 - - [13/Apr/2023:02:37:24 +0000] "GET / HTTP/1.1" 200 1583 "-" "Mozilla/5.0 (Windows NT 10.0; Win64; x64) AppleWebKit/537.36 (KHTML, like Gecko) Chrome/60.0.3112.113 Safari/537.36"
152.32.131.34 - - [13/Apr/2023:02:54:43 +0000] "GET / HTTP/1.1" 301 169 "-" "Mozilla/5.0 (Windows NT 6.1) AppleWebKit/537.36 (KHTML, like Gecko) Chrome/49.0.2623.112 Safari/537.36"
159.65.135.43 - - [13/Apr/2023:03:22:44 +0000] "GET / HTTP/1.1" 200 415740 "-" "Mozilla/5.0 (Windows NT 10.0; Win64; x64) AppleWebKit/537.36 (KHTML, like Gecko) Chrome/108.0.0.0 Safari/537.36"
143.110.222.166 - - [13/Apr/2023:03:24:50 +0000] "GET / HTTP/1.1" 200 415740 "-" "Mozilla/5.0 (iPhone; CPU iPhone OS 16_1 like Mac OS X) AppleWebKit/605.1.15 (KHTML, like Gecko) Version/16.1 Mobile/15E148 Safari/604.1"
5.55.37.85 - - [13/Apr/2023:03:59:14 +0000] "GET / HTTP/1.1" 200 2810641 "-" "Mozilla/5.0 (Windows NT 6.1; WOW64) AppleWebKit/537.36 (KHTML, like Gecko) Chrome/51.0.2704.103 Safari/537.36"
185.180.143.71 - - [13/Apr/2023:04:26:49 +0000] "GET / HTTP/1.1" 200 1583 "-" "Mozilla/5.0 (Windows NT 10.0; Win64; x64) AppleWebKit/537.36 (KHTML, like Gecko) Chrome/60.0.3112.113 Safari/537.36"
143.110.222.166 - - [13/Apr/2023:04:27:25 +0000] "GET / HTTP/1.1" 200 415740 "-" "Mozilla/5.0 (iPhone; CPU iPhone OS 16_1 like Mac OS X) AppleWebKit/605.1.15 (KHTML, like Gecko) Version/16.1 Mobile/15E148 Safari/604.1"
216.218.206.66 - - [13/Apr/2023:04:47:28 +0000] "GET / HTTP/1.1" 200 218718 "-" "Mozilla/5.0 (Windows NT 10.0; Win64; x64) AppleWebKit/537.36 (KHTML, like Gecko) Chrome/110.0.0.0 Safari/537.36 Edg/110.0.1587.56"
143.110.222.166 - - [13/Apr/2023:05:26:41 +0000] "GET / HTTP/1.1" 200 415748 "-" "Mozilla/5.0 (iPhone; CPU iPhone OS 16_1 like Mac OS X) AppleWebKit/605.1.15 (KHTML, like Gecko) Version/16.1 Mobile/15E148 Safari/604.1"
159.65.135.43 - - [13/Apr/2023:06:15:09 +0000] "GET / HTTP/1.1" 200 1583 "-" "Mozilla/5.0 (Windows NT 10.0; Win64; x64) AppleWebKit/537.36 (KHTML, like Gecko) Chrome/108.0.0.0 Safari/537.36"
159.65.135.43 - - [13/Apr/2023:06:15:12 +0000] "GET /favicon.ico HTTP/1.1" 200 15406 "-" "Mozilla/5.0 (Windows NT 10.0; Win64; x64) AppleWebKit/537.36 (KHTML, like Gecko) Chrome/108.0.0.0 Safari/537.36"
143.110.222.166 - - [13/Apr/2023:06:25:05 +0000] "GET / HTTP/1.1" 200 415740 "-" "Mozilla/5.0 (iPhone; CPU iPhone OS 16_1 like Mac OS X) AppleWebKit/605.1.15 (KHTML, like Gecko) Version/16.1 Mobile/15E148 Safari/604.1"
35.90.137.91 - - [13/Apr/2023:07:19:58 +0000] "GET / HTTP/1.1" 200 1970 "-" "Mozilla/5.0 (X11; Linux x86_64) AppleWebKit/537.36 (KHTML, like Gecko) Chrome/83.0.4103.97 Safari/537.36"
35.92.110.160 - - [13/Apr/2023:07:20:09 +0000] "GET / HTTP/1.1" 200 1970 "-" "Mozilla/5.0 (X11; Linux x86_64) AppleWebKit/537.36 (KHTML, like Gecko) Chrome/83.0.4103.97 Safari/537.36"
35.87.130.55 - - [13/Apr/2023:07:26:32 +0000] "GET / HTTP/1.1" 200 415708 "-" "Mozilla/5.0 (Windows NT 10.0; Win64; x64)AppleWebKit/537.36 (KHTML, like Gecko) Chrome/66.0.3359.181 Safari/537.36"
54.202.31.45 - - [13/Apr/2023:07:31:45 +0000] "GET / HTTP/1.1" 200 1583 "-" "Mozilla/5.0 (X11; Linux x86_64) AppleWebKit/537.36 (KHTML, like Gecko) Chrome/83.0.4103.97 Safari/537.36"
54.202.222.158 - - [13/Apr/2023:07:32:06 +0000] "GET /favicon.ico HTTP/1.1" 200 15406 "-" "Mozilla/5.0 (X11; Linux x86_64) AppleWebKit/537.36 (KHTML, like Gecko) Chrome/83.0.4103.97 Safari/537.36"
54.186.44.237 - - [13/Apr/2023:07:33:19 +0000] "GET / HTTP/1.1" 200 415708 "-" "Mozilla/5.0 (X11; Linux x86_64) AppleWebKit/537.36 (KHTML, like Gecko) Chrome/83.0.4103.97 Safari/537.36"
34.222.49.194 - - [13/Apr/2023:07:33:35 +0000] "GET / HTTP/1.1" 200 415716 "-" "Mozilla/5.0 (X11; Linux x86_64) AppleWebKit/537.36 (KHTML, like Gecko) Chrome/83.0.4103.97 Safari/537.36"
195.205.161.74 - - [13/Apr/2023:07:45:02 +0000] "GET / HTTP/1.1" 200 2826140 "-" "Mozilla/5.0 (Windows NT 10.0; WOW64) AppleWebKit/537.36 (KHTML, like Gecko) Chrome/52.0.2743.116 Safari/537.36"
128.199.77.96 - - [13/Apr/2023:07:46:53 +0000] "GET / HTTP/1.0" 200 135878 "-" "Mozilla/5.0 (X11; Linux x86_64; rv:98.0) Gecko/20100101 Firefox/98.0"
35.160.183.168 - - [13/Apr/2023:07:50:04 +0000] "GET / HTTP/1.1" 200 415708 "-" "Mozilla/5.0 (X11; Linux x86_64) AppleWebKit/537.36 (KHTML, like Gecko) Chrome/83.0.4103.97 Safari/537.36"
18.237.219.31 - - [13/Apr/2023:07:50:38 +0000] "GET / HTTP/1.1" 200 415716 "-" "Mozilla/5.0 (X11; Linux x86_64) AppleWebKit/537.36 (KHTML, like Gecko) Chrome/83.0.4103.97 Safari/537.36"
143.110.222.166 - - [13/Apr/2023:08:26:07 +0000] "GET / HTTP/1.1" 200 415740 "-" "Mozilla/5.0 (iPhone; CPU iPhone OS 16_1 like Mac OS X) AppleWebKit/605.1.15 (KHTML, like Gecko) Version/16.1 Mobile/15E148 Safari/604.1"
192.241.206.16 - - [13/Apr/2023:08:31:35 +0000] "GET / HTTP/1.1" 200 415708 "-" "Mozilla/5.0 zgrab/0.x"
114.107.225.150 - - [13/Apr/2023:09:09:22 +0000] "GET / HTTP/1.1" 301 169 "-" "Mozilla/5.0 (iPhone; CPU iPhone OS 13_2_3 like Mac OS X) AppleWebKit/605.1.15 (KHTML, like Gecko) Version/13.0.3 Mobile/15E148 Safari/604.1"
143.110.222.166 - - [13/Apr/2023:09:31:19 +0000] "GET / HTTP/1.1" 200 415740 "-" "Mozilla/5.0 (iPhone; CPU iPhone OS 16_1 like Mac OS X) AppleWebKit/605.1.15 (KHTML, like Gecko) Version/16.1 Mobile/15E148 Safari/604.1"
180.178.107.158 - - [13/Apr/2023:09:46:18 +0000] "GET / HTTP/1.1" 200 2826140 "-" "Mozilla/5.0 (Windows NT 10.0; WOW64) AppleWebKit/537.36 (KHTML, like Gecko) Chrome/52.0.2743.116 Safari/537.36"
66.240.236.116 - - [13/Apr/2023:09:46:42 +0000] "GET / HTTP/1.1" 200 1583 "-" "Mozilla/5.0 zgrab/0.x"
152.32.188.74 - - [13/Apr/2023:09:47:24 +0000] "GET / HTTP/1.1" 200 5937 "-" "Mozilla/5.0 (Windows NT 6.1) AppleWebKit/537.36 (KHTML, like Gecko) Chrome/49.0.2623.112 Safari/537.36"
118.193.32.180 - - [13/Apr/2023:09:53:16 +0000] "GET / HTTP/1.1" 301 169 "-" "Mozilla/5.0 (Windows NT 6.1) AppleWebKit/537.36 (KHTML, like Gecko) Chrome/49.0.2623.112 Safari/537.36"
209.146.23.178 - - [13/Apr/2023:10:01:06 +0000] "GET / HTTP/1.0" 301 169 "-" "Mozilla/5.0 (Windows NT 6.3; Win64; x64) AppleWebKit/537.36 (KHTML, like Gecko) Chrome/102.0.0.0 Safari/537.36"
209.146.23.178 - - [13/Apr/2023:10:01:07 +0000] "GET / HTTP/1.0" 200 5937 "-" "Mozilla/5.0 (Windows NT 6.3; Win64; x64) AppleWebKit/537.36 (KHTML, like Gecko) Chrome/102.0.0.0 Safari/537.36"
143.110.222.166 - - [13/Apr/2023:10:27:59 +0000] "GET / HTTP/1.1" 200 415740 "-" "Mozilla/5.0 (iPhone; CPU iPhone OS 16_1 like Mac OS X) AppleWebKit/605.1.15 (KHTML, like Gecko) Version/16.1 Mobile/15E148 Safari/604.1"
118.193.37.41 - - [13/Apr/2023:11:06:12 +0000] "GET / HTTP/1.1" 301 169 "-" "Mozilla/5.0 (Windows NT 6.1) AppleWebKit/537.36 (KHTML, like Gecko) Chrome/49.0.2623.112 Safari/537.36"
143.110.222.166 - - [13/Apr/2023:11:27:40 +0000] "GET / HTTP/1.1" 200 415740 "-" "Mozilla/5.0 (iPhone; CPU iPhone OS 16_1 like Mac OS X) AppleWebKit/605.1.15 (KHTML, like Gecko) Version/16.1 Mobile/15E148 Safari/604.1"
193.32.162.159 - - [13/Apr/2023:11:59:36 +0000] "GET / HTTP/1.1" 200 415756 "-" "Mozilla/5.0 (Windows NT 10.0; Win64; x64) AppleWebKit/537.36 (KHTML, like Gecko) Chrome/90.0.4430.85 Safari/537.36 Edg/90.0.818.46"
144.126.202.105 - - [13/Apr/2023:12:13:34 +0000] "GET / HTTP/1.1" 200 5190 "-" "Mozilla/5.0 (Linux; Android 6.0; HTC One M9 Build/MRA701961) AppleWebKit/537.36 (KHTML, like Gecko) Chrome/52.0.3494.98 Mobile Safari/537.3"
118.193.38.58 - - [13/Apr/2023:12:14:55 +0000] "GET / HTTP/1.1" 200 5190 "-" "Mozilla/5.0 (Windows NT 6.1) AppleWebKit/537.36 (KHTML, like Gecko) Chrome/49.0.2623.112 Safari/537.36"
143.110.222.166 - - [13/Apr/2023:12:30:03 +0000] "GET / HTTP/1.1" 200 415749 "-" "Mozilla/5.0 (iPhone; CPU iPhone OS 16_1 like Mac OS X) AppleWebKit/605.1.15 (KHTML, like Gecko) Version/16.1 Mobile/15E148 Safari/604.1"
152.32.252.184 - - [13/Apr/2023:12:38:33 +0000] "GET / HTTP/1.1" 200 4567 "-" "Mozilla/5.0 (Windows NT 6.1) AppleWebKit/537.36 (KHTML, like Gecko) Chrome/49.0.2623.112 Safari/537.36"
143.110.222.166 - - [13/Apr/2023:13:27:07 +0000] "GET / HTTP/1.1" 200 415740 "-" "Mozilla/5.0 (iPhone; CPU iPhone OS 16_1 like Mac OS X) AppleWebKit/605.1.15 (KHTML, like Gecko) Version/16.1 Mobile/15E148 Safari/604.1"
185.83.146.154 - - [13/Apr/2023:13:50:09 +0000] "GET / HTTP/1.1" 301 169 "-" "Mozilla/5.0 (X11; Ubuntu; Linux i686; rv:28.0) Gecko/20100101 Firefox/28.0"
185.83.146.154 - - [13/Apr/2023:13:50:10 +0000] "GET / HTTP/1.1" 200 415725 "-" "Mozilla/5.0 (X11; Ubuntu; Linux i686; rv:28.0) Gecko/20100101 Firefox/28.0"
185.83.146.154 - - [13/Apr/2023:13:50:12 +0000] "GET / HTTP/1.1" 200 1970 "-" "Mozilla/5.0 (X11; Ubuntu; Linux i686; rv:28.0) Gecko/20100101 Firefox/28.0"
143.110.222.166 - - [13/Apr/2023:14:24:59 +0000] "GET / HTTP/1.1" 200 415740 "-" "Mozilla/5.0 (iPhone; CPU iPhone OS 16_1 like Mac OS X) AppleWebKit/605.1.15 (KHTML, like Gecko) Version/16.1 Mobile/15E148 Safari/604.1"
143.110.222.166 - - [13/Apr/2023:15:28:19 +0000] "GET / HTTP/1.1" 200 415740 "-" "Mozilla/5.0 (iPhone; CPU iPhone OS 16_1 like Mac OS X) AppleWebKit/605.1.15 (KHTML, like Gecko) Version/16.1 Mobile/15E148 Safari/604.1"
51.254.59.113 - - [13/Apr/2023:15:51:11 +0000] "GET / HTTP/1.1" 200 2826140 "-" "Mozilla/5.0 (Windows NT 6.1) AppleWebKit/537.36 (KHTML, like Gecko) Chrome/41.0.2228.0 Safari/537.36"
104.244.74.6 - - [13/Apr/2023:16:10:21 +0000] "GET / HTTP/1.1" 200 415718 "-" "Mozilla/5.0 zgrab/0.x"
45.249.246.151 - - [13/Apr/2023:16:20:34 +0000] "GET / HTTP/1.1" 200 2310 "-" "Mozilla/5.0 (Windows NT 6.1) AppleWebKit/537.36 (KHTML, like Gecko) Chrome/49.0.2623.112 Safari/537.36"
143.110.222.166 - - [13/Apr/2023:16:25:08 +0000] "GET / HTTP/1.1" 200 415740 "-" "Mozilla/5.0 (iPhone; CPU iPhone OS 16_1 like Mac OS X) AppleWebKit/605.1.15 (KHTML, like Gecko) Version/16.1 Mobile/15E148 Safari/604.1"
118.193.36.237 - - [13/Apr/2023:17:16:26 +0000] "GET / HTTP/1.1" 200 2310 "-" "Mozilla/5.0 (Windows NT 6.1) AppleWebKit/537.36 (KHTML, like Gecko) Chrome/49.0.2623.112 Safari/537.36"
118.193.36.237 - - [13/Apr/2023:17:16:27 +0000] "GET / HTTP/1.1" 200 3135 "-" "Mozilla/5.0 (Windows NT 6.1) AppleWebKit/537.36 (KHTML, like Gecko) Chrome/49.0.2623.112 Safari/537.36"
118.193.36.237 - - [13/Apr/2023:17:16:27 +0000] "GET / HTTP/1.1" 200 2723 "-" "Mozilla/5.0 (Windows NT 6.1) AppleWebKit/537.36 (KHTML, like Gecko) Chrome/49.0.2623.112 Safari/537.36"
118.193.36.237 - - [13/Apr/2023:17:16:29 +0000] "GET /favicon/favicon.ico HTTP/1.1" 200 15406 "-" "Mozilla/5.0 (Windows NT 6.1) AppleWebKit/537.36 (KHTML, like Gecko) Chrome/49.0.2623.112 Safari/537.36"
118.193.36.237 - - [13/Apr/2023:17:16:30 +0000] "GET /scripts/zooming.min.js HTTP/1.1" 200 10728 "-" "Mozilla/5.0 (Windows NT 6.1) AppleWebKit/537.36 (KHTML, like Gecko) Chrome/49.0.2623.112 Safari/537.36"
143.110.222.166 - - [13/Apr/2023:17:27:00 +0000] "GET / HTTP/1.1" 200 415740 "-" "Mozilla/5.0 (iPhone; CPU iPhone OS 16_1 like Mac OS X) AppleWebKit/605.1.15 (KHTML, like Gecko) Version/16.1 Mobile/15E148 Safari/604.1"
118.193.38.61 - - [13/Apr/2023:17:52:45 +0000] "GET / HTTP/1.1" 301 169 "-" "Mozilla/5.0 (Windows NT 6.1) AppleWebKit/537.36 (KHTML, like Gecko) Chrome/49.0.2623.112 Safari/537.36"
113.142.141.105 - - [13/Apr/2023:18:06:37 +0000] "GET / HTTP/1.1" 200 354483 "-" "Mozilla/5.0 (iPhone; CPU iPhone OS 13_2_3 like Mac OS X) AppleWebKit/605.1.15 (KHTML, like Gecko) Version/13.0.3 Mobile/15E148 Safari/604.1"
143.110.222.166 - - [13/Apr/2023:18:28:05 +0000] "GET / HTTP/1.1" 200 415740 "-" "Mozilla/5.0 (iPhone; CPU iPhone OS 16_1 like Mac OS X) AppleWebKit/605.1.15 (KHTML, like Gecko) Version/16.1 Mobile/15E148 Safari/604.1"
181.115.209.180 - - [13/Apr/2023:19:24:21 +0000] "GET / HTTP/1.1" 200 2826140 "-" "Mozilla/5.0 (Windows NT 10.0; WOW64) AppleWebKit/537.36 (KHTML, like Gecko) Chrome/52.0.2743.116 Safari/537.36"
143.110.222.166 - - [13/Apr/2023:19:26:44 +0000] "GET / HTTP/1.1" 200 415740 "-" "Mozilla/5.0 (iPhone; CPU iPhone OS 16_1 like Mac OS X) AppleWebKit/605.1.15 (KHTML, like Gecko) Version/16.1 Mobile/15E148 Safari/604.1"
152.32.131.34 - - [13/Apr/2023:20:09:03 +0000] "GET / HTTP/1.1" 301 169 "-" "Mozilla/5.0 (Windows NT 6.1) AppleWebKit/537.36 (KHTML, like Gecko) Chrome/49.0.2623.112 Safari/537.36"
5.202.41.94 - - [13/Apr/2023:20:22:09 +0000] "GET / HTTP/1.1" 200 956841 "-" "Mozilla/5.0 (Windows NT 10.0; WOW64) AppleWebKit/537.36 (KHTML, like Gecko) Chrome/52.0.2743.116 Safari/537.36"
143.110.222.166 - - [13/Apr/2023:20:27:03 +0000] "GET / HTTP/1.1" 200 415740 "-" "Mozilla/5.0 (iPhone; CPU iPhone OS 16_1 like Mac OS X) AppleWebKit/605.1.15 (KHTML, like Gecko) Version/16.1 Mobile/15E148 Safari/604.1"
64.227.168.2 - - [13/Apr/2023:20:44:06 +0000] "GET / HTTP/1.1" 200 415740 "-" "Mozilla/5.0 (Windows NT 10.0; Win64; x64) AppleWebKit/537.36 (KHTML, like Gecko) Chrome/108.0.0.0 Safari/537.36"
2a01:cb00:4cc:5800:d7a0:a667:8305:544 - - [13/Apr/2023:21:11:28 +0000] "GET /posts/pseudopost-8/images/luton.jpeg HTTP/1.1" 200 199250 "https://blog.pseudot.org/posts/pseudopost-8/pseudopost-8.html" "Mozilla/5.0 (X11; Linux x86_64; rv:109.0) Gecko/20100101 Firefox/110.0"
2a01:cb00:4cc:5800:d7a0:a667:8305:544 - - [13/Apr/2023:21:11:28 +0000] "GET /posts/pseudopost-8/images/trafalgar.jpeg HTTP/1.1" 200 385558 "https://blog.pseudot.org/posts/pseudopost-8/pseudopost-8.html" "Mozilla/5.0 (X11; Linux x86_64; rv:109.0) Gecko/20100101 Firefox/110.0"
2a01:cb00:4cc:5800:d7a0:a667:8305:544 - - [13/Apr/2023:21:11:28 +0000] "GET /posts/pseudopost-8/images/metro.jpeg HTTP/1.1" 200 450701 "https://blog.pseudot.org/posts/pseudopost-8/pseudopost-8.html" "Mozilla/5.0 (X11; Linux x86_64; rv:109.0) Gecko/20100101 Firefox/110.0"
2a01:cb00:4cc:5800:d7a0:a667:8305:544 - - [13/Apr/2023:21:11:28 +0000] "GET /posts/pseudopost-8/images/statue.jpeg HTTP/1.1" 200 516692 "https://blog.pseudot.org/posts/pseudopost-8/pseudopost-8.html" "Mozilla/5.0 (X11; Linux x86_64; rv:109.0) Gecko/20100101 Firefox/110.0"
2a01:cb00:4cc:5800:d7a0:a667:8305:544 - - [13/Apr/2023:21:11:29 +0000] "GET /posts/pseudopost-8/images/bigben.jpeg HTTP/1.1" 200 364657 "https://blog.pseudot.org/posts/pseudopost-8/pseudopost-8.html" "Mozilla/5.0 (X11; Linux x86_64; rv:109.0) Gecko/20100101 Firefox/110.0"
2a01:cb00:4cc:5800:d7a0:a667:8305:544 - - [13/Apr/2023:21:11:29 +0000] "GET /posts/pseudopost-8/images/nice.jpeg HTTP/1.1" 200 721752 "https://blog.pseudot.org/posts/pseudopost-8/pseudopost-8.html" "Mozilla/5.0 (X11; Linux x86_64; rv:109.0) Gecko/20100101 Firefox/110.0"
2a01:cb00:4cc:5800:d7a0:a667:8305:544 - - [13/Apr/2023:21:11:29 +0000] "GET /posts/pseudopost-8/images/prop1.jpeg HTTP/1.1" 200 448019 "https://blog.pseudot.org/posts/pseudopost-8/pseudopost-8.html" "Mozilla/5.0 (X11; Linux x86_64; rv:109.0) Gecko/20100101 Firefox/110.0"
2a01:cb00:4cc:5800:d7a0:a667:8305:544 - - [13/Apr/2023:21:11:29 +0000] "GET /posts/pseudopost-8/images/afis.jpeg HTTP/1.1" 200 259460 "https://blog.pseudot.org/posts/pseudopost-8/pseudopost-8.html" "Mozilla/5.0 (X11; Linux x86_64; rv:109.0) Gecko/20100101 Firefox/110.0"
2a01:cb00:4cc:5800:d7a0:a667:8305:544 - - [13/Apr/2023:21:11:29 +0000] "GET /posts/pseudopost-8/images/chinezesc.jpeg HTTP/1.1" 200 518135 "https://blog.pseudot.org/posts/pseudopost-8/pseudopost-8.html" "Mozilla/5.0 (X11; Linux x86_64; rv:109.0) Gecko/20100101 Firefox/110.0"
2a01:cb00:4cc:5800:d7a0:a667:8305:544 - - [13/Apr/2023:21:11:29 +0000] "GET /posts/pseudopost-8/images/1euro.jpeg HTTP/1.1" 200 331041 "https://blog.pseudot.org/posts/pseudopost-8/pseudopost-8.html" "Mozilla/5.0 (X11; Linux x86_64; rv:109.0) Gecko/20100101 Firefox/110.0"
