109.74.204.123 - - [20/Apr/2023:16:20:32 +0000] "GET /CSS/Miniweb.css HTTP/1.1" 404 153 "-" "curl/7.54.0"
109.74.204.123 - - [20/Apr/2023:16:20:32 +0000] "GET /base.cfm HTTP/1.1" 404 0 "-" "curl/7.54.0"
109.74.204.123 - - [20/Apr/2023:16:20:32 +0000] "GET /pools/default/buckets HTTP/1.1" 404 153 "-" "curl/7.54.0"
109.74.204.123 - - [20/Apr/2023:16:20:32 +0000] "GET /Portal/Portal.mwsl HTTP/1.1" 404 153 "-" "curl/7.54.0"
109.74.204.123 - - [20/Apr/2023:16:20:32 +0000] "GET / HTTP/1.1" 200 5190 "-" "curl/7.54.0"
109.74.204.123 - - [20/Apr/2023:16:20:33 +0000] "GET /pools HTTP/1.1" 404 153 "-" "curl/7.54.0"
109.74.204.123 - - [20/Apr/2023:16:20:33 +0000] "GET /default.pl HTTP/1.1" 404 0 "-" "curl/7.54.0"
109.74.204.123 - - [20/Apr/2023:16:20:33 +0000] "GET / HTTP/1.1" 200 2826140 "-" "curl/7.54.0"
109.74.204.123 - - [20/Apr/2023:16:20:33 +0000] "GET /docs/cplugError.html/ HTTP/1.1" 404 153 "-" "curl/7.54.0"
109.74.204.123 - - [20/Apr/2023:16:20:33 +0000] "GET /?=PHPE9568F36-D428-11d2-A769-00AA001ACF42 HTTP/1.1" 200 2826140 "-" "curl/7.54.0"
109.74.204.123 - - [20/Apr/2023:16:20:33 +0000] "GET / HTTP/1.1" 200 2826140 "-" "curl/7.54.0"
109.74.204.123 - - [20/Apr/2023:16:20:33 +0000] "GET /favicon.ico HTTP/1.1" 200 15406 "-" "curl/7.54.0"
109.74.204.123 - - [20/Apr/2023:16:20:33 +0000] "GET /__Additional HTTP/1.1" 404 0 "-" "curl/7.54.0"
109.74.204.123 - - [20/Apr/2023:16:20:33 +0000] "GET / HTTP/1.0" 200 899210 "-" "-"
109.74.204.123 - - [20/Apr/2023:16:20:34 +0000] "SSTP_DUPLEX_POST /sra_{BA195980-CD49-458b-9E23-C84EE0ADCD75}/ HTTP/1.1" 400 157 "-" "-"
109.74.204.123 - - [20/Apr/2023:16:20:34 +0000] "GET /CSS/Miniweb.css HTTP/1.1" 404 0 "-" "curl/7.54.0"
109.74.204.123 - - [20/Apr/2023:16:20:34 +0000] "GET /menu.asp HTTP/1.1" 404 0 "-" "curl/7.54.0"
109.74.204.123 - - [20/Apr/2023:16:20:34 +0000] "GET /Portal0000.htm HTTP/1.1" 400 255 "-" "curl/7.54.0"
109.74.204.123 - - [20/Apr/2023:16:20:34 +0000] "GET /readme.txt HTTP/1.1" 404 0 "-" "curl/7.54.0"
109.74.204.123 - - [20/Apr/2023:16:20:34 +0000] "GET /base.cfm HTTP/1.1" 404 153 "-" "curl/7.54.0"
109.74.204.123 - - [20/Apr/2023:16:20:34 +0000] "POST /sdk HTTP/1.1" 404 0 "-" "curl/7.54.0"
109.74.204.123 - - [20/Apr/2023:16:20:34 +0000] "POST /scripts/WPnBr.dll HTTP/1.1" 404 153 "-" "curl/7.54.0"
109.74.204.123 - - [20/Apr/2023:16:20:34 +0000] "POST /sdk HTTP/1.1" 404 153 "-" "curl/7.54.0"
109.74.204.123 - - [20/Apr/2023:16:20:34 +0000] "GET /__Additional HTTP/1.1" 404 153 "-" "curl/7.54.0"
109.74.204.123 - - [20/Apr/2023:16:20:34 +0000] "GET /admin.shtml HTTP/1.1" 404 0 "-" "curl/7.54.0"
109.74.204.123 - - [20/Apr/2023:16:20:34 +0000] "GET /?=PHPB8B5F2A0-3C92-11d3-A3A9-4C7B08C10000 HTTP/1.1" 200 2826140 "-" "curl/7.54.0"
109.74.204.123 - - [20/Apr/2023:16:20:34 +0000] "GET / HTTP/1.1" 200 2826140 "-" "curl/7.54.0"
109.74.204.123 - - [20/Apr/2023:16:20:34 +0000] "GET /start.cfm HTTP/1.1" 404 0 "-" "curl/7.54.0"
109.74.204.123 - - [20/Apr/2023:16:20:34 +0000] "GET /default.pl HTTP/1.1" 404 153 "-" "curl/7.54.0"
109.74.204.123 - - [20/Apr/2023:16:20:34 +0000] "GET /admin.pl HTTP/1.1" 404 0 "-" "curl/7.54.0"
109.74.204.123 - - [20/Apr/2023:16:20:34 +0000] "HEAD / HTTP/1.1" 200 0 "-" "curl/7.54.0"
109.74.204.123 - - [20/Apr/2023:16:20:34 +0000] "GET /default.jhtml HTTP/1.1" 404 0 "-" "curl/7.54.0"
109.74.204.123 - - [20/Apr/2023:16:20:35 +0000] "GET /inicio.jsp HTTP/1.1" 404 0 "-" "curl/7.54.0"
109.74.204.123 - - [20/Apr/2023:16:20:35 +0000] "GET /menu.asp HTTP/1.1" 404 153 "-" "curl/7.54.0"
109.74.204.123 - - [20/Apr/2023:16:20:35 +0000] "GET /admin.jsp HTTP/1.1" 404 0 "-" "curl/7.54.0"
109.74.204.123 - - [20/Apr/2023:16:20:35 +0000] "GET /readme.txt HTTP/1.1" 404 153 "-" "curl/7.54.0"
109.74.204.123 - - [20/Apr/2023:16:20:35 +0000] "GET /admin.jsa HTTP/1.1" 404 0 "-" "curl/7.54.0"
109.74.204.123 - - [20/Apr/2023:16:20:35 +0000] "GET / HTTP/1.1" 200 2826140 "-" "curl/7.54.0"
109.74.204.123 - - [20/Apr/2023:16:20:35 +0000] "GET /indice.cgi HTTP/1.1" 404 0 "-" "curl/7.54.0"
109.74.204.123 - - [20/Apr/2023:16:20:35 +0000] "GET /indice.jsp HTTP/1.1" 404 0 "-" "curl/7.54.0"
109.74.204.123 - - [20/Apr/2023:16:20:35 +0000] "GET /admin.html HTTP/1.1" 404 0 "-" "curl/7.54.0"
109.74.204.123 - - [20/Apr/2023:16:20:35 +0000] "GET / HTTP/1.1" 200 2826140 "-" "curl/7.54.0"
109.74.204.123 - - [20/Apr/2023:16:20:36 +0000] "GET /localstart.jhtml HTTP/1.1" 404 0 "-" "curl/7.54.0"
109.74.204.123 - - [20/Apr/2023:16:20:36 +0000] "GET /favicon.ico HTTP/1.1" 404 0 "-" "curl/7.54.0"
109.74.204.123 - - [20/Apr/2023:16:20:36 +0000] "GET /localstart.asp HTTP/1.1" 404 0 "-" "curl/7.54.0"
109.74.204.123 - - [20/Apr/2023:16:20:36 +0000] "GET /home.cfm HTTP/1.1" 404 0 "-" "curl/7.54.0"
109.74.204.123 - - [20/Apr/2023:16:20:36 +0000] "GET /admin.shtml HTTP/1.1" 400 255 "-" "curl/7.54.0"
109.74.204.123 - - [20/Apr/2023:16:20:36 +0000] "GET /main.jsp HTTP/1.1" 404 0 "-" "curl/7.54.0"
109.74.204.123 - - [20/Apr/2023:16:20:36 +0000] "GET / HTTP/1.1" 200 2826140 "-" "curl/7.54.0"
109.74.204.123 - - [20/Apr/2023:16:20:36 +0000] "GET /start.cfm HTTP/1.1" 404 153 "-" "curl/7.54.0"
109.74.204.123 - - [20/Apr/2023:16:20:36 +0000] "GET /admin.cfm HTTP/1.1" 404 0 "-" "curl/7.54.0"
109.74.204.123 - - [20/Apr/2023:16:20:37 +0000] "GET /admin.asp HTTP/1.1" 404 0 "-" "curl/7.54.0"
109.74.204.123 - - [20/Apr/2023:16:20:37 +0000] "GET /localstart.shtml HTTP/1.1" 404 0 "-" "curl/7.54.0"
109.74.204.123 - - [20/Apr/2023:16:20:37 +0000] "GET /menu.jhtml HTTP/1.1" 404 0 "-" "curl/7.54.0"
109.74.204.123 - - [20/Apr/2023:16:20:37 +0000] "GET /home.jsa HTTP/1.1" 404 0 "-" "curl/7.54.0"
109.74.204.123 - - [20/Apr/2023:16:20:37 +0000] "GET /home.shtml HTTP/1.1" 404 0 "-" "curl/7.54.0"
109.74.204.123 - - [20/Apr/2023:16:20:37 +0000] "GET /admin.pl HTTP/1.1" 400 255 "-" "curl/7.54.0"
109.74.204.123 - - [20/Apr/2023:16:20:38 +0000] "GET /default.jhtml HTTP/1.1" 404 153 "-" "curl/7.54.0"
109.74.204.123 - - [20/Apr/2023:16:20:38 +0000] "GET /inicio.jsp HTTP/1.1" 404 153 "-" "curl/7.54.0"
109.74.204.123 - - [20/Apr/2023:16:20:38 +0000] "GET /admin.jsp HTTP/1.1" 404 153 "-" "curl/7.54.0"
109.74.204.123 - - [20/Apr/2023:16:20:39 +0000] "GET /admin.jsa HTTP/1.1" 400 255 "-" "curl/7.54.0"
109.74.204.123 - - [20/Apr/2023:16:20:39 +0000] "GET /indice.cgi HTTP/1.1" 404 153 "-" "curl/7.54.0"
109.74.204.123 - - [20/Apr/2023:16:20:40 +0000] "GET /indice.jsp HTTP/1.1" 404 153 "-" "curl/7.54.0"
109.74.204.123 - - [20/Apr/2023:16:20:40 +0000] "GET /admin.html HTTP/1.1" 404 153 "-" "curl/7.54.0"
109.74.204.123 - - [20/Apr/2023:16:20:40 +0000] "GET /localstart.jhtml HTTP/1.1" 404 153 "-" "curl/7.54.0"
109.74.204.123 - - [20/Apr/2023:16:20:40 +0000] "GET /localstart.asp HTTP/1.1" 404 153 "-" "curl/7.54.0"
109.74.204.123 - - [20/Apr/2023:16:20:40 +0000] "GET /home.cfm HTTP/1.1" 404 153 "-" "curl/7.54.0"
109.74.204.123 - - [20/Apr/2023:16:20:41 +0000] "GET /main.jsp HTTP/1.1" 404 153 "-" "curl/7.54.0"
109.74.204.123 - - [20/Apr/2023:16:20:41 +0000] "GET /admin.cfm HTTP/1.1" 404 153 "-" "curl/7.54.0"
109.74.204.123 - - [20/Apr/2023:16:20:42 +0000] "GET /admin.asp HTTP/1.1" 400 255 "-" "curl/7.54.0"
109.74.204.123 - - [20/Apr/2023:16:20:42 +0000] "GET /localstart.shtml HTTP/1.1" 404 153 "-" "curl/7.54.0"
109.74.204.123 - - [20/Apr/2023:16:20:43 +0000] "GET / HTTP/1.0" 200 5190 "-" "-"
109.74.204.123 - - [20/Apr/2023:16:20:43 +0000] "GET / HTTP/1.0" 200 166660 "-" "-"
109.74.204.123 - - [20/Apr/2023:16:20:52 +0000] "GET / HTTP/1.1" 400 255 "-" "-"
109.74.204.123 - - [20/Apr/2023:16:20:52 +0000] "GET / HTTP/1.1" 200 389605 "-" "-"
143.110.222.166 - - [20/Apr/2023:16:24:48 +0000] "GET / HTTP/1.1" 200 415740 "-" "Mozilla/5.0 (iPhone; CPU iPhone OS 16_1 like Mac OS X) AppleWebKit/605.1.15 (KHTML, like Gecko) Version/16.1 Mobile/15E148 Safari/604.1"
20.231.70.220 - - [20/Apr/2023:16:39:10 +0000] "POST / HTTP/1.1" 405 157 "-" "python-httpx/0.24.0"
167.248.133.191 - - [20/Apr/2023:16:54:46 +0000] "GET / HTTP/1.1" 200 5190 "-" "-"
167.248.133.191 - - [20/Apr/2023:16:54:47 +0000] "PRI * HTTP/2.0" 400 157 "-" "-"
54.36.149.84 - - [20/Apr/2023:17:04:06 +0000] "GET / HTTP/1.1" 200 3489 "-" "Mozilla/5.0 (compatible; AhrefsBot/7.0; +http://ahrefs.com/robot/)"
141.98.6.81 - - [20/Apr/2023:17:09:31 +0000] "GET / HTTP/1.1" 200 415812 "-" "Linux Gnu (cow)"
143.110.222.166 - - [20/Apr/2023:17:24:40 +0000] "GET / HTTP/1.1" 200 415740 "-" "Mozilla/5.0 (iPhone; CPU iPhone OS 16_1 like Mac OS X) AppleWebKit/605.1.15 (KHTML, like Gecko) Version/16.1 Mobile/15E148 Safari/604.1"
193.32.162.159 - - [20/Apr/2023:17:36:20 +0000] "GET / HTTP/1.1" 200 415764 "-" "Mozilla/5.0 (Windows NT 10.0; Win64; x64) AppleWebKit/537.36 (KHTML, like Gecko) Chrome/90.0.4430.85 Safari/537.36 Edg/90.0.818.46"
193.32.162.159 - - [20/Apr/2023:17:36:30 +0000] "GET /dispatch.asp HTTP/1.1" 404 0 "-" "Mozilla/5.0 (Windows NT 10.0; Win64; x64) AppleWebKit/537.36 (KHTML, like Gecko) Chrome/90.0.4430.85 Safari/537.36 Edg/90.0.818.46"
51.79.177.154 - - [20/Apr/2023:18:00:43 +0000] "GET / HTTP/1.1" 200 1583 "-" "Mozilla/5.0 (Windows NT 10.0; Win64; x64) AppleWebKit/537.36 (KHTML, like Gecko) Chrome/70.0.3538.102 Safari/537.36"
179.43.177.243 - - [20/Apr/2023:18:01:55 +0000] "GET / HTTP/1.1" 200 2826140 "-" "Hello World"
143.110.222.166 - - [20/Apr/2023:18:26:36 +0000] "GET / HTTP/1.1" 200 415740 "-" "Mozilla/5.0 (iPhone; CPU iPhone OS 16_1 like Mac OS X) AppleWebKit/605.1.15 (KHTML, like Gecko) Version/16.1 Mobile/15E148 Safari/604.1"
14.116.152.84 - - [20/Apr/2023:18:37:11 +0000] "GET / HTTP/1.1" 400 255 "-" "Mozilla/5.0 (iPhone; CPU iPhone OS 13_2_3 like Mac OS X) AppleWebKit/605.1.15 (KHTML, like Gecko) Version/13.0.3 Mobile/15E148 Safari/604.1"
14.116.150.68 - - [20/Apr/2023:18:37:21 +0000] "GET / HTTP/1.1" 200 415716 "-" "Mozilla/5.0 (iPhone; CPU iPhone OS 13_2_3 like Mac OS X) AppleWebKit/605.1.15 (KHTML, like Gecko) Version/13.0.3 Mobile/15E148 Safari/604.1"
141.98.6.81 - - [20/Apr/2023:18:40:54 +0000] "GET / HTTP/1.1" 200 415812 "-" "Linux Gnu (cow)"
194.55.224.203 - - [20/Apr/2023:18:59:38 +0000] "POST /boaform/admin/formLogin HTTP/1.1" 404 0 "http://208.76.222.31:80/admin/login.asp" "Mozilla/5.0 (X11; Ubuntu; Linux x86_64; rv:71.0) Gecko/20100101 Firefox/71.0"
194.55.224.203 - - [20/Apr/2023:18:59:38 +0000] "" 400 0 "-" "-"
94.102.61.7 - - [20/Apr/2023:19:02:56 +0000] "GET / HTTP/1.1" 200 1583 "-" "Mozilla/5.0 (Windows NT 10.0; Win64; x64) AppleWebKit/537.36 (KHTML, like Gecko) Chrome/88.0.4324.190 Safari/537.36"
193.235.141.164 - - [20/Apr/2023:19:09:46 +0000] "GET / HTTP/1.1" 200 1970 "-" "Mozilla/5.0 (Windows NT 10.0; Win64; x64) AppleWebKit/537.36 (KHTML, like Gecko) Chrome/105.0.0.0 Safari/537.36"
193.32.162.159 - - [20/Apr/2023:19:16:16 +0000] "GET / HTTP/1.1" 200 415764 "-" "Mozilla/5.0 (Windows NT 10.0; Win64; x64) AppleWebKit/537.36 (KHTML, like Gecko) Chrome/90.0.4430.85 Safari/537.36 Edg/90.0.818.46"
193.32.162.159 - - [20/Apr/2023:19:16:26 +0000] "GET /dispatch.asp HTTP/1.1" 404 0 "-" "Mozilla/5.0 (Windows NT 10.0; Win64; x64) AppleWebKit/537.36 (KHTML, like Gecko) Chrome/90.0.4430.85 Safari/537.36 Edg/90.0.818.46"
143.110.222.166 - - [20/Apr/2023:19:24:30 +0000] "GET / HTTP/1.1" 200 415740 "-" "Mozilla/5.0 (iPhone; CPU iPhone OS 16_1 like Mac OS X) AppleWebKit/605.1.15 (KHTML, like Gecko) Version/16.1 Mobile/15E148 Safari/604.1"
54.36.148.150 - - [20/Apr/2023:19:37:04 +0000] "GET / HTTP/1.1" 200 796 "-" "Mozilla/5.0 (compatible; AhrefsBot/7.0; +http://ahrefs.com/robot/)"
54.36.148.252 - - [20/Apr/2023:19:37:05 +0000] "GET /style.css HTTP/1.1" 200 1651 "-" "Mozilla/5.0 (compatible; AhrefsBot/7.0; +http://ahrefs.com/robot/)"
2620:96:e000:b0cc:e:2:7:7 - - [20/Apr/2023:19:58:59 +0000] "GET / HTTP/1.1" 404 153 "-" "-"
2620:96:e000:b0cc:e:2:7:7 - - [20/Apr/2023:19:58:59 +0000] "PRI * HTTP/2.0" 400 157 "-" "-"
157.211.137.20 - - [20/Apr/2023:20:07:44 +0000] "GET /boaform/admin/formLogin?username=admin&psd=admin HTTP/1.0" 404 0 "-" "-"
143.110.222.166 - - [20/Apr/2023:20:24:18 +0000] "GET / HTTP/1.1" 200 415740 "-" "Mozilla/5.0 (iPhone; CPU iPhone OS 16_1 like Mac OS X) AppleWebKit/605.1.15 (KHTML, like Gecko) Version/16.1 Mobile/15E148 Safari/604.1"
205.185.121.155 - - [20/Apr/2023:20:27:45 +0000] "GET / HTTP/1.1" 200 1583 "https://easyseo.s-nac.com" "Mozilla/5.0 (Windows NT 10.0; Win64; x64) AppleWebKit/537.36 (KHTML, like Gecko) Chrome/111.0.0.0 Safari/537.36"
128.14.133.58 - - [20/Apr/2023:20:33:11 +0000] "GET / HTTP/1.1" 200 1583 "-" "Mozilla/5.0 (Windows NT 10.0; Win64; x64) AppleWebKit/537.36 (KHTML, like Gecko) Chrome/60.0.3112.113 Safari/537.36"
167.94.138.127 - - [20/Apr/2023:21:22:42 +0000] "GET / HTTP/1.1" 200 5190 "-" "-"
167.94.138.127 - - [20/Apr/2023:21:22:43 +0000] "PRI * HTTP/2.0" 400 157 "-" "-"
143.110.222.166 - - [20/Apr/2023:21:24:27 +0000] "GET / HTTP/1.1" 200 415740 "-" "Mozilla/5.0 (iPhone; CPU iPhone OS 16_1 like Mac OS X) AppleWebKit/605.1.15 (KHTML, like Gecko) Version/16.1 Mobile/15E148 Safari/604.1"
179.43.177.243 - - [20/Apr/2023:21:38:52 +0000] "POST /boaform/admin/formLogin HTTP/1.1" 404 0 "http://208.76.222.31:80/admin/login.asp" "Mozilla/5.0 (X11; Ubuntu; Linux x86_64; rv:71.0) Gecko/20100101 Firefox/71.0"
179.43.177.243 - - [20/Apr/2023:21:38:52 +0000] "" 400 0 "-" "-"
198.199.94.56 - - [20/Apr/2023:22:02:32 +0000] "GET / HTTP/1.1" 200 1583 "-" "Mozilla/5.0 zgrab/0.x"
193.32.162.159 - - [20/Apr/2023:22:10:02 +0000] "GET / HTTP/1.1" 200 415717 "-" "Mozilla/5.0 (Windows NT 10.0; Win64; x64) AppleWebKit/537.36 (KHTML, like Gecko) Chrome/90.0.4430.85 Safari/537.36 Edg/90.0.818.46"
193.32.162.159 - - [20/Apr/2023:22:10:12 +0000] "GET /dispatch.asp HTTP/1.1" 404 0 "-" "Mozilla/5.0 (Windows NT 10.0; Win64; x64) AppleWebKit/537.36 (KHTML, like Gecko) Chrome/90.0.4430.85 Safari/537.36 Edg/90.0.818.46"
138.197.120.149 - - [20/Apr/2023:22:27:22 +0000] "GET / HTTP/1.0" 200 109566 "-" "Mozilla/5.0 (X11; Linux x86_64; rv:73.0) Gecko/20100101 Firefox/73.0"
143.110.222.166 - - [20/Apr/2023:22:28:53 +0000] "GET / HTTP/1.1" 200 415740 "-" "Mozilla/5.0 (iPhone; CPU iPhone OS 16_1 like Mac OS X) AppleWebKit/605.1.15 (KHTML, like Gecko) Version/16.1 Mobile/15E148 Safari/604.1"
138.197.120.149 - - [20/Apr/2023:22:48:45 +0000] "GET / HTTP/1.1" 200 415748 "-" "Mozilla/5.0 (X11; Linux x86_64; rv:73.0) Gecko/20100101 Firefox/73.0"
138.197.120.149 - - [20/Apr/2023:22:48:46 +0000] "GET /favicon.png HTTP/1.1" 200 17440 "http://208.76.222.31/" "Mozilla/5.0 (X11; Linux x86_64; rv:73.0) Gecko/20100101 Firefox/73.0"
104.131.180.95 - - [20/Apr/2023:23:11:42 +0000] "GET / HTTP/1.1" 200 1583 "-" "Mozilla/5.0 (X11; Linux x86_64; rv:73.0) Gecko/20100101 Firefox/73.0"
66.249.72.63 - - [20/Apr/2023:23:23:28 +0000] "GET /favicon.ico HTTP/1.1" 200 15406 "-" "Googlebot-Image/1.0"
143.110.222.166 - - [20/Apr/2023:23:26:16 +0000] "GET / HTTP/1.1" 200 415740 "-" "Mozilla/5.0 (iPhone; CPU iPhone OS 16_1 like Mac OS X) AppleWebKit/605.1.15 (KHTML, like Gecko) Version/16.1 Mobile/15E148 Safari/604.1"
54.36.149.90 - - [20/Apr/2023:23:33:16 +0000] "GET / HTTP/1.1" 200 1970 "-" "Mozilla/5.0 (compatible; AhrefsBot/7.0; +http://ahrefs.com/robot/)"
54.36.148.49 - - [20/Apr/2023:23:33:17 +0000] "GET /IMAGES/gnubanner.gif HTTP/1.1" 200 2177 "-" "Mozilla/5.0 (compatible; AhrefsBot/7.0; +http://ahrefs.com/robot/)"
54.36.149.8 - - [20/Apr/2023:23:33:18 +0000] "GET /IMAGES/firefox3.gif HTTP/1.1" 200 3009 "-" "Mozilla/5.0 (compatible; AhrefsBot/7.0; +http://ahrefs.com/robot/)"
54.36.148.24 - - [20/Apr/2023:23:33:18 +0000] "GET /IMAGES/nokia64.gif HTTP/1.1" 200 558 "-" "Mozilla/5.0 (compatible; AhrefsBot/7.0; +http://ahrefs.com/robot/)"
54.36.148.14 - - [20/Apr/2023:23:33:18 +0000] "GET /IMAGES/vi.gif HTTP/1.1" 200 5815 "-" "Mozilla/5.0 (compatible; AhrefsBot/7.0; +http://ahrefs.com/robot/)"
54.36.149.23 - - [20/Apr/2023:23:33:18 +0000] "GET /IMAGES/2019.gif HTTP/1.1" 200 1629 "-" "Mozilla/5.0 (compatible; AhrefsBot/7.0; +http://ahrefs.com/robot/)"
54.36.148.26 - - [20/Apr/2023:23:33:18 +0000] "GET /CSS/style.css HTTP/1.1" 200 1157 "-" "Mozilla/5.0 (compatible; AhrefsBot/7.0; +http://ahrefs.com/robot/)"
14.116.157.23 - - [20/Apr/2023:23:37:00 +0000] "GET / HTTP/1.1" 200 344347 "-" "Mozilla/5.0 (iPhone; CPU iPhone OS 13_2_3 like Mac OS X) AppleWebKit/605.1.15 (KHTML, like Gecko) Version/13.0.3 Mobile/15E148 Safari/604.1"
140.246.164.95 - - [20/Apr/2023:23:37:02 +0000] "GET / HTTP/1.1" 400 255 "-" "Mozilla/5.0 (iPhone; CPU iPhone OS 13_2_3 like Mac OS X) AppleWebKit/605.1.15 (KHTML, like Gecko) Version/13.0.3 Mobile/15E148 Safari/604.1"
54.36.149.58 - - [20/Apr/2023:23:48:35 +0000] "GET / HTTP/1.1" 200 1583 "-" "Mozilla/5.0 (compatible; AhrefsBot/7.0; +http://ahrefs.com/robot/)"
193.32.162.159 - - [20/Apr/2023:23:57:40 +0000] "GET / HTTP/1.1" 200 415860 "-" "Mozilla/5.0 (Windows NT 10.0; Win64; x64) AppleWebKit/537.36 (KHTML, like Gecko) Chrome/90.0.4430.85 Safari/537.36 Edg/90.0.818.46"
193.32.162.159 - - [20/Apr/2023:23:57:50 +0000] "GET /dispatch.asp HTTP/1.1" 404 0 "-" "Mozilla/5.0 (Windows NT 10.0; Win64; x64) AppleWebKit/537.36 (KHTML, like Gecko) Chrome/90.0.4430.85 Safari/537.36 Edg/90.0.818.46"
143.110.222.166 - - [19/Apr/2023:00:26:01 +0000] "GET / HTTP/1.1" 200 415740 "-" "Mozilla/5.0 (iPhone; CPU iPhone OS 16_1 like Mac OS X) AppleWebKit/605.1.15 (KHTML, like Gecko) Version/16.1 Mobile/15E148 Safari/604.1"
185.224.103.242 - - [19/Apr/2023:00:50:10 +0000] "GET / HTTP/1.1" 200 2826140 "-" "Mozilla/5.0 (Windows NT 6.1; WOW64) AppleWebKit/537.36 (KHTML, like Gecko) Chrome/52.0.2743.116 Safari/537.36"
194.87.151.116 - - [19/Apr/2023:01:06:18 +0000] "POST /boaform/admin/formLogin HTTP/1.1" 404 0 "http://208.76.222.31:80/admin/login.asp" "Mozilla/5.0 (X11; Ubuntu; Linux x86_64; rv:71.0) Gecko/20100101 Firefox/71.0"
194.87.151.116 - - [19/Apr/2023:01:06:18 +0000] "" 400 0 "-" "-"
185.180.143.50 - - [19/Apr/2023:01:10:48 +0000] "GET / HTTP/1.1" 200 415740 "-" "Mozilla/5.0 (Windows NT 10.0; Win64; x64) AppleWebKit/537.36 (KHTML, like Gecko) Chrome/60.0.3112.113 Safari/537.36"
193.32.162.159 - - [19/Apr/2023:01:13:48 +0000] "GET / HTTP/1.1" 200 415717 "-" "Mozilla/5.0 (Windows NT 10.0; Win64; x64) AppleWebKit/537.36 (KHTML, like Gecko) Chrome/90.0.4430.85 Safari/537.36 Edg/90.0.818.46"
193.32.162.159 - - [19/Apr/2023:01:13:57 +0000] "GET /dispatch.asp HTTP/1.1" 404 0 "-" "Mozilla/5.0 (Windows NT 10.0; Win64; x64) AppleWebKit/537.36 (KHTML, like Gecko) Chrome/90.0.4430.85 Safari/537.36 Edg/90.0.818.46"
143.110.222.166 - - [19/Apr/2023:01:26:27 +0000] "GET / HTTP/1.1" 200 415740 "-" "Mozilla/5.0 (iPhone; CPU iPhone OS 16_1 like Mac OS X) AppleWebKit/605.1.15 (KHTML, like Gecko) Version/16.1 Mobile/15E148 Safari/604.1"
2001:470:1:c84::14 - - [19/Apr/2023:01:39:14 +0000] "GET / HTTP/1.1" 404 125 "-" "Mozilla/5.0 (Macintosh; Intel Mac OS X 10.15; rv:102.0) Gecko/20100101 Firefox/102.0"
17.241.227.207 - - [19/Apr/2023:02:11:54 +0000] "GET /images/pacu.jpg HTTP/1.1" 200 245892 "-" "Mozilla/5.0 (Macintosh; Intel Mac OS X 10_15_5) AppleWebKit/605.1.15 (KHTML, like Gecko) Version/13.1.1 Safari/605.1.15 (Applebot/0.1; +http://www.apple.com/go/applebot)"
17.241.75.232 - - [19/Apr/2023:02:18:45 +0000] "GET /images/didntknewthis.jpg HTTP/1.1" 200 115902 "-" "Mozilla/5.0 (Macintosh; Intel Mac OS X 10_15_5) AppleWebKit/605.1.15 (KHTML, like Gecko) Version/13.1.1 Safari/605.1.15 (Applebot/0.1; +http://www.apple.com/go/applebot)"
143.110.222.166 - - [19/Apr/2023:02:27:39 +0000] "GET / HTTP/1.1" 200 415740 "-" "Mozilla/5.0 (iPhone; CPU iPhone OS 16_1 like Mac OS X) AppleWebKit/605.1.15 (KHTML, like Gecko) Version/16.1 Mobile/15E148 Safari/604.1"
17.241.219.155 - - [19/Apr/2023:02:39:42 +0000] "GET /images/abandonata.jpg HTTP/1.1" 200 257006 "-" "Mozilla/5.0 (Macintosh; Intel Mac OS X 10_15_5) AppleWebKit/605.1.15 (KHTML, like Gecko) Version/13.1.1 Safari/605.1.15 (Applebot/0.1; +http://www.apple.com/go/applebot)"
109.237.96.179 - - [19/Apr/2023:02:42:33 +0000] "GET / HTTP/1.1" 301 169 "-" "Mozilla/4.0 (compatible; MSIE 6.0; Windows NT 5.1; IT) Opera 8.0"
109.237.96.179 - - [19/Apr/2023:02:42:35 +0000] "GET / HTTP/1.1" 200 415708 "-" "Mozilla/5.0 (Windows; U; Windows NT 5.0; ; rv:1.8.0.7) Gecko/20060917 Firefox/1.9.0.1"
109.237.96.179 - - [19/Apr/2023:02:42:47 +0000] "GET / HTTP/1.1" 200 1029 "-" "Mozilla/5.0 (Linux; U; Android 2.2.2; en-us; MOTWX435KT Build/FROYO) AppleWebKit/533.1 (KHTML, like Gecko) Version/4.0 Mobile Safari/533.1"
109.237.96.179 - - [19/Apr/2023:02:45:23 +0000] "GET / HTTP/1.1" 301 169 "-" "Mozilla/5.0 (X11; Linux x86_64; en-US; rv:2.0b2pre) Gecko/20100712 Minefield/4.0b2pre"
109.237.96.179 - - [19/Apr/2023:02:45:24 +0000] "GET / HTTP/1.1" 200 415717 "-" "Mozilla/5.0 (Android 8.0.0; Mobile; rv:58.0) Gecko/58.0 Firefox/58.0"
109.237.96.179 - - [19/Apr/2023:02:45:30 +0000] "GET / HTTP/1.1" 200 865 "-" "Mozilla/5.0 (X11; U; Linux i686; en-US; rv:1.7.9) Gecko/20050711 Firefox/1.0.5"
54.36.148.193 - - [19/Apr/2023:02:46:58 +0000] "GET / HTTP/1.1" 200 1583 "-" "Mozilla/5.0 (compatible; AhrefsBot/7.0; +http://ahrefs.com/robot/)"
54.36.148.60 - - [19/Apr/2023:02:48:03 +0000] "GET / HTTP/1.1" 200 1707 "-" "Mozilla/5.0 (compatible; AhrefsBot/7.0; +http://ahrefs.com/robot/)"
109.237.96.179 - - [19/Apr/2023:03:09:42 +0000] "GET / HTTP/1.1" 301 169 "-" "Mozilla/5.0 (Macintosh; U; PPC Mac OS X; en-gb) AppleWebKit/85.8.5 (KHTML, like Gecko) Safari/85.8.1"
109.237.96.179 - - [19/Apr/2023:03:09:44 +0000] "GET / HTTP/1.1" 200 415708 "-" "Mozilla/5.0 (X11; U; Linux i686; fr; rv:1.9.0.2) Gecko/2008092318 Fedora/3.0.2-1.fc9 Firefox/3.0.2"
109.237.96.179 - - [19/Apr/2023:03:10:14 +0000] "GET / HTTP/1.1" 200 1707 "-" "Mozilla/5.0 (Linux; U; Android 2.3.4; en-us; pcdadr6350 Build/GRJ22) AppleWebKit/533.1 (KHTML, like Gecko) Version/4.0 Mobile Safari/533.1"
109.237.96.179 - - [19/Apr/2023:03:11:09 +0000] "GET / HTTP/1.1" 301 169 "-" "Mozilla/5.0 (Windows; U; Windows NT 5.1; rv:1.7.3) Gecko/20040913 Firefox/0.10.1"
109.237.96.179 - - [19/Apr/2023:03:11:10 +0000] "GET / HTTP/1.1" 200 415708 "-" "Mozilla/5.0 (X11; U; Linux x86_64; en-US; rv:1.9.0.6) Gecko/2009012700 SUSE/3.0.6-1.4 Firefox/3.0.6"
109.237.96.179 - - [19/Apr/2023:03:11:31 +0000] "GET / HTTP/1.1" 301 169 "-" "Mozilla/5.0 (Macintosh; Intel Mac OS X 10_14_1) AppleWebKit/605.1.15 (KHTML, like Gecko) Version/12.0.1 Safari/605.1.15"
109.237.96.179 - - [19/Apr/2023:03:11:32 +0000] "GET / HTTP/1.1" 200 415717 "-" "Mozilla/5.0 (Windows NT 5.1) AppleWebKit/537.36 (KHTML, like Gecko) Chrome/49.0.2623.87 Safari/537.36 OPR/36.0.2130.46"
109.237.96.179 - - [19/Apr/2023:03:11:40 +0000] "GET / HTTP/1.1" 200 796 "-" "Mozilla/5.0 (Linux; Android 7.0; SM-G935T Build/NRD90M) AppleWebKit/537.36 (KHTML, like Gecko) Chrome/63.0.3239.111 Mobile Safari/537.36"
109.237.96.179 - - [19/Apr/2023:03:11:42 +0000] "GET / HTTP/1.1" 301 169 "-" "Mozilla/5.0 (X11; U; Linux x86_64; en-US) AppleWebKit/540.0 (KHTML,like Gecko) Chrome/9.1.0.0 Safari/540.0"
109.237.96.179 - - [19/Apr/2023:03:11:43 +0000] "GET / HTTP/1.1" 200 415708 "-" "Mozilla/5.0 (Windows NT 5.1) AppleWebKit/537.36 (KHTML, like Gecko) Chrome/49.0.2623.110 Safari/537.36"
109.237.96.179 - - [19/Apr/2023:03:11:47 +0000] "GET / HTTP/1.1" 200 605 "-" "Opera/9.60 (J2ME/MIDP; Opera Mini/4.1.11320/608; U; en) Presto/2.2.0"
109.237.96.179 - - [19/Apr/2023:03:12:04 +0000] "GET / HTTP/1.1" 200 3489 "-" "Mozilla/4.0 (compatible; MSIE 6.0; Windows CE; IEMobile 7.11)"
109.237.96.179 - - [19/Apr/2023:03:13:28 +0000] "GET / HTTP/1.1" 301 169 "-" "Mozilla/5.0 (Windows NT 6.0; WOW64; rv:20.0) Gecko/20100101 Firefox/20.0"
109.237.96.179 - - [19/Apr/2023:03:13:30 +0000] "GET / HTTP/1.1" 200 415708 "-" "Mozilla/5.0 (Windows NT 5.1) AppleWebKit/537.36 (KHTML, like Gecko) Chrome/32.0.1700.107 Safari/537.36"
109.237.96.179 - - [19/Apr/2023:03:13:46 +0000] "GET / HTTP/1.1" 200 1583 "-" "Mozilla/5.0 (Windows; Windows NT 5.0) Gecko/20101221 Firefox/3.8.0 (.NET CLR 2.5.30)"
17.241.219.152 - - [19/Apr/2023:03:16:34 +0000] "GET /images/mareamoldovei.jpg HTTP/1.1" 200 183552 "-" "Mozilla/5.0 (Macintosh; Intel Mac OS X 10_15_5) AppleWebKit/605.1.15 (KHTML, like Gecko) Version/13.1.1 Safari/605.1.15 (Applebot/0.1; +http://www.apple.com/go/applebot)"
143.110.222.166 - - [19/Apr/2023:03:26:13 +0000] "GET / HTTP/1.1" 200 415740 "-" "Mozilla/5.0 (iPhone; CPU iPhone OS 16_1 like Mac OS X) AppleWebKit/605.1.15 (KHTML, like Gecko) Version/16.1 Mobile/15E148 Safari/604.1"
2001:470:1:332::14 - - [19/Apr/2023:03:38:25 +0000] "GET / HTTP/1.1" 200 1583 "-" "Mozilla/5.0 (Windows NT 10.0; Win64; x64; rv:102.0) Gecko/20100101 Firefox/102.0"
114.119.144.85 - - [19/Apr/2023:03:40:19 +0000] "GET / HTTP/1.1" 200 1583 "https://blog.pseudot.org/posts/rebonjour/rebonjour.html" "Mozilla/5.0 (Linux; Android 7.0;) AppleWebKit/537.36 (KHTML, like Gecko) Mobile Safari/537.36 (compatible; PetalBot;+https://webmaster.petalsearch.com/site/petalbot)"
109.237.96.179 - - [19/Apr/2023:03:40:35 +0000] "GET / HTTP/1.1" 301 169 "-" "Mozilla/5.0 (X11; FreeBSD amd64) AppleWebKit/537.36 (KHTML, like Gecko) Chrome/35.0.1916.153 Safari/537.36"
109.237.96.179 - - [19/Apr/2023:03:40:37 +0000] "GET / HTTP/1.1" 200 415716 "-" "Opera/9.80 (Windows NT 6.1; U; zh-tw) Presto/2.5.22 Version/10.50"
109.237.96.179 - - [19/Apr/2023:03:40:42 +0000] "GET / HTTP/1.1" 200 1010 "-" "Mozilla/5.0 (Macintosh; Intel Mac OS X 10_12_5) AppleWebKit/603.2.4 (KHTML, like Gecko) Version/10.1.1 Safari/603.2.4"
2001:470:1:332::15 - - [19/Apr/2023:03:41:54 +0000] "GET /favicon.ico HTTP/1.1" 200 15406 "-" "Mozilla/5.0 (Windows NT 10.0; Win64; x64) AppleWebKit/537.36 (KHTML, like Gecko) Chrome/108.0.0.0 YaBrowser/23.1.2.987 Yowser/2.5 Safari/537.36"
2001:470:1:332::a - - [19/Apr/2023:03:42:17 +0000] "GET / HTTP/1.1" 200 1583 "-" "Mozilla/5.0 (Windows NT 10.0; Win64; x64; rv:102.0) Gecko/20100101 Firefox/102.0"
109.237.96.179 - - [19/Apr/2023:04:02:26 +0000] "GET / HTTP/1.1" 301 169 "-" "Mozilla/5.0 (Linux; Android 4.2.2; QMV7A Build/JDQ39) AppleWebKit/537.36 (KHTML, like Gecko) Chrome/37.0.2062.117 Safari/537.36"
109.237.96.179 - - [19/Apr/2023:04:02:28 +0000] "GET / HTTP/1.1" 200 415708 "-" "Mozilla/5.0 (Linux; U; Android 3.1; en-ca; GT-P7500R Build/HMJ37) AppleWebKit/534.13 (KHTML, like Gecko) Version/4.0 Safari/534.13"
109.237.96.179 - - [19/Apr/2023:04:02:41 +0000] "GET / HTTP/1.1" 200 587 "-" "Mozilla/5.0 (X11; U; DragonFly i386; de; rv:1.9.1) Gecko/20090720 Firefox/3.5.1"
17.241.75.18 - - [19/Apr/2023:04:02:42 +0000] "GET /images/blexer.jpg HTTP/1.1" 200 362036 "-" "Mozilla/5.0 (Macintosh; Intel Mac OS X 10_15_5) AppleWebKit/605.1.15 (KHTML, like Gecko) Version/13.1.1 Safari/605.1.15 (Applebot/0.1; +http://www.apple.com/go/applebot)"
172.105.20.227 - - [19/Apr/2023:04:05:43 +0000] "GET /w5VZ HTTP/1.1" 404 0 "-" "Mozilla/5.0 (compatible; Nmap Scripting Engine; https://nmap.org/book/nse.html)"
172.105.20.227 - - [19/Apr/2023:04:05:43 +0000] "GET /kw8C HTTP/1.1" 404 0 "-" "Mozilla/5.0 (compatible; Nmap Scripting Engine; https://nmap.org/book/nse.html)"
45.33.109.190 - - [19/Apr/2023:04:05:47 +0000] "GET /2fNv HTTP/1.1" 404 153 "-" "Mozilla/5.0 (compatible; Nmap Scripting Engine; https://nmap.org/book/nse.html)"
45.33.109.190 - - [19/Apr/2023:04:05:47 +0000] "GET /AgQd HTTP/1.1" 404 153 "-" "Mozilla/5.0 (compatible; Nmap Scripting Engine; https://nmap.org/book/nse.html)"
152.89.196.54 - - [19/Apr/2023:04:06:37 +0000] "GET /actuator/gateway/routes HTTP/1.1" 404 0 "-" "Mozilla/5.0 (Windows NT 10.0; Win64; x64) AppleWebKit/537.36 (KHTML, like Gecko) Chrome/78.0.3904.108 Safari/537.36"
143.110.222.166 - - [19/Apr/2023:04:27:19 +0000] "GET / HTTP/1.1" 200 415740 "-" "Mozilla/5.0 (iPhone; CPU iPhone OS 16_1 like Mac OS X) AppleWebKit/605.1.15 (KHTML, like Gecko) Version/16.1 Mobile/15E148 Safari/604.1"
192.241.217.7 - - [19/Apr/2023:04:34:04 +0000] "GET /druid/index.html HTTP/1.1" 404 0 "-" "Mozilla/5.0 zgrab/0.x"
176.113.115.51 - - [19/Apr/2023:05:09:12 +0000] "GET /api/v1" 404 153 "-" "-"
162.243.145.17 - - [19/Apr/2023:05:19:26 +0000] "GET / HTTP/1.1" 400 255 "-" "Mozilla/5.0 zgrab/0.x"
167.248.133.37 - - [19/Apr/2023:05:24:51 +0000] "GET / HTTP/1.1" 200 5190 "-" "-"
167.248.133.37 - - [19/Apr/2023:05:24:52 +0000] "PRI * HTTP/2.0" 400 157 "-" "-"
185.189.182.234 - - [19/Apr/2023:05:38:01 +0000] "GET / HTTP/1.1" 400 157 "-" "-"
193.32.162.159 - - [19/Apr/2023:05:53:56 +0000] "GET / HTTP/1.1" 200 415908 "-" "Mozilla/5.0 (Windows NT 10.0; Win64; x64) AppleWebKit/537.36 (KHTML, like Gecko) Chrome/90.0.4430.85 Safari/537.36 Edg/90.0.818.46"
193.32.162.159 - - [19/Apr/2023:05:54:06 +0000] "GET /dispatch.asp HTTP/1.1" 404 0 "-" "Mozilla/5.0 (Windows NT 10.0; Win64; x64) AppleWebKit/537.36 (KHTML, like Gecko) Chrome/90.0.4430.85 Safari/537.36 Edg/90.0.818.46"
134.122.184.20 - - [19/Apr/2023:05:54:35 +0000] "GET /tywcb/161343.html HTTP/1.1" 404 0 "/tywcb/161343.html" "Mozilla/5.0 (iPhone; CPU iPhone OS 13_2_3 like Mac OS X) AppleWebKit/605.1.15 (KHTML, like Gecko) Version/13.0.3 Mobile/15E148 Safari/604.1"
205.169.39.184 - - [19/Apr/2023:06:07:30 +0000] "GET / HTTP/1.1" 301 169 "-" "Mozilla/5.0 (Windows NT 6.1; Win64; x64) AppleWebKit/537.36 (KHTML, like Gecko) Chrome/83.0.4103.61 Safari/537.36"
205.169.39.184 - - [19/Apr/2023:06:07:31 +0000] "GET / HTTP/1.1" 200 1970 "-" "Mozilla/5.0 (Windows NT 6.1; Win64; x64) AppleWebKit/537.36 (KHTML, like Gecko) Chrome/83.0.4103.61 Safari/537.36"
205.169.39.184 - - [19/Apr/2023:06:07:33 +0000] "GET / HTTP/1.1" 301 169 "-" "Mozilla/5.0 (Windows NT 10.0; Win64; x64) AppleWebKit/537.36 (KHTML, like Gecko) Chrome/79.0.3945.79 Safari/537.36"
205.169.39.184 - - [19/Apr/2023:06:07:37 +0000] "GET / HTTP/1.1" 200 1970 "-" "Mozilla/5.0 (Windows NT 10.0; Win64; x64) AppleWebKit/537.36 (KHTML, like Gecko) Chrome/79.0.3945.79 Safari/537.36"
205.169.39.184 - - [19/Apr/2023:06:07:37 +0000] "GET /CSS/style.css HTTP/1.1" 200 1157 "https://pseudot.org/" "Mozilla/5.0 (Windows NT 10.0; Win64; x64) AppleWebKit/537.36 (KHTML, like Gecko) Chrome/79.0.3945.79 Safari/537.36"
205.169.39.184 - - [19/Apr/2023:06:07:37 +0000] "GET /IMAGES/nokia64.gif HTTP/1.1" 200 558 "https://pseudot.org/" "Mozilla/5.0 (Windows NT 10.0; Win64; x64) AppleWebKit/537.36 (KHTML, like Gecko) Chrome/79.0.3945.79 Safari/537.36"
205.169.39.184 - - [19/Apr/2023:06:07:37 +0000] "GET /IMAGES/2019.gif HTTP/1.1" 200 1629 "https://pseudot.org/" "Mozilla/5.0 (Windows NT 10.0; Win64; x64) AppleWebKit/537.36 (KHTML, like Gecko) Chrome/79.0.3945.79 Safari/537.36"
205.169.39.184 - - [19/Apr/2023:06:07:37 +0000] "GET /IMAGES/pepsi.gif HTTP/1.1" 200 3682 "https://pseudot.org/" "Mozilla/5.0 (Windows NT 10.0; Win64; x64) AppleWebKit/537.36 (KHTML, like Gecko) Chrome/79.0.3945.79 Safari/537.36"
205.169.39.184 - - [19/Apr/2023:06:07:37 +0000] "GET /IMAGES/firefox3.gif HTTP/1.1" 200 3009 "https://pseudot.org/" "Mozilla/5.0 (Windows NT 10.0; Win64; x64) AppleWebKit/537.36 (KHTML, like Gecko) Chrome/79.0.3945.79 Safari/537.36"
205.169.39.184 - - [19/Apr/2023:06:07:37 +0000] "GET /IMAGES/vi.gif HTTP/1.1" 200 5815 "https://pseudot.org/" "Mozilla/5.0 (Windows NT 10.0; Win64; x64) AppleWebKit/537.36 (KHTML, like Gecko) Chrome/79.0.3945.79 Safari/537.36"
205.169.39.184 - - [19/Apr/2023:06:07:37 +0000] "GET /IMAGES/gnubanner.gif HTTP/1.1" 200 2177 "https://pseudot.org/" "Mozilla/5.0 (Windows NT 10.0; Win64; x64) AppleWebKit/537.36 (KHTML, like Gecko) Chrome/79.0.3945.79 Safari/537.36"
143.110.222.166 - - [19/Apr/2023:06:26:07 +0000] "GET / HTTP/1.1" 200 415740 "-" "Mozilla/5.0 (iPhone; CPU iPhone OS 16_1 like Mac OS X) AppleWebKit/605.1.15 (KHTML, like Gecko) Version/16.1 Mobile/15E148 Safari/604.1"
179.43.177.243 - - [19/Apr/2023:06:39:54 +0000] "GET / HTTP/1.1" 200 2826140 "-" "Hello World"
196.2.8.9 - - [19/Apr/2023:06:54:11 +0000] "GET / HTTP/1.1" 200 2826140 "-" "Mozilla/5.0 (Windows NT 6.1; WOW64) AppleWebKit/537.36 (KHTML, like Gecko) Chrome/51.0.2704.103 Safari/537.36"
167.248.133.124 - - [19/Apr/2023:06:56:38 +0000] "GET / HTTP/1.1" 200 130081 "-" "-"
167.248.133.124 - - [19/Apr/2023:06:56:39 +0000] "PRI * HTTP/2.0" 400 157 "-" "-"
172.104.11.4 - - [19/Apr/2023:07:03:23 +0000] "GET / HTTP/1.1" 200 364614 "-" "Mozilla/5.0 (Macintosh; Intel Mac OS X 13_1) AppleWebKit/537.36 (KHTML, like Gecko) Chrome/108.0.0.0 Safari/537.36"
66.240.236.116 - - [19/Apr/2023:07:03:40 +0000] "GET / HTTP/1.1" 200 415740 "-" "Mozilla/5.0 zgrab/0.x"
87.236.176.196 - - [19/Apr/2023:07:09:25 +0000] "GET / HTTP/1.1" 301 169 "-" "Mozilla/5.0 (compatible; InternetMeasurement/1.0; +https://internet-measurement.com/)"
87.236.176.196 - - [19/Apr/2023:07:09:25 +0000] "GET / HTTP/1.1" 200 1583 "http://blog.pseudot.org" "Mozilla/5.0 (compatible; InternetMeasurement/1.0; +https://internet-measurement.com/)"
192.241.238.9 - - [19/Apr/2023:07:10:40 +0000] "MGLNDD_208.76.222.31_80" 400 157 "-" "-"
34.218.74.115 - - [19/Apr/2023:07:12:48 +0000] "GET / HTTP/1.1" 301 169 "-" "Mozilla/5.0 (X11; Linux x86_64) AppleWebKit/537.36 (KHTML, like Gecko) Chrome/83.0.4103.97 Safari/537.36"
34.218.74.115 - - [19/Apr/2023:07:12:50 +0000] "GET / HTTP/1.1" 200 1970 "-" "Mozilla/5.0 (X11; Linux x86_64) AppleWebKit/537.36 (KHTML, like Gecko) Chrome/83.0.4103.97 Safari/537.36"
35.164.51.14 - - [19/Apr/2023:07:12:51 +0000] "GET / HTTP/1.1" 200 1970 "-" "Mozilla/5.0 (X11; Linux x86_64) AppleWebKit/537.36 (KHTML, like Gecko) Chrome/83.0.4103.97 Safari/537.36"
18.236.255.32 - - [19/Apr/2023:07:13:18 +0000] "GET /favicon.ico HTTP/1.1" 404 188 "-" "Mozilla/5.0 (X11; Linux x86_64) AppleWebKit/537.36 (KHTML, like Gecko) Chrome/83.0.4103.97 Safari/537.36"
18.236.255.32 - - [19/Apr/2023:07:13:22 +0000] "GET / HTTP/1.1" 200 1970 "-" "Mozilla/5.0 (X11; Linux x86_64) AppleWebKit/537.36 (KHTML, like Gecko) Chrome/83.0.4103.97 Safari/537.36"
34.220.82.59 - - [19/Apr/2023:07:20:25 +0000] "GET /favicon.ico HTTP/1.1" 301 169 "-" "Mozilla/5.0 (X11; Linux x86_64) AppleWebKit/537.36 (KHTML, like Gecko) Chrome/83.0.4103.97 Safari/537.36"
34.220.82.59 - - [19/Apr/2023:07:20:26 +0000] "GET /favicon.ico HTTP/1.1" 404 188 "http://pseudot.org/favicon.ico" "Mozilla/5.0 (X11; Linux x86_64) AppleWebKit/537.36 (KHTML, like Gecko) Chrome/83.0.4103.97 Safari/537.36"
34.220.82.59 - - [19/Apr/2023:07:20:27 +0000] "GET / HTTP/1.1" 301 169 "-" "Mozilla/5.0 (X11; Linux x86_64) AppleWebKit/537.36 (KHTML, like Gecko) Chrome/83.0.4103.97 Safari/537.36"
34.220.82.59 - - [19/Apr/2023:07:20:28 +0000] "GET / HTTP/1.1" 200 1970 "http://pseudot.org" "Mozilla/5.0 (X11; Linux x86_64) AppleWebKit/537.36 (KHTML, like Gecko) Chrome/83.0.4103.97 Safari/537.36"
35.88.127.145 - - [19/Apr/2023:07:24:55 +0000] "GET /favicon.ico HTTP/1.1" 301 169 "-" "Mozilla/5.0 (X11; Linux x86_64) AppleWebKit/537.36 (KHTML, like Gecko) Chrome/83.0.4103.97 Safari/537.36"
35.88.127.145 - - [19/Apr/2023:07:24:56 +0000] "GET /favicon.ico HTTP/1.1" 404 188 "http://pseudot.org/favicon.ico" "Mozilla/5.0 (X11; Linux x86_64) AppleWebKit/537.36 (KHTML, like Gecko) Chrome/83.0.4103.97 Safari/537.36"
35.88.127.145 - - [19/Apr/2023:07:24:56 +0000] "GET / HTTP/1.1" 301 169 "-" "Mozilla/5.0 (X11; Linux x86_64) AppleWebKit/537.36 (KHTML, like Gecko) Chrome/83.0.4103.97 Safari/537.36"
35.88.127.145 - - [19/Apr/2023:07:24:57 +0000] "GET / HTTP/1.1" 200 1970 "http://pseudot.org" "Mozilla/5.0 (X11; Linux x86_64) AppleWebKit/537.36 (KHTML, like Gecko) Chrome/83.0.4103.97 Safari/537.36"
143.110.222.166 - - [19/Apr/2023:07:25:25 +0000] "GET / HTTP/1.1" 200 415740 "-" "Mozilla/5.0 (iPhone; CPU iPhone OS 16_1 like Mac OS X) AppleWebKit/605.1.15 (KHTML, like Gecko) Version/16.1 Mobile/15E148 Safari/604.1"
193.32.162.159 - - [19/Apr/2023:07:31:07 +0000] "GET / HTTP/1.1" 200 415717 "-" "Mozilla/5.0 (Windows NT 10.0; Win64; x64) AppleWebKit/537.36 (KHTML, like Gecko) Chrome/90.0.4430.85 Safari/537.36 Edg/90.0.818.46"
193.32.162.159 - - [19/Apr/2023:07:31:17 +0000] "GET /dispatch.asp HTTP/1.1" 404 0 "-" "Mozilla/5.0 (Windows NT 10.0; Win64; x64) AppleWebKit/537.36 (KHTML, like Gecko) Chrome/90.0.4430.85 Safari/537.36 Edg/90.0.818.46"
52.10.204.102 - - [19/Apr/2023:07:38:19 +0000] "GET / HTTP/1.1" 200 415708 "-" "Mozilla/5.0 (X11; Linux x86_64) AppleWebKit/537.36 (KHTML, like Gecko) Chrome/83.0.4103.97 Safari/537.36"
34.218.58.23 - - [19/Apr/2023:07:38:23 +0000] "GET / HTTP/1.1" 200 1583 "-" "Mozilla/5.0 (X11; Linux x86_64) AppleWebKit/537.36 (KHTML, like Gecko) Chrome/83.0.4103.97 Safari/537.36"
34.219.53.6 - - [19/Apr/2023:07:38:27 +0000] "GET /favicon.ico HTTP/1.1" 200 15406 "-" "Mozilla/5.0 (X11; Linux x86_64) AppleWebKit/537.36 (KHTML, like Gecko) Chrome/83.0.4103.97 Safari/537.36"
34.217.37.226 - - [19/Apr/2023:07:38:42 +0000] "GET /favicon.ico HTTP/1.1" 404 0 "-" "Mozilla/5.0 (X11; Linux x86_64) AppleWebKit/537.36 (KHTML, like Gecko) Chrome/83.0.4103.97 Safari/537.36"
34.217.37.226 - - [19/Apr/2023:07:38:42 +0000] "GET / HTTP/1.1" 200 415716 "-" "Mozilla/5.0 (X11; Linux x86_64) AppleWebKit/537.36 (KHTML, like Gecko) Chrome/83.0.4103.97 Safari/537.36"
87.236.176.216 - - [19/Apr/2023:07:53:11 +0000] "GET / HTTP/1.1" 200 415812 "-" "Mozilla/5.0 (compatible; InternetMeasurement/1.0; +https://internet-measurement.com/)"
87.236.176.145 - - [19/Apr/2023:07:53:11 +0000] "GET /apple-touch-icon.png HTTP/1.1" 200 15195 "-" "Mozilla/5.0 (compatible; InternetMeasurement/1.0; +https://internet-measurement.com/)"
87.236.176.73 - - [19/Apr/2023:07:53:11 +0000] "GET /favicon.png HTTP/1.1" 200 17440 "-" "Mozilla/5.0 (compatible; InternetMeasurement/1.0; +https://internet-measurement.com/)"
35.90.94.105 - - [19/Apr/2023:08:11:56 +0000] "GET / HTTP/1.1" 200 415708 "-" "Mozilla/5.0 (Windows NT 10.0; Win64; x64)AppleWebKit/537.36 (KHTML, like Gecko) Chrome/66.0.3359.181 Safari/537.36"
143.110.222.166 - - [19/Apr/2023:08:24:14 +0000] "GET / HTTP/1.1" 200 415740 "-" "Mozilla/5.0 (iPhone; CPU iPhone OS 16_1 like Mac OS X) AppleWebKit/605.1.15 (KHTML, like Gecko) Version/16.1 Mobile/15E148 Safari/604.1"
192.241.227.28 - - [19/Apr/2023:08:38:49 +0000] "GET / HTTP/1.1" 200 415708 "-" "Mozilla/5.0 zgrab/0.x"
185.158.113.63 - - [19/Apr/2023:08:41:37 +0000] "GET /LNR_data/ HTTP/1.1" 400 255 "-" "Mozilla/5.0 (Windows NT 10.0; rv:102.0) Gecko/20100101 Firefox/102.0"
194.87.151.116 - - [19/Apr/2023:08:47:09 +0000] "POST /boaform/admin/formLogin HTTP/1.1" 404 0 "http://208.76.222.31:80/admin/login.asp" "Mozilla/5.0 (X11; Ubuntu; Linux x86_64; rv:71.0) Gecko/20100101 Firefox/71.0"
194.87.151.116 - - [19/Apr/2023:08:47:09 +0000] "" 400 0 "-" "-"
162.243.144.12 - - [19/Apr/2023:08:57:50 +0000] "MGLNDD_208.76.222.31_443" 400 157 "-" "-"
194.55.224.203 - - [19/Apr/2023:09:01:46 +0000] "POST /boaform/admin/formLogin HTTP/1.1" 404 0 "http://208.76.222.31:80/admin/login.asp" "Mozilla/5.0 (X11; Ubuntu; Linux x86_64; rv:71.0) Gecko/20100101 Firefox/71.0"
194.55.224.203 - - [19/Apr/2023:09:01:46 +0000] "" 400 0 "-" "-"
223.240.99.104 - - [19/Apr/2023:09:02:57 +0000] "GET / HTTP/1.1" 301 169 "-" "Mozilla/5.0 (iPhone; CPU iPhone OS 13_2_3 like Mac OS X) AppleWebKit/605.1.15 (KHTML, like Gecko) Version/13.0.3 Mobile/15E148 Safari/604.1"
194.110.13.3 - - [19/Apr/2023:09:07:52 +0000] "GET / HTTP/1.1" 200 1583 "-" "Mozilla/5.0 ArchLinux (X11; U; Linux x86_64; en-US) AppleWebKit/534.30 (KHTML, like Gecko) Chrome/12.0.742.100"
117.62.218.192 - - [19/Apr/2023:09:16:12 +0000] "GET / HTTP/1.1" 200 1583 "https://easyseo.s-nac.com" "Mozilla/5.0 (Windows NT 10.0; Win64; x64) AppleWebKit/537.36 (KHTML, like Gecko) Chrome/111.0.0.0 Safari/537.36"
143.110.222.166 - - [19/Apr/2023:09:26:10 +0000] "GET / HTTP/1.1" 200 415740 "-" "Mozilla/5.0 (iPhone; CPU iPhone OS 16_1 like Mac OS X) AppleWebKit/605.1.15 (KHTML, like Gecko) Version/16.1 Mobile/15E148 Safari/604.1"
179.43.177.243 - - [19/Apr/2023:09:45:41 +0000] "POST /boaform/admin/formLogin HTTP/1.1" 404 0 "http://208.76.222.31:80/admin/login.asp" "Mozilla/5.0 (X11; Ubuntu; Linux x86_64; rv:71.0) Gecko/20100101 Firefox/71.0"
179.43.177.243 - - [19/Apr/2023:09:45:41 +0000] "" 400 0 "-" "-"
167.94.138.52 - - [19/Apr/2023:09:51:05 +0000] "GET / HTTP/1.1" 200 130081 "-" "-"
167.94.138.52 - - [19/Apr/2023:09:51:06 +0000] "PRI * HTTP/2.0" 400 157 "-" "-"
167.94.138.52 - - [19/Apr/2023:09:51:07 +0000] "PRI * HTTP/2.0" 400 157 "-" "-"
74.82.47.4 - - [19/Apr/2023:09:53:52 +0000] "GET / HTTP/1.1" 200 1583 "-" "Mozilla/5.0 (Windows NT 10.0; Win64; x64; rv:102.0) Gecko/20100101 Firefox/102.0"
14.116.184.143 - - [19/Apr/2023:09:57:57 +0000] "GET / HTTP/1.1" 200 354483 "-" "Mozilla/5.0 (iPhone; CPU iPhone OS 13_2_3 like Mac OS X) AppleWebKit/605.1.15 (KHTML, like Gecko) Version/13.0.3 Mobile/15E148 Safari/604.1"
74.82.47.4 - - [19/Apr/2023:10:01:10 +0000] "GET /favicon.ico HTTP/1.1" 200 15406 "-" "Mozilla/5.0 (Windows NT 10.0; Win64; x64) AppleWebKit/537.36 (KHTML, like Gecko) Chrome/108.0.0.0 Safari/537.36 OPR/94.0.0.0 (Edition Yx GX)"
74.82.47.4 - - [19/Apr/2023:10:03:15 +0000] "GET / HTTP/1.1" 200 1583 "-" "Mozilla/5.0 (Windows NT 10.0; Win64; x64; rv:102.0) Gecko/20100101 Firefox/102.0"
193.32.162.159 - - [19/Apr/2023:10:09:04 +0000] "GET / HTTP/1.1" 200 415717 "-" "Mozilla/5.0 (Windows NT 10.0; Win64; x64) AppleWebKit/537.36 (KHTML, like Gecko) Chrome/90.0.4430.85 Safari/537.36 Edg/90.0.818.46"
193.32.162.159 - - [19/Apr/2023:10:09:14 +0000] "GET /dispatch.asp HTTP/1.1" 404 0 "-" "Mozilla/5.0 (Windows NT 10.0; Win64; x64) AppleWebKit/537.36 (KHTML, like Gecko) Chrome/90.0.4430.85 Safari/537.36 Edg/90.0.818.46"
143.110.222.166 - - [19/Apr/2023:10:22:49 +0000] "GET / HTTP/1.1" 200 415740 "-" "Mozilla/5.0 (iPhone; CPU iPhone OS 16_1 like Mac OS X) AppleWebKit/605.1.15 (KHTML, like Gecko) Version/16.1 Mobile/15E148 Safari/604.1"
45.79.181.223 - - [19/Apr/2023:10:39:01 +0000] "GET / HTTP/1.1" 200 1583 "-" "Mozilla/5.0 (Macintosh; Intel Mac OS X 13_1) AppleWebKit/537.36 (KHTML, like Gecko) Chrome/108.0.0.0 Safari/537.36"
193.32.162.159 - - [19/Apr/2023:11:14:38 +0000] "GET / HTTP/1.1" 200 415764 "-" "Mozilla/5.0 (Windows NT 10.0; Win64; x64) AppleWebKit/537.36 (KHTML, like Gecko) Chrome/90.0.4430.85 Safari/537.36 Edg/90.0.818.46"
193.32.162.159 - - [19/Apr/2023:11:14:48 +0000] "GET /dispatch.asp HTTP/1.1" 404 0 "-" "Mozilla/5.0 (Windows NT 10.0; Win64; x64) AppleWebKit/537.36 (KHTML, like Gecko) Chrome/90.0.4430.85 Safari/537.36 Edg/90.0.818.46"
143.110.222.166 - - [19/Apr/2023:11:25:44 +0000] "GET / HTTP/1.1" 200 415740 "-" "Mozilla/5.0 (iPhone; CPU iPhone OS 16_1 like Mac OS X) AppleWebKit/605.1.15 (KHTML, like Gecko) Version/16.1 Mobile/15E148 Safari/604.1"
35.214.138.10 - - [19/Apr/2023:11:33:55 +0000] "GET / HTTP/1.1" 301 169 "-" "Mozilla/5.0 (Windows NT 10.0; Win64; x64) AppleWebKit/537.36 (KHTML, like Gecko; compatible; BW/1.1; bit.ly/3eZNDnO; d4b745e7f6) Chrome/84.0.4147.105 Safari/537.36"
35.214.138.10 - - [19/Apr/2023:11:33:55 +0000] "GET / HTTP/1.1" 200 785 "-" "Mozilla/5.0 (Windows NT 10.0; Win64; x64) AppleWebKit/537.36 (KHTML, like Gecko; compatible; BW/1.1; bit.ly/3eZNDnO; d4b745e7f6) Chrome/84.0.4147.105 Safari/537.36"
35.214.138.10 - - [19/Apr/2023:11:33:59 +0000] "" 400 0 "-" "-"
43.156.71.151 - - [19/Apr/2023:11:34:26 +0000] "GET / HTTP/1.1" 200 2826140 "-" "Mozilla/5.0 (Windows NT 10.0; Win64; x64) AppleWebKit/537.36 (KHTML, like Gecko) Chrome/76.0.3809.132 Safari/537.36"
43.156.71.151 - - [19/Apr/2023:11:34:29 +0000] "GET /wp-includes/wlwmanifest.xml HTTP/1.1" 404 0 "-" "Mozilla/5.0 (Windows NT 10.0; Win64; x64) AppleWebKit/537.36 (KHTML, like Gecko) Chrome/76.0.3809.132 Safari/537.36"
43.156.71.151 - - [19/Apr/2023:11:34:31 +0000] "GET / HTTP/1.1" 200 2826140 "-" "Mozilla/5.0 (Windows NT 10.0; Win64; x64) AppleWebKit/537.36 (KHTML, like Gecko) Chrome/76.0.3809.132 Safari/537.36"
43.156.71.151 - - [19/Apr/2023:11:34:32 +0000] "GET /blog/wp-includes/wlwmanifest.xml HTTP/1.1" 404 0 "-" "Mozilla/5.0 (Windows NT 10.0; Win64; x64) AppleWebKit/537.36 (KHTML, like Gecko) Chrome/76.0.3809.132 Safari/537.36"
43.156.71.151 - - [19/Apr/2023:11:34:33 +0000] "GET /web/wp-includes/wlwmanifest.xml HTTP/1.1" 404 0 "-" "Mozilla/5.0 (Windows NT 10.0; Win64; x64) AppleWebKit/537.36 (KHTML, like Gecko) Chrome/76.0.3809.132 Safari/537.36"
43.156.71.151 - - [19/Apr/2023:11:34:34 +0000] "GET /wordpress/wp-includes/wlwmanifest.xml HTTP/1.1" 404 0 "-" "Mozilla/5.0 (Windows NT 10.0; Win64; x64) AppleWebKit/537.36 (KHTML, like Gecko) Chrome/76.0.3809.132 Safari/537.36"
43.156.71.151 - - [19/Apr/2023:11:34:35 +0000] "GET /website/wp-includes/wlwmanifest.xml HTTP/1.1" 404 0 "-" "Mozilla/5.0 (Windows NT 10.0; Win64; x64) AppleWebKit/537.36 (KHTML, like Gecko) Chrome/76.0.3809.132 Safari/537.36"
43.156.71.151 - - [19/Apr/2023:11:34:36 +0000] "GET /wp/wp-includes/wlwmanifest.xml HTTP/1.1" 404 0 "-" "Mozilla/5.0 (Windows NT 10.0; Win64; x64) AppleWebKit/537.36 (KHTML, like Gecko) Chrome/76.0.3809.132 Safari/537.36"
43.156.71.151 - - [19/Apr/2023:11:34:37 +0000] "GET /news/wp-includes/wlwmanifest.xml HTTP/1.1" 404 0 "-" "Mozilla/5.0 (Windows NT 10.0; Win64; x64) AppleWebKit/537.36 (KHTML, like Gecko) Chrome/76.0.3809.132 Safari/537.36"
43.156.71.151 - - [19/Apr/2023:11:34:38 +0000] "GET /2018/wp-includes/wlwmanifest.xml HTTP/1.1" 404 0 "-" "Mozilla/5.0 (Windows NT 10.0; Win64; x64) AppleWebKit/537.36 (KHTML, like Gecko) Chrome/76.0.3809.132 Safari/537.36"
43.156.71.151 - - [19/Apr/2023:11:34:39 +0000] "GET /2019/wp-includes/wlwmanifest.xml HTTP/1.1" 404 0 "-" "Mozilla/5.0 (Windows NT 10.0; Win64; x64) AppleWebKit/537.36 (KHTML, like Gecko) Chrome/76.0.3809.132 Safari/537.36"
43.156.71.151 - - [19/Apr/2023:11:34:40 +0000] "GET /shop/wp-includes/wlwmanifest.xml HTTP/1.1" 404 0 "-" "Mozilla/5.0 (Windows NT 10.0; Win64; x64) AppleWebKit/537.36 (KHTML, like Gecko) Chrome/76.0.3809.132 Safari/537.36"
43.156.71.151 - - [19/Apr/2023:11:34:41 +0000] "GET /wp1/wp-includes/wlwmanifest.xml HTTP/1.1" 404 0 "-" "Mozilla/5.0 (Windows NT 10.0; Win64; x64) AppleWebKit/537.36 (KHTML, like Gecko) Chrome/76.0.3809.132 Safari/537.36"
43.156.71.151 - - [19/Apr/2023:11:34:42 +0000] "GET /test/wp-includes/wlwmanifest.xml HTTP/1.1" 404 0 "-" "Mozilla/5.0 (Windows NT 10.0; Win64; x64) AppleWebKit/537.36 (KHTML, like Gecko) Chrome/76.0.3809.132 Safari/537.36"
43.156.71.151 - - [19/Apr/2023:11:34:43 +0000] "GET /media/wp-includes/wlwmanifest.xml HTTP/1.1" 404 0 "-" "Mozilla/5.0 (Windows NT 10.0; Win64; x64) AppleWebKit/537.36 (KHTML, like Gecko) Chrome/76.0.3809.132 Safari/537.36"
43.156.71.151 - - [19/Apr/2023:11:34:44 +0000] "GET /wp2/wp-includes/wlwmanifest.xml HTTP/1.1" 404 0 "-" "Mozilla/5.0 (Windows NT 10.0; Win64; x64) AppleWebKit/537.36 (KHTML, like Gecko) Chrome/76.0.3809.132 Safari/537.36"
43.156.71.151 - - [19/Apr/2023:11:34:45 +0000] "GET /site/wp-includes/wlwmanifest.xml HTTP/1.1" 404 0 "-" "Mozilla/5.0 (Windows NT 10.0; Win64; x64) AppleWebKit/537.36 (KHTML, like Gecko) Chrome/76.0.3809.132 Safari/537.36"
43.156.71.151 - - [19/Apr/2023:11:34:45 +0000] "GET /cms/wp-includes/wlwmanifest.xml HTTP/1.1" 404 0 "-" "Mozilla/5.0 (Windows NT 10.0; Win64; x64) AppleWebKit/537.36 (KHTML, like Gecko) Chrome/76.0.3809.132 Safari/537.36"
43.156.71.151 - - [19/Apr/2023:11:34:46 +0000] "GET /sito/wp-includes/wlwmanifest.xml HTTP/1.1" 404 0 "-" "Mozilla/5.0 (Windows NT 10.0; Win64; x64) AppleWebKit/537.36 (KHTML, like Gecko) Chrome/76.0.3809.132 Safari/537.36"
43.156.71.151 - - [19/Apr/2023:11:34:47 +0000] "" 400 0 "-" "-"
154.201.56.111 - - [19/Apr/2023:11:52:24 +0000] "GET /+CSCOE+/logon.html HTTP/1.1" 404 555 "-" "Mozilla/5.0 (Windows NT 10.0; Win64; x64) AppleWebKit/537.36 (KHTML, like Gecko) Chrome/72.0.3626.109 Safari/537.36"
143.110.222.166 - - [19/Apr/2023:12:23:57 +0000] "GET / HTTP/1.1" 200 415740 "-" "Mozilla/5.0 (iPhone; CPU iPhone OS 16_1 like Mac OS X) AppleWebKit/605.1.15 (KHTML, like Gecko) Version/16.1 Mobile/15E148 Safari/604.1"
2a01:cb09:800a:22e2:2456:b99d:b187:9b67 - - [19/Apr/2023:13:02:11 +0000] "GET //favicon.ico HTTP/1.1" 404 125 "-" "Client/29983 CFNetwork/1399 Darwin/22.1.0"
2a01:cb09:800a:22e2:2456:b99d:b187:9b67 - - [19/Apr/2023:13:02:11 +0000] "GET //favicon.ico HTTP/1.1" 404 125 "-" "Client/29983 CFNetwork/1399 Darwin/22.1.0"
92.184.105.10 - - [19/Apr/2023:13:02:11 +0000] "GET / HTTP/1.1" 200 415923 "-" "Mozilla/5.0 (iPhone; CPU iPhone OS 16_1 like Mac OS X) AppleWebKit/605.1.15 (KHTML, like Gecko) FxiOS/112.0  Mobile/15E148 Safari/605.1.15"
92.184.105.10 - - [19/Apr/2023:13:02:12 +0000] "GET /ajax-setup?1681909331880 HTTP/1.1" 200 75 "http://208.76.222.31/" "Mozilla/5.0 (iPhone; CPU iPhone OS 16_1 like Mac OS X) AppleWebKit/605.1.15 (KHTML, like Gecko) FxiOS/112.0  Mobile/15E148 Safari/605.1.15"
92.184.105.10 - - [19/Apr/2023:13:02:12 +0000] "GET /interface-data/init?1681909331886 HTTP/1.1" 401 0 "http://208.76.222.31/" "Mozilla/5.0 (iPhone; CPU iPhone OS 16_1 like Mac OS X) AppleWebKit/605.1.15 (KHTML, like Gecko) FxiOS/112.0  Mobile/15E148 Safari/605.1.15"
92.184.105.10 - - [19/Apr/2023:13:02:14 +0000] "GET /interface-data/init?1681909331886 HTTP/1.1" 401 0 "http://208.76.222.31/" "Mozilla/5.0 (iPhone; CPU iPhone OS 16_1 like Mac OS X) AppleWebKit/605.1.15 (KHTML, like Gecko) FxiOS/112.0  Mobile/15E148 Safari/605.1.15"
92.184.105.10 - - [19/Apr/2023:13:02:15 +0000] "GET /apple-touch-icon.png HTTP/1.1" 200 15195 "-" "Client/29983 CFNetwork/1399 Darwin/22.1.0"
143.110.222.166 - - [19/Apr/2023:13:26:10 +0000] "GET / HTTP/1.1" 200 415740 "-" "Mozilla/5.0 (iPhone; CPU iPhone OS 16_1 like Mac OS X) AppleWebKit/605.1.15 (KHTML, like Gecko) Version/16.1 Mobile/15E148 Safari/604.1"
71.6.165.200 - - [19/Apr/2023:13:27:47 +0000] "GET / HTTP/1.1" 200 2826140 "-" "Mozilla/5.0 (Windows NT 6.1) AppleWebKit/537.36 (KHTML, like Gecko) Chrome/41.0.2228.0 Safari/537.36"
71.6.165.200 - - [19/Apr/2023:13:27:47 +0000] "GET /sitemap.xml HTTP/1.1" 404 0 "-" "-"
71.6.165.200 - - [19/Apr/2023:13:27:47 +0000] "GET /.well-known/security.txt HTTP/1.1" 404 0 "-" "-"
71.6.165.200 - - [19/Apr/2023:13:27:48 +0000] "GET /favicon.png HTTP/1.1" 200 17440 "-" "Mozilla/5.0 (Macintosh; Intel Mac OS X 10.15; rv:80.0) Gecko/20100101 Firefox/80.0"
64.62.197.226 - - [19/Apr/2023:13:29:52 +0000] "GET / HTTP/1.1" 200 218718 "-" "Mozilla/5.0 (X11; Linux x86_64; rv:109.0) Gecko/20100101 Firefox/110.0"
