51.255.62.12 - - [12/Apr/2023:11:42:14 +0000] "GET /posts/ho-iniziato-a-imparare-litaliano/ho-iniziato-a-imparare-litaliano.html HTTP/1.1" 200 3935 "-" "Mozilla/5.0 (X11; Ubuntu; Linux x86_64; rv:58.0) Gecko/20100101 Firefox/58.0"
51.255.62.5 - - [12/Apr/2023:11:42:14 +0000] "GET /posts/are-you-the-lead-in-your-story/are-you-the-lead-in-your-story.html HTTP/1.1" 200 9797 "-" "Mozilla/5.0 (X11; Ubuntu; Linux x86_64; rv:58.0) Gecko/20100101 Firefox/58.0"
51.255.62.4 - - [12/Apr/2023:11:42:14 +0000] "GET /posts/pseudopost-3/pseudopost-3.html HTTP/1.1" 200 4887 "-" "Mozilla/5.0 (X11; Ubuntu; Linux x86_64; rv:58.0) Gecko/20100101 Firefox/58.0"
51.255.62.12 - - [12/Apr/2023:11:42:14 +0000] "GET /posts/pseudopost-2/pseudopost-2.html HTTP/1.1" 200 4512 "-" "Mozilla/5.0 (X11; Ubuntu; Linux x86_64; rv:58.0) Gecko/20100101 Firefox/58.0"
51.255.62.9 - - [12/Apr/2023:11:42:14 +0000] "GET /posts/pseudopost-1/pseudopost-1.html HTTP/1.1" 200 5442 "-" "Mozilla/5.0 (X11; Ubuntu; Linux x86_64; rv:58.0) Gecko/20100101 Firefox/58.0"
86.254.155.176 - - [12/Apr/2023:12:10:09 +0000] "GET / HTTP/1.1" 304 0 "-" "Mozilla/5.0 (X11; Linux x86_64; rv:109.0) Gecko/20100101 Firefox/110.0"
86.254.155.176 - - [12/Apr/2023:12:10:14 +0000] "GET /posts/pseudopost-8/images/luton.jpeg HTTP/1.1" 200 199250 "https://blog.pseudot.org/posts/pseudopost-8/pseudopost-8.html" "Mozilla/5.0 (X11; Linux x86_64; rv:109.0) Gecko/20100101 Firefox/110.0"
86.254.155.176 - - [12/Apr/2023:12:10:14 +0000] "GET /posts/pseudopost-8/images/bigben.jpeg HTTP/1.1" 200 364657 "https://blog.pseudot.org/posts/pseudopost-8/pseudopost-8.html" "Mozilla/5.0 (X11; Linux x86_64; rv:109.0) Gecko/20100101 Firefox/110.0"
86.254.155.176 - - [12/Apr/2023:12:10:14 +0000] "GET /posts/pseudopost-8/images/trafalgar.jpeg HTTP/1.1" 200 385558 "https://blog.pseudot.org/posts/pseudopost-8/pseudopost-8.html" "Mozilla/5.0 (X11; Linux x86_64; rv:109.0) Gecko/20100101 Firefox/110.0"
86.254.155.176 - - [12/Apr/2023:12:10:14 +0000] "GET /posts/pseudopost-8/images/min.jpeg HTTP/1.1" 200 570961 "https://blog.pseudot.org/posts/pseudopost-8/pseudopost-8.html" "Mozilla/5.0 (X11; Linux x86_64; rv:109.0) Gecko/20100101 Firefox/110.0"
86.254.155.176 - - [12/Apr/2023:12:10:14 +0000] "GET /posts/pseudopost-8/images/statue.jpeg HTTP/1.1" 200 516692 "https://blog.pseudot.org/posts/pseudopost-8/pseudopost-8.html" "Mozilla/5.0 (X11; Linux x86_64; rv:109.0) Gecko/20100101 Firefox/110.0"
86.254.155.176 - - [12/Apr/2023:12:10:14 +0000] "GET /posts/pseudopost-8/images/metro.jpeg HTTP/1.1" 200 450701 "https://blog.pseudot.org/posts/pseudopost-8/pseudopost-8.html" "Mozilla/5.0 (X11; Linux x86_64; rv:109.0) Gecko/20100101 Firefox/110.0"
86.254.155.176 - - [12/Apr/2023:12:10:14 +0000] "GET /posts/pseudopost-8/images/nice.jpeg HTTP/1.1" 200 721752 "https://blog.pseudot.org/posts/pseudopost-8/pseudopost-8.html" "Mozilla/5.0 (X11; Linux x86_64; rv:109.0) Gecko/20100101 Firefox/110.0"
86.254.155.176 - - [12/Apr/2023:12:10:14 +0000] "GET /posts/pseudopost-8/images/coloane.jpeg HTTP/1.1" 200 1191509 "https://blog.pseudot.org/posts/pseudopost-8/pseudopost-8.html" "Mozilla/5.0 (X11; Linux x86_64; rv:109.0) Gecko/20100101 Firefox/110.0"
86.254.155.176 - - [12/Apr/2023:12:10:14 +0000] "GET /posts/pseudopost-8/images/prop1.jpeg HTTP/1.1" 200 448019 "https://blog.pseudot.org/posts/pseudopost-8/pseudopost-8.html" "Mozilla/5.0 (X11; Linux x86_64; rv:109.0) Gecko/20100101 Firefox/110.0"
86.254.155.176 - - [12/Apr/2023:12:10:14 +0000] "GET /posts/pseudopost-8/images/afis.jpeg HTTP/1.1" 200 259460 "https://blog.pseudot.org/posts/pseudopost-8/pseudopost-8.html" "Mozilla/5.0 (X11; Linux x86_64; rv:109.0) Gecko/20100101 Firefox/110.0"
86.254.155.176 - - [12/Apr/2023:12:10:14 +0000] "GET /posts/pseudopost-8/images/1euro.jpeg HTTP/1.1" 200 331041 "https://blog.pseudot.org/posts/pseudopost-8/pseudopost-8.html" "Mozilla/5.0 (X11; Linux x86_64; rv:109.0) Gecko/20100101 Firefox/110.0"
86.254.155.176 - - [12/Apr/2023:12:10:14 +0000] "GET /posts/pseudopost-8/images/chinezesc.jpeg HTTP/1.1" 200 518135 "https://blog.pseudot.org/posts/pseudopost-8/pseudopost-8.html" "Mozilla/5.0 (X11; Linux x86_64; rv:109.0) Gecko/20100101 Firefox/110.0"
143.110.222.166 - - [12/Apr/2023:12:27:41 +0000] "GET / HTTP/1.1" 200 415740 "-" "Mozilla/5.0 (iPhone; CPU iPhone OS 16_1 like Mac OS X) AppleWebKit/605.1.15 (KHTML, like Gecko) Version/16.1 Mobile/15E148 Safari/604.1"
159.89.188.41 - - [12/Apr/2023:12:34:23 +0000] "GET / HTTP/1.0" 200 65166 "-" "Mozilla/5.0 (X11; Linux x86_64; rv:73.0) Gecko/20100101 Firefox/73.0"
188.165.87.98 - - [12/Apr/2023:12:51:50 +0000] "GET / HTTP/1.1" 200 2023 "-" "Mozilla/5.0 (X11; Ubuntu; Linux x86_64; rv:58.0) Gecko/20100101 Firefox/58.0"
188.165.87.97 - - [12/Apr/2023:12:51:50 +0000] "GET / HTTP/1.1" 200 2723 "-" "Mozilla/5.0 (X11; Ubuntu; Linux x86_64; rv:58.0) Gecko/20100101 Firefox/58.0"
188.165.87.110 - - [12/Apr/2023:12:51:50 +0000] "GET / HTTP/1.1" 200 2035 "-" "Mozilla/5.0 (X11; Ubuntu; Linux x86_64; rv:58.0) Gecko/20100101 Firefox/58.0"
188.165.87.110 - - [12/Apr/2023:12:51:51 +0000] "GET / HTTP/1.1" 200 3135 "-" "Mozilla/5.0 (X11; Ubuntu; Linux x86_64; rv:58.0) Gecko/20100101 Firefox/58.0"
188.165.87.111 - - [12/Apr/2023:12:51:51 +0000] "GET / HTTP/1.1" 200 4567 "-" "Mozilla/5.0 (X11; Ubuntu; Linux x86_64; rv:58.0) Gecko/20100101 Firefox/58.0"
188.165.87.105 - - [12/Apr/2023:12:51:51 +0000] "GET / HTTP/1.1" 200 1827 "-" "Mozilla/5.0 (X11; Ubuntu; Linux x86_64; rv:58.0) Gecko/20100101 Firefox/58.0"
188.165.87.96 - - [12/Apr/2023:12:51:51 +0000] "GET / HTTP/1.1" 200 5190 "-" "Mozilla/5.0 (X11; Ubuntu; Linux x86_64; rv:58.0) Gecko/20100101 Firefox/58.0"
188.165.87.97 - - [12/Apr/2023:12:51:52 +0000] "GET / HTTP/1.1" 200 2310 "-" "Mozilla/5.0 (X11; Ubuntu; Linux x86_64; rv:58.0) Gecko/20100101 Firefox/58.0"
188.165.87.100 - - [12/Apr/2023:12:51:52 +0000] "GET / HTTP/1.1" 200 5937 "-" "Mozilla/5.0 (X11; Ubuntu; Linux x86_64; rv:58.0) Gecko/20100101 Firefox/58.0"
143.110.222.166 - - [12/Apr/2023:13:25:18 +0000] "GET / HTTP/1.1" 200 415740 "-" "Mozilla/5.0 (iPhone; CPU iPhone OS 16_1 like Mac OS X) AppleWebKit/605.1.15 (KHTML, like Gecko) Version/16.1 Mobile/15E148 Safari/604.1"
159.89.188.41 - - [12/Apr/2023:13:37:32 +0000] "GET / HTTP/1.1" 200 415740 "-" "Mozilla/5.0 (X11; Linux x86_64; rv:73.0) Gecko/20100101 Firefox/73.0"
193.32.162.159 - - [12/Apr/2023:13:42:35 +0000] "GET / HTTP/1.1" 200 415748 "-" "Mozilla/5.0 (Windows NT 10.0; Win64; x64) AppleWebKit/537.36 (KHTML, like Gecko) Chrome/90.0.4430.85 Safari/537.36 Edg/90.0.818.46"
118.193.37.41 - - [12/Apr/2023:13:51:20 +0000] "GET / HTTP/1.1" 200 2035 "-" "Mozilla/5.0 (Windows NT 6.1) AppleWebKit/537.36 (KHTML, like Gecko) Chrome/49.0.2623.112 Safari/537.36"
118.193.37.41 - - [12/Apr/2023:13:51:24 +0000] "GET /scripts/zooming.min.js HTTP/1.1" 200 10728 "-" "Mozilla/5.0 (Windows NT 6.1) AppleWebKit/537.36 (KHTML, like Gecko) Chrome/49.0.2623.112 Safari/537.36"
86.254.155.176 - - [12/Apr/2023:14:05:06 +0000] "GET / HTTP/1.1" 200 1583 "-" "Mozilla/5.0 (X11; Linux x86_64; rv:109.0) Gecko/20100101 Firefox/110.0"
86.254.155.176 - - [12/Apr/2023:14:05:08 +0000] "GET /posts/pseudopost-8/pseudopost-8.html HTTP/1.1" 200 2850 "https://blog.pseudot.org/" "Mozilla/5.0 (X11; Linux x86_64; rv:109.0) Gecko/20100101 Firefox/110.0"
86.254.155.176 - - [12/Apr/2023:14:05:09 +0000] "GET /posts/pseudopost-8/images/luton.jpeg HTTP/1.1" 200 199250 "https://blog.pseudot.org/posts/pseudopost-8/pseudopost-8.html" "Mozilla/5.0 (X11; Linux x86_64; rv:109.0) Gecko/20100101 Firefox/110.0"
86.254.155.176 - - [12/Apr/2023:14:05:09 +0000] "GET /posts/pseudopost-8/images/statue.jpeg HTTP/1.1" 200 516692 "https://blog.pseudot.org/posts/pseudopost-8/pseudopost-8.html" "Mozilla/5.0 (X11; Linux x86_64; rv:109.0) Gecko/20100101 Firefox/110.0"
86.254.155.176 - - [12/Apr/2023:14:05:09 +0000] "GET /posts/pseudopost-8/images/trafalgar.jpeg HTTP/1.1" 200 385558 "https://blog.pseudot.org/posts/pseudopost-8/pseudopost-8.html" "Mozilla/5.0 (X11; Linux x86_64; rv:109.0) Gecko/20100101 Firefox/110.0"
86.254.155.176 - - [12/Apr/2023:14:05:09 +0000] "GET /posts/pseudopost-8/images/metro.jpeg HTTP/1.1" 200 450701 "https://blog.pseudot.org/posts/pseudopost-8/pseudopost-8.html" "Mozilla/5.0 (X11; Linux x86_64; rv:109.0) Gecko/20100101 Firefox/110.0"
86.254.155.176 - - [12/Apr/2023:14:05:09 +0000] "GET /posts/pseudopost-8/images/min.jpeg HTTP/1.1" 200 570961 "https://blog.pseudot.org/posts/pseudopost-8/pseudopost-8.html" "Mozilla/5.0 (X11; Linux x86_64; rv:109.0) Gecko/20100101 Firefox/110.0"
86.254.155.176 - - [12/Apr/2023:14:05:09 +0000] "GET /posts/pseudopost-8/images/bigben.jpeg HTTP/1.1" 200 364657 "https://blog.pseudot.org/posts/pseudopost-8/pseudopost-8.html" "Mozilla/5.0 (X11; Linux x86_64; rv:109.0) Gecko/20100101 Firefox/110.0"
86.254.155.176 - - [12/Apr/2023:14:05:09 +0000] "GET /posts/pseudopost-8/images/coloane.jpeg HTTP/1.1" 200 1191509 "https://blog.pseudot.org/posts/pseudopost-8/pseudopost-8.html" "Mozilla/5.0 (X11; Linux x86_64; rv:109.0) Gecko/20100101 Firefox/110.0"
86.254.155.176 - - [12/Apr/2023:14:05:09 +0000] "GET /posts/pseudopost-8/images/nice.jpeg HTTP/1.1" 200 721752 "https://blog.pseudot.org/posts/pseudopost-8/pseudopost-8.html" "Mozilla/5.0 (X11; Linux x86_64; rv:109.0) Gecko/20100101 Firefox/110.0"
86.254.155.176 - - [12/Apr/2023:14:05:09 +0000] "GET /posts/pseudopost-8/images/prop1.jpeg HTTP/1.1" 200 448019 "https://blog.pseudot.org/posts/pseudopost-8/pseudopost-8.html" "Mozilla/5.0 (X11; Linux x86_64; rv:109.0) Gecko/20100101 Firefox/110.0"
86.254.155.176 - - [12/Apr/2023:14:05:09 +0000] "GET /posts/pseudopost-8/images/afis.jpeg HTTP/1.1" 200 259460 "https://blog.pseudot.org/posts/pseudopost-8/pseudopost-8.html" "Mozilla/5.0 (X11; Linux x86_64; rv:109.0) Gecko/20100101 Firefox/110.0"
86.254.155.176 - - [12/Apr/2023:14:05:09 +0000] "GET /posts/pseudopost-8/images/chinezesc.jpeg HTTP/1.1" 200 518135 "https://blog.pseudot.org/posts/pseudopost-8/pseudopost-8.html" "Mozilla/5.0 (X11; Linux x86_64; rv:109.0) Gecko/20100101 Firefox/110.0"
86.254.155.176 - - [12/Apr/2023:14:05:09 +0000] "GET /posts/pseudopost-8/images/1euro.jpeg HTTP/1.1" 200 331041 "https://blog.pseudot.org/posts/pseudopost-8/pseudopost-8.html" "Mozilla/5.0 (X11; Linux x86_64; rv:109.0) Gecko/20100101 Firefox/110.0"
176.123.9.77 - - [12/Apr/2023:14:12:25 +0000] "GET / HTTP/1.0" 200 137006 "-" "Mozilla/5.0 (Windows NT 6.3; Win64; x64) AppleWebKit/537.36 (KHTML, like Gecko) Chrome/75.0.3770.100 Safari/537.36"
193.35.18.243 - - [12/Apr/2023:14:17:11 +0000] "GET / HTTP/1.1" 200 115563 "-" "Mozilla/5.0 (X11; Ubuntu; Linux x86_64; rv:76.0) Gecko/20100101 Firefox/76.0"
86.254.155.176 - - [12/Apr/2023:14:19:13 +0000] "GET /pacani HTTP/1.1" 301 169 "-" "Mozilla/5.0 (X11; Linux x86_64; rv:109.0) Gecko/20100101 Firefox/110.0"
86.254.155.176 - - [12/Apr/2023:14:19:14 +0000] "GET /favicon.ico HTTP/1.1" 200 15406 "https://blog.pseudot.org/pacani" "Mozilla/5.0 (X11; Linux x86_64; rv:109.0) Gecko/20100101 Firefox/110.0"
143.110.222.166 - - [12/Apr/2023:14:27:48 +0000] "GET / HTTP/1.1" 200 415740 "-" "Mozilla/5.0 (iPhone; CPU iPhone OS 16_1 like Mac OS X) AppleWebKit/605.1.15 (KHTML, like Gecko) Version/16.1 Mobile/15E148 Safari/604.1"
94.102.61.10 - - [12/Apr/2023:14:38:40 +0000] "GET / HTTP/1.1" 200 415971 "-" "Mozilla/5.0 (Windows NT 10.0; Win64; x64) AppleWebKit/537.36 (KHTML, like Gecko) Chrome/88.0.4324.190 Safari/537.36"
51.254.199.11 - - [12/Apr/2023:14:56:44 +0000] "GET / HTTP/1.1" 301 169 "-" "Mozilla/5.0 (Windows NT 10.0; Win64; x64) AppleWebKit/537.36 (KHTML, like Gecko) Chrome/74.0.3729.169 Safari/537.36"
51.254.199.11 - - [12/Apr/2023:14:58:59 +0000] "GET / HTTP/1.1" 200 1970 "-" "Mozilla/5.0 (Windows NT 10.0; Win64; x64) AppleWebKit/537.36 (KHTML, like Gecko) Chrome/74.0.3729.169 Safari/537.36"
143.110.222.166 - - [12/Apr/2023:15:26:08 +0000] "GET / HTTP/1.1" 200 415740 "-" "Mozilla/5.0 (iPhone; CPU iPhone OS 16_1 like Mac OS X) AppleWebKit/605.1.15 (KHTML, like Gecko) Version/16.1 Mobile/15E148 Safari/604.1"
193.32.162.159 - - [12/Apr/2023:15:47:52 +0000] "GET / HTTP/1.1" 200 415892 "-" "Mozilla/5.0 (Windows NT 10.0; Win64; x64) AppleWebKit/537.36 (KHTML, like Gecko) Chrome/90.0.4430.85 Safari/537.36 Edg/90.0.818.46"
103.14.35.145 - - [12/Apr/2023:16:02:34 +0000] "GET / HTTP/1.1" 200 1827 "-" "Mozilla/5.0 (Windows NT 6.1) AppleWebKit/537.36 (KHTML, like Gecko) Chrome/49.0.2623.112 Safari/537.36"
77.237.191.159 - - [12/Apr/2023:16:10:02 +0000] "GET / HTTP/1.1" 200 2409987 "-" "Mozilla/5.0 (Windows NT 10.0; WOW64) AppleWebKit/537.36 (KHTML, like Gecko) Chrome/51.0.2704.103 Safari/537.36"
143.110.222.166 - - [12/Apr/2023:16:27:37 +0000] "GET / HTTP/1.1" 200 415740 "-" "Mozilla/5.0 (iPhone; CPU iPhone OS 16_1 like Mac OS X) AppleWebKit/605.1.15 (KHTML, like Gecko) Version/16.1 Mobile/15E148 Safari/604.1"
143.110.222.166 - - [12/Apr/2023:17:28:14 +0000] "GET / HTTP/1.1" 200 415740 "-" "Mozilla/5.0 (iPhone; CPU iPhone OS 16_1 like Mac OS X) AppleWebKit/605.1.15 (KHTML, like Gecko) Version/16.1 Mobile/15E148 Safari/604.1"
45.79.18.111 - - [12/Apr/2023:17:59:00 +0000] "GET / HTTP/1.1" 200 1583 "-" "Mozilla/5.0 (X11; Linux x86_64) Chrome/98.0.4758.132 Safari/537.36"
185.180.143.6 - - [12/Apr/2023:18:06:19 +0000] "GET / HTTP/1.1" 200 415708 "-" "Mozilla/5.0 (Windows NT 10.0; Win64; x64) AppleWebKit/537.36 (KHTML, like Gecko) Chrome/60.0.3112.113 Safari/537.36"
193.32.162.159 - - [12/Apr/2023:18:16:54 +0000] "GET / HTTP/1.1" 200 415756 "-" "Mozilla/5.0 (Windows NT 10.0; Win64; x64) AppleWebKit/537.36 (KHTML, like Gecko) Chrome/90.0.4430.85 Safari/537.36 Edg/90.0.818.46"
143.110.222.166 - - [12/Apr/2023:18:26:59 +0000] "GET / HTTP/1.1" 200 415740 "-" "Mozilla/5.0 (iPhone; CPU iPhone OS 16_1 like Mac OS X) AppleWebKit/605.1.15 (KHTML, like Gecko) Version/16.1 Mobile/15E148 Safari/604.1"
14.116.157.23 - - [12/Apr/2023:18:33:18 +0000] "GET / HTTP/1.1" 200 363171 "-" "Mozilla/5.0 (iPhone; CPU iPhone OS 13_2_3 like Mac OS X) AppleWebKit/605.1.15 (KHTML, like Gecko) Version/13.0.3 Mobile/15E148 Safari/604.1"
193.235.141.142 - - [12/Apr/2023:18:59:49 +0000] "GET / HTTP/1.1" 200 1970 "-" "Mozilla/5.0 (Windows NT 10.0; Win64; x64) AppleWebKit/537.36 (KHTML, like Gecko) Chrome/105.0.0.0 Safari/537.36"
193.32.162.159 - - [12/Apr/2023:19:10:03 +0000] "GET / HTTP/1.1" 200 415756 "-" "Mozilla/5.0 (Windows NT 10.0; Win64; x64) AppleWebKit/537.36 (KHTML, like Gecko) Chrome/90.0.4430.85 Safari/537.36 Edg/90.0.818.46"
143.110.222.166 - - [12/Apr/2023:19:26:38 +0000] "GET / HTTP/1.1" 200 415740 "-" "Mozilla/5.0 (iPhone; CPU iPhone OS 16_1 like Mac OS X) AppleWebKit/605.1.15 (KHTML, like Gecko) Version/16.1 Mobile/15E148 Safari/604.1"
118.193.32.180 - - [12/Apr/2023:19:37:34 +0000] "GET / HTTP/1.1" 200 2310 "-" "Mozilla/5.0 (Windows NT 6.1) AppleWebKit/537.36 (KHTML, like Gecko) Chrome/49.0.2623.112 Safari/537.36"
118.193.32.180 - - [12/Apr/2023:20:15:58 +0000] "GET / HTTP/1.1" 200 1827 "-" "Mozilla/5.0 (Windows NT 6.1) AppleWebKit/537.36 (KHTML, like Gecko) Chrome/49.0.2623.112 Safari/537.36"
66.240.236.116 - - [12/Apr/2023:20:18:36 +0000] "GET / HTTP/1.1" 200 415740 "-" "Mozilla/5.0 zgrab/0.x"
143.110.222.166 - - [12/Apr/2023:20:27:56 +0000] "GET / HTTP/1.1" 200 415740 "-" "Mozilla/5.0 (iPhone; CPU iPhone OS 16_1 like Mac OS X) AppleWebKit/605.1.15 (KHTML, like Gecko) Version/16.1 Mobile/15E148 Safari/604.1"
143.110.222.166 - - [12/Apr/2023:21:24:48 +0000] "GET / HTTP/1.1" 200 415740 "-" "Mozilla/5.0 (iPhone; CPU iPhone OS 16_1 like Mac OS X) AppleWebKit/605.1.15 (KHTML, like Gecko) Version/16.1 Mobile/15E148 Safari/604.1"
101.36.107.222 - - [12/Apr/2023:21:32:37 +0000] "GET / HTTP/1.1" 200 4567 "-" "Mozilla/5.0 (Windows NT 6.1) AppleWebKit/537.36 (KHTML, like Gecko) Chrome/49.0.2623.112 Safari/537.36"
192.241.230.9 - - [12/Apr/2023:21:58:39 +0000] "GET / HTTP/1.1" 200 1583 "-" "Mozilla/5.0 zgrab/0.x"
193.32.162.159 - - [12/Apr/2023:22:20:18 +0000] "GET / HTTP/1.1" 200 415860 "-" "Mozilla/5.0 (Windows NT 10.0; Win64; x64) AppleWebKit/537.36 (KHTML, like Gecko) Chrome/90.0.4430.85 Safari/537.36 Edg/90.0.818.46"
143.110.222.166 - - [12/Apr/2023:22:25:12 +0000] "GET / HTTP/1.1" 200 415740 "-" "Mozilla/5.0 (iPhone; CPU iPhone OS 16_1 like Mac OS X) AppleWebKit/605.1.15 (KHTML, like Gecko) Version/16.1 Mobile/15E148 Safari/604.1"
60.217.75.70 - - [12/Apr/2023:22:29:44 +0000] "GET / HTTP/1.1" 200 131486 "-" "Mozilla/5.0"
128.14.141.42 - - [12/Apr/2023:22:37:56 +0000] "GET / HTTP/1.1" 200 415708 "-" "Mozilla/5.0 (Windows NT 10.0; WOW64) AppleWebKit/537.36 (KHTML, like Gecko) Chrome/66.0.3359.117 Safari/537.36"
60.217.75.70 - - [12/Apr/2023:22:47:25 +0000] "GET / HTTP/1.1" 200 211126 "-" "Mozilla/5.0"
143.110.222.166 - - [12/Apr/2023:23:29:50 +0000] "GET / HTTP/1.1" 200 415740 "-" "Mozilla/5.0 (iPhone; CPU iPhone OS 16_1 like Mac OS X) AppleWebKit/605.1.15 (KHTML, like Gecko) Version/16.1 Mobile/15E148 Safari/604.1"
36.40.72.66 - - [12/Apr/2023:23:33:16 +0000] "GET / HTTP/1.1" 200 192307 "-" "Mozilla/5.0 (iPhone; CPU iPhone OS 13_2_3 like Mac OS X) AppleWebKit/605.1.15 (KHTML, like Gecko) Version/13.0.3 Mobile/15E148 Safari/604.1"
103.14.35.145 - - [12/Apr/2023:23:38:00 +0000] "GET / HTTP/1.1" 301 169 "-" "Mozilla/5.0 (Windows NT 6.1) AppleWebKit/537.36 (KHTML, like Gecko) Chrome/49.0.2623.112 Safari/537.36"
103.14.35.145 - - [12/Apr/2023:23:38:00 +0000] "GET / HTTP/1.1" 200 5190 "-" "Mozilla/5.0 (Windows NT 6.1) AppleWebKit/537.36 (KHTML, like Gecko) Chrome/49.0.2623.112 Safari/537.36"
103.14.35.145 - - [12/Apr/2023:23:38:01 +0000] "GET / HTTP/1.1" 301 169 "-" "Mozilla/5.0 (Windows NT 6.1) AppleWebKit/537.36 (KHTML, like Gecko) Chrome/49.0.2623.112 Safari/537.36"
143.110.222.166 - - [11/Apr/2023:00:26:25 +0000] "GET / HTTP/1.1" 200 415740 "-" "Mozilla/5.0 (iPhone; CPU iPhone OS 16_1 like Mac OS X) AppleWebKit/605.1.15 (KHTML, like Gecko) Version/16.1 Mobile/15E148 Safari/604.1"
193.32.162.159 - - [11/Apr/2023:01:02:43 +0000] "GET / HTTP/1.1" 200 415764 "-" "Mozilla/5.0 (Windows NT 10.0; Win64; x64) AppleWebKit/537.36 (KHTML, like Gecko) Chrome/90.0.4430.85 Safari/537.36 Edg/90.0.818.46"
143.110.222.166 - - [11/Apr/2023:01:28:27 +0000] "GET / HTTP/1.1" 200 415740 "-" "Mozilla/5.0 (iPhone; CPU iPhone OS 16_1 like Mac OS X) AppleWebKit/605.1.15 (KHTML, like Gecko) Version/16.1 Mobile/15E148 Safari/604.1"
143.110.222.166 - - [11/Apr/2023:02:26:25 +0000] "GET / HTTP/1.1" 200 415740 "-" "Mozilla/5.0 (iPhone; CPU iPhone OS 16_1 like Mac OS X) AppleWebKit/605.1.15 (KHTML, like Gecko) Version/16.1 Mobile/15E148 Safari/604.1"
128.14.209.162 - - [11/Apr/2023:02:56:21 +0000] "GET / HTTP/1.1" 200 415708 "-" "Mozilla/5.0 (Windows NT 10.0; Win64; x64) AppleWebKit/537.36 (KHTML, like Gecko) Chrome/60.0.3112.113 Safari/537.36"
45.81.243.79 - - [11/Apr/2023:02:58:42 +0000] "GET / HTTP/1.1" 200 2826140 "-" "Mozilla/5.0 (Windows NT 10.0; Win64; x64) AppleWebKit/537.36 (KHTML, like Gecko) Chrome/89.0.4389.114 Safari/537.36"
45.81.243.79 - - [11/Apr/2023:02:58:43 +0000] "GET / HTTP/1.1" 200 2826140 "-" "Mozilla/5.0 (Windows NT 10.0; Win64; x64) AppleWebKit/537.36 (KHTML, like Gecko) Chrome/89.0.4389.114 Safari/537.36"
45.81.243.79 - - [11/Apr/2023:02:58:44 +0000] "GET / HTTP/1.1" 200 2826140 "-" "Mozilla/5.0 (Windows NT 10.0; Win64; x64) AppleWebKit/537.36 (KHTML, like Gecko) Chrome/89.0.4389.114 Safari/537.36"
193.32.162.159 - - [11/Apr/2023:03:03:58 +0000] "GET / HTTP/1.1" 200 415764 "-" "Mozilla/5.0 (Windows NT 10.0; Win64; x64) AppleWebKit/537.36 (KHTML, like Gecko) Chrome/90.0.4430.85 Safari/537.36 Edg/90.0.818.46"
103.149.192.29 - - [11/Apr/2023:03:08:24 +0000] "GET / HTTP/1.1" 200 1583 "-" "Mozilla/5.0 (Windows NT 10.0; Win64; x64) AppleWebKit/537.36 (KHTML, like Gecko) Chrome/79.0.3945.130 Safari/537.36"
143.110.222.166 - - [11/Apr/2023:03:27:44 +0000] "GET / HTTP/1.1" 200 415740 "-" "Mozilla/5.0 (iPhone; CPU iPhone OS 16_1 like Mac OS X) AppleWebKit/605.1.15 (KHTML, like Gecko) Version/16.1 Mobile/15E148 Safari/604.1"
118.193.38.58 - - [11/Apr/2023:03:50:14 +0000] "GET / HTTP/1.1" 301 169 "-" "Mozilla/5.0 (Windows NT 6.1) AppleWebKit/537.36 (KHTML, like Gecko) Chrome/49.0.2623.112 Safari/537.36"
142.93.165.106 - - [11/Apr/2023:04:18:37 +0000] "GET / HTTP/1.1" 200 1583 "-" "Mozilla/5.0 (Windows NT 6.3) AppleWebKit/537.36 (KHTML, like Gecko) Chrome/67.0.3396.62 Safari/537.36 OPR/53.0.2907.68"
142.93.165.106 - - [11/Apr/2023:04:18:41 +0000] "GET / HTTP/1.1" 200 415844 "-" "Mozilla/5.0 (Windows NT 10.0; Win64; x64) AppleWebKit/537.36 (KHTML, like Gecko) Chrome/64.0.3282.186 Safari/537.36 OPR/51.0.2830.40"
143.110.222.166 - - [11/Apr/2023:04:24:54 +0000] "GET / HTTP/1.1" 200 415740 "-" "Mozilla/5.0 (iPhone; CPU iPhone OS 16_1 like Mac OS X) AppleWebKit/605.1.15 (KHTML, like Gecko) Version/16.1 Mobile/15E148 Safari/604.1"
64.62.197.12 - - [11/Apr/2023:04:41:37 +0000] "GET / HTTP/1.1" 200 239158 "-" "Mozilla/5.0 (X11; Linux x86_64; rv:102.0) Gecko/20100101 Firefox/102.0"
143.110.222.166 - - [11/Apr/2023:05:24:54 +0000] "GET / HTTP/1.1" 200 415740 "-" "Mozilla/5.0 (iPhone; CPU iPhone OS 16_1 like Mac OS X) AppleWebKit/605.1.15 (KHTML, like Gecko) Version/16.1 Mobile/15E148 Safari/604.1"
193.32.162.159 - - [11/Apr/2023:06:05:32 +0000] "GET / HTTP/1.1" 200 415717 "-" "Mozilla/5.0 (Windows NT 10.0; Win64; x64) AppleWebKit/537.36 (KHTML, like Gecko) Chrome/90.0.4430.85 Safari/537.36 Edg/90.0.818.46"
184.105.139.68 - - [11/Apr/2023:06:26:55 +0000] "GET / HTTP/1.1" 200 1583 "-" "Mozilla/5.0 (Windows NT 10.0; Win64; x64) AppleWebKit/537.36 (KHTML, like Gecko) Chrome/109.0.0.0 Safari/537.36 Edg/109.0.1518.78"
143.110.222.166 - - [11/Apr/2023:06:28:02 +0000] "GET / HTTP/1.1" 200 415740 "-" "Mozilla/5.0 (iPhone; CPU iPhone OS 16_1 like Mac OS X) AppleWebKit/605.1.15 (KHTML, like Gecko) Version/16.1 Mobile/15E148 Safari/604.1"
45.43.33.218 - - [11/Apr/2023:06:30:19 +0000] "GET / HTTP/1.1" 200 5190 "-" "Mozilla/5.0 (X11; Ubuntu; Linux x86_64; rv:58.0) Gecko/20100101 Firefox/58.0"
184.105.139.68 - - [11/Apr/2023:06:32:33 +0000] "GET /favicon.ico HTTP/1.1" 200 15406 "-" "Mozilla/5.0 (Windows NT 10.0; Win64; x64) AppleWebKit/537.36 (KHTML, like Gecko) Chrome/103.0.0.0 Safari/537.36"
184.105.139.68 - - [11/Apr/2023:06:33:55 +0000] "GET / HTTP/1.1" 200 1583 "-" "Mozilla/5.0 (Windows NT 10.0; Win64; x64) AppleWebKit/537.36 (KHTML, like Gecko) Chrome/109.0.0.0 Safari/537.36 Edg/109.0.1518.78"
54.202.39.222 - - [11/Apr/2023:07:04:53 +0000] "GET / HTTP/1.1" 200 1970 "-" "Mozilla/5.0 (X11; Linux x86_64) AppleWebKit/537.36 (KHTML, like Gecko) Chrome/83.0.4103.97 Safari/537.36"
35.90.119.136 - - [11/Apr/2023:07:20:24 +0000] "GET / HTTP/1.1" 301 169 "-" "Mozilla/5.0 (X11; Linux x86_64) AppleWebKit/537.36 (KHTML, like Gecko) Chrome/83.0.4103.97 Safari/537.36"
35.90.119.136 - - [11/Apr/2023:07:20:29 +0000] "GET / HTTP/1.1" 200 1970 "-" "Mozilla/5.0 (X11; Linux x86_64) AppleWebKit/537.36 (KHTML, like Gecko) Chrome/83.0.4103.97 Safari/537.36"
35.85.223.99 - - [11/Apr/2023:07:20:41 +0000] "GET /favicon.ico HTTP/1.1" 301 169 "-" "Mozilla/5.0 (X11; Linux x86_64) AppleWebKit/537.36 (KHTML, like Gecko) Chrome/83.0.4103.97 Safari/537.36"
35.85.223.99 - - [11/Apr/2023:07:20:43 +0000] "GET / HTTP/1.1" 301 169 "-" "Mozilla/5.0 (X11; Linux x86_64) AppleWebKit/537.36 (KHTML, like Gecko) Chrome/83.0.4103.97 Safari/537.36"
35.85.223.99 - - [11/Apr/2023:07:20:44 +0000] "GET / HTTP/1.1" 200 1970 "http://pseudot.org" "Mozilla/5.0 (X11; Linux x86_64) AppleWebKit/537.36 (KHTML, like Gecko) Chrome/83.0.4103.97 Safari/537.36"
35.86.177.189 - - [11/Apr/2023:07:20:45 +0000] "GET / HTTP/1.1" 301 169 "-" "Mozilla/5.0 (X11; Linux x86_64) AppleWebKit/537.36 (KHTML, like Gecko) Chrome/83.0.4103.97 Safari/537.36"
35.86.177.189 - - [11/Apr/2023:07:20:50 +0000] "GET / HTTP/1.1" 200 1970 "-" "Mozilla/5.0 (X11; Linux x86_64) AppleWebKit/537.36 (KHTML, like Gecko) Chrome/83.0.4103.97 Safari/537.36"
18.236.238.30 - - [11/Apr/2023:07:21:28 +0000] "GET /favicon.ico HTTP/1.1" 301 169 "-" "Mozilla/5.0 (X11; Linux x86_64) AppleWebKit/537.36 (KHTML, like Gecko) Chrome/83.0.4103.97 Safari/537.36"
18.236.238.30 - - [11/Apr/2023:07:21:32 +0000] "GET / HTTP/1.1" 301 169 "-" "Mozilla/5.0 (X11; Linux x86_64) AppleWebKit/537.36 (KHTML, like Gecko) Chrome/83.0.4103.97 Safari/537.36"
143.110.222.166 - - [11/Apr/2023:07:27:37 +0000] "GET / HTTP/1.1" 200 415740 "-" "Mozilla/5.0 (iPhone; CPU iPhone OS 16_1 like Mac OS X) AppleWebKit/605.1.15 (KHTML, like Gecko) Version/16.1 Mobile/15E148 Safari/604.1"
42.83.147.54 - - [11/Apr/2023:07:28:36 +0000] "GET / HTTP/1.1" 200 415708 "-" "Mozilla/5.0 (Windows NT 6.1; Win64; x64) AppleWebKit/537.36 (KHTML, like Gecko)Chrome/74.0.3729.169 Safari/537.36"
14.29.231.172 - - [11/Apr/2023:07:39:42 +0000] "GET / HTTP/1.1" 200 354483 "-" "Mozilla/5.0 (iPhone; CPU iPhone OS 13_2_3 like Mac OS X) AppleWebKit/605.1.15 (KHTML, like Gecko) Version/13.0.3 Mobile/15E148 Safari/604.1"
193.32.162.159 - - [11/Apr/2023:07:43:44 +0000] "GET / HTTP/1.1" 200 415717 "-" "Mozilla/5.0 (Windows NT 10.0; Win64; x64) AppleWebKit/537.36 (KHTML, like Gecko) Chrome/90.0.4430.85 Safari/537.36 Edg/90.0.818.46"
34.217.209.109 - - [11/Apr/2023:08:00:02 +0000] "GET / HTTP/1.1" 200 415708 "-" "Mozilla/5.0 (Windows NT 10.0; Win64; x64)AppleWebKit/537.36 (KHTML, like Gecko) Chrome/66.0.3359.181 Safari/537.36"
86.254.155.176 - - [11/Apr/2023:08:23:09 +0000] "GET /favicon.ico HTTP/1.1" 200 15406 "https://blog.pseudot.org/posts/vaslui/" "Mozilla/5.0 (X11; Linux x86_64; rv:109.0) Gecko/20100101 Firefox/110.0"
86.254.155.176 - - [11/Apr/2023:08:23:29 +0000] "GET /posts/vaslui/vaslui.html HTTP/1.1" 200 1901 "-" "Mozilla/5.0 (X11; Linux x86_64; rv:109.0) Gecko/20100101 Firefox/110.0"
86.254.155.176 - - [11/Apr/2023:08:23:30 +0000] "GET /posts/vaslui/style.css HTTP/1.1" 200 1906 "https://blog.pseudot.org/posts/vaslui/vaslui.html" "Mozilla/5.0 (X11; Linux x86_64; rv:109.0) Gecko/20100101 Firefox/110.0"
86.254.155.176 - - [11/Apr/2023:08:23:30 +0000] "GET /posts/vaslui/posts%20materials/meme1.jpg HTTP/1.1" 200 14713 "https://blog.pseudot.org/posts/vaslui/vaslui.html" "Mozilla/5.0 (X11; Linux x86_64; rv:109.0) Gecko/20100101 Firefox/110.0"
86.254.155.176 - - [11/Apr/2023:08:23:30 +0000] "GET /posts/vaslui/posts%20materials/meme2.jpg HTTP/1.1" 200 8874 "https://blog.pseudot.org/posts/vaslui/vaslui.html" "Mozilla/5.0 (X11; Linux x86_64; rv:109.0) Gecko/20100101 Firefox/110.0"
86.254.155.176 - - [11/Apr/2023:08:23:30 +0000] "GET /posts/vaslui/posts%20materials/vederecringe.jpg HTTP/1.1" 200 432335 "https://blog.pseudot.org/posts/vaslui/vaslui.html" "Mozilla/5.0 (X11; Linux x86_64; rv:109.0) Gecko/20100101 Firefox/110.0"
86.254.155.176 - - [11/Apr/2023:08:23:30 +0000] "GET /posts/vaslui/posts%20materials/vedereetien.jpg HTTP/1.1" 200 377497 "https://blog.pseudot.org/posts/vaslui/vaslui.html" "Mozilla/5.0 (X11; Linux x86_64; rv:109.0) Gecko/20100101 Firefox/110.0"
86.254.155.176 - - [11/Apr/2023:08:23:30 +0000] "GET /posts/vaslui/posts%20materials/palatcopii.jpg HTTP/1.1" 200 605055 "https://blog.pseudot.org/posts/vaslui/vaslui.html" "Mozilla/5.0 (X11; Linux x86_64; rv:109.0) Gecko/20100101 Firefox/110.0"
86.254.155.176 - - [11/Apr/2023:08:23:30 +0000] "GET /posts/vaslui/posts%20materials/nostalgiamagazine.jpg HTTP/1.1" 200 634314 "https://blog.pseudot.org/posts/vaslui/vaslui.html" "Mozilla/5.0 (X11; Linux x86_64; rv:109.0) Gecko/20100101 Firefox/110.0"
86.254.155.176 - - [11/Apr/2023:08:23:30 +0000] "GET /posts/vaslui/posts%20materials/tdv.jpg HTTP/1.1" 200 461370 "https://blog.pseudot.org/posts/vaslui/vaslui.html" "Mozilla/5.0 (X11; Linux x86_64; rv:109.0) Gecko/20100101 Firefox/110.0"
86.254.155.176 - - [11/Apr/2023:08:23:30 +0000] "GET /posts/vaslui/posts%20materials/starc.jpg HTTP/1.1" 200 128273 "https://blog.pseudot.org/posts/vaslui/vaslui.html" "Mozilla/5.0 (X11; Linux x86_64; rv:109.0) Gecko/20100101 Firefox/110.0"
86.254.155.176 - - [11/Apr/2023:08:23:30 +0000] "GET /posts/vaslui/posts%20materials/copacicopou.jpg HTTP/1.1" 200 634189 "https://blog.pseudot.org/posts/vaslui/vaslui.html" "Mozilla/5.0 (X11; Linux x86_64; rv:109.0) Gecko/20100101 Firefox/110.0"
86.254.155.176 - - [11/Apr/2023:08:23:30 +0000] "GET /posts/vaslui/posts%20materials/redactie.jpg HTTP/1.1" 200 483836 "https://blog.pseudot.org/posts/vaslui/vaslui.html" "Mozilla/5.0 (X11; Linux x86_64; rv:109.0) Gecko/20100101 Firefox/110.0"
143.110.222.166 - - [11/Apr/2023:08:28:41 +0000] "GET / HTTP/1.1" 200 415740 "-" "Mozilla/5.0 (iPhone; CPU iPhone OS 16_1 like Mac OS X) AppleWebKit/605.1.15 (KHTML, like Gecko) Version/16.1 Mobile/15E148 Safari/604.1"
192.241.200.48 - - [11/Apr/2023:08:29:28 +0000] "GET / HTTP/1.1" 200 415708 "-" "Mozilla/5.0 zgrab/0.x"
51.254.49.99 - - [11/Apr/2023:08:31:30 +0000] "GET / HTTP/1.1" 200 5190 "-" "Mozilla/5.0 (X11; Ubuntu; Linux x86_64; rv:58.0) Gecko/20100101 Firefox/58.0"
86.254.155.176 - - [11/Apr/2023:09:16:50 +0000] "GET /style.css HTTP/1.1" 200 1618 "https://blog.pseudot.org/" "Mozilla/5.0 (X11; Linux x86_64; rv:109.0) Gecko/20100101 Firefox/110.0"
86.254.155.176 - - [11/Apr/2023:09:16:57 +0000] "GET /posts/pseudopost-8/pseudopost-8.html HTTP/1.1" 200 2850 "https://blog.pseudot.org/" "Mozilla/5.0 (X11; Linux x86_64; rv:109.0) Gecko/20100101 Firefox/110.0"
86.254.155.176 - - [11/Apr/2023:09:16:57 +0000] "GET /posts/pseudopost-8/images/luton.jpeg HTTP/1.1" 200 199250 "https://blog.pseudot.org/posts/pseudopost-8/pseudopost-8.html" "Mozilla/5.0 (X11; Linux x86_64; rv:109.0) Gecko/20100101 Firefox/110.0"
86.254.155.176 - - [11/Apr/2023:09:16:57 +0000] "GET /posts/pseudopost-8/images/bigben.jpeg HTTP/1.1" 200 364657 "https://blog.pseudot.org/posts/pseudopost-8/pseudopost-8.html" "Mozilla/5.0 (X11; Linux x86_64; rv:109.0) Gecko/20100101 Firefox/110.0"
86.254.155.176 - - [11/Apr/2023:09:16:57 +0000] "GET /posts/pseudopost-8/images/min.jpeg HTTP/1.1" 200 570961 "https://blog.pseudot.org/posts/pseudopost-8/pseudopost-8.html" "Mozilla/5.0 (X11; Linux x86_64; rv:109.0) Gecko/20100101 Firefox/110.0"
86.254.155.176 - - [11/Apr/2023:09:16:57 +0000] "GET /posts/pseudopost-8/images/statue.jpeg HTTP/1.1" 200 516692 "https://blog.pseudot.org/posts/pseudopost-8/pseudopost-8.html" "Mozilla/5.0 (X11; Linux x86_64; rv:109.0) Gecko/20100101 Firefox/110.0"
86.254.155.176 - - [11/Apr/2023:09:16:57 +0000] "GET /posts/pseudopost-8/images/metro.jpeg HTTP/1.1" 200 450701 "https://blog.pseudot.org/posts/pseudopost-8/pseudopost-8.html" "Mozilla/5.0 (X11; Linux x86_64; rv:109.0) Gecko/20100101 Firefox/110.0"
86.254.155.176 - - [11/Apr/2023:09:16:57 +0000] "GET /posts/pseudopost-8/images/trafalgar.jpeg HTTP/1.1" 200 385558 "https://blog.pseudot.org/posts/pseudopost-8/pseudopost-8.html" "Mozilla/5.0 (X11; Linux x86_64; rv:109.0) Gecko/20100101 Firefox/110.0"
86.254.155.176 - - [11/Apr/2023:09:16:57 +0000] "GET /posts/pseudopost-8/images/nice.jpeg HTTP/1.1" 200 721752 "https://blog.pseudot.org/posts/pseudopost-8/pseudopost-8.html" "Mozilla/5.0 (X11; Linux x86_64; rv:109.0) Gecko/20100101 Firefox/110.0"
86.254.155.176 - - [11/Apr/2023:09:16:57 +0000] "GET /posts/pseudopost-8/images/coloane.jpeg HTTP/1.1" 200 1191509 "https://blog.pseudot.org/posts/pseudopost-8/pseudopost-8.html" "Mozilla/5.0 (X11; Linux x86_64; rv:109.0) Gecko/20100101 Firefox/110.0"
86.254.155.176 - - [11/Apr/2023:09:16:57 +0000] "GET /posts/pseudopost-8/images/prop1.jpeg HTTP/1.1" 200 448019 "https://blog.pseudot.org/posts/pseudopost-8/pseudopost-8.html" "Mozilla/5.0 (X11; Linux x86_64; rv:109.0) Gecko/20100101 Firefox/110.0"
86.254.155.176 - - [11/Apr/2023:09:16:57 +0000] "GET /posts/pseudopost-8/images/afis.jpeg HTTP/1.1" 200 259460 "https://blog.pseudot.org/posts/pseudopost-8/pseudopost-8.html" "Mozilla/5.0 (X11; Linux x86_64; rv:109.0) Gecko/20100101 Firefox/110.0"
86.254.155.176 - - [11/Apr/2023:09:16:57 +0000] "GET /posts/pseudopost-8/images/chinezesc.jpeg HTTP/1.1" 200 518135 "https://blog.pseudot.org/posts/pseudopost-8/pseudopost-8.html" "Mozilla/5.0 (X11; Linux x86_64; rv:109.0) Gecko/20100101 Firefox/110.0"
86.254.155.176 - - [11/Apr/2023:09:16:57 +0000] "GET /posts/pseudopost-8/images/1euro.jpeg HTTP/1.1" 200 331041 "https://blog.pseudot.org/posts/pseudopost-8/pseudopost-8.html" "Mozilla/5.0 (X11; Linux x86_64; rv:109.0) Gecko/20100101 Firefox/110.0"
86.254.155.176 - - [11/Apr/2023:09:16:57 +0000] "GET /posts/pseudopost-8/images/music.gif HTTP/1.1" 200 18234 "https://blog.pseudot.org/posts/pseudopost-8/pseudopost-8.html" "Mozilla/5.0 (X11; Linux x86_64; rv:109.0) Gecko/20100101 Firefox/110.0"
143.110.222.166 - - [11/Apr/2023:09:28:57 +0000] "GET / HTTP/1.1" 200 415740 "-" "Mozilla/5.0 (iPhone; CPU iPhone OS 16_1 like Mac OS X) AppleWebKit/605.1.15 (KHTML, like Gecko) Version/16.1 Mobile/15E148 Safari/604.1"
45.249.246.151 - - [11/Apr/2023:09:32:22 +0000] "GET / HTTP/1.1" 200 3135 "-" "Mozilla/5.0 (Windows NT 6.1) AppleWebKit/537.36 (KHTML, like Gecko) Chrome/49.0.2623.112 Safari/537.36"
45.249.246.151 - - [11/Apr/2023:09:32:25 +0000] "GET / HTTP/1.1" 200 5937 "-" "Mozilla/5.0 (Windows NT 6.1) AppleWebKit/537.36 (KHTML, like Gecko) Chrome/49.0.2623.112 Safari/537.36"
45.249.246.151 - - [11/Apr/2023:09:32:25 +0000] "GET / HTTP/1.1" 200 2035 "-" "Mozilla/5.0 (Windows NT 6.1) AppleWebKit/537.36 (KHTML, like Gecko) Chrome/49.0.2623.112 Safari/537.36"
45.249.246.151 - - [11/Apr/2023:09:32:26 +0000] "GET /scripts/zooming.min.js HTTP/1.1" 200 10728 "-" "Mozilla/5.0 (Windows NT 6.1) AppleWebKit/537.36 (KHTML, like Gecko) Chrome/49.0.2623.112 Safari/537.36"
45.249.246.151 - - [11/Apr/2023:09:32:29 +0000] "GET /scripts/zooming.min.js HTTP/1.1" 200 10728 "-" "Mozilla/5.0 (Windows NT 6.1) AppleWebKit/537.36 (KHTML, like Gecko) Chrome/49.0.2623.112 Safari/537.36"
14.29.231.137 - - [11/Apr/2023:09:55:46 +0000] "GET / HTTP/1.1" 200 354483 "-" "Mozilla/5.0 (iPhone; CPU iPhone OS 13_2_3 like Mac OS X) AppleWebKit/605.1.15 (KHTML, like Gecko) Version/13.0.3 Mobile/15E148 Safari/604.1"
24.199.88.44 - - [11/Apr/2023:10:20:08 +0000] "GET / HTTP/1.1" 200 5190 "-" "Mozilla/5.0 (Windows NT 10.0; Win64; x64) AppleWebKit/537.36 (KHTML, like Gecko) Chrome/70.0.3538.77 Safari/537.36"
143.110.222.166 - - [11/Apr/2023:10:30:35 +0000] "GET / HTTP/1.1" 200 415740 "-" "Mozilla/5.0 (iPhone; CPU iPhone OS 16_1 like Mac OS X) AppleWebKit/605.1.15 (KHTML, like Gecko) Version/16.1 Mobile/15E148 Safari/604.1"
143.110.222.166 - - [11/Apr/2023:11:26:56 +0000] "GET / HTTP/1.1" 200 415740 "-" "Mozilla/5.0 (iPhone; CPU iPhone OS 16_1 like Mac OS X) AppleWebKit/605.1.15 (KHTML, like Gecko) Version/16.1 Mobile/15E148 Safari/604.1"
193.32.162.159 - - [11/Apr/2023:12:09:05 +0000] "GET / HTTP/1.1" 200 415756 "-" "Mozilla/5.0 (Windows NT 10.0; Win64; x64) AppleWebKit/537.36 (KHTML, like Gecko) Chrome/90.0.4430.85 Safari/537.36 Edg/90.0.818.46"
2a01:cb18:1e7:2c00:3781:5834:588a:7e05 - - [11/Apr/2023:12:20:05 +0000] "GET /posts/pseudopost-6/pseudopost-6.html HTTP/1.1" 200 1607 "-" "Mozilla/5.0 (X11; Linux x86_64; rv:109.0) Gecko/20100101 Firefox/110.0"
2a01:cb18:1e7:2c00:3781:5834:588a:7e05 - - [11/Apr/2023:12:20:05 +0000] "GET /posts/pseudopost-6/images/perna.jpeg HTTP/1.1" 200 175249 "https://blog.pseudot.org/posts/pseudopost-6/pseudopost-6.html" "Mozilla/5.0 (X11; Linux x86_64; rv:109.0) Gecko/20100101 Firefox/110.0"
152.32.252.184 - - [11/Apr/2023:12:27:57 +0000] "GET / HTTP/1.1" 200 5190 "-" "Mozilla/5.0 (Windows NT 6.1) AppleWebKit/537.36 (KHTML, like Gecko) Chrome/49.0.2623.112 Safari/537.36"
143.110.222.166 - - [11/Apr/2023:12:28:21 +0000] "GET / HTTP/1.1" 200 415740 "-" "Mozilla/5.0 (iPhone; CPU iPhone OS 16_1 like Mac OS X) AppleWebKit/605.1.15 (KHTML, like Gecko) Version/16.1 Mobile/15E148 Safari/604.1"
79.231.16.24 - - [11/Apr/2023:12:54:34 +0000] "GET / HTTP/1.1" 200 109201 "-" "Mozilla/5.0 (Windows NT 10.0; WOW64) AppleWebKit/537.36 (KHTML, like Gecko) Chrome/51.0.2704.103 Safari/537.36"
2001:470:1:c84::11 - - [11/Apr/2023:13:20:28 +0000] "GET / HTTP/1.1" 200 1583 "-" "Mozilla/5.0 (Windows NT 10.0; rv:109.0) Gecko/20100101 Firefox/109.0"
2001:470:1:c84::11 - - [11/Apr/2023:13:24:42 +0000] "GET / HTTP/1.1" 200 1583 "-" "Mozilla/5.0 (Windows NT 10.0; rv:109.0) Gecko/20100101 Firefox/109.0"
143.110.222.166 - - [11/Apr/2023:13:29:19 +0000] "GET / HTTP/1.1" 200 415740 "-" "Mozilla/5.0 (iPhone; CPU iPhone OS 16_1 like Mac OS X) AppleWebKit/605.1.15 (KHTML, like Gecko) Version/16.1 Mobile/15E148 Safari/604.1"
2a01:cb18:1e7:2c00:3781:5834:588a:7e05 - - [11/Apr/2023:13:35:03 +0000] "GET / HTTP/1.1" 200 1970 "-" "Mozilla/5.0 (X11; Linux x86_64; rv:109.0) Gecko/20100101 Firefox/110.0"
2a01:cb18:1e7:2c00:3781:5834:588a:7e05 - - [11/Apr/2023:13:35:03 +0000] "GET /CSS/style.css HTTP/1.1" 200 1157 "https://pseudot.org/" "Mozilla/5.0 (X11; Linux x86_64; rv:109.0) Gecko/20100101 Firefox/110.0"
2a01:cb18:1e7:2c00:3781:5834:588a:7e05 - - [11/Apr/2023:13:35:03 +0000] "GET /IMAGES/nokia64.gif HTTP/1.1" 200 558 "https://pseudot.org/" "Mozilla/5.0 (X11; Linux x86_64; rv:109.0) Gecko/20100101 Firefox/110.0"
2a01:cb18:1e7:2c00:3781:5834:588a:7e05 - - [11/Apr/2023:13:35:03 +0000] "GET /IMAGES/2019.gif HTTP/1.1" 200 1629 "https://pseudot.org/" "Mozilla/5.0 (X11; Linux x86_64; rv:109.0) Gecko/20100101 Firefox/110.0"
2a01:cb18:1e7:2c00:3781:5834:588a:7e05 - - [11/Apr/2023:13:35:03 +0000] "GET /IMAGES/pepsi.gif HTTP/1.1" 200 3682 "https://pseudot.org/" "Mozilla/5.0 (X11; Linux x86_64; rv:109.0) Gecko/20100101 Firefox/110.0"
2a01:cb18:1e7:2c00:3781:5834:588a:7e05 - - [11/Apr/2023:13:35:03 +0000] "GET /IMAGES/firefox3.gif HTTP/1.1" 200 3009 "https://pseudot.org/" "Mozilla/5.0 (X11; Linux x86_64; rv:109.0) Gecko/20100101 Firefox/110.0"
2a01:cb18:1e7:2c00:3781:5834:588a:7e05 - - [11/Apr/2023:13:35:03 +0000] "GET /IMAGES/vi.gif HTTP/1.1" 200 5815 "https://pseudot.org/" "Mozilla/5.0 (X11; Linux x86_64; rv:109.0) Gecko/20100101 Firefox/110.0"
2a01:cb18:1e7:2c00:3781:5834:588a:7e05 - - [11/Apr/2023:13:35:03 +0000] "GET /IMAGES/gnubanner.gif HTTP/1.1" 200 2177 "https://pseudot.org/" "Mozilla/5.0 (X11; Linux x86_64; rv:109.0) Gecko/20100101 Firefox/110.0"
2a01:cb18:1e7:2c00:3781:5834:588a:7e05 - - [11/Apr/2023:13:35:07 +0000] "GET /style.css HTTP/1.1" 200 1618 "https://blog.pseudot.org/" "Mozilla/5.0 (X11; Linux x86_64; rv:109.0) Gecko/20100101 Firefox/110.0"
2a01:cb18:1e7:2c00:3781:5834:588a:7e05 - - [11/Apr/2023:13:39:00 +0000] "GET / HTTP/1.1" 304 0 "-" "Mozilla/5.0 (X11; Linux x86_64; rv:109.0) Gecko/20100101 Firefox/110.0"
2a01:cb18:1e7:2c00:3781:5834:588a:7e05 - - [11/Apr/2023:13:39:31 +0000] "GET / HTTP/1.1" 200 865 "https://pseudot.org/" "Mozilla/5.0 (X11; Linux x86_64; rv:109.0) Gecko/20100101 Firefox/110.0"
2a01:cb18:1e7:2c00:3781:5834:588a:7e05 - - [11/Apr/2023:13:39:31 +0000] "GET /style.css HTTP/1.1" 200 1653 "https://programming.pseudot.org/" "Mozilla/5.0 (X11; Linux x86_64; rv:109.0) Gecko/20100101 Firefox/110.0"
2a01:cb18:1e7:2c00:3781:5834:588a:7e05 - - [11/Apr/2023:13:41:25 +0000] "GET / HTTP/1.1" 304 0 "-" "Mozilla/5.0 (X11; Linux x86_64; rv:109.0) Gecko/20100101 Firefox/110.0"
2a01:cb18:1e7:2c00:3781:5834:588a:7e05 - - [11/Apr/2023:14:03:46 +0000] "GET / HTTP/1.1" 304 0 "-" "Mozilla/5.0 (X11; Linux x86_64; rv:109.0) Gecko/20100101 Firefox/110.0"
2a01:cb18:1e7:2c00:3781:5834:588a:7e05 - - [11/Apr/2023:14:13:57 +0000] "GET / HTTP/1.1" 304 0 "-" "Mozilla/5.0 (X11; Linux x86_64; rv:109.0) Gecko/20100101 Firefox/110.0"
2a01:cb18:1e7:2c00:3781:5834:588a:7e05 - - [11/Apr/2023:14:14:02 +0000] "GET /posts/pseudopost-7/pseudopost-7.html HTTP/1.1" 200 2585 "https://blog.pseudot.org/" "Mozilla/5.0 (X11; Linux x86_64; rv:109.0) Gecko/20100101 Firefox/110.0"
2a01:cb18:1e7:2c00:3781:5834:588a:7e05 - - [11/Apr/2023:14:14:02 +0000] "GET /posts/pseudopost-7/images/parigi.jpeg HTTP/1.1" 200 317835 "https://blog.pseudot.org/posts/pseudopost-7/pseudopost-7.html" "Mozilla/5.0 (X11; Linux x86_64; rv:109.0) Gecko/20100101 Firefox/110.0"
2a01:cb18:1e7:2c00:3781:5834:588a:7e05 - - [11/Apr/2023:14:14:02 +0000] "GET /posts/pseudopost-7/images/music.gif HTTP/1.1" 200 18234 "https://blog.pseudot.org/posts/pseudopost-7/pseudopost-7.html" "Mozilla/5.0 (X11; Linux x86_64; rv:109.0) Gecko/20100101 Firefox/110.0"
2a01:cb18:1e7:2c00:3781:5834:588a:7e05 - - [11/Apr/2023:14:14:09 +0000] "GET / HTTP/1.1" 301 169 "-" "Mozilla/5.0 (X11; Linux x86_64; rv:109.0) Gecko/20100101 Firefox/110.0"
2a01:cb18:1e7:2c00:3781:5834:588a:7e05 - - [11/Apr/2023:14:14:09 +0000] "GET / HTTP/1.1" 200 1029 "-" "Mozilla/5.0 (X11; Linux x86_64; rv:109.0) Gecko/20100101 Firefox/110.0"
2a01:cb18:1e7:2c00:3781:5834:588a:7e05 - - [11/Apr/2023:14:14:09 +0000] "GET /style.css HTTP/1.1" 200 1651 "https://uc.pseudot.org/" "Mozilla/5.0 (X11; Linux x86_64; rv:109.0) Gecko/20100101 Firefox/110.0"
2a01:cb18:1e7:2c00:3781:5834:588a:7e05 - - [11/Apr/2023:14:14:09 +0000] "GET /favicon/favicon.ico HTTP/1.1" 200 15406 "https://uc.pseudot.org/" "Mozilla/5.0 (X11; Linux x86_64; rv:109.0) Gecko/20100101 Firefox/110.0"
2a01:cb18:1e7:2c00:3781:5834:588a:7e05 - - [11/Apr/2023:14:14:13 +0000] "GET / HTTP/1.1" 301 169 "-" "Mozilla/5.0 (X11; Linux x86_64; rv:109.0) Gecko/20100101 Firefox/110.0"
2a01:cb18:1e7:2c00:3781:5834:588a:7e05 - - [11/Apr/2023:14:14:13 +0000] "GET / HTTP/1.1" 200 587 "-" "Mozilla/5.0 (X11; Linux x86_64; rv:109.0) Gecko/20100101 Firefox/110.0"
2a01:cb18:1e7:2c00:3781:5834:588a:7e05 - - [11/Apr/2023:14:14:13 +0000] "GET /style.css HTTP/1.1" 200 2223 "https://drawing.pseudot.org/" "Mozilla/5.0 (X11; Linux x86_64; rv:109.0) Gecko/20100101 Firefox/110.0"
2a01:cb18:1e7:2c00:3781:5834:588a:7e05 - - [11/Apr/2023:14:14:13 +0000] "GET /scripts/zooming.min.js HTTP/1.1" 200 10728 "https://drawing.pseudot.org/" "Mozilla/5.0 (X11; Linux x86_64; rv:109.0) Gecko/20100101 Firefox/110.0"
2a01:cb18:1e7:2c00:3781:5834:588a:7e05 - - [11/Apr/2023:14:14:13 +0000] "GET /images/IMG_9009.JPG HTTP/1.1" 200 90743 "https://drawing.pseudot.org/" "Mozilla/5.0 (X11; Linux x86_64; rv:109.0) Gecko/20100101 Firefox/110.0"
2a01:cb18:1e7:2c00:3781:5834:588a:7e05 - - [11/Apr/2023:14:14:13 +0000] "GET /images/favicon.ico HTTP/1.1" 200 177942 "https://drawing.pseudot.org/" "Mozilla/5.0 (X11; Linux x86_64; rv:109.0) Gecko/20100101 Firefox/110.0"
2a01:cb18:1e7:2c00:3781:5834:588a:7e05 - - [11/Apr/2023:14:14:16 +0000] "GET / HTTP/1.1" 301 169 "-" "Mozilla/5.0 (X11; Linux x86_64; rv:109.0) Gecko/20100101 Firefox/110.0"
2a01:cb18:1e7:2c00:3781:5834:588a:7e05 - - [11/Apr/2023:14:14:17 +0000] "GET / HTTP/1.1" 200 1010 "-" "Mozilla/5.0 (X11; Linux x86_64; rv:109.0) Gecko/20100101 Firefox/110.0"
2a01:cb18:1e7:2c00:3781:5834:588a:7e05 - - [11/Apr/2023:14:14:17 +0000] "GET /style.css HTTP/1.1" 200 2670 "https://photos.pseudot.org/" "Mozilla/5.0 (X11; Linux x86_64; rv:109.0) Gecko/20100101 Firefox/110.0"
2a01:cb18:1e7:2c00:3781:5834:588a:7e05 - - [11/Apr/2023:14:14:17 +0000] "GET /scripts/zooming.min.js HTTP/1.1" 200 10728 "https://photos.pseudot.org/" "Mozilla/5.0 (X11; Linux x86_64; rv:109.0) Gecko/20100101 Firefox/110.0"
2a01:cb18:1e7:2c00:3781:5834:588a:7e05 - - [11/Apr/2023:14:14:17 +0000] "GET /images/flatterre.jpg HTTP/1.1" 200 204219 "https://photos.pseudot.org/" "Mozilla/5.0 (X11; Linux x86_64; rv:109.0) Gecko/20100101 Firefox/110.0"
2a01:cb18:1e7:2c00:3781:5834:588a:7e05 - - [11/Apr/2023:14:14:17 +0000] "GET /images/store.jpg HTTP/1.1" 200 328822 "https://photos.pseudot.org/" "Mozilla/5.0 (X11; Linux x86_64; rv:109.0) Gecko/20100101 Firefox/110.0"
2a01:cb18:1e7:2c00:3781:5834:588a:7e05 - - [11/Apr/2023:14:14:17 +0000] "GET /images/abandonata.jpg HTTP/1.1" 200 257006 "https://photos.pseudot.org/" "Mozilla/5.0 (X11; Linux x86_64; rv:109.0) Gecko/20100101 Firefox/110.0"
2a01:cb18:1e7:2c00:3781:5834:588a:7e05 - - [11/Apr/2023:14:14:17 +0000] "GET /images/didntknewthis.jpg HTTP/1.1" 200 115902 "https://photos.pseudot.org/" "Mozilla/5.0 (X11; Linux x86_64; rv:109.0) Gecko/20100101 Firefox/110.0"
2a01:cb18:1e7:2c00:3781:5834:588a:7e05 - - [11/Apr/2023:14:14:17 +0000] "GET /images/blexer.jpg HTTP/1.1" 200 362036 "https://photos.pseudot.org/" "Mozilla/5.0 (X11; Linux x86_64; rv:109.0) Gecko/20100101 Firefox/110.0"
2a01:cb18:1e7:2c00:3781:5834:588a:7e05 - - [11/Apr/2023:14:14:17 +0000] "GET /images/mareamoldovei.jpg HTTP/1.1" 200 183552 "https://photos.pseudot.org/" "Mozilla/5.0 (X11; Linux x86_64; rv:109.0) Gecko/20100101 Firefox/110.0"
2a01:cb18:1e7:2c00:3781:5834:588a:7e05 - - [11/Apr/2023:14:14:17 +0000] "GET /images/sotm.jpg HTTP/1.1" 200 243692 "https://photos.pseudot.org/" "Mozilla/5.0 (X11; Linux x86_64; rv:109.0) Gecko/20100101 Firefox/110.0"
2a01:cb18:1e7:2c00:3781:5834:588a:7e05 - - [11/Apr/2023:14:14:17 +0000] "GET /images/pacu.jpg HTTP/1.1" 200 245892 "https://photos.pseudot.org/" "Mozilla/5.0 (X11; Linux x86_64; rv:109.0) Gecko/20100101 Firefox/110.0"
2a01:cb18:1e7:2c00:3781:5834:588a:7e05 - - [11/Apr/2023:14:14:17 +0000] "GET /images/patrie.jpg HTTP/1.1" 200 215835 "https://photos.pseudot.org/" "Mozilla/5.0 (X11; Linux x86_64; rv:109.0) Gecko/20100101 Firefox/110.0"
2a01:cb18:1e7:2c00:3781:5834:588a:7e05 - - [11/Apr/2023:14:14:17 +0000] "GET /images/schanuzers.jpg HTTP/1.1" 200 371291 "https://photos.pseudot.org/" "Mozilla/5.0 (X11; Linux x86_64; rv:109.0) Gecko/20100101 Firefox/110.0"
2a01:cb18:1e7:2c00:3781:5834:588a:7e05 - - [11/Apr/2023:14:14:17 +0000] "GET /images/IMG_9355.JPG HTTP/1.1" 200 2332072 "https://photos.pseudot.org/" "Mozilla/5.0 (X11; Linux x86_64; rv:109.0) Gecko/20100101 Firefox/110.0"
2a01:cb18:1e7:2c00:3781:5834:588a:7e05 - - [11/Apr/2023:14:14:32 +0000] "GET / HTTP/1.1" 301 169 "-" "Mozilla/5.0 (X11; Linux x86_64; rv:109.0) Gecko/20100101 Firefox/110.0"
2a01:cb18:1e7:2c00:3781:5834:588a:7e05 - - [11/Apr/2023:14:14:32 +0000] "GET / HTTP/1.1" 200 796 "-" "Mozilla/5.0 (X11; Linux x86_64; rv:109.0) Gecko/20100101 Firefox/110.0"
2a01:cb18:1e7:2c00:3781:5834:588a:7e05 - - [11/Apr/2023:14:14:32 +0000] "GET /style.css HTTP/1.1" 200 1651 "https://books.pseudot.org/" "Mozilla/5.0 (X11; Linux x86_64; rv:109.0) Gecko/20100101 Firefox/110.0"
2a01:cb18:1e7:2c00:3781:5834:588a:7e05 - - [11/Apr/2023:14:14:34 +0000] "GET /posts/De%20grandes%20esperances/grandesperances.html HTTP/1.1" 200 1358 "https://books.pseudot.org/" "Mozilla/5.0 (X11; Linux x86_64; rv:109.0) Gecko/20100101 Firefox/110.0"
2a01:cb18:1e7:2c00:3781:5834:588a:7e05 - - [11/Apr/2023:14:14:35 +0000] "GET /posts/De%20grandes%20esperances/style.css HTTP/1.1" 200 1861 "https://books.pseudot.org/posts/De%20grandes%20esperances/grandesperances.html" "Mozilla/5.0 (X11; Linux x86_64; rv:109.0) Gecko/20100101 Firefox/110.0"
2a01:cb18:1e7:2c00:3781:5834:588a:7e05 - - [11/Apr/2023:14:14:35 +0000] "GET /posts/De%20grandes%20esperances/posts%20materials/cover.jpg HTTP/1.1" 200 369321 "https://books.pseudot.org/posts/De%20grandes%20esperances/grandesperances.html" "Mozilla/5.0 (X11; Linux x86_64; rv:109.0) Gecko/20100101 Firefox/110.0"
2a01:cb18:1e7:2c00:3781:5834:588a:7e05 - - [11/Apr/2023:14:14:51 +0000] "GET / HTTP/1.1" 301 169 "-" "Mozilla/5.0 (X11; Linux x86_64; rv:109.0) Gecko/20100101 Firefox/110.0"
2a01:cb18:1e7:2c00:3781:5834:588a:7e05 - - [11/Apr/2023:14:14:51 +0000] "GET / HTTP/1.1" 200 605 "-" "Mozilla/5.0 (X11; Linux x86_64; rv:109.0) Gecko/20100101 Firefox/110.0"
2a01:cb18:1e7:2c00:3781:5834:588a:7e05 - - [11/Apr/2023:14:14:51 +0000] "GET /style.css HTTP/1.1" 200 2221 "https://memes.pseudot.org/" "Mozilla/5.0 (X11; Linux x86_64; rv:109.0) Gecko/20100101 Firefox/110.0"
2a01:cb18:1e7:2c00:3781:5834:588a:7e05 - - [11/Apr/2023:14:14:51 +0000] "GET /scripts/zooming.min.js HTTP/1.1" 200 10728 "https://memes.pseudot.org/" "Mozilla/5.0 (X11; Linux x86_64; rv:109.0) Gecko/20100101 Firefox/110.0"
2a01:cb18:1e7:2c00:3781:5834:588a:7e05 - - [11/Apr/2023:14:14:51 +0000] "GET /images/IMG_9009.JPG HTTP/1.1" 200 90743 "https://memes.pseudot.org/" "Mozilla/5.0 (X11; Linux x86_64; rv:109.0) Gecko/20100101 Firefox/110.0"
2a01:cb18:1e7:2c00:3781:5834:588a:7e05 - - [11/Apr/2023:14:14:53 +0000] "GET / HTTP/1.1" 301 169 "-" "Mozilla/5.0 (X11; Linux x86_64; rv:109.0) Gecko/20100101 Firefox/110.0"
2a01:cb18:1e7:2c00:3781:5834:588a:7e05 - - [11/Apr/2023:14:15:04 +0000] "GET /posts/the-history-of-classical-music-revised/the-history-of-classical-music-revised.html HTTP/1.1" 200 9364 "https://pseudot.org/" "Mozilla/5.0 (X11; Linux x86_64; rv:109.0) Gecko/20100101 Firefox/110.0"
2a01:cb18:1e7:2c00:3781:5834:588a:7e05 - - [11/Apr/2023:14:15:11 +0000] "GET / HTTP/1.1" 304 0 "-" "Mozilla/5.0 (X11; Linux x86_64; rv:109.0) Gecko/20100101 Firefox/110.0"
2a01:cb18:1e7:2c00:3781:5834:588a:7e05 - - [11/Apr/2023:14:15:12 +0000] "GET / HTTP/1.1" 304 0 "-" "Mozilla/5.0 (X11; Linux x86_64; rv:109.0) Gecko/20100101 Firefox/110.0"
2a01:cb18:1e7:2c00:3781:5834:588a:7e05 - - [11/Apr/2023:14:15:13 +0000] "GET / HTTP/1.1" 304 0 "-" "Mozilla/5.0 (X11; Linux x86_64; rv:109.0) Gecko/20100101 Firefox/110.0"
2a01:cb18:1e7:2c00:3781:5834:588a:7e05 - - [11/Apr/2023:14:15:14 +0000] "GET / HTTP/1.1" 304 0 "-" "Mozilla/5.0 (X11; Linux x86_64; rv:109.0) Gecko/20100101 Firefox/110.0"
143.110.222.166 - - [11/Apr/2023:14:24:55 +0000] "GET / HTTP/1.1" 200 415740 "-" "Mozilla/5.0 (iPhone; CPU iPhone OS 16_1 like Mac OS X) AppleWebKit/605.1.15 (KHTML, like Gecko) Version/16.1 Mobile/15E148 Safari/604.1"
152.32.135.231 - - [11/Apr/2023:14:43:03 +0000] "GET / HTTP/1.1" 301 169 "-" "Mozilla/5.0 (Windows NT 6.1) AppleWebKit/537.36 (KHTML, like Gecko) Chrome/49.0.2623.112 Safari/537.36"
152.32.135.231 - - [11/Apr/2023:14:43:08 +0000] "GET / HTTP/1.1" 301 169 "-" "Mozilla/5.0 (Windows NT 6.1) AppleWebKit/537.36 (KHTML, like Gecko) Chrome/49.0.2623.112 Safari/537.36"
128.1.248.26 - - [11/Apr/2023:15:02:00 +0000] "GET / HTTP/1.1" 200 1583 "-" "Mozilla/5.0 (Windows NT 10.0; Win64; x64) AppleWebKit/537.36 (KHTML, like Gecko) Chrome/60.0.3112.113 Safari/537.36"
143.110.222.166 - - [11/Apr/2023:15:32:57 +0000] "GET / HTTP/1.1" 200 415749 "-" "Mozilla/5.0 (iPhone; CPU iPhone OS 16_1 like Mac OS X) AppleWebKit/605.1.15 (KHTML, like Gecko) Version/16.1 Mobile/15E148 Safari/604.1"
193.32.162.159 - - [11/Apr/2023:16:11:15 +0000] "GET / HTTP/1.1" 200 415717 "-" "Mozilla/5.0 (Windows NT 10.0; Win64; x64) AppleWebKit/537.36 (KHTML, like Gecko) Chrome/90.0.4430.85 Safari/537.36 Edg/90.0.818.46"
